INFO Draco mesh compression is available, use library at D:\Users\Lenovo\Desktop\大观园\.tools\blender-4.5.9-windows-x64\4.5\scripts\addons_core\io_scene_gltf2\extern_draco.dll
04:08:18 | INFO: Starting glTF 2.0 export
04:08:18 | INFO: Extracting primitive: daguanyuan_gate_darkwood
04:08:18 | INFO: Primitives created: 1
04:08:18 | INFO: Extracting primitive: daguanyuan_gate_paper.001
04:08:18 | INFO: Primitives created: 1
04:08:18 | INFO: Extracting primitive: daguanyuan_gate_paving
04:08:18 | INFO: Primitives created: 1
04:08:18 | INFO: Extracting primitive: daguanyuan_gate_plaster
04:08:18 | INFO: Primitives created: 1
04:08:18 | INFO: Extracting primitive: daguanyuan_gate_roof
04:08:18 | INFO: Primitives created: 1
04:08:18 | INFO: Extracting primitive: daguanyuan_gate_stone
04:08:18 | INFO: Primitives created: 1
04:08:19 | INFO: Extracting primitive: daguanyuan_gate_tile
04:08:19 | INFO: Primitives created: 1
04:08:19 | INFO: Extracting primitive: daguanyuan_gate_tiledark
04:08:19 | INFO: Primitives created: 1
04:08:19 | INFO: Extracting primitive: daguanyuan_gate_tilelight
04:08:19 | INFO: Primitives created: 1
04:08:19 | INFO: Extracting primitive: daguanyuan_gate_wood
04:08:19 | INFO: Primitives created: 1
04:08:19 | INFO: Extracting primitive: qujingtongyou_bark.001
04:08:19 | INFO: Primitives created: 1
04:08:19 | INFO: Extracting primitive: qujingtongyou_canopy.001
04:08:19 | INFO: Primitives created: 1
04:08:19 | INFO: Extracting primitive: qujingtongyou_canopy_light.001
04:08:19 | INFO: Primitives created: 1
04:08:19 | INFO: Extracting primitive: qujingtongyou_canopy_shadow.001
04:08:19 | INFO: Primitives created: 1
04:08:19 | INFO: Extracting primitive: qujingtongyou_moss.001
04:08:19 | INFO: Primitives created: 1
04:08:19 | INFO: Extracting primitive: qujingtongyou_paving.001
04:08:19 | INFO: Primitives created: 1
04:08:19 | INFO: Extracting primitive: qujingtongyou_stone
04:08:19 | INFO: Primitives created: 1
04:08:19 | INFO: Extracting primitive: xiaoxiangguan_bamboo.001
04:08:19 | INFO: Primitives created: 1
04:08:19 | INFO: Extracting primitive: xiaoxiangguan_bark.001
04:08:19 | INFO: Primitives created: 1
04:08:19 | INFO: Extracting primitive: xiaoxiangguan_creamflower.001
04:08:19 | INFO: Primitives created: 1
04:08:19 | INFO: Extracting primitive: xiaoxiangguan_darkwood.001
04:08:19 | INFO: Primitives created: 1
04:08:19 | INFO: Extracting primitive: xiaoxiangguan_earth.001
04:08:19 | INFO: Primitives created: 1
04:08:19 | INFO: Extracting primitive: xiaoxiangguan_gold.001
04:08:19 | INFO: Primitives created: 1
04:08:19 | INFO: Extracting primitive: xiaoxiangguan_lantern.001
04:08:19 | INFO: Primitives created: 1
04:08:19 | INFO: Extracting primitive: xiaoxiangguan_leaf.001
04:08:19 | INFO: Primitives created: 1
04:08:19 | INFO: Extracting primitive: xiaoxiangguan_leafdark.001
04:08:19 | INFO: Primitives created: 1
04:08:19 | INFO: Extracting primitive: xiaoxiangguan_lightleaf.001
04:08:19 | INFO: Primitives created: 1
04:08:19 | INFO: Extracting primitive: xiaoxiangguan_moss
04:08:19 | INFO: Primitives created: 1
04:08:19 | INFO: Extracting primitive: xiaoxiangguan_paper.001
04:08:19 | INFO: Primitives created: 1
04:08:19 | INFO: Extracting primitive: xiaoxiangguan_paving
04:08:19 | INFO: Primitives created: 1
04:08:19 | INFO: Extracting primitive: xiaoxiangguan_plaster.001
04:08:19 | INFO: Primitives created: 1
04:08:19 | INFO: Extracting primitive: xiaoxiangguan_roof.001
04:08:19 | INFO: Primitives created: 1
04:08:19 | INFO: Extracting primitive: xiaoxiangguan_silk
04:08:19 | INFO: Primitives created: 1
04:08:19 | INFO: Extracting primitive: xiaoxiangguan_stone.001
04:08:19 | INFO: Primitives created: 1
04:08:19 | INFO: Extracting primitive: xiaoxiangguan_tile.001
04:08:19 | INFO: Primitives created: 1
04:08:19 | INFO: Extracting primitive: xiaoxiangguan_tiledark
04:08:19 | INFO: Primitives created: 1
04:08:19 | INFO: Extracting primitive: xiaoxiangguan_tilelight
04:08:19 | INFO: Primitives created: 1
04:08:19 | INFO: Extracting primitive: xiaoxiangguan_water
04:08:19 | INFO: Primitives created: 1
04:08:19 | INFO: Extracting primitive: xiaoxiangguan_wood.001
04:08:19 | INFO: Primitives created: 1
04:08:19 | INFO: Extracting primitive: yihongyuan_bamboo
04:08:19 | INFO: Primitives created: 1
04:08:19 | INFO: Extracting primitive: yihongyuan_bark.001
04:08:19 | INFO: Primitives created: 1
04:08:19 | INFO: Extracting primitive: yihongyuan_darkwood
04:08:19 | INFO: Primitives created: 1
04:08:19 | INFO: Extracting primitive: yihongyuan_earth
04:08:19 | INFO: Primitives created: 1
04:08:19 | INFO: Extracting primitive: yihongyuan_flower
04:08:19 | INFO: Primitives created: 1
04:08:19 | INFO: Extracting primitive: yihongyuan_gold.001
04:08:19 | INFO: Primitives created: 1
04:08:19 | INFO: Extracting primitive: yihongyuan_lantern.001
04:08:19 | INFO: Primitives created: 1
04:08:19 | INFO: Extracting primitive: yihongyuan_leaf
04:08:19 | INFO: Primitives created: 1
04:08:19 | INFO: Extracting primitive: yihongyuan_leafdark.001
04:08:19 | INFO: Primitives created: 1
04:08:19 | INFO: Extracting primitive: yihongyuan_lightleaf
04:08:19 | INFO: Primitives created: 1
04:08:19 | INFO: Extracting primitive: yihongyuan_moss
04:08:20 | INFO: Primitives created: 1
04:08:20 | INFO: Extracting primitive: yihongyuan_paper
04:08:20 | INFO: Primitives created: 1
04:08:20 | INFO: Extracting primitive: yihongyuan_paving
04:08:20 | INFO: Primitives created: 1
04:08:20 | INFO: Extracting primitive: yihongyuan_plaster
04:08:20 | INFO: Primitives created: 1
04:08:20 | INFO: Extracting primitive: yihongyuan_roof
04:08:20 | INFO: Primitives created: 1
04:08:20 | INFO: Extracting primitive: yihongyuan_screen
04:08:20 | INFO: Primitives created: 1
04:08:20 | INFO: Extracting primitive: yihongyuan_silk
04:08:20 | INFO: Primitives created: 1
04:08:20 | INFO: Extracting primitive: yihongyuan_stone
04:08:20 | INFO: Primitives created: 1
04:08:20 | INFO: Extracting primitive: yihongyuan_tile
04:08:20 | INFO: Primitives created: 1
04:08:20 | INFO: Extracting primitive: yihongyuan_tiledark
04:08:20 | INFO: Primitives created: 1
04:08:20 | INFO: Extracting primitive: yihongyuan_tilelight
04:08:20 | INFO: Primitives created: 1
04:08:20 | INFO: Extracting primitive: yihongyuan_wood
04:08:20 | INFO: Primitives created: 1
04:08:20 | INFO: Extracting primitive: hengwuyuan_clay
04:08:20 | INFO: Primitives created: 1
04:08:20 | INFO: Extracting primitive: hengwuyuan_creamflower
04:08:20 | INFO: Primitives created: 1
04:08:20 | INFO: Extracting primitive: hengwuyuan_darkwood
04:08:20 | INFO: Primitives created: 1
04:08:20 | INFO: Extracting primitive: hengwuyuan_earth
04:08:20 | INFO: Primitives created: 1
04:08:20 | INFO: Extracting primitive: hengwuyuan_gold.001
04:08:20 | INFO: Primitives created: 1
04:08:20 | INFO: Extracting primitive: hengwuyuan_lantern.001
04:08:20 | INFO: Primitives created: 1
04:08:20 | INFO: Extracting primitive: hengwuyuan_leaf
04:08:20 | INFO: Primitives created: 1
04:08:20 | INFO: Extracting primitive: hengwuyuan_leafdark
04:08:20 | INFO: Primitives created: 1
04:08:20 | INFO: Extracting primitive: hengwuyuan_lightleaf
04:08:20 | INFO: Primitives created: 1
04:08:20 | INFO: Extracting primitive: hengwuyuan_moss
04:08:20 | INFO: Primitives created: 1
04:08:20 | INFO: Extracting primitive: hengwuyuan_paper
04:08:20 | INFO: Primitives created: 1
04:08:20 | INFO: Extracting primitive: hengwuyuan_paving
04:08:20 | INFO: Primitives created: 1
04:08:20 | INFO: Extracting primitive: hengwuyuan_plaster
04:08:20 | INFO: Primitives created: 1
04:08:20 | INFO: Extracting primitive: hengwuyuan_roof
04:08:20 | INFO: Primitives created: 1
04:08:20 | INFO: Extracting primitive: hengwuyuan_screen
04:08:20 | INFO: Primitives created: 1
04:08:20 | INFO: Extracting primitive: hengwuyuan_stone
04:08:20 | INFO: Primitives created: 1
04:08:20 | INFO: Extracting primitive: hengwuyuan_tile
04:08:20 | INFO: Primitives created: 1
04:08:20 | INFO: Extracting primitive: hengwuyuan_tiledark
04:08:20 | INFO: Primitives created: 1
04:08:20 | INFO: Extracting primitive: hengwuyuan_tilelight
04:08:20 | INFO: Primitives created: 1
04:08:20 | INFO: Extracting primitive: hengwuyuan_wood
04:08:20 | INFO: Primitives created: 1
04:08:20 | INFO: Extracting primitive: qiushuangzhai_ceramic
04:08:20 | INFO: Primitives created: 1
04:08:20 | INFO: Extracting primitive: qiushuangzhai_creamflower
04:08:20 | INFO: Primitives created: 1
04:08:20 | INFO: Extracting primitive: qiushuangzhai_darkwood
04:08:20 | INFO: Primitives created: 1
04:08:20 | INFO: Extracting primitive: qiushuangzhai_earth
04:08:20 | INFO: Primitives created: 1
04:08:20 | INFO: Extracting primitive: qiushuangzhai_gold.001
04:08:20 | INFO: Primitives created: 1
04:08:20 | INFO: Extracting primitive: qiushuangzhai_lantern.001
04:08:20 | INFO: Primitives created: 1
04:08:20 | INFO: Extracting primitive: qiushuangzhai_leaf.001
04:08:20 | INFO: Primitives created: 1
04:08:20 | INFO: Extracting primitive: qiushuangzhai_leafdark
04:08:20 | INFO: Primitives created: 1
04:08:20 | INFO: Extracting primitive: qiushuangzhai_marble
04:08:20 | INFO: Primitives created: 1
04:08:20 | INFO: Extracting primitive: qiushuangzhai_moss
04:08:20 | INFO: Primitives created: 1
04:08:20 | INFO: Extracting primitive: qiushuangzhai_paper
04:08:20 | INFO: Primitives created: 1
04:08:20 | INFO: Extracting primitive: qiushuangzhai_paving
04:08:20 | INFO: Primitives created: 1
04:08:20 | INFO: Extracting primitive: qiushuangzhai_plaster
04:08:20 | INFO: Primitives created: 1
04:08:20 | INFO: Extracting primitive: qiushuangzhai_roof
04:08:20 | INFO: Primitives created: 1
04:08:20 | INFO: Extracting primitive: qiushuangzhai_silk
04:08:20 | INFO: Primitives created: 1
04:08:20 | INFO: Extracting primitive: qiushuangzhai_stone
04:08:20 | INFO: Primitives created: 1
04:08:20 | INFO: Extracting primitive: qiushuangzhai_tile
04:08:20 | INFO: Primitives created: 1
04:08:20 | INFO: Extracting primitive: qiushuangzhai_tiledark
04:08:20 | INFO: Primitives created: 1
04:08:20 | INFO: Extracting primitive: qiushuangzhai_tilelight
04:08:20 | INFO: Primitives created: 1
04:08:20 | INFO: Extracting primitive: qiushuangzhai_wood
04:08:20 | INFO: Primitives created: 1
04:08:20 | INFO: Extracting primitive: daoxiangcun_bark.001
04:08:20 | INFO: Primitives created: 1
04:08:20 | INFO: Extracting primitive: daoxiangcun_clay
04:08:20 | INFO: Primitives created: 1
04:08:20 | INFO: Extracting primitive: daoxiangcun_creamflower
04:08:20 | INFO: Primitives created: 1
04:08:20 | INFO: Extracting primitive: daoxiangcun_darkwood
04:08:20 | INFO: Primitives created: 1
04:08:20 | INFO: Extracting primitive: daoxiangcun_flower
04:08:20 | INFO: Primitives created: 1
04:08:20 | INFO: Extracting primitive: daoxiangcun_lightleaf
04:08:20 | INFO: Primitives created: 1
04:08:20 | INFO: Extracting primitive: daoxiangcun_paving
04:08:20 | INFO: Primitives created: 1
04:08:20 | INFO: Extracting primitive: daoxiangcun_screen
04:08:20 | INFO: Primitives created: 1
04:08:20 | INFO: Extracting primitive: daoxiangcun_stone
04:08:20 | INFO: Primitives created: 1
04:08:20 | INFO: Extracting primitive: daoxiangcun_thatch
04:08:20 | INFO: Primitives created: 1
04:08:20 | INFO: Extracting primitive: daoxiangcun_wood
04:08:20 | INFO: Primitives created: 1
04:08:20 | INFO: Extracting primitive: ouxiangxie_bamboo.001
04:08:20 | INFO: Primitives created: 1
04:08:20 | INFO: Extracting primitive: ouxiangxie_darkwood
04:08:20 | INFO: Primitives created: 1
04:08:20 | INFO: Extracting primitive: ouxiangxie_gold.001
04:08:20 | INFO: Primitives created: 1
04:08:21 | INFO: Extracting primitive: ouxiangxie_lantern.001
04:08:21 | INFO: Primitives created: 1
04:08:21 | INFO: Extracting primitive: ouxiangxie_paper.001
04:08:21 | INFO: Primitives created: 1
04:08:21 | INFO: Extracting primitive: ouxiangxie_roof
04:08:21 | INFO: Primitives created: 1
04:08:21 | INFO: Extracting primitive: ouxiangxie_silk.001
04:08:21 | INFO: Primitives created: 1
04:08:21 | INFO: Extracting primitive: ouxiangxie_stone
04:08:21 | INFO: Primitives created: 1
04:08:21 | INFO: Extracting primitive: ouxiangxie_tile
04:08:21 | INFO: Primitives created: 1
04:08:21 | INFO: Extracting primitive: ouxiangxie_tiledark
04:08:21 | INFO: Primitives created: 1
04:08:21 | INFO: Extracting primitive: ouxiangxie_tilelight
04:08:21 | INFO: Primitives created: 1
04:08:21 | INFO: Extracting primitive: ouxiangxie_wood
04:08:21 | INFO: Primitives created: 1
04:08:21 | INFO: Extracting primitive: dicuiting_darkwood.001
04:08:21 | INFO: Primitives created: 1
04:08:21 | INFO: Extracting primitive: dicuiting_gold.001
04:08:21 | INFO: Primitives created: 1
04:08:21 | INFO: Extracting primitive: dicuiting_lantern.001
04:08:21 | INFO: Primitives created: 1
04:08:21 | INFO: Extracting primitive: dicuiting_paving.001
04:08:21 | INFO: Primitives created: 1
04:08:21 | INFO: Extracting primitive: dicuiting_roof
04:08:21 | INFO: Primitives created: 1
04:08:21 | INFO: Extracting primitive: dicuiting_stone
04:08:21 | INFO: Primitives created: 1
04:08:21 | INFO: Extracting primitive: dicuiting_tile
04:08:21 | INFO: Primitives created: 1
04:08:21 | INFO: Extracting primitive: dicuiting_tiledark.001
04:08:21 | INFO: Primitives created: 1
04:08:21 | INFO: Extracting primitive: dicuiting_tilelight.001
04:08:21 | INFO: Primitives created: 1
04:08:21 | INFO: Extracting primitive: dicuiting_wood
04:08:21 | INFO: Primitives created: 1
04:08:21 | INFO: Extracting primitive: luxuean_bamboo
04:08:21 | INFO: Primitives created: 1
04:08:21 | INFO: Extracting primitive: luxuean_clay
04:08:21 | INFO: Primitives created: 1
04:08:21 | INFO: Extracting primitive: luxuean_lightleaf
04:08:21 | INFO: Primitives created: 1
04:08:21 | INFO: Extracting primitive: luxuean_paving
04:08:21 | INFO: Primitives created: 1
04:08:21 | INFO: Extracting primitive: luxuean_stone
04:08:21 | INFO: Primitives created: 1
04:08:21 | INFO: Extracting primitive: luxuean_thatch
04:08:21 | INFO: Primitives created: 1
04:08:21 | INFO: Extracting primitive: luxuean_wood
04:08:21 | INFO: Primitives created: 1
04:08:21 | INFO: Extracting primitive: tubishanzhuang_bark.001
04:08:21 | INFO: Primitives created: 1
04:08:21 | INFO: Extracting primitive: tubishanzhuang_canopy.001
04:08:21 | INFO: Primitives created: 1
04:08:21 | INFO: Extracting primitive: tubishanzhuang_canopy_light.001
04:08:21 | INFO: Primitives created: 1
04:08:21 | INFO: Extracting primitive: tubishanzhuang_canopy_shadow.001
04:08:21 | INFO: Primitives created: 1
04:08:21 | INFO: Extracting primitive: tubishanzhuang_darkwood
04:08:21 | INFO: Primitives created: 1
04:08:21 | INFO: Extracting primitive: tubishanzhuang_paper.001
04:08:21 | INFO: Primitives created: 1
04:08:21 | INFO: Extracting primitive: tubishanzhuang_paving
04:08:21 | INFO: Primitives created: 1
04:08:21 | INFO: Extracting primitive: tubishanzhuang_plaster
04:08:21 | INFO: Primitives created: 1
04:08:21 | INFO: Extracting primitive: tubishanzhuang_roof
04:08:21 | INFO: Primitives created: 1
04:08:21 | INFO: Extracting primitive: tubishanzhuang_stone
04:08:21 | INFO: Primitives created: 1
04:08:21 | INFO: Extracting primitive: tubishanzhuang_tile
04:08:21 | INFO: Primitives created: 1
04:08:21 | INFO: Extracting primitive: tubishanzhuang_tiledark
04:08:21 | INFO: Primitives created: 1
04:08:21 | INFO: Extracting primitive: tubishanzhuang_tilelight
04:08:21 | INFO: Primitives created: 1
04:08:21 | INFO: Extracting primitive: tubishanzhuang_wood
04:08:21 | INFO: Primitives created: 1
04:08:21 | INFO: Extracting primitive: aojingxiguan_bark.001
04:08:21 | INFO: Primitives created: 1
04:08:21 | INFO: Extracting primitive: aojingxiguan_canopy.001
04:08:21 | INFO: Primitives created: 1
04:08:21 | INFO: Extracting primitive: aojingxiguan_canopy_light.001
04:08:21 | INFO: Primitives created: 1
04:08:21 | INFO: Extracting primitive: aojingxiguan_canopy_shadow.001
04:08:21 | INFO: Primitives created: 1
04:08:21 | INFO: Extracting primitive: aojingxiguan_darkwood
04:08:21 | INFO: Primitives created: 1
04:08:21 | INFO: Extracting primitive: aojingxiguan_paper.001
04:08:21 | INFO: Primitives created: 1
04:08:21 | INFO: Extracting primitive: aojingxiguan_paving
04:08:21 | INFO: Primitives created: 1
04:08:21 | INFO: Extracting primitive: aojingxiguan_plaster
04:08:21 | INFO: Primitives created: 1
04:08:21 | INFO: Extracting primitive: aojingxiguan_roof
04:08:21 | INFO: Primitives created: 1
04:08:21 | INFO: Extracting primitive: aojingxiguan_stone
04:08:21 | INFO: Primitives created: 1
04:08:21 | INFO: Extracting primitive: aojingxiguan_tile
04:08:21 | INFO: Primitives created: 1
04:08:21 | INFO: Extracting primitive: aojingxiguan_tiledark
04:08:21 | INFO: Primitives created: 1
04:08:21 | INFO: Extracting primitive: aojingxiguan_tilelight
04:08:21 | INFO: Primitives created: 1
04:08:21 | INFO: Extracting primitive: aojingxiguan_wood
04:08:21 | INFO: Primitives created: 1
04:08:21 | INFO: Extracting primitive: daguanlou_bark.001
04:08:21 | INFO: Primitives created: 1
04:08:21 | INFO: Extracting primitive: daguanlou_canopy.001
04:08:21 | INFO: Primitives created: 1
04:08:21 | INFO: Extracting primitive: daguanlou_canopy_light.001
04:08:21 | INFO: Primitives created: 1
04:08:21 | INFO: Extracting primitive: daguanlou_canopy_shadow.001
04:08:21 | INFO: Primitives created: 1
04:08:21 | INFO: Extracting primitive: daguanlou_darkwood.001
04:08:21 | INFO: Primitives created: 1
04:08:21 | INFO: Extracting primitive: daguanlou_gold.001
04:08:21 | INFO: Primitives created: 1
04:08:21 | INFO: Extracting primitive: daguanlou_lantern.001
04:08:21 | INFO: Primitives created: 1
04:08:21 | INFO: Extracting primitive: daguanlou_paper.001
04:08:21 | INFO: Primitives created: 1
04:08:21 | INFO: Extracting primitive: daguanlou_paving.001
04:08:21 | INFO: Primitives created: 1
04:08:21 | INFO: Extracting primitive: daguanlou_plaster.001
04:08:21 | INFO: Primitives created: 1
04:08:21 | INFO: Extracting primitive: daguanlou_roof.001
04:08:21 | INFO: Primitives created: 1
04:08:21 | INFO: Extracting primitive: daguanlou_screen.001
04:08:21 | INFO: Primitives created: 1
04:08:21 | INFO: Extracting primitive: daguanlou_stone.001
04:08:21 | INFO: Primitives created: 1
04:08:21 | INFO: Extracting primitive: daguanlou_tile.001
04:08:21 | INFO: Primitives created: 1
04:08:22 | INFO: Extracting primitive: daguanlou_tiledark.001
04:08:22 | INFO: Primitives created: 1
04:08:22 | INFO: Extracting primitive: daguanlou_tilelight.001
04:08:22 | INFO: Primitives created: 1
04:08:22 | INFO: Extracting primitive: daguanlou_wood.001
04:08:22 | INFO: Primitives created: 1
04:08:22 | INFO: Extracting primitive: longcuian_bark.001
04:08:22 | INFO: Primitives created: 1
04:08:22 | INFO: Extracting primitive: longcuian_canopy.001
04:08:22 | INFO: Primitives created: 1
04:08:22 | INFO: Extracting primitive: longcuian_canopy_light.001
04:08:22 | INFO: Primitives created: 1
04:08:22 | INFO: Extracting primitive: longcuian_canopy_shadow.001
04:08:22 | INFO: Primitives created: 1
04:08:22 | INFO: Extracting primitive: longcuian_ceramic.001
04:08:22 | INFO: Primitives created: 1
04:08:22 | INFO: Extracting primitive: longcuian_darkwood.001
04:08:22 | INFO: Primitives created: 1
04:08:22 | INFO: Extracting primitive: longcuian_flower.001
04:08:22 | INFO: Primitives created: 1
04:08:22 | INFO: Extracting primitive: longcuian_paper.001
04:08:22 | INFO: Primitives created: 1
04:08:22 | INFO: Extracting primitive: longcuian_paving.001
04:08:22 | INFO: Primitives created: 1
04:08:22 | INFO: Extracting primitive: longcuian_plaster.001
04:08:22 | INFO: Primitives created: 1
04:08:22 | INFO: Extracting primitive: longcuian_roof.001
04:08:22 | INFO: Primitives created: 1
04:08:22 | INFO: Extracting primitive: longcuian_screen.001
04:08:22 | INFO: Primitives created: 1
04:08:22 | INFO: Extracting primitive: longcuian_stone.001
04:08:22 | INFO: Primitives created: 1
04:08:22 | INFO: Extracting primitive: longcuian_tile.001
04:08:22 | INFO: Primitives created: 1
04:08:22 | INFO: Extracting primitive: longcuian_tiledark.001
04:08:22 | INFO: Primitives created: 1
04:08:22 | INFO: Extracting primitive: longcuian_tilelight.001
04:08:22 | INFO: Primitives created: 1
04:08:22 | INFO: Extracting primitive: longcuian_wood.001
04:08:22 | INFO: Primitives created: 1
04:08:22 | INFO: Extracting primitive: nuanxiangwu_bark.001
04:08:22 | INFO: Primitives created: 1
04:08:22 | INFO: Extracting primitive: nuanxiangwu_ceramic.001
04:08:22 | INFO: Primitives created: 1
04:08:22 | INFO: Extracting primitive: nuanxiangwu_creamflower.001
04:08:22 | INFO: Primitives created: 1
04:08:22 | INFO: Extracting primitive: nuanxiangwu_darkwood.001
04:08:22 | INFO: Primitives created: 1
04:08:22 | INFO: Extracting primitive: nuanxiangwu_paper.001
04:08:22 | INFO: Primitives created: 1
04:08:22 | INFO: Extracting primitive: nuanxiangwu_paving.001
04:08:22 | INFO: Primitives created: 1
04:08:22 | INFO: Extracting primitive: nuanxiangwu_plaster.001
04:08:22 | INFO: Primitives created: 1
04:08:22 | INFO: Extracting primitive: nuanxiangwu_roof.001
04:08:22 | INFO: Primitives created: 1
04:08:22 | INFO: Extracting primitive: nuanxiangwu_screen.001
04:08:22 | INFO: Primitives created: 1
04:08:22 | INFO: Extracting primitive: nuanxiangwu_silk.001
04:08:22 | INFO: Primitives created: 1
04:08:22 | INFO: Extracting primitive: nuanxiangwu_stone.001
04:08:22 | INFO: Primitives created: 1
04:08:22 | INFO: Extracting primitive: nuanxiangwu_tile.001
04:08:22 | INFO: Primitives created: 1
04:08:22 | INFO: Extracting primitive: nuanxiangwu_tiledark.001
04:08:22 | INFO: Primitives created: 1
04:08:22 | INFO: Extracting primitive: nuanxiangwu_tilelight.001
04:08:22 | INFO: Primitives created: 1
04:08:22 | INFO: Extracting primitive: nuanxiangwu_wood.001
04:08:22 | INFO: Primitives created: 1
04:08:22 | INFO: Extracting primitive: landscape_earth
04:08:22 | INFO: Primitives created: 1
04:08:24 | INFO: Extracting primitive: landscape_stone
04:08:25 | INFO: Primitives created: 1
04:08:25 | INFO: Extracting primitive: landscape_leafdark.001
04:08:25 | INFO: Primitives created: 1
04:08:25 | INFO: Extracting primitive: landscape_leaf.001
04:08:25 | INFO: Primitives created: 1
04:08:25 | INFO: Extracting primitive: landscape_moss.001
04:08:25 | INFO: Primitives created: 1
04:08:25 | INFO: Extracting primitive: landscape_bark.001
04:08:25 | INFO: Primitives created: 1
04:08:26 | INFO: Extracting primitive: landscape_bamboo
04:08:26 | INFO: Primitives created: 1
04:08:26 | INFO: Extracting primitive: landscape_canopy_light.001
04:08:26 | INFO: Primitives created: 1
04:08:26 | INFO: Extracting primitive: landscape_lightleaf
04:08:26 | INFO: Primitives created: 1
04:08:27 | INFO: Extracting primitive: landscape_flower
04:08:27 | INFO: Primitives created: 1
04:08:27 | INFO: Extracting primitive: landscape_creamflower
04:08:27 | INFO: Primitives created: 1
04:08:27 | INFO: Extracting primitive: landscape_plaster.001
04:08:27 | INFO: Primitives created: 1
04:08:27 | INFO: Extracting primitive: landscape_roof.001
04:08:27 | INFO: Primitives created: 1
04:08:27 | INFO: Extracting primitive: landscape_tile.001
04:08:27 | INFO: Primitives created: 1
04:08:27 | INFO: Extracting primitive: landscape_canopy_shadow.001
04:08:27 | INFO: Primitives created: 1
04:08:27 | INFO: Extracting primitive: landscape_canopy.001
04:08:27 | INFO: Primitives created: 1
04:08:27 | INFO: Extracting primitive: landscape_paving.001
04:08:27 | INFO: Primitives created: 1
04:08:27 | INFO: Extracting primitive: landscape_wood
04:08:27 | INFO: Primitives created: 1
04:08:27 | INFO: Extracting primitive: landscape_darkwood.001
04:08:27 | INFO: Primitives created: 1
04:08:27 | INFO: Extracting primitive: landscape_lantern.001
04:08:27 | INFO: Primitives created: 1
04:08:27 | INFO: Extracting primitive: landscape_gold.001
04:08:27 | INFO: Primitives created: 1
04:08:28 | INFO: Extracting primitive: landscape_tiledark.001
04:08:28 | INFO: Primitives created: 1
04:08:28 | INFO: Extracting primitive: landscape_tilelight.001
04:08:28 | INFO: Primitives created: 1
04:08:28 | INFO: Finished glTF 2.0 export in 9.663936138153076 s
WARN (bke.modifier): C:\Users\blender\git\blender-v450\blender.git\source\blender\blenkernel\intern\modifier.cc:425 BKE_modifier_set_error: Object: "xiaoxiangguan_water", Modifier: "Mobile_Overview", Modifier requires more than 3 input faces

04:08:58 | INFO: Starting glTF 2.0 export
04:08:58 | WARNING: Mesh Mobile_daguanyuan_gate is not valid, and may be exported wrongly
04:08:58 | INFO: Extracting primitive: Mobile_daguanyuan_gate
04:08:58 | INFO: Primitives created: 1
04:08:58 | WARNING: Mesh Mobile_qujingtongyou is not valid, and may be exported wrongly
04:08:58 | INFO: Extracting primitive: Mobile_qujingtongyou
04:08:58 | INFO: Primitives created: 1
04:08:58 | WARNING: Mesh Mobile_xiaoxiangguan is not valid, and may be exported wrongly
04:08:58 | INFO: Extracting primitive: Mobile_xiaoxiangguan
04:08:58 | INFO: Primitives created: 1
04:08:58 | INFO: Extracting primitive: xiaoxiangguan_lantern.001
04:08:58 | INFO: Primitives created: 1
04:08:58 | WARNING: Mesh Mobile_yihongyuan is not valid, and may be exported wrongly
04:08:58 | INFO: Extracting primitive: Mobile_yihongyuan
04:08:58 | INFO: Primitives created: 1
04:08:58 | INFO: Extracting primitive: yihongyuan_lantern.001
04:08:58 | INFO: Primitives created: 1
04:08:58 | INFO: Extracting primitive: hengwuyuan_lantern.001
04:08:58 | INFO: Primitives created: 1
04:08:58 | WARNING: Mesh Mobile_hengwuyuan is not valid, and may be exported wrongly
04:08:58 | INFO: Extracting primitive: Mobile_hengwuyuan
04:08:58 | INFO: Primitives created: 1
04:08:58 | WARNING: Mesh Mobile_qiushuangzhai is not valid, and may be exported wrongly
04:08:58 | INFO: Extracting primitive: Mobile_qiushuangzhai
04:08:58 | INFO: Primitives created: 1
04:08:58 | INFO: Extracting primitive: qiushuangzhai_lantern.001
04:08:58 | INFO: Primitives created: 1
04:08:58 | WARNING: Mesh Mobile_daoxiangcun is not valid, and may be exported wrongly
04:08:58 | INFO: Extracting primitive: Mobile_daoxiangcun
04:08:58 | INFO: Primitives created: 1
04:08:58 | WARNING: Mesh Mobile_ouxiangxie is not valid, and may be exported wrongly
04:08:58 | INFO: Extracting primitive: Mobile_ouxiangxie
04:08:58 | INFO: Primitives created: 1
04:08:58 | INFO: Extracting primitive: ouxiangxie_lantern.001
04:08:58 | INFO: Primitives created: 1
04:08:58 | INFO: Extracting primitive: dicuiting_lantern.001
04:08:58 | INFO: Primitives created: 1
04:08:58 | WARNING: Mesh Mobile_dicuiting is not valid, and may be exported wrongly
04:08:58 | INFO: Extracting primitive: Mobile_dicuiting
04:08:58 | INFO: Primitives created: 1
04:08:58 | WARNING: Mesh Mobile_luxuean is not valid, and may be exported wrongly
04:08:58 | INFO: Extracting primitive: Mobile_luxuean
04:08:58 | INFO: Primitives created: 1
04:08:58 | WARNING: Mesh Mobile_tubishanzhuang is not valid, and may be exported wrongly
04:08:58 | INFO: Extracting primitive: Mobile_tubishanzhuang
04:08:58 | INFO: Primitives created: 1
04:08:58 | WARNING: Mesh Mobile_aojingxiguan is not valid, and may be exported wrongly
04:08:58 | INFO: Extracting primitive: Mobile_aojingxiguan
04:08:58 | INFO: Primitives created: 1
04:08:58 | INFO: Extracting primitive: daguanlou_lantern.001
04:08:58 | INFO: Primitives created: 1
04:08:58 | WARNING: Mesh Mobile_daguanlou is not valid, and may be exported wrongly
04:08:58 | INFO: Extracting primitive: Mobile_daguanlou
04:08:58 | INFO: Primitives created: 1
04:08:58 | WARNING: Mesh Mobile_longcuian is not valid, and may be exported wrongly
04:08:58 | INFO: Extracting primitive: Mobile_longcuian
04:08:58 | INFO: Primitives created: 1
04:08:58 | WARNING: Mesh Mobile_nuanxiangwu is not valid, and may be exported wrongly
04:08:58 | INFO: Extracting primitive: Mobile_nuanxiangwu
04:08:58 | INFO: Primitives created: 1
04:08:58 | INFO: Extracting primitive: landscape_lantern.001
04:08:58 | INFO: Primitives created: 1
04:08:58 | WARNING: Mesh Mobile_landscape is not valid, and may be exported wrongly
04:08:58 | INFO: Extracting primitive: Mobile_landscape
04:08:58 | INFO: Primitives created: 1
04:08:58 | INFO: Finished glTF 2.0 export in 0.6358566284179688 s

04:08:58 | INFO: Data are loaded, start creating Blender stuff
04:08:58 | INFO: Blender create Mesh node island_trees_01_blockout_cleaned
04:09:00 | INFO: glTF import finished in 2.20s
04:09:03 | INFO: Starting glTF 2.0 export
04:09:03 | INFO: Extracting primitive: Reference_Tree_Mobile_trunk
04:09:03 | WARNING: More than one shader node tex image used for a texture. The resulting glTF sampler will behave like the first shader node tex image.
04:09:03 | INFO: Primitives created: 2
04:09:03 | INFO: Finished glTF 2.0 export in 0.09186601638793945 s

CANOPY LOD 10173
PERFORMANCE LODS REEXPORTED; detailed master and selected-place models unchanged
Blender 4.5.9 LTS (hash 8bf95cbd38d1 built 2026-04-21 01:33:45)
Read blend: "D:\Users\Lenovo\Desktop\大观园\blender\daguanyuan_master.blend"

Blender quit
