
> daguanyuan-rumeng@1.0.0 models:finish
> node scripts/pipeline.mjs models-finish

Authored focal foliage swatches 4
Blender 4.5.9 LTS (hash 8bf95cbd38d1 built 2026-04-21 01:33:45)
Traceback (most recent call last):
  File "D:\Users\Lenovo\Desktop\大观园\blender\refresh_focal_landscape.py", line 9, in <module>
    from baked_exports import export_baked
  File "D:\Users\Lenovo\Desktop\大观园\blender\baked_exports.py", line 21
    md.ratio=.66 if ob.get('gardenStone') else (.10 if ob.name.endswith('_plants') else .55 if ob.name.endswith('_earth') else .64 if ob.name.endswith('_limestone') else 1 if ob.name.endswith('_bankstone') else .30) if ob.name.startswith('Mobile_landscape') else .06 if ob.get('roof') else .10
IndentationError: unexpected indent

Error: script failed, file: 'blender/refresh_focal_landscape.py', exiting.

Blender quit
file:///D:/Users/Lenovo/Desktop/%E5%A4%A7%E8%A7%82%E5%9B%AD/scripts/pipeline.mjs:10
const run=(cmd,args)=>{const r=spawnSync(cmd,args,{stdio:'inherit',shell:false});if(r.status!==0)throw new Error(`${cmd} exited ${r.status}`)};
                                                                                                       ^

Error: D:\Users\Lenovo\Desktop\大观园\.tools\blender-4.5.9-windows-x64\blender.exe exited 1
    at run (file:///D:/Users/Lenovo/Desktop/%E5%A4%A7%E8%A7%82%E5%9B%AD/scripts/pipeline.mjs:10:104)
    at file:///D:/Users/Lenovo/Desktop/%E5%A4%A7%E8%A7%82%E5%9B%AD/scripts/pipeline.mjs:79:2
    at ModuleJob.run (node:internal/modules/esm/module_job:413:25)
    at async onImport.tracePromise.__proto__ (node:internal/modules/esm/loader:660:26)
    at async asyncRunEntryPointWithESMLoader (node:internal/modules/run_main:101:5)

Node.js v24.12.0
