14:52:15 | INFO: Data are loaded, start creating Blender stuff
14:52:15 | INFO: Blender create Mesh node island_trees_01_blockout_cleaned
14:52:16 | INFO: glTF import finished in 1.45s
INFO Draco mesh compression is available, use library at D:\Users\Lenovo\Desktop\大观园\.tools\blender-4.5.9-windows-x64\4.5\scripts\addons_core\io_scene_gltf2\extern_draco.dll
14:52:36 | INFO: Starting glTF 2.0 export
14:52:36 | INFO: Extracting primitive: Crown_broadleaf_bark
14:52:36 | WARNING: More than one shader node tex image used for a texture. The resulting glTF sampler will behave like the first shader node tex image.
14:52:36 | WARNING: More than one shader node tex image used for a texture. The resulting glTF sampler will behave like the first shader node tex image.
14:52:36 | WARNING: More than one shader node tex image used for a texture. The resulting glTF sampler will behave like the first shader node tex image.
14:52:36 | WARNING: More than one shader node tex image used for a texture. The resulting glTF sampler will behave like the first shader node tex image.
14:52:36 | INFO: Primitives created: 3
14:52:36 | INFO: Finished glTF 2.0 export in 0.14591264724731445 s

14:52:51 | INFO: Starting glTF 2.0 export
14:52:51 | INFO: Extracting primitive: Crown_mobile_bark
14:52:51 | WARNING: More than one shader node tex image used for a texture. The resulting glTF sampler will behave like the first shader node tex image.
14:52:51 | WARNING: More than one shader node tex image used for a texture. The resulting glTF sampler will behave like the first shader node tex image.
14:52:51 | WARNING: More than one shader node tex image used for a texture. The resulting glTF sampler will behave like the first shader node tex image.
14:52:51 | WARNING: More than one shader node tex image used for a texture. The resulting glTF sampler will behave like the first shader node tex image.
14:52:51 | INFO: Primitives created: 3
14:52:51 | INFO: Finished glTF 2.0 export in 0.06711220741271973 s

NATIVE CROWN LOD broadleaf 10358
14:52:51 | INFO: Data are loaded, start creating Blender stuff
14:52:51 | INFO: Blender create Mesh node mesh.001
14:52:52 | INFO: glTF import finished in 1.11s
14:53:05 | INFO: Starting glTF 2.0 export
14:53:05 | INFO: Extracting primitive: Crown_broadleaf-2_bark
14:53:05 | WARNING: More than one shader node tex image used for a texture. The resulting glTF sampler will behave like the first shader node tex image.
14:53:05 | WARNING: More than one shader node tex image used for a texture. The resulting glTF sampler will behave like the first shader node tex image.
14:53:05 | WARNING: More than one shader node tex image used for a texture. The resulting glTF sampler will behave like the first shader node tex image.
14:53:05 | WARNING: More than one shader node tex image used for a texture. The resulting glTF sampler will behave like the first shader node tex image.
14:53:05 | INFO: Primitives created: 3
14:53:05 | INFO: Finished glTF 2.0 export in 0.13859248161315918 s

NATIVE CROWN LOD broadleaf-2 8417
14:53:05 | INFO: Data are loaded, start creating Blender stuff
14:53:05 | INFO: Blender create Mesh node pine_sapling_small_b
14:53:05 | INFO: Blender create Mesh node pine_sapling_small_a
14:53:05 | INFO: Blender create Mesh node pine_sapling_small_c
14:53:05 | INFO: glTF import finished in 0.39s
14:53:06 | INFO: Starting glTF 2.0 export
14:53:06 | INFO: Extracting primitive: Crown_pine_bark
14:53:06 | WARNING: More than one shader node tex image used for a texture. The resulting glTF sampler will behave like the first shader node tex image.
14:53:06 | WARNING: More than one shader node tex image used for a texture. The resulting glTF sampler will behave like the first shader node tex image.
14:53:06 | WARNING: More than one shader node tex image used for a texture. The resulting glTF sampler will behave like the first shader node tex image.
14:53:06 | INFO: Primitives created: 2
14:53:06 | INFO: Finished glTF 2.0 export in 0.09295845031738281 s

NATIVE CROWN LOD pine 3923
Blender 4.5.9 LTS (hash 8bf95cbd38d1 built 2026-04-21 01:33:45)

Blender quit
