
> daguanyuan-rumeng@1.0.0 models:build
> node scripts/pipeline.mjs models

02:43:06 | INFO: Data are loaded, start creating Blender stuff
02:43:06 | INFO: Blender create Mesh node island_trees_01_blockout_cleaned
02:43:08 | INFO: glTF import finished in 1.75s
INFO Draco mesh compression is available, use library at D:\Users\Lenovo\Desktop\大观园\.tools\blender-4.5.9-windows-x64\4.5\scripts\addons_core\io_scene_gltf2\extern_draco.dll
02:43:33 | INFO: Starting glTF 2.0 export
02:43:33 | INFO: Extracting primitive: island_trees_01_blockout_cleaned
02:43:33 | WARNING: More than one shader node tex image used for a texture. The resulting glTF sampler will behave like the first shader node tex image.
02:43:33 | WARNING: More than one shader node tex image used for a texture. The resulting glTF sampler will behave like the first shader node tex image.
02:43:33 | WARNING: More than one shader node tex image used for a texture. The resulting glTF sampler will behave like the first shader node tex image.
02:43:33 | INFO: Primitives created: 3
02:43:33 | INFO: Finished glTF 2.0 export in 0.05684304237365723 s

02:43:33 | INFO: Starting glTF 2.0 export
02:43:33 | INFO: Extracting primitive: island_trees_01_blockout_cleaned
02:43:33 | WARNING: More than one shader node tex image used for a texture. The resulting glTF sampler will behave like the first shader node tex image.
02:43:33 | WARNING: More than one shader node tex image used for a texture. The resulting glTF sampler will behave like the first shader node tex image.
02:43:33 | INFO: Primitives created: 2
02:43:33 | INFO: Finished glTF 2.0 export in 0.08891105651855469 s

02:43:33 | INFO: Starting glTF 2.0 export
02:43:33 | INFO: Extracting primitive: daguanyuan_gate_darkwood
02:43:33 | INFO: Primitives created: 1
02:43:33 | INFO: Extracting primitive: daguanyuan_gate_paving
02:43:33 | INFO: Primitives created: 1
02:43:33 | INFO: Extracting primitive: daguanyuan_gate_plaster
02:43:33 | INFO: Primitives created: 1
02:43:33 | INFO: Extracting primitive: daguanyuan_gate_roof
02:43:33 | INFO: Primitives created: 1
02:43:33 | INFO: Extracting primitive: daguanyuan_gate_stone
02:43:33 | INFO: Primitives created: 1
02:43:33 | INFO: Extracting primitive: daguanyuan_gate_tile
02:43:33 | INFO: Primitives created: 1
02:43:33 | INFO: Extracting primitive: daguanyuan_gate_tiledark
02:43:33 | INFO: Primitives created: 1
02:43:33 | INFO: Extracting primitive: daguanyuan_gate_tilelight
02:43:33 | INFO: Primitives created: 1
02:43:33 | INFO: Extracting primitive: daguanyuan_gate_wood
02:43:33 | INFO: Primitives created: 1
02:43:33 | INFO: Finished glTF 2.0 export in 0.0887141227722168 s

02:43:33 | INFO: Starting glTF 2.0 export
02:43:33 | INFO: Extracting primitive: daguanyuan_gate_darkwood
02:43:33 | INFO: Primitives created: 1
02:43:33 | INFO: Extracting primitive: daguanyuan_gate_paving
02:43:33 | INFO: Primitives created: 1
02:43:33 | INFO: Extracting primitive: daguanyuan_gate_plaster
02:43:33 | INFO: Primitives created: 1
02:43:33 | INFO: Extracting primitive: daguanyuan_gate_roof
02:43:33 | INFO: Primitives created: 1
02:43:33 | INFO: Extracting primitive: daguanyuan_gate_stone
02:43:33 | INFO: Primitives created: 1
02:43:33 | INFO: Extracting primitive: daguanyuan_gate_tile
02:43:33 | INFO: Primitives created: 1
02:43:33 | INFO: Extracting primitive: daguanyuan_gate_tiledark
02:43:33 | INFO: Primitives created: 1
02:43:33 | INFO: Extracting primitive: daguanyuan_gate_tilelight
02:43:33 | INFO: Primitives created: 1
02:43:33 | INFO: Extracting primitive: daguanyuan_gate_wood
02:43:33 | INFO: Primitives created: 1
02:43:33 | INFO: Finished glTF 2.0 export in 0.05602669715881348 s

REFERENCE PLACE daguanyuan_gate
02:43:33 | INFO: Starting glTF 2.0 export
02:43:33 | INFO: Extracting primitive: qujingtongyou_bark.001
02:43:33 | INFO: Primitives created: 1
02:43:33 | INFO: Extracting primitive: qujingtongyou_canopy.001
02:43:33 | INFO: Primitives created: 1
02:43:33 | INFO: Extracting primitive: qujingtongyou_canopy_light.001
02:43:33 | INFO: Primitives created: 1
02:43:33 | INFO: Extracting primitive: qujingtongyou_canopy_shadow.001
02:43:33 | INFO: Primitives created: 1
02:43:33 | INFO: Extracting primitive: qujingtongyou_moss.001
02:43:33 | INFO: Primitives created: 1
02:43:33 | INFO: Extracting primitive: qujingtongyou_paving.001
02:43:33 | INFO: Primitives created: 1
02:43:33 | INFO: Extracting primitive: qujingtongyou_stone
02:43:33 | INFO: Primitives created: 1
02:43:33 | INFO: Finished glTF 2.0 export in 0.030518531799316406 s

02:43:33 | INFO: Starting glTF 2.0 export
02:43:33 | INFO: Extracting primitive: qujingtongyou_bark.001
02:43:33 | INFO: Primitives created: 1
02:43:33 | INFO: Extracting primitive: qujingtongyou_canopy.001
02:43:33 | INFO: Primitives created: 1
02:43:33 | INFO: Extracting primitive: qujingtongyou_canopy_light.001
02:43:33 | INFO: Primitives created: 1
02:43:33 | INFO: Extracting primitive: qujingtongyou_canopy_shadow.001
02:43:33 | INFO: Primitives created: 1
02:43:33 | INFO: Extracting primitive: qujingtongyou_moss.001
02:43:33 | INFO: Primitives created: 1
02:43:33 | INFO: Extracting primitive: qujingtongyou_paving.001
02:43:33 | INFO: Primitives created: 1
02:43:33 | INFO: Extracting primitive: qujingtongyou_stone
02:43:33 | INFO: Primitives created: 1
02:43:33 | INFO: Finished glTF 2.0 export in 0.05560302734375 s

REFERENCE PLACE qujingtongyou
02:43:34 | INFO: Starting glTF 2.0 export
02:43:34 | INFO: Extracting primitive: xiaoxiangguan_bamboo.001
02:43:34 | INFO: Primitives created: 1
02:43:34 | INFO: Extracting primitive: xiaoxiangguan_bark.001
02:43:34 | INFO: Primitives created: 1
02:43:34 | INFO: Extracting primitive: xiaoxiangguan_canopy.001
02:43:34 | INFO: Primitives created: 1
02:43:34 | INFO: Extracting primitive: xiaoxiangguan_canopy_light.001
02:43:34 | INFO: Primitives created: 1
02:43:34 | INFO: Extracting primitive: xiaoxiangguan_creamflower.001
02:43:34 | INFO: Primitives created: 1
02:43:34 | INFO: Extracting primitive: xiaoxiangguan_darkwood.001
02:43:34 | INFO: Primitives created: 1
02:43:34 | INFO: Extracting primitive: xiaoxiangguan_earth.001
02:43:34 | INFO: Primitives created: 1
02:43:34 | INFO: Extracting primitive: xiaoxiangguan_gold.001
02:43:34 | INFO: Primitives created: 1
02:43:34 | INFO: Extracting primitive: xiaoxiangguan_lantern.001
02:43:34 | INFO: Primitives created: 1
02:43:34 | INFO: Extracting primitive: xiaoxiangguan_leaf.001
02:43:34 | INFO: Primitives created: 1
02:43:34 | INFO: Extracting primitive: xiaoxiangguan_lightleaf.001
02:43:34 | INFO: Primitives created: 1
02:43:34 | INFO: Extracting primitive: xiaoxiangguan_moss
02:43:34 | INFO: Primitives created: 1
02:43:34 | INFO: Extracting primitive: xiaoxiangguan_paper.001
02:43:34 | INFO: Primitives created: 1
02:43:34 | INFO: Extracting primitive: xiaoxiangguan_paving
02:43:34 | INFO: Primitives created: 1
02:43:34 | INFO: Extracting primitive: xiaoxiangguan_plaster.001
02:43:34 | INFO: Primitives created: 1
02:43:34 | INFO: Extracting primitive: xiaoxiangguan_roof.001
02:43:34 | INFO: Primitives created: 1
02:43:34 | INFO: Extracting primitive: xiaoxiangguan_silk
02:43:34 | INFO: Primitives created: 1
02:43:34 | INFO: Extracting primitive: xiaoxiangguan_stone.001
02:43:34 | INFO: Primitives created: 1
02:43:34 | INFO: Extracting primitive: xiaoxiangguan_tile.001
02:43:34 | INFO: Primitives created: 1
02:43:34 | INFO: Extracting primitive: xiaoxiangguan_tiledark
02:43:34 | INFO: Primitives created: 1
02:43:34 | INFO: Extracting primitive: xiaoxiangguan_tilelight
02:43:34 | INFO: Primitives created: 1
02:43:34 | INFO: Extracting primitive: xiaoxiangguan_water
02:43:34 | INFO: Primitives created: 1
02:43:34 | INFO: Extracting primitive: xiaoxiangguan_wood.001
02:43:34 | INFO: Primitives created: 1
02:43:34 | INFO: Finished glTF 2.0 export in 0.18888282775878906 s

02:43:34 | INFO: Starting glTF 2.0 export
02:43:34 | INFO: Extracting primitive: xiaoxiangguan_bamboo.001
02:43:34 | INFO: Primitives created: 1
02:43:34 | INFO: Extracting primitive: xiaoxiangguan_bark.001
02:43:34 | INFO: Primitives created: 1
02:43:34 | INFO: Extracting primitive: xiaoxiangguan_canopy.001
02:43:34 | INFO: Primitives created: 1
02:43:34 | INFO: Extracting primitive: xiaoxiangguan_canopy_light.001
02:43:34 | INFO: Primitives created: 1
02:43:34 | INFO: Extracting primitive: xiaoxiangguan_creamflower.001
02:43:34 | INFO: Primitives created: 1
02:43:34 | INFO: Extracting primitive: xiaoxiangguan_darkwood.001
02:43:34 | INFO: Primitives created: 1
02:43:34 | INFO: Extracting primitive: xiaoxiangguan_earth.001
02:43:34 | INFO: Primitives created: 1
02:43:34 | INFO: Extracting primitive: xiaoxiangguan_gold.001
02:43:34 | INFO: Primitives created: 1
02:43:34 | INFO: Extracting primitive: xiaoxiangguan_lantern.001
02:43:34 | INFO: Primitives created: 1
02:43:34 | INFO: Extracting primitive: xiaoxiangguan_leaf.001
02:43:34 | INFO: Primitives created: 1
02:43:34 | INFO: Extracting primitive: xiaoxiangguan_lightleaf.001
02:43:34 | INFO: Primitives created: 1
02:43:34 | INFO: Extracting primitive: xiaoxiangguan_moss
02:43:34 | INFO: Primitives created: 1
02:43:34 | INFO: Extracting primitive: xiaoxiangguan_paper.001
02:43:34 | INFO: Primitives created: 1
02:43:34 | INFO: Extracting primitive: xiaoxiangguan_paving
02:43:34 | INFO: Primitives created: 1
02:43:34 | INFO: Extracting primitive: xiaoxiangguan_plaster.001
02:43:34 | INFO: Primitives created: 1
02:43:34 | INFO: Extracting primitive: xiaoxiangguan_roof.001
02:43:34 | INFO: Primitives created: 1
02:43:34 | INFO: Extracting primitive: xiaoxiangguan_silk
02:43:34 | INFO: Primitives created: 1
02:43:34 | INFO: Extracting primitive: xiaoxiangguan_stone.001
02:43:34 | INFO: Primitives created: 1
02:43:34 | INFO: Extracting primitive: xiaoxiangguan_tile.001
02:43:34 | INFO: Primitives created: 1
02:43:34 | INFO: Extracting primitive: xiaoxiangguan_tiledark
02:43:34 | INFO: Primitives created: 1
02:43:34 | INFO: Extracting primitive: xiaoxiangguan_tilelight
02:43:34 | INFO: Primitives created: 1
02:43:34 | INFO: Extracting primitive: xiaoxiangguan_water
02:43:34 | INFO: Primitives created: 1
02:43:34 | INFO: Extracting primitive: xiaoxiangguan_wood.001
02:43:34 | INFO: Primitives created: 1
02:43:34 | INFO: Finished glTF 2.0 export in 0.21540093421936035 s

REFERENCE PLACE xiaoxiangguan
02:43:35 | INFO: Starting glTF 2.0 export
02:43:35 | INFO: Extracting primitive: yihongyuan_bamboo
02:43:35 | INFO: Primitives created: 1
02:43:35 | INFO: Extracting primitive: yihongyuan_bark.001
02:43:35 | INFO: Primitives created: 1
02:43:35 | INFO: Extracting primitive: yihongyuan_canopy.001
02:43:35 | INFO: Primitives created: 1
02:43:35 | INFO: Extracting primitive: yihongyuan_canopy_light.001
02:43:35 | INFO: Primitives created: 1
02:43:35 | INFO: Extracting primitive: yihongyuan_darkwood
02:43:35 | INFO: Primitives created: 1
02:43:35 | INFO: Extracting primitive: yihongyuan_earth
02:43:35 | INFO: Primitives created: 1
02:43:35 | INFO: Extracting primitive: yihongyuan_flower
02:43:35 | INFO: Primitives created: 1
02:43:35 | INFO: Extracting primitive: yihongyuan_gold.001
02:43:35 | INFO: Primitives created: 1
02:43:35 | INFO: Extracting primitive: yihongyuan_lantern.001
02:43:35 | INFO: Primitives created: 1
02:43:35 | INFO: Extracting primitive: yihongyuan_leaf
02:43:35 | INFO: Primitives created: 1
02:43:35 | INFO: Extracting primitive: yihongyuan_lightleaf
02:43:35 | INFO: Primitives created: 1
02:43:35 | INFO: Extracting primitive: yihongyuan_moss
02:43:35 | INFO: Primitives created: 1
02:43:35 | INFO: Extracting primitive: yihongyuan_paper
02:43:35 | INFO: Primitives created: 1
02:43:35 | INFO: Extracting primitive: yihongyuan_paving
02:43:35 | INFO: Primitives created: 1
02:43:35 | INFO: Extracting primitive: yihongyuan_plaster
02:43:35 | INFO: Primitives created: 1
02:43:35 | INFO: Extracting primitive: yihongyuan_roof
02:43:35 | INFO: Primitives created: 1
02:43:35 | INFO: Extracting primitive: yihongyuan_screen
02:43:35 | INFO: Primitives created: 1
02:43:35 | INFO: Extracting primitive: yihongyuan_silk
02:43:35 | INFO: Primitives created: 1
02:43:35 | INFO: Extracting primitive: yihongyuan_stone
02:43:35 | INFO: Primitives created: 1
02:43:35 | INFO: Extracting primitive: yihongyuan_tile
02:43:35 | INFO: Primitives created: 1
02:43:35 | INFO: Extracting primitive: yihongyuan_tiledark
02:43:35 | INFO: Primitives created: 1
02:43:35 | INFO: Extracting primitive: yihongyuan_tilelight
02:43:35 | INFO: Primitives created: 1
02:43:35 | INFO: Extracting primitive: yihongyuan_wood
02:43:35 | INFO: Primitives created: 1
02:43:35 | INFO: Finished glTF 2.0 export in 0.1291804313659668 s

02:43:35 | INFO: Starting glTF 2.0 export
02:43:35 | INFO: Extracting primitive: yihongyuan_bamboo
02:43:35 | INFO: Primitives created: 1
02:43:35 | INFO: Extracting primitive: yihongyuan_bark.001
02:43:35 | INFO: Primitives created: 1
02:43:35 | INFO: Extracting primitive: yihongyuan_canopy.001
02:43:35 | INFO: Primitives created: 1
02:43:35 | INFO: Extracting primitive: yihongyuan_canopy_light.001
02:43:35 | INFO: Primitives created: 1
02:43:35 | INFO: Extracting primitive: yihongyuan_darkwood
02:43:35 | INFO: Primitives created: 1
02:43:35 | INFO: Extracting primitive: yihongyuan_earth
02:43:35 | INFO: Primitives created: 1
02:43:35 | INFO: Extracting primitive: yihongyuan_flower
02:43:35 | INFO: Primitives created: 1
02:43:35 | INFO: Extracting primitive: yihongyuan_gold.001
02:43:35 | INFO: Primitives created: 1
02:43:35 | INFO: Extracting primitive: yihongyuan_lantern.001
02:43:35 | INFO: Primitives created: 1
02:43:35 | INFO: Extracting primitive: yihongyuan_leaf
02:43:35 | INFO: Primitives created: 1
02:43:35 | INFO: Extracting primitive: yihongyuan_lightleaf
02:43:35 | INFO: Primitives created: 1
02:43:35 | INFO: Extracting primitive: yihongyuan_moss
02:43:35 | INFO: Primitives created: 1
02:43:35 | INFO: Extracting primitive: yihongyuan_paper
02:43:35 | INFO: Primitives created: 1
02:43:35 | INFO: Extracting primitive: yihongyuan_paving
02:43:35 | INFO: Primitives created: 1
02:43:35 | INFO: Extracting primitive: yihongyuan_plaster
02:43:35 | INFO: Primitives created: 1
02:43:35 | INFO: Extracting primitive: yihongyuan_roof
02:43:35 | INFO: Primitives created: 1
02:43:35 | INFO: Extracting primitive: yihongyuan_screen
02:43:35 | INFO: Primitives created: 1
02:43:35 | INFO: Extracting primitive: yihongyuan_silk
02:43:35 | INFO: Primitives created: 1
02:43:35 | INFO: Extracting primitive: yihongyuan_stone
02:43:35 | INFO: Primitives created: 1
02:43:35 | INFO: Extracting primitive: yihongyuan_tile
02:43:35 | INFO: Primitives created: 1
02:43:35 | INFO: Extracting primitive: yihongyuan_tiledark
02:43:35 | INFO: Primitives created: 1
02:43:35 | INFO: Extracting primitive: yihongyuan_tilelight
02:43:35 | INFO: Primitives created: 1
02:43:35 | INFO: Extracting primitive: yihongyuan_wood
02:43:35 | INFO: Primitives created: 1
02:43:35 | INFO: Finished glTF 2.0 export in 0.1663665771484375 s

REFERENCE PLACE yihongyuan
02:43:35 | INFO: Starting glTF 2.0 export
02:43:35 | INFO: Extracting primitive: hengwuyuan_canopy.001
02:43:35 | INFO: Primitives created: 1
02:43:35 | INFO: Extracting primitive: hengwuyuan_canopy_light.001
02:43:35 | INFO: Primitives created: 1
02:43:35 | INFO: Extracting primitive: hengwuyuan_clay
02:43:35 | INFO: Primitives created: 1
02:43:35 | INFO: Extracting primitive: hengwuyuan_creamflower
02:43:35 | INFO: Primitives created: 1
02:43:35 | INFO: Extracting primitive: hengwuyuan_darkwood
02:43:35 | INFO: Primitives created: 1
02:43:35 | INFO: Extracting primitive: hengwuyuan_earth
02:43:35 | INFO: Primitives created: 1
02:43:35 | INFO: Extracting primitive: hengwuyuan_gold.001
02:43:35 | INFO: Primitives created: 1
02:43:35 | INFO: Extracting primitive: hengwuyuan_lantern.001
02:43:35 | INFO: Primitives created: 1
02:43:35 | INFO: Extracting primitive: hengwuyuan_leaf
02:43:35 | INFO: Primitives created: 1
02:43:35 | INFO: Extracting primitive: hengwuyuan_leafdark
02:43:35 | INFO: Primitives created: 1
02:43:35 | INFO: Extracting primitive: hengwuyuan_lightleaf
02:43:35 | INFO: Primitives created: 1
02:43:35 | INFO: Extracting primitive: hengwuyuan_moss
02:43:35 | INFO: Primitives created: 1
02:43:35 | INFO: Extracting primitive: hengwuyuan_paper
02:43:35 | INFO: Primitives created: 1
02:43:35 | INFO: Extracting primitive: hengwuyuan_paving
02:43:35 | INFO: Primitives created: 1
02:43:35 | INFO: Extracting primitive: hengwuyuan_plaster
02:43:36 | INFO: Primitives created: 1
02:43:36 | INFO: Extracting primitive: hengwuyuan_roof
02:43:36 | INFO: Primitives created: 1
02:43:36 | INFO: Extracting primitive: hengwuyuan_screen
02:43:36 | INFO: Primitives created: 1
02:43:36 | INFO: Extracting primitive: hengwuyuan_stone
02:43:36 | INFO: Primitives created: 1
02:43:36 | INFO: Extracting primitive: hengwuyuan_tile
02:43:36 | INFO: Primitives created: 1
02:43:36 | INFO: Extracting primitive: hengwuyuan_tiledark
02:43:36 | INFO: Primitives created: 1
02:43:36 | INFO: Extracting primitive: hengwuyuan_tilelight
02:43:36 | INFO: Primitives created: 1
02:43:36 | INFO: Extracting primitive: hengwuyuan_wood
02:43:36 | INFO: Primitives created: 1
02:43:36 | INFO: Finished glTF 2.0 export in 0.1241598129272461 s

02:43:36 | INFO: Starting glTF 2.0 export
02:43:36 | INFO: Extracting primitive: hengwuyuan_canopy.001
02:43:36 | INFO: Primitives created: 1
02:43:36 | INFO: Extracting primitive: hengwuyuan_canopy_light.001
02:43:36 | INFO: Primitives created: 1
02:43:36 | INFO: Extracting primitive: hengwuyuan_clay
02:43:36 | INFO: Primitives created: 1
02:43:36 | INFO: Extracting primitive: hengwuyuan_creamflower
02:43:36 | INFO: Primitives created: 1
02:43:36 | INFO: Extracting primitive: hengwuyuan_darkwood
02:43:36 | INFO: Primitives created: 1
02:43:36 | INFO: Extracting primitive: hengwuyuan_earth
02:43:36 | INFO: Primitives created: 1
02:43:36 | INFO: Extracting primitive: hengwuyuan_gold.001
02:43:36 | INFO: Primitives created: 1
02:43:36 | INFO: Extracting primitive: hengwuyuan_lantern.001
02:43:36 | INFO: Primitives created: 1
02:43:36 | INFO: Extracting primitive: hengwuyuan_leaf
02:43:36 | INFO: Primitives created: 1
02:43:36 | INFO: Extracting primitive: hengwuyuan_leafdark
02:43:36 | INFO: Primitives created: 1
02:43:36 | INFO: Extracting primitive: hengwuyuan_lightleaf
02:43:36 | INFO: Primitives created: 1
02:43:36 | INFO: Extracting primitive: hengwuyuan_moss
02:43:36 | INFO: Primitives created: 1
02:43:36 | INFO: Extracting primitive: hengwuyuan_paper
02:43:36 | INFO: Primitives created: 1
02:43:36 | INFO: Extracting primitive: hengwuyuan_paving
02:43:36 | INFO: Primitives created: 1
02:43:36 | INFO: Extracting primitive: hengwuyuan_plaster
02:43:36 | INFO: Primitives created: 1
02:43:36 | INFO: Extracting primitive: hengwuyuan_roof
02:43:36 | INFO: Primitives created: 1
02:43:36 | INFO: Extracting primitive: hengwuyuan_screen
02:43:36 | INFO: Primitives created: 1
02:43:36 | INFO: Extracting primitive: hengwuyuan_stone
02:43:36 | INFO: Primitives created: 1
02:43:36 | INFO: Extracting primitive: hengwuyuan_tile
02:43:36 | INFO: Primitives created: 1
02:43:36 | INFO: Extracting primitive: hengwuyuan_tiledark
02:43:36 | INFO: Primitives created: 1
02:43:36 | INFO: Extracting primitive: hengwuyuan_tilelight
02:43:36 | INFO: Primitives created: 1
02:43:36 | INFO: Extracting primitive: hengwuyuan_wood
02:43:36 | INFO: Primitives created: 1
02:43:36 | INFO: Finished glTF 2.0 export in 0.13437318801879883 s

REFERENCE PLACE hengwuyuan
02:43:36 | INFO: Starting glTF 2.0 export
02:43:36 | INFO: Extracting primitive: qiushuangzhai_canopy.001
02:43:36 | INFO: Primitives created: 1
02:43:36 | INFO: Extracting primitive: qiushuangzhai_canopy_light.001
02:43:36 | INFO: Primitives created: 1
02:43:36 | INFO: Extracting primitive: qiushuangzhai_ceramic
02:43:36 | INFO: Primitives created: 1
02:43:36 | INFO: Extracting primitive: qiushuangzhai_creamflower
02:43:36 | INFO: Primitives created: 1
02:43:36 | INFO: Extracting primitive: qiushuangzhai_darkwood
02:43:36 | INFO: Primitives created: 1
02:43:36 | INFO: Extracting primitive: qiushuangzhai_earth
02:43:36 | INFO: Primitives created: 1
02:43:36 | INFO: Extracting primitive: qiushuangzhai_gold.001
02:43:36 | INFO: Primitives created: 1
02:43:36 | INFO: Extracting primitive: qiushuangzhai_lantern.001
02:43:36 | INFO: Primitives created: 1
02:43:36 | INFO: Extracting primitive: qiushuangzhai_leafdark
02:43:36 | INFO: Primitives created: 1
02:43:36 | INFO: Extracting primitive: qiushuangzhai_marble
02:43:36 | INFO: Primitives created: 1
02:43:36 | INFO: Extracting primitive: qiushuangzhai_moss
02:43:36 | INFO: Primitives created: 1
02:43:36 | INFO: Extracting primitive: qiushuangzhai_paper
02:43:36 | INFO: Primitives created: 1
02:43:36 | INFO: Extracting primitive: qiushuangzhai_paving
02:43:36 | INFO: Primitives created: 1
02:43:36 | INFO: Extracting primitive: qiushuangzhai_plaster
02:43:36 | INFO: Primitives created: 1
02:43:36 | INFO: Extracting primitive: qiushuangzhai_roof
02:43:36 | INFO: Primitives created: 1
02:43:36 | INFO: Extracting primitive: qiushuangzhai_silk
02:43:36 | INFO: Primitives created: 1
02:43:36 | INFO: Extracting primitive: qiushuangzhai_stone
02:43:36 | INFO: Primitives created: 1
02:43:36 | INFO: Extracting primitive: qiushuangzhai_tile
02:43:36 | INFO: Primitives created: 1
02:43:36 | INFO: Extracting primitive: qiushuangzhai_tiledark
02:43:36 | INFO: Primitives created: 1
02:43:36 | INFO: Extracting primitive: qiushuangzhai_tilelight
02:43:36 | INFO: Primitives created: 1
02:43:36 | INFO: Extracting primitive: qiushuangzhai_wood
02:43:36 | INFO: Primitives created: 1
02:43:36 | INFO: Finished glTF 2.0 export in 0.07601094245910645 s

02:43:36 | INFO: Starting glTF 2.0 export
02:43:36 | INFO: Extracting primitive: qiushuangzhai_canopy.001
02:43:36 | INFO: Primitives created: 1
02:43:36 | INFO: Extracting primitive: qiushuangzhai_canopy_light.001
02:43:36 | INFO: Primitives created: 1
02:43:36 | INFO: Extracting primitive: qiushuangzhai_ceramic
02:43:36 | INFO: Primitives created: 1
02:43:36 | INFO: Extracting primitive: qiushuangzhai_creamflower
02:43:36 | INFO: Primitives created: 1
02:43:36 | INFO: Extracting primitive: qiushuangzhai_darkwood
02:43:36 | INFO: Primitives created: 1
02:43:36 | INFO: Extracting primitive: qiushuangzhai_earth
02:43:36 | INFO: Primitives created: 1
02:43:36 | INFO: Extracting primitive: qiushuangzhai_gold.001
02:43:36 | INFO: Primitives created: 1
02:43:36 | INFO: Extracting primitive: qiushuangzhai_lantern.001
02:43:36 | INFO: Primitives created: 1
02:43:36 | INFO: Extracting primitive: qiushuangzhai_leafdark
02:43:36 | INFO: Primitives created: 1
02:43:36 | INFO: Extracting primitive: qiushuangzhai_marble
02:43:36 | INFO: Primitives created: 1
02:43:36 | INFO: Extracting primitive: qiushuangzhai_moss
02:43:36 | INFO: Primitives created: 1
02:43:36 | INFO: Extracting primitive: qiushuangzhai_paper
02:43:36 | INFO: Primitives created: 1
02:43:36 | INFO: Extracting primitive: qiushuangzhai_paving
02:43:36 | INFO: Primitives created: 1
02:43:36 | INFO: Extracting primitive: qiushuangzhai_plaster
02:43:36 | INFO: Primitives created: 1
02:43:36 | INFO: Extracting primitive: qiushuangzhai_roof
02:43:36 | INFO: Primitives created: 1
02:43:36 | INFO: Extracting primitive: qiushuangzhai_silk
02:43:36 | INFO: Primitives created: 1
02:43:36 | INFO: Extracting primitive: qiushuangzhai_stone
02:43:36 | INFO: Primitives created: 1
02:43:36 | INFO: Extracting primitive: qiushuangzhai_tile
02:43:36 | INFO: Primitives created: 1
02:43:36 | INFO: Extracting primitive: qiushuangzhai_tiledark
02:43:36 | INFO: Primitives created: 1
02:43:36 | INFO: Extracting primitive: qiushuangzhai_tilelight
02:43:36 | INFO: Primitives created: 1
02:43:36 | INFO: Extracting primitive: qiushuangzhai_wood
02:43:36 | INFO: Primitives created: 1
02:43:36 | INFO: Finished glTF 2.0 export in 0.09920692443847656 s

REFERENCE PLACE qiushuangzhai
02:43:37 | INFO: Starting glTF 2.0 export
02:43:37 | INFO: Extracting primitive: daoxiangcun_bark.001
02:43:37 | INFO: Primitives created: 1
02:43:37 | INFO: Extracting primitive: daoxiangcun_clay
02:43:37 | INFO: Primitives created: 1
02:43:37 | INFO: Extracting primitive: daoxiangcun_creamflower
02:43:37 | INFO: Primitives created: 1
02:43:37 | INFO: Extracting primitive: daoxiangcun_darkwood
02:43:37 | INFO: Primitives created: 1
02:43:37 | INFO: Extracting primitive: daoxiangcun_flower
02:43:37 | INFO: Primitives created: 1
02:43:37 | INFO: Extracting primitive: daoxiangcun_lightleaf
02:43:37 | INFO: Primitives created: 1
02:43:37 | INFO: Extracting primitive: daoxiangcun_paving
02:43:37 | INFO: Primitives created: 1
02:43:37 | INFO: Extracting primitive: daoxiangcun_screen
02:43:37 | INFO: Primitives created: 1
02:43:37 | INFO: Extracting primitive: daoxiangcun_stone
02:43:37 | INFO: Primitives created: 1
02:43:37 | INFO: Extracting primitive: daoxiangcun_thatch
02:43:37 | INFO: Primitives created: 1
02:43:37 | INFO: Extracting primitive: daoxiangcun_wood
02:43:37 | INFO: Primitives created: 1
02:43:37 | INFO: Finished glTF 2.0 export in 0.09471845626831055 s

02:43:37 | INFO: Starting glTF 2.0 export
02:43:37 | INFO: Extracting primitive: daoxiangcun_bark.001
02:43:37 | INFO: Primitives created: 1
02:43:37 | INFO: Extracting primitive: daoxiangcun_clay
02:43:37 | INFO: Primitives created: 1
02:43:37 | INFO: Extracting primitive: daoxiangcun_creamflower
02:43:37 | INFO: Primitives created: 1
02:43:37 | INFO: Extracting primitive: daoxiangcun_darkwood
02:43:37 | INFO: Primitives created: 1
02:43:37 | INFO: Extracting primitive: daoxiangcun_flower
02:43:37 | INFO: Primitives created: 1
02:43:37 | INFO: Extracting primitive: daoxiangcun_lightleaf
02:43:37 | INFO: Primitives created: 1
02:43:37 | INFO: Extracting primitive: daoxiangcun_paving
02:43:37 | INFO: Primitives created: 1
02:43:37 | INFO: Extracting primitive: daoxiangcun_screen
02:43:37 | INFO: Primitives created: 1
02:43:37 | INFO: Extracting primitive: daoxiangcun_stone
02:43:37 | INFO: Primitives created: 1
02:43:37 | INFO: Extracting primitive: daoxiangcun_thatch
02:43:37 | INFO: Primitives created: 1
02:43:37 | INFO: Extracting primitive: daoxiangcun_wood
02:43:37 | INFO: Primitives created: 1
02:43:37 | INFO: Finished glTF 2.0 export in 0.12629127502441406 s

REFERENCE PLACE daoxiangcun
02:43:37 | INFO: Starting glTF 2.0 export
02:43:37 | INFO: Extracting primitive: ouxiangxie_bamboo.001
02:43:37 | INFO: Primitives created: 1
02:43:37 | INFO: Extracting primitive: ouxiangxie_darkwood
02:43:37 | INFO: Primitives created: 1
02:43:37 | INFO: Extracting primitive: ouxiangxie_gold.001
02:43:37 | INFO: Primitives created: 1
02:43:37 | INFO: Extracting primitive: ouxiangxie_lantern.001
02:43:37 | INFO: Primitives created: 1
02:43:37 | INFO: Extracting primitive: ouxiangxie_paper.001
02:43:37 | INFO: Primitives created: 1
02:43:37 | INFO: Extracting primitive: ouxiangxie_roof
02:43:37 | INFO: Primitives created: 1
02:43:37 | INFO: Extracting primitive: ouxiangxie_silk.001
02:43:37 | INFO: Primitives created: 1
02:43:37 | INFO: Extracting primitive: ouxiangxie_stone
02:43:37 | INFO: Primitives created: 1
02:43:37 | INFO: Extracting primitive: ouxiangxie_tile
02:43:37 | INFO: Primitives created: 1
02:43:37 | INFO: Extracting primitive: ouxiangxie_tiledark
02:43:37 | INFO: Primitives created: 1
02:43:37 | INFO: Extracting primitive: ouxiangxie_tilelight
02:43:37 | INFO: Primitives created: 1
02:43:37 | INFO: Extracting primitive: ouxiangxie_wood
02:43:37 | INFO: Primitives created: 1
02:43:37 | INFO: Finished glTF 2.0 export in 0.06065964698791504 s

02:43:37 | INFO: Starting glTF 2.0 export
02:43:37 | INFO: Extracting primitive: ouxiangxie_bamboo.001
02:43:37 | INFO: Primitives created: 1
02:43:37 | INFO: Extracting primitive: ouxiangxie_darkwood
02:43:37 | INFO: Primitives created: 1
02:43:37 | INFO: Extracting primitive: ouxiangxie_gold.001
02:43:37 | INFO: Primitives created: 1
02:43:37 | INFO: Extracting primitive: ouxiangxie_lantern.001
02:43:37 | INFO: Primitives created: 1
02:43:37 | INFO: Extracting primitive: ouxiangxie_paper.001
02:43:37 | INFO: Primitives created: 1
02:43:37 | INFO: Extracting primitive: ouxiangxie_roof
02:43:37 | INFO: Primitives created: 1
02:43:37 | INFO: Extracting primitive: ouxiangxie_silk.001
02:43:37 | INFO: Primitives created: 1
02:43:37 | INFO: Extracting primitive: ouxiangxie_stone
02:43:37 | INFO: Primitives created: 1
02:43:37 | INFO: Extracting primitive: ouxiangxie_tile
02:43:37 | INFO: Primitives created: 1
02:43:37 | INFO: Extracting primitive: ouxiangxie_tiledark
02:43:37 | INFO: Primitives created: 1
02:43:37 | INFO: Extracting primitive: ouxiangxie_tilelight
02:43:37 | INFO: Primitives created: 1
02:43:37 | INFO: Extracting primitive: ouxiangxie_wood
02:43:37 | INFO: Primitives created: 1
02:43:37 | INFO: Finished glTF 2.0 export in 0.08212733268737793 s

REFERENCE PLACE ouxiangxie
02:43:37 | INFO: Starting glTF 2.0 export
02:43:37 | INFO: Extracting primitive: dicuiting_darkwood.001
02:43:37 | INFO: Primitives created: 1
02:43:37 | INFO: Extracting primitive: dicuiting_gold.001
02:43:37 | INFO: Primitives created: 1
02:43:37 | INFO: Extracting primitive: dicuiting_lantern.001
02:43:37 | INFO: Primitives created: 1
02:43:37 | INFO: Extracting primitive: dicuiting_paving.001
02:43:37 | INFO: Primitives created: 1
02:43:37 | INFO: Extracting primitive: dicuiting_roof
02:43:37 | INFO: Primitives created: 1
02:43:37 | INFO: Extracting primitive: dicuiting_stone
02:43:37 | INFO: Primitives created: 1
02:43:37 | INFO: Extracting primitive: dicuiting_tile
02:43:37 | INFO: Primitives created: 1
02:43:37 | INFO: Extracting primitive: dicuiting_tiledark.001
02:43:37 | INFO: Primitives created: 1
02:43:37 | INFO: Extracting primitive: dicuiting_tilelight.001
02:43:37 | INFO: Primitives created: 1
02:43:37 | INFO: Extracting primitive: dicuiting_wood
02:43:37 | INFO: Primitives created: 1
02:43:37 | INFO: Finished glTF 2.0 export in 0.03560686111450195 s

02:43:38 | INFO: Starting glTF 2.0 export
02:43:38 | INFO: Extracting primitive: dicuiting_darkwood.001
02:43:38 | INFO: Primitives created: 1
02:43:38 | INFO: Extracting primitive: dicuiting_gold.001
02:43:38 | INFO: Primitives created: 1
02:43:38 | INFO: Extracting primitive: dicuiting_lantern.001
02:43:38 | INFO: Primitives created: 1
02:43:38 | INFO: Extracting primitive: dicuiting_paving.001
02:43:38 | INFO: Primitives created: 1
02:43:38 | INFO: Extracting primitive: dicuiting_roof
02:43:38 | INFO: Primitives created: 1
02:43:38 | INFO: Extracting primitive: dicuiting_stone
02:43:38 | INFO: Primitives created: 1
02:43:38 | INFO: Extracting primitive: dicuiting_tile
02:43:38 | INFO: Primitives created: 1
02:43:38 | INFO: Extracting primitive: dicuiting_tiledark.001
02:43:38 | INFO: Primitives created: 1
02:43:38 | INFO: Extracting primitive: dicuiting_tilelight.001
02:43:38 | INFO: Primitives created: 1
02:43:38 | INFO: Extracting primitive: dicuiting_wood
02:43:38 | INFO: Primitives created: 1
02:43:38 | INFO: Finished glTF 2.0 export in 0.031103849411010742 s

REFERENCE PLACE dicuiting
02:43:38 | INFO: Starting glTF 2.0 export
02:43:38 | INFO: Extracting primitive: luxuean_bamboo
02:43:38 | INFO: Primitives created: 1
02:43:38 | INFO: Extracting primitive: luxuean_clay
02:43:38 | INFO: Primitives created: 1
02:43:38 | INFO: Extracting primitive: luxuean_lightleaf
02:43:38 | INFO: Primitives created: 1
02:43:38 | INFO: Extracting primitive: luxuean_paving
02:43:38 | INFO: Primitives created: 1
02:43:38 | INFO: Extracting primitive: luxuean_stone
02:43:38 | INFO: Primitives created: 1
02:43:38 | INFO: Extracting primitive: luxuean_thatch
02:43:38 | INFO: Primitives created: 1
02:43:38 | INFO: Extracting primitive: luxuean_wood
02:43:38 | INFO: Primitives created: 1
02:43:38 | INFO: Finished glTF 2.0 export in 0.032036542892456055 s

02:43:38 | INFO: Starting glTF 2.0 export
02:43:38 | INFO: Extracting primitive: luxuean_bamboo
02:43:38 | INFO: Primitives created: 1
02:43:38 | INFO: Extracting primitive: luxuean_clay
02:43:38 | INFO: Primitives created: 1
02:43:38 | INFO: Extracting primitive: luxuean_lightleaf
02:43:38 | INFO: Primitives created: 1
02:43:38 | INFO: Extracting primitive: luxuean_paving
02:43:38 | INFO: Primitives created: 1
02:43:38 | INFO: Extracting primitive: luxuean_stone
02:43:38 | INFO: Primitives created: 1
02:43:38 | INFO: Extracting primitive: luxuean_thatch
02:43:38 | INFO: Primitives created: 1
02:43:38 | INFO: Extracting primitive: luxuean_wood
02:43:38 | INFO: Primitives created: 1
02:43:38 | INFO: Finished glTF 2.0 export in 0.03421497344970703 s

REFERENCE PLACE luxuean
02:43:38 | INFO: Starting glTF 2.0 export
02:43:38 | INFO: Extracting primitive: tubishanzhuang_bark.001
02:43:38 | INFO: Primitives created: 1
02:43:38 | INFO: Extracting primitive: tubishanzhuang_canopy.001
02:43:38 | INFO: Primitives created: 1
02:43:38 | INFO: Extracting primitive: tubishanzhuang_canopy_light.001
02:43:38 | INFO: Primitives created: 1
02:43:38 | INFO: Extracting primitive: tubishanzhuang_canopy_shadow.001
02:43:38 | INFO: Primitives created: 1
02:43:38 | INFO: Extracting primitive: tubishanzhuang_darkwood
02:43:38 | INFO: Primitives created: 1
02:43:38 | INFO: Extracting primitive: tubishanzhuang_paving
02:43:38 | INFO: Primitives created: 1
02:43:38 | INFO: Extracting primitive: tubishanzhuang_plaster
02:43:38 | INFO: Primitives created: 1
02:43:38 | INFO: Extracting primitive: tubishanzhuang_roof
02:43:38 | INFO: Primitives created: 1
02:43:38 | INFO: Extracting primitive: tubishanzhuang_stone
02:43:38 | INFO: Primitives created: 1
02:43:38 | INFO: Extracting primitive: tubishanzhuang_tile
02:43:38 | INFO: Primitives created: 1
02:43:38 | INFO: Extracting primitive: tubishanzhuang_tiledark
02:43:38 | INFO: Primitives created: 1
02:43:38 | INFO: Extracting primitive: tubishanzhuang_tilelight
02:43:38 | INFO: Primitives created: 1
02:43:38 | INFO: Extracting primitive: tubishanzhuang_wood
02:43:38 | INFO: Primitives created: 1
02:43:38 | INFO: Finished glTF 2.0 export in 0.0601801872253418 s

02:43:38 | INFO: Starting glTF 2.0 export
02:43:38 | INFO: Extracting primitive: tubishanzhuang_bark.001
02:43:38 | INFO: Primitives created: 1
02:43:38 | INFO: Extracting primitive: tubishanzhuang_canopy.001
02:43:38 | INFO: Primitives created: 1
02:43:38 | INFO: Extracting primitive: tubishanzhuang_canopy_light.001
02:43:38 | INFO: Primitives created: 1
02:43:38 | INFO: Extracting primitive: tubishanzhuang_canopy_shadow.001
02:43:38 | INFO: Primitives created: 1
02:43:38 | INFO: Extracting primitive: tubishanzhuang_darkwood
02:43:38 | INFO: Primitives created: 1
02:43:38 | INFO: Extracting primitive: tubishanzhuang_paving
02:43:38 | INFO: Primitives created: 1
02:43:38 | INFO: Extracting primitive: tubishanzhuang_plaster
02:43:38 | INFO: Primitives created: 1
02:43:38 | INFO: Extracting primitive: tubishanzhuang_roof
02:43:38 | INFO: Primitives created: 1
02:43:38 | INFO: Extracting primitive: tubishanzhuang_stone
02:43:38 | INFO: Primitives created: 1
02:43:38 | INFO: Extracting primitive: tubishanzhuang_tile
02:43:38 | INFO: Primitives created: 1
02:43:38 | INFO: Extracting primitive: tubishanzhuang_tiledark
02:43:38 | INFO: Primitives created: 1
02:43:38 | INFO: Extracting primitive: tubishanzhuang_tilelight
02:43:38 | INFO: Primitives created: 1
02:43:38 | INFO: Extracting primitive: tubishanzhuang_wood
02:43:38 | INFO: Primitives created: 1
02:43:38 | INFO: Finished glTF 2.0 export in 0.07896924018859863 s

REFERENCE PLACE tubishanzhuang
02:43:38 | INFO: Starting glTF 2.0 export
02:43:38 | INFO: Extracting primitive: aojingxiguan_bark.001
02:43:38 | INFO: Primitives created: 1
02:43:38 | INFO: Extracting primitive: aojingxiguan_canopy.001
02:43:38 | INFO: Primitives created: 1
02:43:38 | INFO: Extracting primitive: aojingxiguan_canopy_light.001
02:43:38 | INFO: Primitives created: 1
02:43:38 | INFO: Extracting primitive: aojingxiguan_canopy_shadow.001
02:43:38 | INFO: Primitives created: 1
02:43:38 | INFO: Extracting primitive: aojingxiguan_darkwood
02:43:38 | INFO: Primitives created: 1
02:43:38 | INFO: Extracting primitive: aojingxiguan_paving
02:43:38 | INFO: Primitives created: 1
02:43:38 | INFO: Extracting primitive: aojingxiguan_plaster
02:43:38 | INFO: Primitives created: 1
02:43:38 | INFO: Extracting primitive: aojingxiguan_roof
02:43:38 | INFO: Primitives created: 1
02:43:38 | INFO: Extracting primitive: aojingxiguan_stone
02:43:38 | INFO: Primitives created: 1
02:43:38 | INFO: Extracting primitive: aojingxiguan_tile
02:43:38 | INFO: Primitives created: 1
02:43:38 | INFO: Extracting primitive: aojingxiguan_tiledark
02:43:38 | INFO: Primitives created: 1
02:43:38 | INFO: Extracting primitive: aojingxiguan_tilelight
02:43:38 | INFO: Primitives created: 1
02:43:38 | INFO: Extracting primitive: aojingxiguan_wood
02:43:38 | INFO: Primitives created: 1
02:43:38 | INFO: Finished glTF 2.0 export in 0.0782327651977539 s

02:43:38 | INFO: Starting glTF 2.0 export
02:43:38 | INFO: Extracting primitive: aojingxiguan_bark.001
02:43:38 | INFO: Primitives created: 1
02:43:38 | INFO: Extracting primitive: aojingxiguan_canopy.001
02:43:38 | INFO: Primitives created: 1
02:43:38 | INFO: Extracting primitive: aojingxiguan_canopy_light.001
02:43:38 | INFO: Primitives created: 1
02:43:38 | INFO: Extracting primitive: aojingxiguan_canopy_shadow.001
02:43:38 | INFO: Primitives created: 1
02:43:38 | INFO: Extracting primitive: aojingxiguan_darkwood
02:43:38 | INFO: Primitives created: 1
02:43:38 | INFO: Extracting primitive: aojingxiguan_paving
02:43:38 | INFO: Primitives created: 1
02:43:38 | INFO: Extracting primitive: aojingxiguan_plaster
02:43:38 | INFO: Primitives created: 1
02:43:38 | INFO: Extracting primitive: aojingxiguan_roof
02:43:38 | INFO: Primitives created: 1
02:43:38 | INFO: Extracting primitive: aojingxiguan_stone
02:43:38 | INFO: Primitives created: 1
02:43:38 | INFO: Extracting primitive: aojingxiguan_tile
02:43:38 | INFO: Primitives created: 1
02:43:38 | INFO: Extracting primitive: aojingxiguan_tiledark
02:43:38 | INFO: Primitives created: 1
02:43:38 | INFO: Extracting primitive: aojingxiguan_tilelight
02:43:38 | INFO: Primitives created: 1
02:43:38 | INFO: Extracting primitive: aojingxiguan_wood
02:43:38 | INFO: Primitives created: 1
02:43:38 | INFO: Finished glTF 2.0 export in 0.07344174385070801 s

REFERENCE PLACE aojingxiguan
02:43:39 | INFO: Starting glTF 2.0 export
02:43:39 | INFO: Extracting primitive: daguanlou_bark.001
02:43:39 | INFO: Primitives created: 1
02:43:39 | INFO: Extracting primitive: daguanlou_canopy.001
02:43:39 | INFO: Primitives created: 1
02:43:39 | INFO: Extracting primitive: daguanlou_canopy_light.001
02:43:39 | INFO: Primitives created: 1
02:43:39 | INFO: Extracting primitive: daguanlou_canopy_shadow.001
02:43:39 | INFO: Primitives created: 1
02:43:39 | INFO: Extracting primitive: daguanlou_darkwood.001
02:43:39 | INFO: Primitives created: 1
02:43:39 | INFO: Extracting primitive: daguanlou_gold.001
02:43:39 | INFO: Primitives created: 1
02:43:39 | INFO: Extracting primitive: daguanlou_lantern.001
02:43:39 | INFO: Primitives created: 1
02:43:39 | INFO: Extracting primitive: daguanlou_paving.001
02:43:39 | INFO: Primitives created: 1
02:43:39 | INFO: Extracting primitive: daguanlou_plaster.001
02:43:39 | INFO: Primitives created: 1
02:43:39 | INFO: Extracting primitive: daguanlou_roof.001
02:43:39 | INFO: Primitives created: 1
02:43:39 | INFO: Extracting primitive: daguanlou_screen.001
02:43:39 | INFO: Primitives created: 1
02:43:39 | INFO: Extracting primitive: daguanlou_stone.001
02:43:39 | INFO: Primitives created: 1
02:43:39 | INFO: Extracting primitive: daguanlou_tile.001
02:43:39 | INFO: Primitives created: 1
02:43:39 | INFO: Extracting primitive: daguanlou_tiledark.001
02:43:39 | INFO: Primitives created: 1
02:43:39 | INFO: Extracting primitive: daguanlou_tilelight.001
02:43:39 | INFO: Primitives created: 1
02:43:39 | INFO: Extracting primitive: daguanlou_wood.001
02:43:39 | INFO: Primitives created: 1
02:43:39 | INFO: Finished glTF 2.0 export in 0.1534733772277832 s

02:43:39 | INFO: Starting glTF 2.0 export
02:43:39 | INFO: Extracting primitive: daguanlou_bark.001
02:43:39 | INFO: Primitives created: 1
02:43:39 | INFO: Extracting primitive: daguanlou_canopy.001
02:43:39 | INFO: Primitives created: 1
02:43:39 | INFO: Extracting primitive: daguanlou_canopy_light.001
02:43:39 | INFO: Primitives created: 1
02:43:39 | INFO: Extracting primitive: daguanlou_canopy_shadow.001
02:43:39 | INFO: Primitives created: 1
02:43:39 | INFO: Extracting primitive: daguanlou_darkwood.001
02:43:39 | INFO: Primitives created: 1
02:43:39 | INFO: Extracting primitive: daguanlou_gold.001
02:43:39 | INFO: Primitives created: 1
02:43:39 | INFO: Extracting primitive: daguanlou_lantern.001
02:43:39 | INFO: Primitives created: 1
02:43:39 | INFO: Extracting primitive: daguanlou_paving.001
02:43:39 | INFO: Primitives created: 1
02:43:39 | INFO: Extracting primitive: daguanlou_plaster.001
02:43:39 | INFO: Primitives created: 1
02:43:39 | INFO: Extracting primitive: daguanlou_roof.001
02:43:39 | INFO: Primitives created: 1
02:43:39 | INFO: Extracting primitive: daguanlou_screen.001
02:43:39 | INFO: Primitives created: 1
02:43:39 | INFO: Extracting primitive: daguanlou_stone.001
02:43:39 | INFO: Primitives created: 1
02:43:39 | INFO: Extracting primitive: daguanlou_tile.001
02:43:39 | INFO: Primitives created: 1
02:43:39 | INFO: Extracting primitive: daguanlou_tiledark.001
02:43:39 | INFO: Primitives created: 1
02:43:39 | INFO: Extracting primitive: daguanlou_tilelight.001
02:43:39 | INFO: Primitives created: 1
02:43:39 | INFO: Extracting primitive: daguanlou_wood.001
02:43:39 | INFO: Primitives created: 1
02:43:39 | INFO: Finished glTF 2.0 export in 0.22768735885620117 s

REFERENCE PLACE daguanlou
02:43:40 | INFO: Starting glTF 2.0 export
02:43:40 | INFO: Extracting primitive: longcuian_bark.001
02:43:40 | INFO: Primitives created: 1
02:43:40 | INFO: Extracting primitive: longcuian_canopy.001
02:43:40 | INFO: Primitives created: 1
02:43:40 | INFO: Extracting primitive: longcuian_canopy_light.001
02:43:40 | INFO: Primitives created: 1
02:43:40 | INFO: Extracting primitive: longcuian_canopy_shadow.001
02:43:40 | INFO: Primitives created: 1
02:43:40 | INFO: Extracting primitive: longcuian_ceramic.001
02:43:40 | INFO: Primitives created: 1
02:43:40 | INFO: Extracting primitive: longcuian_darkwood.001
02:43:40 | INFO: Primitives created: 1
02:43:40 | INFO: Extracting primitive: longcuian_flower.001
02:43:40 | INFO: Primitives created: 1
02:43:40 | INFO: Extracting primitive: longcuian_paper.001
02:43:40 | INFO: Primitives created: 1
02:43:40 | INFO: Extracting primitive: longcuian_paving.001
02:43:40 | INFO: Primitives created: 1
02:43:40 | INFO: Extracting primitive: longcuian_plaster.001
02:43:40 | INFO: Primitives created: 1
02:43:40 | INFO: Extracting primitive: longcuian_roof.001
02:43:40 | INFO: Primitives created: 1
02:43:40 | INFO: Extracting primitive: longcuian_screen.001
02:43:40 | INFO: Primitives created: 1
02:43:40 | INFO: Extracting primitive: longcuian_stone.001
02:43:40 | INFO: Primitives created: 1
02:43:40 | INFO: Extracting primitive: longcuian_tile.001
02:43:40 | INFO: Primitives created: 1
02:43:40 | INFO: Extracting primitive: longcuian_tiledark.001
02:43:40 | INFO: Primitives created: 1
02:43:40 | INFO: Extracting primitive: longcuian_tilelight.001
02:43:40 | INFO: Primitives created: 1
02:43:40 | INFO: Extracting primitive: longcuian_wood.001
02:43:40 | INFO: Primitives created: 1
02:43:40 | INFO: Finished glTF 2.0 export in 0.1024167537689209 s

02:43:40 | INFO: Starting glTF 2.0 export
02:43:40 | INFO: Extracting primitive: longcuian_bark.001
02:43:40 | INFO: Primitives created: 1
02:43:40 | INFO: Extracting primitive: longcuian_canopy.001
02:43:40 | INFO: Primitives created: 1
02:43:40 | INFO: Extracting primitive: longcuian_canopy_light.001
02:43:40 | INFO: Primitives created: 1
02:43:40 | INFO: Extracting primitive: longcuian_canopy_shadow.001
02:43:40 | INFO: Primitives created: 1
02:43:40 | INFO: Extracting primitive: longcuian_ceramic.001
02:43:40 | INFO: Primitives created: 1
02:43:40 | INFO: Extracting primitive: longcuian_darkwood.001
02:43:40 | INFO: Primitives created: 1
02:43:40 | INFO: Extracting primitive: longcuian_flower.001
02:43:40 | INFO: Primitives created: 1
02:43:40 | INFO: Extracting primitive: longcuian_paper.001
02:43:40 | INFO: Primitives created: 1
02:43:40 | INFO: Extracting primitive: longcuian_paving.001
02:43:40 | INFO: Primitives created: 1
02:43:40 | INFO: Extracting primitive: longcuian_plaster.001
02:43:40 | INFO: Primitives created: 1
02:43:40 | INFO: Extracting primitive: longcuian_roof.001
02:43:40 | INFO: Primitives created: 1
02:43:40 | INFO: Extracting primitive: longcuian_screen.001
02:43:40 | INFO: Primitives created: 1
02:43:40 | INFO: Extracting primitive: longcuian_stone.001
02:43:40 | INFO: Primitives created: 1
02:43:40 | INFO: Extracting primitive: longcuian_tile.001
02:43:40 | INFO: Primitives created: 1
02:43:40 | INFO: Extracting primitive: longcuian_tiledark.001
02:43:40 | INFO: Primitives created: 1
02:43:40 | INFO: Extracting primitive: longcuian_tilelight.001
02:43:40 | INFO: Primitives created: 1
02:43:40 | INFO: Extracting primitive: longcuian_wood.001
02:43:40 | INFO: Primitives created: 1
02:43:40 | INFO: Finished glTF 2.0 export in 0.15203857421875 s

REFERENCE PLACE longcuian
02:43:41 | INFO: Starting glTF 2.0 export
02:43:41 | INFO: Extracting primitive: nuanxiangwu_bark.001
02:43:41 | INFO: Primitives created: 1
02:43:41 | INFO: Extracting primitive: nuanxiangwu_ceramic.001
02:43:41 | INFO: Primitives created: 1
02:43:41 | INFO: Extracting primitive: nuanxiangwu_creamflower.001
02:43:41 | INFO: Primitives created: 1
02:43:41 | INFO: Extracting primitive: nuanxiangwu_darkwood.001
02:43:41 | INFO: Primitives created: 1
02:43:41 | INFO: Extracting primitive: nuanxiangwu_paper.001
02:43:41 | INFO: Primitives created: 1
02:43:41 | INFO: Extracting primitive: nuanxiangwu_paving.001
02:43:41 | INFO: Primitives created: 1
02:43:41 | INFO: Extracting primitive: nuanxiangwu_plaster.001
02:43:41 | INFO: Primitives created: 1
02:43:41 | INFO: Extracting primitive: nuanxiangwu_roof.001
02:43:41 | INFO: Primitives created: 1
02:43:41 | INFO: Extracting primitive: nuanxiangwu_screen.001
02:43:41 | INFO: Primitives created: 1
02:43:41 | INFO: Extracting primitive: nuanxiangwu_silk.001
02:43:41 | INFO: Primitives created: 1
02:43:41 | INFO: Extracting primitive: nuanxiangwu_stone.001
02:43:41 | INFO: Primitives created: 1
02:43:41 | INFO: Extracting primitive: nuanxiangwu_tile.001
02:43:41 | INFO: Primitives created: 1
02:43:41 | INFO: Extracting primitive: nuanxiangwu_tiledark.001
02:43:41 | INFO: Primitives created: 1
02:43:41 | INFO: Extracting primitive: nuanxiangwu_tilelight.001
02:43:41 | INFO: Primitives created: 1
02:43:41 | INFO: Extracting primitive: nuanxiangwu_wood.001
02:43:41 | INFO: Primitives created: 1
02:43:41 | INFO: Finished glTF 2.0 export in 0.11408591270446777 s

02:43:41 | INFO: Starting glTF 2.0 export
02:43:41 | INFO: Extracting primitive: nuanxiangwu_bark.001
02:43:41 | INFO: Primitives created: 1
02:43:41 | INFO: Extracting primitive: nuanxiangwu_ceramic.001
02:43:41 | INFO: Primitives created: 1
02:43:41 | INFO: Extracting primitive: nuanxiangwu_creamflower.001
02:43:41 | INFO: Primitives created: 1
02:43:41 | INFO: Extracting primitive: nuanxiangwu_darkwood.001
02:43:41 | INFO: Primitives created: 1
02:43:41 | INFO: Extracting primitive: nuanxiangwu_paper.001
02:43:41 | INFO: Primitives created: 1
02:43:41 | INFO: Extracting primitive: nuanxiangwu_paving.001
02:43:41 | INFO: Primitives created: 1
02:43:41 | INFO: Extracting primitive: nuanxiangwu_plaster.001
02:43:41 | INFO: Primitives created: 1
02:43:41 | INFO: Extracting primitive: nuanxiangwu_roof.001
02:43:41 | INFO: Primitives created: 1
02:43:41 | INFO: Extracting primitive: nuanxiangwu_screen.001
02:43:41 | INFO: Primitives created: 1
02:43:41 | INFO: Extracting primitive: nuanxiangwu_silk.001
02:43:41 | INFO: Primitives created: 1
02:43:41 | INFO: Extracting primitive: nuanxiangwu_stone.001
02:43:41 | INFO: Primitives created: 1
02:43:41 | INFO: Extracting primitive: nuanxiangwu_tile.001
02:43:41 | INFO: Primitives created: 1
02:43:41 | INFO: Extracting primitive: nuanxiangwu_tiledark.001
02:43:41 | INFO: Primitives created: 1
02:43:41 | INFO: Extracting primitive: nuanxiangwu_tilelight.001
02:43:41 | INFO: Primitives created: 1
02:43:41 | INFO: Extracting primitive: nuanxiangwu_wood.001
02:43:41 | INFO: Primitives created: 1
02:43:41 | INFO: Finished glTF 2.0 export in 0.11586666107177734 s

REFERENCE PLACE nuanxiangwu
Info: Saved as "daguanyuan_master.blend"
02:43:51 | INFO: Starting glTF 2.0 export
02:43:51 | INFO: Extracting primitive: daguanyuan_gate_darkwood
02:43:51 | INFO: Primitives created: 1
02:43:51 | INFO: Extracting primitive: daguanyuan_gate_paving
02:43:51 | INFO: Primitives created: 1
02:43:51 | INFO: Extracting primitive: daguanyuan_gate_plaster
02:43:51 | INFO: Primitives created: 1
02:43:51 | INFO: Extracting primitive: daguanyuan_gate_roof
02:43:51 | INFO: Primitives created: 1
02:43:51 | INFO: Extracting primitive: daguanyuan_gate_stone
02:43:51 | INFO: Primitives created: 1
02:43:51 | INFO: Extracting primitive: daguanyuan_gate_tile
02:43:51 | INFO: Primitives created: 1
02:43:51 | INFO: Extracting primitive: daguanyuan_gate_tiledark
02:43:51 | INFO: Primitives created: 1
02:43:51 | INFO: Extracting primitive: daguanyuan_gate_tilelight
02:43:51 | INFO: Primitives created: 1
02:43:51 | INFO: Extracting primitive: daguanyuan_gate_wood
02:43:51 | INFO: Primitives created: 1
02:43:51 | INFO: Extracting primitive: qujingtongyou_bark.001
02:43:51 | INFO: Primitives created: 1
02:43:51 | INFO: Extracting primitive: qujingtongyou_canopy.001
02:43:51 | INFO: Primitives created: 1
02:43:51 | INFO: Extracting primitive: qujingtongyou_canopy_light.001
02:43:51 | INFO: Primitives created: 1
02:43:51 | INFO: Extracting primitive: qujingtongyou_canopy_shadow.001
02:43:51 | INFO: Primitives created: 1
02:43:51 | INFO: Extracting primitive: qujingtongyou_moss.001
02:43:51 | INFO: Primitives created: 1
02:43:51 | INFO: Extracting primitive: qujingtongyou_paving.001
02:43:51 | INFO: Primitives created: 1
02:43:51 | INFO: Extracting primitive: qujingtongyou_stone
02:43:51 | INFO: Primitives created: 1
02:43:51 | INFO: Extracting primitive: xiaoxiangguan_bamboo.001
02:43:51 | INFO: Primitives created: 1
02:43:51 | INFO: Extracting primitive: xiaoxiangguan_bark.001
02:43:51 | INFO: Primitives created: 1
02:43:51 | INFO: Extracting primitive: xiaoxiangguan_canopy.001
02:43:51 | INFO: Primitives created: 1
02:43:51 | INFO: Extracting primitive: xiaoxiangguan_canopy_light.001
02:43:51 | INFO: Primitives created: 1
02:43:51 | INFO: Extracting primitive: xiaoxiangguan_creamflower.001
02:43:51 | INFO: Primitives created: 1
02:43:51 | INFO: Extracting primitive: xiaoxiangguan_darkwood.001
02:43:51 | INFO: Primitives created: 1
02:43:51 | INFO: Extracting primitive: xiaoxiangguan_earth.001
02:43:51 | INFO: Primitives created: 1
02:43:51 | INFO: Extracting primitive: xiaoxiangguan_gold.001
02:43:51 | INFO: Primitives created: 1
02:43:51 | INFO: Extracting primitive: xiaoxiangguan_lantern.001
02:43:51 | INFO: Primitives created: 1
02:43:51 | INFO: Extracting primitive: xiaoxiangguan_leaf.001
02:43:51 | INFO: Primitives created: 1
02:43:51 | INFO: Extracting primitive: xiaoxiangguan_lightleaf.001
02:43:51 | INFO: Primitives created: 1
02:43:51 | INFO: Extracting primitive: xiaoxiangguan_moss
02:43:51 | INFO: Primitives created: 1
02:43:51 | INFO: Extracting primitive: xiaoxiangguan_paper.001
02:43:51 | INFO: Primitives created: 1
02:43:51 | INFO: Extracting primitive: xiaoxiangguan_paving
02:43:51 | INFO: Primitives created: 1
02:43:51 | INFO: Extracting primitive: xiaoxiangguan_plaster.001
02:43:51 | INFO: Primitives created: 1
02:43:51 | INFO: Extracting primitive: xiaoxiangguan_roof.001
02:43:51 | INFO: Primitives created: 1
02:43:51 | INFO: Extracting primitive: xiaoxiangguan_silk
02:43:51 | INFO: Primitives created: 1
02:43:51 | INFO: Extracting primitive: xiaoxiangguan_stone.001
02:43:51 | INFO: Primitives created: 1
02:43:51 | INFO: Extracting primitive: xiaoxiangguan_tile.001
02:43:51 | INFO: Primitives created: 1
02:43:51 | INFO: Extracting primitive: xiaoxiangguan_tiledark
02:43:51 | INFO: Primitives created: 1
02:43:51 | INFO: Extracting primitive: xiaoxiangguan_tilelight
02:43:51 | INFO: Primitives created: 1
02:43:51 | INFO: Extracting primitive: xiaoxiangguan_water
02:43:51 | INFO: Primitives created: 1
02:43:51 | INFO: Extracting primitive: xiaoxiangguan_wood.001
02:43:51 | INFO: Primitives created: 1
02:43:51 | INFO: Extracting primitive: yihongyuan_bamboo
02:43:51 | INFO: Primitives created: 1
02:43:51 | INFO: Extracting primitive: yihongyuan_bark.001
02:43:51 | INFO: Primitives created: 1
02:43:51 | INFO: Extracting primitive: yihongyuan_canopy.001
02:43:51 | INFO: Primitives created: 1
02:43:51 | INFO: Extracting primitive: yihongyuan_canopy_light.001
02:43:51 | INFO: Primitives created: 1
02:43:51 | INFO: Extracting primitive: yihongyuan_darkwood
02:43:51 | INFO: Primitives created: 1
02:43:51 | INFO: Extracting primitive: yihongyuan_earth
02:43:51 | INFO: Primitives created: 1
02:43:51 | INFO: Extracting primitive: yihongyuan_flower
02:43:51 | INFO: Primitives created: 1
02:43:51 | INFO: Extracting primitive: yihongyuan_gold.001
02:43:51 | INFO: Primitives created: 1
02:43:51 | INFO: Extracting primitive: yihongyuan_lantern.001
02:43:51 | INFO: Primitives created: 1
02:43:51 | INFO: Extracting primitive: yihongyuan_leaf
02:43:51 | INFO: Primitives created: 1
02:43:51 | INFO: Extracting primitive: yihongyuan_lightleaf
02:43:51 | INFO: Primitives created: 1
02:43:51 | INFO: Extracting primitive: yihongyuan_moss
02:43:51 | INFO: Primitives created: 1
02:43:51 | INFO: Extracting primitive: yihongyuan_paper
02:43:51 | INFO: Primitives created: 1
02:43:51 | INFO: Extracting primitive: yihongyuan_paving
02:43:51 | INFO: Primitives created: 1
02:43:51 | INFO: Extracting primitive: yihongyuan_plaster
02:43:51 | INFO: Primitives created: 1
02:43:51 | INFO: Extracting primitive: yihongyuan_roof
02:43:51 | INFO: Primitives created: 1
02:43:51 | INFO: Extracting primitive: yihongyuan_screen
02:43:51 | INFO: Primitives created: 1
02:43:51 | INFO: Extracting primitive: yihongyuan_silk
02:43:51 | INFO: Primitives created: 1
02:43:51 | INFO: Extracting primitive: yihongyuan_stone
02:43:51 | INFO: Primitives created: 1
02:43:51 | INFO: Extracting primitive: yihongyuan_tile
02:43:51 | INFO: Primitives created: 1
02:43:51 | INFO: Extracting primitive: yihongyuan_tiledark
02:43:51 | INFO: Primitives created: 1
02:43:51 | INFO: Extracting primitive: yihongyuan_tilelight
02:43:51 | INFO: Primitives created: 1
02:43:51 | INFO: Extracting primitive: yihongyuan_wood
02:43:51 | INFO: Primitives created: 1
02:43:51 | INFO: Extracting primitive: hengwuyuan_canopy.001
02:43:51 | INFO: Primitives created: 1
02:43:51 | INFO: Extracting primitive: hengwuyuan_canopy_light.001
02:43:51 | INFO: Primitives created: 1
02:43:51 | INFO: Extracting primitive: hengwuyuan_clay
02:43:51 | INFO: Primitives created: 1
02:43:51 | INFO: Extracting primitive: hengwuyuan_creamflower
02:43:51 | INFO: Primitives created: 1
02:43:51 | INFO: Extracting primitive: hengwuyuan_darkwood
02:43:51 | INFO: Primitives created: 1
02:43:51 | INFO: Extracting primitive: hengwuyuan_earth
02:43:51 | INFO: Primitives created: 1
02:43:51 | INFO: Extracting primitive: hengwuyuan_gold.001
02:43:51 | INFO: Primitives created: 1
02:43:51 | INFO: Extracting primitive: hengwuyuan_lantern.001
02:43:51 | INFO: Primitives created: 1
02:43:51 | INFO: Extracting primitive: hengwuyuan_leaf
02:43:51 | INFO: Primitives created: 1
02:43:51 | INFO: Extracting primitive: hengwuyuan_leafdark
02:43:51 | INFO: Primitives created: 1
02:43:51 | INFO: Extracting primitive: hengwuyuan_lightleaf
02:43:51 | INFO: Primitives created: 1
02:43:51 | INFO: Extracting primitive: hengwuyuan_moss
02:43:51 | INFO: Primitives created: 1
02:43:51 | INFO: Extracting primitive: hengwuyuan_paper
02:43:51 | INFO: Primitives created: 1
02:43:51 | INFO: Extracting primitive: hengwuyuan_paving
02:43:51 | INFO: Primitives created: 1
02:43:51 | INFO: Extracting primitive: hengwuyuan_plaster
02:43:51 | INFO: Primitives created: 1
02:43:51 | INFO: Extracting primitive: hengwuyuan_roof
02:43:51 | INFO: Primitives created: 1
02:43:51 | INFO: Extracting primitive: hengwuyuan_screen
02:43:51 | INFO: Primitives created: 1
02:43:51 | INFO: Extracting primitive: hengwuyuan_stone
02:43:51 | INFO: Primitives created: 1
02:43:51 | INFO: Extracting primitive: hengwuyuan_tile
02:43:51 | INFO: Primitives created: 1
02:43:51 | INFO: Extracting primitive: hengwuyuan_tiledark
02:43:51 | INFO: Primitives created: 1
02:43:51 | INFO: Extracting primitive: hengwuyuan_tilelight
02:43:51 | INFO: Primitives created: 1
02:43:51 | INFO: Extracting primitive: hengwuyuan_wood
02:43:51 | INFO: Primitives created: 1
02:43:51 | INFO: Extracting primitive: qiushuangzhai_canopy.001
02:43:51 | INFO: Primitives created: 1
02:43:51 | INFO: Extracting primitive: qiushuangzhai_canopy_light.001
02:43:51 | INFO: Primitives created: 1
02:43:51 | INFO: Extracting primitive: qiushuangzhai_ceramic
02:43:51 | INFO: Primitives created: 1
02:43:51 | INFO: Extracting primitive: qiushuangzhai_creamflower
02:43:51 | INFO: Primitives created: 1
02:43:51 | INFO: Extracting primitive: qiushuangzhai_darkwood
02:43:51 | INFO: Primitives created: 1
02:43:51 | INFO: Extracting primitive: qiushuangzhai_earth
02:43:51 | INFO: Primitives created: 1
02:43:51 | INFO: Extracting primitive: qiushuangzhai_gold.001
02:43:51 | INFO: Primitives created: 1
02:43:51 | INFO: Extracting primitive: qiushuangzhai_lantern.001
02:43:51 | INFO: Primitives created: 1
02:43:51 | INFO: Extracting primitive: qiushuangzhai_leafdark
02:43:51 | INFO: Primitives created: 1
02:43:51 | INFO: Extracting primitive: qiushuangzhai_marble
02:43:51 | INFO: Primitives created: 1
02:43:51 | INFO: Extracting primitive: qiushuangzhai_moss
02:43:51 | INFO: Primitives created: 1
02:43:51 | INFO: Extracting primitive: qiushuangzhai_paper
02:43:51 | INFO: Primitives created: 1
02:43:51 | INFO: Extracting primitive: qiushuangzhai_paving
02:43:51 | INFO: Primitives created: 1
02:43:51 | INFO: Extracting primitive: qiushuangzhai_plaster
02:43:51 | INFO: Primitives created: 1
02:43:51 | INFO: Extracting primitive: qiushuangzhai_roof
02:43:51 | INFO: Primitives created: 1
02:43:51 | INFO: Extracting primitive: qiushuangzhai_silk
02:43:51 | INFO: Primitives created: 1
02:43:51 | INFO: Extracting primitive: qiushuangzhai_stone
02:43:51 | INFO: Primitives created: 1
02:43:51 | INFO: Extracting primitive: qiushuangzhai_tile
02:43:51 | INFO: Primitives created: 1
02:43:51 | INFO: Extracting primitive: qiushuangzhai_tiledark
02:43:51 | INFO: Primitives created: 1
02:43:51 | INFO: Extracting primitive: qiushuangzhai_tilelight
02:43:51 | INFO: Primitives created: 1
02:43:51 | INFO: Extracting primitive: qiushuangzhai_wood
02:43:51 | INFO: Primitives created: 1
02:43:51 | INFO: Extracting primitive: daoxiangcun_bark.001
02:43:51 | INFO: Primitives created: 1
02:43:51 | INFO: Extracting primitive: daoxiangcun_clay
02:43:51 | INFO: Primitives created: 1
02:43:51 | INFO: Extracting primitive: daoxiangcun_creamflower
02:43:51 | INFO: Primitives created: 1
02:43:51 | INFO: Extracting primitive: daoxiangcun_darkwood
02:43:51 | INFO: Primitives created: 1
02:43:51 | INFO: Extracting primitive: daoxiangcun_flower
02:43:51 | INFO: Primitives created: 1
02:43:51 | INFO: Extracting primitive: daoxiangcun_lightleaf
02:43:51 | INFO: Primitives created: 1
02:43:51 | INFO: Extracting primitive: daoxiangcun_paving
02:43:51 | INFO: Primitives created: 1
02:43:51 | INFO: Extracting primitive: daoxiangcun_screen
02:43:51 | INFO: Primitives created: 1
02:43:51 | INFO: Extracting primitive: daoxiangcun_stone
02:43:51 | INFO: Primitives created: 1
02:43:51 | INFO: Extracting primitive: daoxiangcun_thatch
02:43:51 | INFO: Primitives created: 1
02:43:51 | INFO: Extracting primitive: daoxiangcun_wood
02:43:51 | INFO: Primitives created: 1
02:43:51 | INFO: Extracting primitive: ouxiangxie_bamboo.001
02:43:51 | INFO: Primitives created: 1
02:43:51 | INFO: Extracting primitive: ouxiangxie_darkwood
02:43:51 | INFO: Primitives created: 1
02:43:51 | INFO: Extracting primitive: ouxiangxie_gold.001
02:43:51 | INFO: Primitives created: 1
02:43:51 | INFO: Extracting primitive: ouxiangxie_lantern.001
02:43:51 | INFO: Primitives created: 1
02:43:51 | INFO: Extracting primitive: ouxiangxie_paper.001
02:43:51 | INFO: Primitives created: 1
02:43:51 | INFO: Extracting primitive: ouxiangxie_roof
02:43:51 | INFO: Primitives created: 1
02:43:51 | INFO: Extracting primitive: ouxiangxie_silk.001
02:43:51 | INFO: Primitives created: 1
02:43:51 | INFO: Extracting primitive: ouxiangxie_stone
02:43:51 | INFO: Primitives created: 1
02:43:51 | INFO: Extracting primitive: ouxiangxie_tile
02:43:51 | INFO: Primitives created: 1
02:43:51 | INFO: Extracting primitive: ouxiangxie_tiledark
02:43:51 | INFO: Primitives created: 1
02:43:51 | INFO: Extracting primitive: ouxiangxie_tilelight
02:43:52 | INFO: Primitives created: 1
02:43:52 | INFO: Extracting primitive: ouxiangxie_wood
02:43:52 | INFO: Primitives created: 1
02:43:52 | INFO: Extracting primitive: dicuiting_darkwood.001
02:43:52 | INFO: Primitives created: 1
02:43:52 | INFO: Extracting primitive: dicuiting_gold.001
02:43:52 | INFO: Primitives created: 1
02:43:52 | INFO: Extracting primitive: dicuiting_lantern.001
02:43:52 | INFO: Primitives created: 1
02:43:52 | INFO: Extracting primitive: dicuiting_paving.001
02:43:52 | INFO: Primitives created: 1
02:43:52 | INFO: Extracting primitive: dicuiting_roof
02:43:52 | INFO: Primitives created: 1
02:43:52 | INFO: Extracting primitive: dicuiting_stone
02:43:52 | INFO: Primitives created: 1
02:43:52 | INFO: Extracting primitive: dicuiting_tile
02:43:52 | INFO: Primitives created: 1
02:43:52 | INFO: Extracting primitive: dicuiting_tiledark.001
02:43:52 | INFO: Primitives created: 1
02:43:52 | INFO: Extracting primitive: dicuiting_tilelight.001
02:43:52 | INFO: Primitives created: 1
02:43:52 | INFO: Extracting primitive: dicuiting_wood
02:43:52 | INFO: Primitives created: 1
02:43:52 | INFO: Extracting primitive: luxuean_bamboo
02:43:52 | INFO: Primitives created: 1
02:43:52 | INFO: Extracting primitive: luxuean_clay
02:43:52 | INFO: Primitives created: 1
02:43:52 | INFO: Extracting primitive: luxuean_lightleaf
02:43:52 | INFO: Primitives created: 1
02:43:52 | INFO: Extracting primitive: luxuean_paving
02:43:52 | INFO: Primitives created: 1
02:43:52 | INFO: Extracting primitive: luxuean_stone
02:43:52 | INFO: Primitives created: 1
02:43:52 | INFO: Extracting primitive: luxuean_thatch
02:43:52 | INFO: Primitives created: 1
02:43:52 | INFO: Extracting primitive: luxuean_wood
02:43:52 | INFO: Primitives created: 1
02:43:52 | INFO: Extracting primitive: tubishanzhuang_bark.001
02:43:52 | INFO: Primitives created: 1
02:43:52 | INFO: Extracting primitive: tubishanzhuang_canopy.001
02:43:52 | INFO: Primitives created: 1
02:43:52 | INFO: Extracting primitive: tubishanzhuang_canopy_light.001
02:43:52 | INFO: Primitives created: 1
02:43:52 | INFO: Extracting primitive: tubishanzhuang_canopy_shadow.001
02:43:52 | INFO: Primitives created: 1
02:43:52 | INFO: Extracting primitive: tubishanzhuang_darkwood
02:43:52 | INFO: Primitives created: 1
02:43:52 | INFO: Extracting primitive: tubishanzhuang_paving
02:43:52 | INFO: Primitives created: 1
02:43:52 | INFO: Extracting primitive: tubishanzhuang_plaster
02:43:52 | INFO: Primitives created: 1
02:43:52 | INFO: Extracting primitive: tubishanzhuang_roof
02:43:52 | INFO: Primitives created: 1
02:43:52 | INFO: Extracting primitive: tubishanzhuang_stone
02:43:52 | INFO: Primitives created: 1
02:43:52 | INFO: Extracting primitive: tubishanzhuang_tile
02:43:52 | INFO: Primitives created: 1
02:43:52 | INFO: Extracting primitive: tubishanzhuang_tiledark
02:43:52 | INFO: Primitives created: 1
02:43:52 | INFO: Extracting primitive: tubishanzhuang_tilelight
02:43:52 | INFO: Primitives created: 1
02:43:52 | INFO: Extracting primitive: tubishanzhuang_wood
02:43:52 | INFO: Primitives created: 1
02:43:52 | INFO: Extracting primitive: aojingxiguan_bark.001
02:43:52 | INFO: Primitives created: 1
02:43:52 | INFO: Extracting primitive: aojingxiguan_canopy.001
02:43:52 | INFO: Primitives created: 1
02:43:52 | INFO: Extracting primitive: aojingxiguan_canopy_light.001
02:43:52 | INFO: Primitives created: 1
02:43:52 | INFO: Extracting primitive: aojingxiguan_canopy_shadow.001
02:43:52 | INFO: Primitives created: 1
02:43:52 | INFO: Extracting primitive: aojingxiguan_darkwood
02:43:52 | INFO: Primitives created: 1
02:43:52 | INFO: Extracting primitive: aojingxiguan_paving
02:43:52 | INFO: Primitives created: 1
02:43:52 | INFO: Extracting primitive: aojingxiguan_plaster
02:43:52 | INFO: Primitives created: 1
02:43:52 | INFO: Extracting primitive: aojingxiguan_roof
02:43:52 | INFO: Primitives created: 1
02:43:52 | INFO: Extracting primitive: aojingxiguan_stone
02:43:52 | INFO: Primitives created: 1
02:43:52 | INFO: Extracting primitive: aojingxiguan_tile
02:43:52 | INFO: Primitives created: 1
02:43:52 | INFO: Extracting primitive: aojingxiguan_tiledark
02:43:52 | INFO: Primitives created: 1
02:43:52 | INFO: Extracting primitive: aojingxiguan_tilelight
02:43:52 | INFO: Primitives created: 1
02:43:52 | INFO: Extracting primitive: aojingxiguan_wood
02:43:52 | INFO: Primitives created: 1
02:43:52 | INFO: Extracting primitive: daguanlou_bark.001
02:43:52 | INFO: Primitives created: 1
02:43:52 | INFO: Extracting primitive: daguanlou_canopy.001
02:43:52 | INFO: Primitives created: 1
02:43:52 | INFO: Extracting primitive: daguanlou_canopy_light.001
02:43:52 | INFO: Primitives created: 1
02:43:52 | INFO: Extracting primitive: daguanlou_canopy_shadow.001
02:43:52 | INFO: Primitives created: 1
02:43:52 | INFO: Extracting primitive: daguanlou_darkwood.001
02:43:52 | INFO: Primitives created: 1
02:43:52 | INFO: Extracting primitive: daguanlou_gold.001
02:43:52 | INFO: Primitives created: 1
02:43:52 | INFO: Extracting primitive: daguanlou_lantern.001
02:43:52 | INFO: Primitives created: 1
02:43:52 | INFO: Extracting primitive: daguanlou_paving.001
02:43:52 | INFO: Primitives created: 1
02:43:52 | INFO: Extracting primitive: daguanlou_plaster.001
02:43:52 | INFO: Primitives created: 1
02:43:52 | INFO: Extracting primitive: daguanlou_roof.001
02:43:52 | INFO: Primitives created: 1
02:43:52 | INFO: Extracting primitive: daguanlou_screen.001
02:43:52 | INFO: Primitives created: 1
02:43:52 | INFO: Extracting primitive: daguanlou_stone.001
02:43:52 | INFO: Primitives created: 1
02:43:52 | INFO: Extracting primitive: daguanlou_tile.001
02:43:52 | INFO: Primitives created: 1
02:43:52 | INFO: Extracting primitive: daguanlou_tiledark.001
02:43:52 | INFO: Primitives created: 1
02:43:52 | INFO: Extracting primitive: daguanlou_tilelight.001
02:43:52 | INFO: Primitives created: 1
02:43:52 | INFO: Extracting primitive: daguanlou_wood.001
02:43:52 | INFO: Primitives created: 1
02:43:52 | INFO: Extracting primitive: longcuian_bark.001
02:43:52 | INFO: Primitives created: 1
02:43:52 | INFO: Extracting primitive: longcuian_canopy.001
02:43:52 | INFO: Primitives created: 1
02:43:52 | INFO: Extracting primitive: longcuian_canopy_light.001
02:43:52 | INFO: Primitives created: 1
02:43:52 | INFO: Extracting primitive: longcuian_canopy_shadow.001
02:43:52 | INFO: Primitives created: 1
02:43:52 | INFO: Extracting primitive: longcuian_ceramic.001
02:43:52 | INFO: Primitives created: 1
02:43:52 | INFO: Extracting primitive: longcuian_darkwood.001
02:43:52 | INFO: Primitives created: 1
02:43:52 | INFO: Extracting primitive: longcuian_flower.001
02:43:52 | INFO: Primitives created: 1
02:43:52 | INFO: Extracting primitive: longcuian_paper.001
02:43:52 | INFO: Primitives created: 1
02:43:52 | INFO: Extracting primitive: longcuian_paving.001
02:43:52 | INFO: Primitives created: 1
02:43:52 | INFO: Extracting primitive: longcuian_plaster.001
02:43:52 | INFO: Primitives created: 1
02:43:52 | INFO: Extracting primitive: longcuian_roof.001
02:43:52 | INFO: Primitives created: 1
02:43:52 | INFO: Extracting primitive: longcuian_screen.001
02:43:52 | INFO: Primitives created: 1
02:43:52 | INFO: Extracting primitive: longcuian_stone.001
02:43:52 | INFO: Primitives created: 1
02:43:52 | INFO: Extracting primitive: longcuian_tile.001
02:43:52 | INFO: Primitives created: 1
02:43:52 | INFO: Extracting primitive: longcuian_tiledark.001
02:43:52 | INFO: Primitives created: 1
02:43:52 | INFO: Extracting primitive: longcuian_tilelight.001
02:43:52 | INFO: Primitives created: 1
02:43:52 | INFO: Extracting primitive: longcuian_wood.001
02:43:52 | INFO: Primitives created: 1
02:43:52 | INFO: Extracting primitive: nuanxiangwu_bark.001
02:43:52 | INFO: Primitives created: 1
02:43:52 | INFO: Extracting primitive: nuanxiangwu_ceramic.001
02:43:52 | INFO: Primitives created: 1
02:43:52 | INFO: Extracting primitive: nuanxiangwu_creamflower.001
02:43:52 | INFO: Primitives created: 1
02:43:52 | INFO: Extracting primitive: nuanxiangwu_darkwood.001
02:43:52 | INFO: Primitives created: 1
02:43:52 | INFO: Extracting primitive: nuanxiangwu_paper.001
02:43:52 | INFO: Primitives created: 1
02:43:52 | INFO: Extracting primitive: nuanxiangwu_paving.001
02:43:52 | INFO: Primitives created: 1
02:43:52 | INFO: Extracting primitive: nuanxiangwu_plaster.001
02:43:52 | INFO: Primitives created: 1
02:43:52 | INFO: Extracting primitive: nuanxiangwu_roof.001
02:43:52 | INFO: Primitives created: 1
02:43:52 | INFO: Extracting primitive: nuanxiangwu_screen.001
02:43:52 | INFO: Primitives created: 1
02:43:52 | INFO: Extracting primitive: nuanxiangwu_silk.001
02:43:52 | INFO: Primitives created: 1
02:43:52 | INFO: Extracting primitive: nuanxiangwu_stone.001
02:43:52 | INFO: Primitives created: 1
02:43:52 | INFO: Extracting primitive: nuanxiangwu_tile.001
02:43:52 | INFO: Primitives created: 1
02:43:52 | INFO: Extracting primitive: nuanxiangwu_tiledark.001
02:43:52 | INFO: Primitives created: 1
02:43:52 | INFO: Extracting primitive: nuanxiangwu_tilelight.001
02:43:52 | INFO: Primitives created: 1
02:43:52 | INFO: Extracting primitive: nuanxiangwu_wood.001
02:43:52 | INFO: Primitives created: 1
02:43:52 | INFO: Extracting primitive: landscape_earth
02:43:52 | INFO: Primitives created: 1
02:43:52 | INFO: Extracting primitive: landscape_stone
02:43:52 | INFO: Primitives created: 1
02:43:53 | INFO: Extracting primitive: landscape_canopy.001
02:43:53 | INFO: Primitives created: 1
02:43:53 | INFO: Extracting primitive: landscape_canopy_light.001
02:43:53 | INFO: Primitives created: 1
02:43:53 | INFO: Extracting primitive: landscape_moss.001
02:43:53 | INFO: Primitives created: 1
02:43:53 | INFO: Extracting primitive: landscape_bark.001
02:43:53 | INFO: Primitives created: 1
02:43:54 | INFO: Extracting primitive: landscape_canopy_shadow.001
02:43:54 | INFO: Primitives created: 1
02:43:54 | INFO: Extracting primitive: landscape_bamboo
02:43:54 | INFO: Primitives created: 1
02:43:54 | INFO: Extracting primitive: landscape_lightleaf
02:43:54 | INFO: Primitives created: 1
02:43:54 | INFO: Extracting primitive: landscape_flower
02:43:54 | INFO: Primitives created: 1
02:43:54 | INFO: Extracting primitive: landscape_creamflower
02:43:54 | INFO: Primitives created: 1
02:43:54 | INFO: Extracting primitive: landscape_plaster.001
02:43:54 | INFO: Primitives created: 1
02:43:54 | INFO: Extracting primitive: landscape_roof.001
02:43:54 | INFO: Primitives created: 1
02:43:54 | INFO: Extracting primitive: landscape_tile.001
02:43:54 | INFO: Primitives created: 1
02:43:54 | INFO: Extracting primitive: landscape_paving.001
02:43:54 | INFO: Primitives created: 1
02:43:54 | INFO: Extracting primitive: landscape_wood
02:43:54 | INFO: Primitives created: 1
02:43:54 | INFO: Extracting primitive: landscape_darkwood.001
02:43:54 | INFO: Primitives created: 1
02:43:54 | INFO: Extracting primitive: landscape_lantern.001
02:43:54 | INFO: Primitives created: 1
02:43:54 | INFO: Extracting primitive: landscape_gold.001
02:43:54 | INFO: Primitives created: 1
02:43:54 | INFO: Extracting primitive: landscape_tiledark.001
02:43:54 | INFO: Primitives created: 1
02:43:54 | INFO: Extracting primitive: landscape_tilelight.001
02:43:54 | INFO: Primitives created: 1
02:43:55 | INFO: Finished glTF 2.0 export in 3.7450082302093506 s
WARN (bke.modifier): C:\Users\blender\git\blender-v450\blender.git\source\blender\blenkernel\intern\modifier.cc:425 BKE_modifier_set_error: Object: "xiaoxiangguan_water", Modifier: "Mobile_Overview", Modifier requires more than 3 input faces

02:44:04 | INFO: Starting glTF 2.0 export
02:44:04 | WARNING: Mesh Mobile_daguanyuan_gate is not valid, and may be exported wrongly
02:44:04 | INFO: Extracting primitive: Mobile_daguanyuan_gate
02:44:04 | INFO: Primitives created: 1
02:44:04 | WARNING: Mesh Mobile_qujingtongyou is not valid, and may be exported wrongly
02:44:04 | INFO: Extracting primitive: Mobile_qujingtongyou
02:44:04 | INFO: Primitives created: 1
02:44:04 | WARNING: Mesh Mobile_xiaoxiangguan is not valid, and may be exported wrongly
02:44:04 | INFO: Extracting primitive: Mobile_xiaoxiangguan
02:44:04 | INFO: Primitives created: 1
02:44:04 | INFO: Extracting primitive: xiaoxiangguan_lantern.001
02:44:04 | INFO: Primitives created: 1
02:44:04 | WARNING: Mesh Mobile_yihongyuan is not valid, and may be exported wrongly
02:44:04 | INFO: Extracting primitive: Mobile_yihongyuan
02:44:04 | INFO: Primitives created: 1
02:44:04 | INFO: Extracting primitive: yihongyuan_lantern.001
02:44:04 | INFO: Primitives created: 1
02:44:04 | INFO: Extracting primitive: hengwuyuan_lantern.001
02:44:04 | INFO: Primitives created: 1
02:44:04 | WARNING: Mesh Mobile_hengwuyuan is not valid, and may be exported wrongly
02:44:04 | INFO: Extracting primitive: Mobile_hengwuyuan
02:44:04 | INFO: Primitives created: 1
02:44:04 | WARNING: Mesh Mobile_qiushuangzhai is not valid, and may be exported wrongly
02:44:04 | INFO: Extracting primitive: Mobile_qiushuangzhai
02:44:04 | INFO: Primitives created: 1
02:44:04 | INFO: Extracting primitive: qiushuangzhai_lantern.001
02:44:04 | INFO: Primitives created: 1
02:44:04 | WARNING: Mesh Mobile_daoxiangcun is not valid, and may be exported wrongly
02:44:04 | INFO: Extracting primitive: Mobile_daoxiangcun
02:44:04 | INFO: Primitives created: 1
02:44:04 | WARNING: Mesh Mobile_ouxiangxie is not valid, and may be exported wrongly
02:44:04 | INFO: Extracting primitive: Mobile_ouxiangxie
02:44:04 | INFO: Primitives created: 1
02:44:04 | INFO: Extracting primitive: ouxiangxie_lantern.001
02:44:04 | INFO: Primitives created: 1
02:44:04 | INFO: Extracting primitive: dicuiting_lantern.001
02:44:04 | INFO: Primitives created: 1
02:44:04 | WARNING: Mesh Mobile_dicuiting is not valid, and may be exported wrongly
02:44:04 | INFO: Extracting primitive: Mobile_dicuiting
02:44:04 | INFO: Primitives created: 1
02:44:04 | WARNING: Mesh Mobile_luxuean is not valid, and may be exported wrongly
02:44:04 | INFO: Extracting primitive: Mobile_luxuean
02:44:04 | INFO: Primitives created: 1
02:44:04 | WARNING: Mesh Mobile_tubishanzhuang is not valid, and may be exported wrongly
02:44:04 | INFO: Extracting primitive: Mobile_tubishanzhuang
02:44:04 | INFO: Primitives created: 1
02:44:04 | WARNING: Mesh Mobile_aojingxiguan is not valid, and may be exported wrongly
02:44:04 | INFO: Extracting primitive: Mobile_aojingxiguan
02:44:04 | INFO: Primitives created: 1
02:44:04 | INFO: Extracting primitive: daguanlou_lantern.001
02:44:04 | INFO: Primitives created: 1
02:44:04 | WARNING: Mesh Mobile_daguanlou is not valid, and may be exported wrongly
02:44:04 | INFO: Extracting primitive: Mobile_daguanlou
02:44:04 | INFO: Primitives created: 1
02:44:04 | WARNING: Mesh Mobile_longcuian is not valid, and may be exported wrongly
02:44:04 | INFO: Extracting primitive: Mobile_longcuian
02:44:04 | INFO: Primitives created: 1
02:44:04 | WARNING: Mesh Mobile_nuanxiangwu is not valid, and may be exported wrongly
02:44:04 | INFO: Extracting primitive: Mobile_nuanxiangwu
02:44:04 | INFO: Primitives created: 1
02:44:04 | INFO: Extracting primitive: landscape_lantern.001
02:44:04 | INFO: Primitives created: 1
02:44:04 | WARNING: Mesh Mobile_landscape is not valid, and may be exported wrongly
02:44:04 | INFO: Extracting primitive: Mobile_landscape
02:44:04 | INFO: Primitives created: 1
02:44:04 | INFO: Finished glTF 2.0 export in 0.3998095989227295 s

REFERENCE WORLD COMPLETE 276
Blender 4.5.9 LTS (hash 8bf95cbd38d1 built 2026-04-21 01:33:45)
Read blend: "D:\Users\Lenovo\Desktop\大观园\blender\daguanyuan_master.blend"

Blender quit
