
> daguanyuan-rumeng@1.0.0 models:build
> node scripts/pipeline.mjs models

03:46:32 | INFO: Data are loaded, start creating Blender stuff
03:46:32 | INFO: Blender create Mesh node island_trees_01_blockout_cleaned
03:46:33 | INFO: glTF import finished in 1.58s
INFO Draco mesh compression is available, use library at D:\Users\Lenovo\Desktop\大观园\.tools\blender-4.5.9-windows-x64\4.5\scripts\addons_core\io_scene_gltf2\extern_draco.dll
03:46:35 | INFO: Starting glTF 2.0 export
03:46:35 | INFO: Extracting primitive: Reference_Tree_Prototype_trunk.001
03:46:35 | WARNING: More than one shader node tex image used for a texture. The resulting glTF sampler will behave like the first shader node tex image.
03:46:35 | INFO: Primitives created: 2
03:46:35 | INFO: Finished glTF 2.0 export in 0.07654500007629395 s

03:46:35 | INFO: Starting glTF 2.0 export
03:46:35 | INFO: Extracting primitive: Reference_Tree_Mobile_trunk
03:46:35 | WARNING: More than one shader node tex image used for a texture. The resulting glTF sampler will behave like the first shader node tex image.
03:46:35 | INFO: Primitives created: 2
03:46:35 | INFO: Finished glTF 2.0 export in 0.018219709396362305 s

CANOPY LOD 10173
03:46:35 | INFO: Data are loaded, start creating Blender stuff
03:46:35 | INFO: Blender create Mesh node Plane.001
03:46:37 | INFO: glTF import finished in 1.46s
Warning: No mesh data to join
03:47:02 | INFO: Starting glTF 2.0 export
03:47:02 | INFO: Extracting primitive: daguanyuan_gate_darkwood
03:47:02 | INFO: Primitives created: 1
03:47:02 | INFO: Extracting primitive: daguanyuan_gate_paper.001
03:47:02 | INFO: Primitives created: 1
03:47:02 | INFO: Extracting primitive: daguanyuan_gate_paving
03:47:02 | INFO: Primitives created: 1
03:47:02 | INFO: Extracting primitive: daguanyuan_gate_plaster
03:47:02 | INFO: Primitives created: 1
03:47:02 | INFO: Extracting primitive: daguanyuan_gate_roof
03:47:02 | INFO: Primitives created: 1
03:47:02 | INFO: Extracting primitive: daguanyuan_gate_stone
03:47:02 | INFO: Primitives created: 1
03:47:02 | INFO: Extracting primitive: daguanyuan_gate_tile
03:47:02 | INFO: Primitives created: 1
03:47:02 | INFO: Extracting primitive: daguanyuan_gate_tiledark
03:47:02 | INFO: Primitives created: 1
03:47:02 | INFO: Extracting primitive: daguanyuan_gate_tilelight
03:47:02 | INFO: Primitives created: 1
03:47:02 | INFO: Extracting primitive: daguanyuan_gate_wood
03:47:02 | INFO: Primitives created: 1
03:47:02 | INFO: Finished glTF 2.0 export in 0.13766169548034668 s

03:47:02 | INFO: Starting glTF 2.0 export
03:47:02 | INFO: Extracting primitive: daguanyuan_gate_darkwood
03:47:02 | INFO: Primitives created: 1
03:47:02 | INFO: Extracting primitive: daguanyuan_gate_paper.001
03:47:02 | INFO: Primitives created: 1
03:47:02 | INFO: Extracting primitive: daguanyuan_gate_paving
03:47:02 | INFO: Primitives created: 1
03:47:02 | INFO: Extracting primitive: daguanyuan_gate_plaster
03:47:02 | INFO: Primitives created: 1
03:47:02 | INFO: Extracting primitive: daguanyuan_gate_roof
03:47:02 | INFO: Primitives created: 1
03:47:02 | INFO: Extracting primitive: daguanyuan_gate_stone
03:47:02 | INFO: Primitives created: 1
03:47:02 | INFO: Extracting primitive: daguanyuan_gate_tile
03:47:02 | INFO: Primitives created: 1
03:47:02 | INFO: Extracting primitive: daguanyuan_gate_tiledark
03:47:02 | INFO: Primitives created: 1
03:47:02 | INFO: Extracting primitive: daguanyuan_gate_tilelight
03:47:02 | INFO: Primitives created: 1
03:47:02 | INFO: Extracting primitive: daguanyuan_gate_wood
03:47:02 | INFO: Primitives created: 1
03:47:02 | INFO: Finished glTF 2.0 export in 0.12833189964294434 s

REFERENCE PLACE daguanyuan_gate
03:47:02 | INFO: Starting glTF 2.0 export
03:47:02 | INFO: Extracting primitive: qujingtongyou_bark.001
03:47:02 | INFO: Primitives created: 1
03:47:02 | INFO: Extracting primitive: qujingtongyou_canopy.001
03:47:02 | INFO: Primitives created: 1
03:47:02 | INFO: Extracting primitive: qujingtongyou_canopy_light.001
03:47:02 | INFO: Primitives created: 1
03:47:02 | INFO: Extracting primitive: qujingtongyou_canopy_shadow.001
03:47:02 | INFO: Primitives created: 1
03:47:02 | INFO: Extracting primitive: qujingtongyou_moss.001
03:47:02 | INFO: Primitives created: 1
03:47:02 | INFO: Extracting primitive: qujingtongyou_paving.001
03:47:02 | INFO: Primitives created: 1
03:47:02 | INFO: Extracting primitive: qujingtongyou_stone
03:47:02 | INFO: Primitives created: 1
03:47:02 | INFO: Finished glTF 2.0 export in 0.0617368221282959 s

03:47:02 | INFO: Starting glTF 2.0 export
03:47:02 | INFO: Extracting primitive: qujingtongyou_bark.001
03:47:02 | INFO: Primitives created: 1
03:47:02 | INFO: Extracting primitive: qujingtongyou_canopy.001
03:47:02 | INFO: Primitives created: 1
03:47:02 | INFO: Extracting primitive: qujingtongyou_canopy_light.001
03:47:02 | INFO: Primitives created: 1
03:47:02 | INFO: Extracting primitive: qujingtongyou_canopy_shadow.001
03:47:02 | INFO: Primitives created: 1
03:47:02 | INFO: Extracting primitive: qujingtongyou_moss.001
03:47:02 | INFO: Primitives created: 1
03:47:02 | INFO: Extracting primitive: qujingtongyou_paving.001
03:47:02 | INFO: Primitives created: 1
03:47:02 | INFO: Extracting primitive: qujingtongyou_stone
03:47:03 | INFO: Primitives created: 1
03:47:03 | INFO: Finished glTF 2.0 export in 0.058878421783447266 s

REFERENCE PLACE qujingtongyou
03:47:05 | INFO: Starting glTF 2.0 export
03:47:05 | INFO: Extracting primitive: xiaoxiangguan_bamboo.001
03:47:05 | INFO: Primitives created: 1
03:47:05 | INFO: Extracting primitive: xiaoxiangguan_bark.001
03:47:05 | INFO: Primitives created: 1
03:47:05 | INFO: Extracting primitive: xiaoxiangguan_creamflower.001
03:47:05 | INFO: Primitives created: 1
03:47:05 | INFO: Extracting primitive: xiaoxiangguan_darkwood.001
03:47:05 | INFO: Primitives created: 1
03:47:05 | INFO: Extracting primitive: xiaoxiangguan_earth.001
03:47:05 | INFO: Primitives created: 1
03:47:05 | INFO: Extracting primitive: xiaoxiangguan_gold.001
03:47:05 | INFO: Primitives created: 1
03:47:05 | INFO: Extracting primitive: xiaoxiangguan_lantern.001
03:47:05 | INFO: Primitives created: 1
03:47:05 | INFO: Extracting primitive: xiaoxiangguan_leaf.001
03:47:05 | INFO: Primitives created: 1
03:47:05 | INFO: Extracting primitive: xiaoxiangguan_leafdark.001
03:47:05 | INFO: Primitives created: 1
03:47:05 | INFO: Extracting primitive: xiaoxiangguan_lightleaf.001
03:47:05 | INFO: Primitives created: 1
03:47:05 | INFO: Extracting primitive: xiaoxiangguan_moss
03:47:05 | INFO: Primitives created: 1
03:47:05 | INFO: Extracting primitive: xiaoxiangguan_paper.001
03:47:05 | INFO: Primitives created: 1
03:47:05 | INFO: Extracting primitive: xiaoxiangguan_paving
03:47:05 | INFO: Primitives created: 1
03:47:05 | INFO: Extracting primitive: xiaoxiangguan_plaster.001
03:47:05 | INFO: Primitives created: 1
03:47:05 | INFO: Extracting primitive: xiaoxiangguan_roof.001
03:47:05 | INFO: Primitives created: 1
03:47:05 | INFO: Extracting primitive: xiaoxiangguan_silk
03:47:05 | INFO: Primitives created: 1
03:47:05 | INFO: Extracting primitive: xiaoxiangguan_stone.001
03:47:05 | INFO: Primitives created: 1
03:47:05 | INFO: Extracting primitive: xiaoxiangguan_tile.001
03:47:05 | INFO: Primitives created: 1
03:47:05 | INFO: Extracting primitive: xiaoxiangguan_tiledark
03:47:05 | INFO: Primitives created: 1
03:47:05 | INFO: Extracting primitive: xiaoxiangguan_tilelight
03:47:05 | INFO: Primitives created: 1
03:47:05 | INFO: Extracting primitive: xiaoxiangguan_water
03:47:05 | INFO: Primitives created: 1
03:47:05 | INFO: Extracting primitive: xiaoxiangguan_wood.001
03:47:05 | INFO: Primitives created: 1
03:47:05 | INFO: Finished glTF 2.0 export in 0.3978292942047119 s

03:47:05 | INFO: Starting glTF 2.0 export
03:47:05 | INFO: Extracting primitive: xiaoxiangguan_bamboo.001
03:47:05 | INFO: Primitives created: 1
03:47:05 | INFO: Extracting primitive: xiaoxiangguan_bark.001
03:47:05 | INFO: Primitives created: 1
03:47:05 | INFO: Extracting primitive: xiaoxiangguan_creamflower.001
03:47:05 | INFO: Primitives created: 1
03:47:05 | INFO: Extracting primitive: xiaoxiangguan_darkwood.001
03:47:05 | INFO: Primitives created: 1
03:47:05 | INFO: Extracting primitive: xiaoxiangguan_earth.001
03:47:05 | INFO: Primitives created: 1
03:47:05 | INFO: Extracting primitive: xiaoxiangguan_gold.001
03:47:05 | INFO: Primitives created: 1
03:47:05 | INFO: Extracting primitive: xiaoxiangguan_lantern.001
03:47:05 | INFO: Primitives created: 1
03:47:05 | INFO: Extracting primitive: xiaoxiangguan_leaf.001
03:47:05 | INFO: Primitives created: 1
03:47:06 | INFO: Extracting primitive: xiaoxiangguan_leafdark.001
03:47:06 | INFO: Primitives created: 1
03:47:06 | INFO: Extracting primitive: xiaoxiangguan_lightleaf.001
03:47:06 | INFO: Primitives created: 1
03:47:06 | INFO: Extracting primitive: xiaoxiangguan_moss
03:47:06 | INFO: Primitives created: 1
03:47:06 | INFO: Extracting primitive: xiaoxiangguan_paper.001
03:47:06 | INFO: Primitives created: 1
03:47:06 | INFO: Extracting primitive: xiaoxiangguan_paving
03:47:06 | INFO: Primitives created: 1
03:47:06 | INFO: Extracting primitive: xiaoxiangguan_plaster.001
03:47:06 | INFO: Primitives created: 1
03:47:06 | INFO: Extracting primitive: xiaoxiangguan_roof.001
03:47:06 | INFO: Primitives created: 1
03:47:06 | INFO: Extracting primitive: xiaoxiangguan_silk
03:47:06 | INFO: Primitives created: 1
03:47:06 | INFO: Extracting primitive: xiaoxiangguan_stone.001
03:47:06 | INFO: Primitives created: 1
03:47:06 | INFO: Extracting primitive: xiaoxiangguan_tile.001
03:47:06 | INFO: Primitives created: 1
03:47:06 | INFO: Extracting primitive: xiaoxiangguan_tiledark
03:47:06 | INFO: Primitives created: 1
03:47:06 | INFO: Extracting primitive: xiaoxiangguan_tilelight
03:47:06 | INFO: Primitives created: 1
03:47:06 | INFO: Extracting primitive: xiaoxiangguan_water
03:47:06 | INFO: Primitives created: 1
03:47:06 | INFO: Extracting primitive: xiaoxiangguan_wood.001
03:47:06 | INFO: Primitives created: 1
03:47:06 | INFO: Finished glTF 2.0 export in 0.636237621307373 s

REFERENCE PLACE xiaoxiangguan
03:47:07 | INFO: Starting glTF 2.0 export
03:47:07 | INFO: Extracting primitive: yihongyuan_bamboo
03:47:07 | INFO: Primitives created: 1
03:47:07 | INFO: Extracting primitive: yihongyuan_bark.001
03:47:07 | INFO: Primitives created: 1
03:47:07 | INFO: Extracting primitive: yihongyuan_darkwood
03:47:07 | INFO: Primitives created: 1
03:47:07 | INFO: Extracting primitive: yihongyuan_earth
03:47:07 | INFO: Primitives created: 1
03:47:07 | INFO: Extracting primitive: yihongyuan_flower
03:47:07 | INFO: Primitives created: 1
03:47:07 | INFO: Extracting primitive: yihongyuan_gold.001
03:47:07 | INFO: Primitives created: 1
03:47:07 | INFO: Extracting primitive: yihongyuan_lantern.001
03:47:07 | INFO: Primitives created: 1
03:47:07 | INFO: Extracting primitive: yihongyuan_leaf
03:47:07 | INFO: Primitives created: 1
03:47:07 | INFO: Extracting primitive: yihongyuan_leafdark.001
03:47:07 | INFO: Primitives created: 1
03:47:07 | INFO: Extracting primitive: yihongyuan_lightleaf
03:47:07 | INFO: Primitives created: 1
03:47:07 | INFO: Extracting primitive: yihongyuan_moss
03:47:07 | INFO: Primitives created: 1
03:47:07 | INFO: Extracting primitive: yihongyuan_paper
03:47:07 | INFO: Primitives created: 1
03:47:07 | INFO: Extracting primitive: yihongyuan_paving
03:47:07 | INFO: Primitives created: 1
03:47:07 | INFO: Extracting primitive: yihongyuan_plaster
03:47:07 | INFO: Primitives created: 1
03:47:07 | INFO: Extracting primitive: yihongyuan_roof
03:47:07 | INFO: Primitives created: 1
03:47:07 | INFO: Extracting primitive: yihongyuan_screen
03:47:07 | INFO: Primitives created: 1
03:47:07 | INFO: Extracting primitive: yihongyuan_silk
03:47:07 | INFO: Primitives created: 1
03:47:07 | INFO: Extracting primitive: yihongyuan_stone
03:47:07 | INFO: Primitives created: 1
03:47:07 | INFO: Extracting primitive: yihongyuan_tile
03:47:07 | INFO: Primitives created: 1
03:47:07 | INFO: Extracting primitive: yihongyuan_tiledark
03:47:07 | INFO: Primitives created: 1
03:47:07 | INFO: Extracting primitive: yihongyuan_tilelight
03:47:07 | INFO: Primitives created: 1
03:47:07 | INFO: Extracting primitive: yihongyuan_wood
03:47:07 | INFO: Primitives created: 1
03:47:07 | INFO: Finished glTF 2.0 export in 0.2669510841369629 s

03:47:07 | INFO: Starting glTF 2.0 export
03:47:07 | INFO: Extracting primitive: yihongyuan_bamboo
03:47:07 | INFO: Primitives created: 1
03:47:07 | INFO: Extracting primitive: yihongyuan_bark.001
03:47:07 | INFO: Primitives created: 1
03:47:07 | INFO: Extracting primitive: yihongyuan_darkwood
03:47:07 | INFO: Primitives created: 1
03:47:07 | INFO: Extracting primitive: yihongyuan_earth
03:47:07 | INFO: Primitives created: 1
03:47:07 | INFO: Extracting primitive: yihongyuan_flower
03:47:07 | INFO: Primitives created: 1
03:47:07 | INFO: Extracting primitive: yihongyuan_gold.001
03:47:07 | INFO: Primitives created: 1
03:47:07 | INFO: Extracting primitive: yihongyuan_lantern.001
03:47:07 | INFO: Primitives created: 1
03:47:07 | INFO: Extracting primitive: yihongyuan_leaf
03:47:07 | INFO: Primitives created: 1
03:47:07 | INFO: Extracting primitive: yihongyuan_leafdark.001
03:47:07 | INFO: Primitives created: 1
03:47:07 | INFO: Extracting primitive: yihongyuan_lightleaf
03:47:07 | INFO: Primitives created: 1
03:47:07 | INFO: Extracting primitive: yihongyuan_moss
03:47:07 | INFO: Primitives created: 1
03:47:07 | INFO: Extracting primitive: yihongyuan_paper
03:47:07 | INFO: Primitives created: 1
03:47:07 | INFO: Extracting primitive: yihongyuan_paving
03:47:07 | INFO: Primitives created: 1
03:47:07 | INFO: Extracting primitive: yihongyuan_plaster
03:47:07 | INFO: Primitives created: 1
03:47:07 | INFO: Extracting primitive: yihongyuan_roof
03:47:07 | INFO: Primitives created: 1
03:47:07 | INFO: Extracting primitive: yihongyuan_screen
03:47:07 | INFO: Primitives created: 1
03:47:07 | INFO: Extracting primitive: yihongyuan_silk
03:47:07 | INFO: Primitives created: 1
03:47:07 | INFO: Extracting primitive: yihongyuan_stone
03:47:07 | INFO: Primitives created: 1
03:47:08 | INFO: Extracting primitive: yihongyuan_tile
03:47:08 | INFO: Primitives created: 1
03:47:08 | INFO: Extracting primitive: yihongyuan_tiledark
03:47:08 | INFO: Primitives created: 1
03:47:08 | INFO: Extracting primitive: yihongyuan_tilelight
03:47:08 | INFO: Primitives created: 1
03:47:08 | INFO: Extracting primitive: yihongyuan_wood
03:47:08 | INFO: Primitives created: 1
03:47:08 | INFO: Finished glTF 2.0 export in 0.345430850982666 s

REFERENCE PLACE yihongyuan
03:47:09 | INFO: Starting glTF 2.0 export
03:47:09 | INFO: Extracting primitive: hengwuyuan_clay
03:47:09 | INFO: Primitives created: 1
03:47:09 | INFO: Extracting primitive: hengwuyuan_creamflower
03:47:09 | INFO: Primitives created: 1
03:47:09 | INFO: Extracting primitive: hengwuyuan_darkwood
03:47:09 | INFO: Primitives created: 1
03:47:09 | INFO: Extracting primitive: hengwuyuan_earth
03:47:09 | INFO: Primitives created: 1
03:47:09 | INFO: Extracting primitive: hengwuyuan_gold.001
03:47:09 | INFO: Primitives created: 1
03:47:09 | INFO: Extracting primitive: hengwuyuan_lantern.001
03:47:09 | INFO: Primitives created: 1
03:47:09 | INFO: Extracting primitive: hengwuyuan_leaf
03:47:09 | INFO: Primitives created: 1
03:47:09 | INFO: Extracting primitive: hengwuyuan_leafdark
03:47:09 | INFO: Primitives created: 1
03:47:09 | INFO: Extracting primitive: hengwuyuan_lightleaf
03:47:09 | INFO: Primitives created: 1
03:47:09 | INFO: Extracting primitive: hengwuyuan_moss
03:47:09 | INFO: Primitives created: 1
03:47:09 | INFO: Extracting primitive: hengwuyuan_paper
03:47:09 | INFO: Primitives created: 1
03:47:09 | INFO: Extracting primitive: hengwuyuan_paving
03:47:09 | INFO: Primitives created: 1
03:47:09 | INFO: Extracting primitive: hengwuyuan_plaster
03:47:09 | INFO: Primitives created: 1
03:47:09 | INFO: Extracting primitive: hengwuyuan_roof
03:47:09 | INFO: Primitives created: 1
03:47:09 | INFO: Extracting primitive: hengwuyuan_screen
03:47:09 | INFO: Primitives created: 1
03:47:09 | INFO: Extracting primitive: hengwuyuan_stone
03:47:09 | INFO: Primitives created: 1
03:47:09 | INFO: Extracting primitive: hengwuyuan_tile
03:47:09 | INFO: Primitives created: 1
03:47:09 | INFO: Extracting primitive: hengwuyuan_tiledark
03:47:09 | INFO: Primitives created: 1
03:47:09 | INFO: Extracting primitive: hengwuyuan_tilelight
03:47:09 | INFO: Primitives created: 1
03:47:09 | INFO: Extracting primitive: hengwuyuan_wood
03:47:09 | INFO: Primitives created: 1
03:47:09 | INFO: Finished glTF 2.0 export in 0.2209310531616211 s

03:47:09 | INFO: Starting glTF 2.0 export
03:47:09 | INFO: Extracting primitive: hengwuyuan_clay
03:47:09 | INFO: Primitives created: 1
03:47:09 | INFO: Extracting primitive: hengwuyuan_creamflower
03:47:09 | INFO: Primitives created: 1
03:47:09 | INFO: Extracting primitive: hengwuyuan_darkwood
03:47:09 | INFO: Primitives created: 1
03:47:09 | INFO: Extracting primitive: hengwuyuan_earth
03:47:09 | INFO: Primitives created: 1
03:47:09 | INFO: Extracting primitive: hengwuyuan_gold.001
03:47:09 | INFO: Primitives created: 1
03:47:09 | INFO: Extracting primitive: hengwuyuan_lantern.001
03:47:09 | INFO: Primitives created: 1
03:47:09 | INFO: Extracting primitive: hengwuyuan_leaf
03:47:09 | INFO: Primitives created: 1
03:47:09 | INFO: Extracting primitive: hengwuyuan_leafdark
03:47:09 | INFO: Primitives created: 1
03:47:09 | INFO: Extracting primitive: hengwuyuan_lightleaf
03:47:09 | INFO: Primitives created: 1
03:47:09 | INFO: Extracting primitive: hengwuyuan_moss
03:47:09 | INFO: Primitives created: 1
03:47:09 | INFO: Extracting primitive: hengwuyuan_paper
03:47:09 | INFO: Primitives created: 1
03:47:09 | INFO: Extracting primitive: hengwuyuan_paving
03:47:09 | INFO: Primitives created: 1
03:47:09 | INFO: Extracting primitive: hengwuyuan_plaster
03:47:09 | INFO: Primitives created: 1
03:47:09 | INFO: Extracting primitive: hengwuyuan_roof
03:47:09 | INFO: Primitives created: 1
03:47:09 | INFO: Extracting primitive: hengwuyuan_screen
03:47:09 | INFO: Primitives created: 1
03:47:09 | INFO: Extracting primitive: hengwuyuan_stone
03:47:09 | INFO: Primitives created: 1
03:47:09 | INFO: Extracting primitive: hengwuyuan_tile
03:47:09 | INFO: Primitives created: 1
03:47:09 | INFO: Extracting primitive: hengwuyuan_tiledark
03:47:09 | INFO: Primitives created: 1
03:47:09 | INFO: Extracting primitive: hengwuyuan_tilelight
03:47:09 | INFO: Primitives created: 1
03:47:09 | INFO: Extracting primitive: hengwuyuan_wood
03:47:09 | INFO: Primitives created: 1
03:47:09 | INFO: Finished glTF 2.0 export in 0.3337533473968506 s

REFERENCE PLACE hengwuyuan
03:47:10 | INFO: Starting glTF 2.0 export
03:47:10 | INFO: Extracting primitive: qiushuangzhai_ceramic
03:47:10 | INFO: Primitives created: 1
03:47:10 | INFO: Extracting primitive: qiushuangzhai_creamflower
03:47:10 | INFO: Primitives created: 1
03:47:10 | INFO: Extracting primitive: qiushuangzhai_darkwood
03:47:10 | INFO: Primitives created: 1
03:47:10 | INFO: Extracting primitive: qiushuangzhai_earth
03:47:10 | INFO: Primitives created: 1
03:47:10 | INFO: Extracting primitive: qiushuangzhai_gold.001
03:47:10 | INFO: Primitives created: 1
03:47:10 | INFO: Extracting primitive: qiushuangzhai_lantern.001
03:47:10 | INFO: Primitives created: 1
03:47:10 | INFO: Extracting primitive: qiushuangzhai_leaf.001
03:47:10 | INFO: Primitives created: 1
03:47:10 | INFO: Extracting primitive: qiushuangzhai_leafdark
03:47:10 | INFO: Primitives created: 1
03:47:10 | INFO: Extracting primitive: qiushuangzhai_marble
03:47:10 | INFO: Primitives created: 1
03:47:10 | INFO: Extracting primitive: qiushuangzhai_moss
03:47:10 | INFO: Primitives created: 1
03:47:10 | INFO: Extracting primitive: qiushuangzhai_paper
03:47:10 | INFO: Primitives created: 1
03:47:10 | INFO: Extracting primitive: qiushuangzhai_paving
03:47:10 | INFO: Primitives created: 1
03:47:10 | INFO: Extracting primitive: qiushuangzhai_plaster
03:47:10 | INFO: Primitives created: 1
03:47:10 | INFO: Extracting primitive: qiushuangzhai_roof
03:47:10 | INFO: Primitives created: 1
03:47:10 | INFO: Extracting primitive: qiushuangzhai_silk
03:47:10 | INFO: Primitives created: 1
03:47:10 | INFO: Extracting primitive: qiushuangzhai_stone
03:47:10 | INFO: Primitives created: 1
03:47:10 | INFO: Extracting primitive: qiushuangzhai_tile
03:47:10 | INFO: Primitives created: 1
03:47:10 | INFO: Extracting primitive: qiushuangzhai_tiledark
03:47:10 | INFO: Primitives created: 1
03:47:10 | INFO: Extracting primitive: qiushuangzhai_tilelight
03:47:10 | INFO: Primitives created: 1
03:47:10 | INFO: Extracting primitive: qiushuangzhai_wood
03:47:10 | INFO: Primitives created: 1
03:47:10 | INFO: Finished glTF 2.0 export in 0.1456289291381836 s

03:47:10 | INFO: Starting glTF 2.0 export
03:47:10 | INFO: Extracting primitive: qiushuangzhai_ceramic
03:47:10 | INFO: Primitives created: 1
03:47:10 | INFO: Extracting primitive: qiushuangzhai_creamflower
03:47:10 | INFO: Primitives created: 1
03:47:10 | INFO: Extracting primitive: qiushuangzhai_darkwood
03:47:10 | INFO: Primitives created: 1
03:47:10 | INFO: Extracting primitive: qiushuangzhai_earth
03:47:10 | INFO: Primitives created: 1
03:47:10 | INFO: Extracting primitive: qiushuangzhai_gold.001
03:47:10 | INFO: Primitives created: 1
03:47:10 | INFO: Extracting primitive: qiushuangzhai_lantern.001
03:47:10 | INFO: Primitives created: 1
03:47:10 | INFO: Extracting primitive: qiushuangzhai_leaf.001
03:47:10 | INFO: Primitives created: 1
03:47:10 | INFO: Extracting primitive: qiushuangzhai_leafdark
03:47:10 | INFO: Primitives created: 1
03:47:10 | INFO: Extracting primitive: qiushuangzhai_marble
03:47:10 | INFO: Primitives created: 1
03:47:10 | INFO: Extracting primitive: qiushuangzhai_moss
03:47:10 | INFO: Primitives created: 1
03:47:10 | INFO: Extracting primitive: qiushuangzhai_paper
03:47:10 | INFO: Primitives created: 1
03:47:10 | INFO: Extracting primitive: qiushuangzhai_paving
03:47:10 | INFO: Primitives created: 1
03:47:10 | INFO: Extracting primitive: qiushuangzhai_plaster
03:47:10 | INFO: Primitives created: 1
03:47:10 | INFO: Extracting primitive: qiushuangzhai_roof
03:47:10 | INFO: Primitives created: 1
03:47:10 | INFO: Extracting primitive: qiushuangzhai_silk
03:47:10 | INFO: Primitives created: 1
03:47:10 | INFO: Extracting primitive: qiushuangzhai_stone
03:47:10 | INFO: Primitives created: 1
03:47:10 | INFO: Extracting primitive: qiushuangzhai_tile
03:47:10 | INFO: Primitives created: 1
03:47:10 | INFO: Extracting primitive: qiushuangzhai_tiledark
03:47:10 | INFO: Primitives created: 1
03:47:10 | INFO: Extracting primitive: qiushuangzhai_tilelight
03:47:10 | INFO: Primitives created: 1
03:47:10 | INFO: Extracting primitive: qiushuangzhai_wood
03:47:10 | INFO: Primitives created: 1
03:47:10 | INFO: Finished glTF 2.0 export in 0.31145501136779785 s

REFERENCE PLACE qiushuangzhai
03:47:11 | INFO: Starting glTF 2.0 export
03:47:11 | INFO: Extracting primitive: daoxiangcun_bark.001
03:47:11 | INFO: Primitives created: 1
03:47:11 | INFO: Extracting primitive: daoxiangcun_clay
03:47:11 | INFO: Primitives created: 1
03:47:11 | INFO: Extracting primitive: daoxiangcun_creamflower
03:47:11 | INFO: Primitives created: 1
03:47:11 | INFO: Extracting primitive: daoxiangcun_darkwood
03:47:11 | INFO: Primitives created: 1
03:47:11 | INFO: Extracting primitive: daoxiangcun_flower
03:47:11 | INFO: Primitives created: 1
03:47:11 | INFO: Extracting primitive: daoxiangcun_lightleaf
03:47:11 | INFO: Primitives created: 1
03:47:11 | INFO: Extracting primitive: daoxiangcun_paving
03:47:11 | INFO: Primitives created: 1
03:47:11 | INFO: Extracting primitive: daoxiangcun_screen
03:47:11 | INFO: Primitives created: 1
03:47:11 | INFO: Extracting primitive: daoxiangcun_stone
03:47:11 | INFO: Primitives created: 1
03:47:11 | INFO: Extracting primitive: daoxiangcun_thatch
03:47:11 | INFO: Primitives created: 1
03:47:11 | INFO: Extracting primitive: daoxiangcun_wood
03:47:11 | INFO: Primitives created: 1
03:47:11 | INFO: Finished glTF 2.0 export in 0.09440445899963379 s

03:47:11 | INFO: Starting glTF 2.0 export
03:47:11 | INFO: Extracting primitive: daoxiangcun_bark.001
03:47:11 | INFO: Primitives created: 1
03:47:11 | INFO: Extracting primitive: daoxiangcun_clay
03:47:11 | INFO: Primitives created: 1
03:47:11 | INFO: Extracting primitive: daoxiangcun_creamflower
03:47:11 | INFO: Primitives created: 1
03:47:11 | INFO: Extracting primitive: daoxiangcun_darkwood
03:47:11 | INFO: Primitives created: 1
03:47:11 | INFO: Extracting primitive: daoxiangcun_flower
03:47:11 | INFO: Primitives created: 1
03:47:11 | INFO: Extracting primitive: daoxiangcun_lightleaf
03:47:11 | INFO: Primitives created: 1
03:47:11 | INFO: Extracting primitive: daoxiangcun_paving
03:47:11 | INFO: Primitives created: 1
03:47:11 | INFO: Extracting primitive: daoxiangcun_screen
03:47:11 | INFO: Primitives created: 1
03:47:11 | INFO: Extracting primitive: daoxiangcun_stone
03:47:11 | INFO: Primitives created: 1
03:47:11 | INFO: Extracting primitive: daoxiangcun_thatch
03:47:11 | INFO: Primitives created: 1
03:47:11 | INFO: Extracting primitive: daoxiangcun_wood
03:47:11 | INFO: Primitives created: 1
03:47:11 | INFO: Finished glTF 2.0 export in 0.1447160243988037 s

REFERENCE PLACE daoxiangcun
03:47:12 | INFO: Starting glTF 2.0 export
03:47:12 | INFO: Extracting primitive: ouxiangxie_bamboo.001
03:47:12 | INFO: Primitives created: 1
03:47:12 | INFO: Extracting primitive: ouxiangxie_darkwood
03:47:12 | INFO: Primitives created: 1
03:47:12 | INFO: Extracting primitive: ouxiangxie_gold.001
03:47:12 | INFO: Primitives created: 1
03:47:12 | INFO: Extracting primitive: ouxiangxie_lantern.001
03:47:12 | INFO: Primitives created: 1
03:47:12 | INFO: Extracting primitive: ouxiangxie_paper.001
03:47:12 | INFO: Primitives created: 1
03:47:12 | INFO: Extracting primitive: ouxiangxie_roof
03:47:12 | INFO: Primitives created: 1
03:47:12 | INFO: Extracting primitive: ouxiangxie_silk.001
03:47:12 | INFO: Primitives created: 1
03:47:12 | INFO: Extracting primitive: ouxiangxie_stone
03:47:12 | INFO: Primitives created: 1
03:47:12 | INFO: Extracting primitive: ouxiangxie_tile
03:47:12 | INFO: Primitives created: 1
03:47:12 | INFO: Extracting primitive: ouxiangxie_tiledark
03:47:12 | INFO: Primitives created: 1
03:47:12 | INFO: Extracting primitive: ouxiangxie_tilelight
03:47:12 | INFO: Primitives created: 1
03:47:12 | INFO: Extracting primitive: ouxiangxie_wood
03:47:12 | INFO: Primitives created: 1
03:47:12 | INFO: Finished glTF 2.0 export in 0.1321709156036377 s

03:47:12 | INFO: Starting glTF 2.0 export
03:47:12 | INFO: Extracting primitive: ouxiangxie_bamboo.001
03:47:12 | INFO: Primitives created: 1
03:47:12 | INFO: Extracting primitive: ouxiangxie_darkwood
03:47:12 | INFO: Primitives created: 1
03:47:12 | INFO: Extracting primitive: ouxiangxie_gold.001
03:47:12 | INFO: Primitives created: 1
03:47:12 | INFO: Extracting primitive: ouxiangxie_lantern.001
03:47:12 | INFO: Primitives created: 1
03:47:12 | INFO: Extracting primitive: ouxiangxie_paper.001
03:47:12 | INFO: Primitives created: 1
03:47:12 | INFO: Extracting primitive: ouxiangxie_roof
03:47:12 | INFO: Primitives created: 1
03:47:12 | INFO: Extracting primitive: ouxiangxie_silk.001
03:47:12 | INFO: Primitives created: 1
03:47:12 | INFO: Extracting primitive: ouxiangxie_stone
03:47:12 | INFO: Primitives created: 1
03:47:12 | INFO: Extracting primitive: ouxiangxie_tile
03:47:12 | INFO: Primitives created: 1
03:47:12 | INFO: Extracting primitive: ouxiangxie_tiledark
03:47:12 | INFO: Primitives created: 1
03:47:12 | INFO: Extracting primitive: ouxiangxie_tilelight
03:47:12 | INFO: Primitives created: 1
03:47:12 | INFO: Extracting primitive: ouxiangxie_wood
03:47:12 | INFO: Primitives created: 1
03:47:12 | INFO: Finished glTF 2.0 export in 0.23353910446166992 s

REFERENCE PLACE ouxiangxie
03:47:13 | INFO: Starting glTF 2.0 export
03:47:13 | INFO: Extracting primitive: dicuiting_darkwood.001
03:47:13 | INFO: Primitives created: 1
03:47:13 | INFO: Extracting primitive: dicuiting_gold.001
03:47:13 | INFO: Primitives created: 1
03:47:13 | INFO: Extracting primitive: dicuiting_lantern.001
03:47:13 | INFO: Primitives created: 1
03:47:13 | INFO: Extracting primitive: dicuiting_paving.001
03:47:13 | INFO: Primitives created: 1
03:47:13 | INFO: Extracting primitive: dicuiting_roof
03:47:13 | INFO: Primitives created: 1
03:47:13 | INFO: Extracting primitive: dicuiting_stone
03:47:13 | INFO: Primitives created: 1
03:47:13 | INFO: Extracting primitive: dicuiting_tile
03:47:13 | INFO: Primitives created: 1
03:47:13 | INFO: Extracting primitive: dicuiting_tiledark.001
03:47:13 | INFO: Primitives created: 1
03:47:13 | INFO: Extracting primitive: dicuiting_tilelight.001
03:47:13 | INFO: Primitives created: 1
03:47:13 | INFO: Extracting primitive: dicuiting_wood
03:47:13 | INFO: Primitives created: 1
03:47:13 | INFO: Finished glTF 2.0 export in 0.05250740051269531 s

03:47:13 | INFO: Starting glTF 2.0 export
03:47:13 | INFO: Extracting primitive: dicuiting_darkwood.001
03:47:13 | INFO: Primitives created: 1
03:47:13 | INFO: Extracting primitive: dicuiting_gold.001
03:47:13 | INFO: Primitives created: 1
03:47:13 | INFO: Extracting primitive: dicuiting_lantern.001
03:47:13 | INFO: Primitives created: 1
03:47:13 | INFO: Extracting primitive: dicuiting_paving.001
03:47:13 | INFO: Primitives created: 1
03:47:13 | INFO: Extracting primitive: dicuiting_roof
03:47:13 | INFO: Primitives created: 1
03:47:13 | INFO: Extracting primitive: dicuiting_stone
03:47:13 | INFO: Primitives created: 1
03:47:13 | INFO: Extracting primitive: dicuiting_tile
03:47:13 | INFO: Primitives created: 1
03:47:13 | INFO: Extracting primitive: dicuiting_tiledark.001
03:47:13 | INFO: Primitives created: 1
03:47:13 | INFO: Extracting primitive: dicuiting_tilelight.001
03:47:13 | INFO: Primitives created: 1
03:47:13 | INFO: Extracting primitive: dicuiting_wood
03:47:13 | INFO: Primitives created: 1
03:47:13 | INFO: Finished glTF 2.0 export in 0.0732731819152832 s

REFERENCE PLACE dicuiting
03:47:13 | INFO: Starting glTF 2.0 export
03:47:13 | INFO: Extracting primitive: luxuean_bamboo
03:47:13 | INFO: Primitives created: 1
03:47:13 | INFO: Extracting primitive: luxuean_clay
03:47:13 | INFO: Primitives created: 1
03:47:13 | INFO: Extracting primitive: luxuean_lightleaf
03:47:13 | INFO: Primitives created: 1
03:47:13 | INFO: Extracting primitive: luxuean_paving
03:47:13 | INFO: Primitives created: 1
03:47:13 | INFO: Extracting primitive: luxuean_stone
03:47:13 | INFO: Primitives created: 1
03:47:13 | INFO: Extracting primitive: luxuean_thatch
03:47:13 | INFO: Primitives created: 1
03:47:13 | INFO: Extracting primitive: luxuean_wood
03:47:13 | INFO: Primitives created: 1
03:47:13 | INFO: Finished glTF 2.0 export in 0.04322338104248047 s

03:47:13 | INFO: Starting glTF 2.0 export
03:47:13 | INFO: Extracting primitive: luxuean_bamboo
03:47:13 | INFO: Primitives created: 1
03:47:13 | INFO: Extracting primitive: luxuean_clay
03:47:13 | INFO: Primitives created: 1
03:47:13 | INFO: Extracting primitive: luxuean_lightleaf
03:47:13 | INFO: Primitives created: 1
03:47:13 | INFO: Extracting primitive: luxuean_paving
03:47:13 | INFO: Primitives created: 1
03:47:13 | INFO: Extracting primitive: luxuean_stone
03:47:13 | INFO: Primitives created: 1
03:47:13 | INFO: Extracting primitive: luxuean_thatch
03:47:13 | INFO: Primitives created: 1
03:47:13 | INFO: Extracting primitive: luxuean_wood
03:47:13 | INFO: Primitives created: 1
03:47:13 | INFO: Finished glTF 2.0 export in 0.04252958297729492 s

REFERENCE PLACE luxuean
03:47:13 | INFO: Starting glTF 2.0 export
03:47:13 | INFO: Extracting primitive: tubishanzhuang_bark.001
03:47:13 | INFO: Primitives created: 1
03:47:13 | INFO: Extracting primitive: tubishanzhuang_canopy.001
03:47:13 | INFO: Primitives created: 1
03:47:13 | INFO: Extracting primitive: tubishanzhuang_canopy_light.001
03:47:13 | INFO: Primitives created: 1
03:47:13 | INFO: Extracting primitive: tubishanzhuang_canopy_shadow.001
03:47:13 | INFO: Primitives created: 1
03:47:13 | INFO: Extracting primitive: tubishanzhuang_darkwood
03:47:13 | INFO: Primitives created: 1
03:47:13 | INFO: Extracting primitive: tubishanzhuang_paper.001
03:47:13 | INFO: Primitives created: 1
03:47:13 | INFO: Extracting primitive: tubishanzhuang_paving
03:47:13 | INFO: Primitives created: 1
03:47:13 | INFO: Extracting primitive: tubishanzhuang_plaster
03:47:13 | INFO: Primitives created: 1
03:47:13 | INFO: Extracting primitive: tubishanzhuang_roof
03:47:13 | INFO: Primitives created: 1
03:47:13 | INFO: Extracting primitive: tubishanzhuang_stone
03:47:13 | INFO: Primitives created: 1
03:47:13 | INFO: Extracting primitive: tubishanzhuang_tile
03:47:13 | INFO: Primitives created: 1
03:47:13 | INFO: Extracting primitive: tubishanzhuang_tiledark
03:47:13 | INFO: Primitives created: 1
03:47:13 | INFO: Extracting primitive: tubishanzhuang_tilelight
03:47:13 | INFO: Primitives created: 1
03:47:13 | INFO: Extracting primitive: tubishanzhuang_wood
03:47:13 | INFO: Primitives created: 1
03:47:13 | INFO: Finished glTF 2.0 export in 0.1344771385192871 s

03:47:13 | INFO: Starting glTF 2.0 export
03:47:13 | INFO: Extracting primitive: tubishanzhuang_bark.001
03:47:13 | INFO: Primitives created: 1
03:47:13 | INFO: Extracting primitive: tubishanzhuang_canopy.001
03:47:13 | INFO: Primitives created: 1
03:47:13 | INFO: Extracting primitive: tubishanzhuang_canopy_light.001
03:47:13 | INFO: Primitives created: 1
03:47:14 | INFO: Extracting primitive: tubishanzhuang_canopy_shadow.001
03:47:14 | INFO: Primitives created: 1
03:47:14 | INFO: Extracting primitive: tubishanzhuang_darkwood
03:47:14 | INFO: Primitives created: 1
03:47:14 | INFO: Extracting primitive: tubishanzhuang_paper.001
03:47:14 | INFO: Primitives created: 1
03:47:14 | INFO: Extracting primitive: tubishanzhuang_paving
03:47:14 | INFO: Primitives created: 1
03:47:14 | INFO: Extracting primitive: tubishanzhuang_plaster
03:47:14 | INFO: Primitives created: 1
03:47:14 | INFO: Extracting primitive: tubishanzhuang_roof
03:47:14 | INFO: Primitives created: 1
03:47:14 | INFO: Extracting primitive: tubishanzhuang_stone
03:47:14 | INFO: Primitives created: 1
03:47:14 | INFO: Extracting primitive: tubishanzhuang_tile
03:47:14 | INFO: Primitives created: 1
03:47:14 | INFO: Extracting primitive: tubishanzhuang_tiledark
03:47:14 | INFO: Primitives created: 1
03:47:14 | INFO: Extracting primitive: tubishanzhuang_tilelight
03:47:14 | INFO: Primitives created: 1
03:47:14 | INFO: Extracting primitive: tubishanzhuang_wood
03:47:14 | INFO: Primitives created: 1
03:47:14 | INFO: Finished glTF 2.0 export in 0.1570746898651123 s

REFERENCE PLACE tubishanzhuang
03:47:14 | INFO: Starting glTF 2.0 export
03:47:14 | INFO: Extracting primitive: aojingxiguan_bark.001
03:47:14 | INFO: Primitives created: 1
03:47:14 | INFO: Extracting primitive: aojingxiguan_canopy.001
03:47:14 | INFO: Primitives created: 1
03:47:14 | INFO: Extracting primitive: aojingxiguan_canopy_light.001
03:47:14 | INFO: Primitives created: 1
03:47:14 | INFO: Extracting primitive: aojingxiguan_canopy_shadow.001
03:47:14 | INFO: Primitives created: 1
03:47:14 | INFO: Extracting primitive: aojingxiguan_darkwood
03:47:14 | INFO: Primitives created: 1
03:47:14 | INFO: Extracting primitive: aojingxiguan_paper.001
03:47:14 | INFO: Primitives created: 1
03:47:14 | INFO: Extracting primitive: aojingxiguan_paving
03:47:14 | INFO: Primitives created: 1
03:47:14 | INFO: Extracting primitive: aojingxiguan_plaster
03:47:14 | INFO: Primitives created: 1
03:47:14 | INFO: Extracting primitive: aojingxiguan_roof
03:47:14 | INFO: Primitives created: 1
03:47:14 | INFO: Extracting primitive: aojingxiguan_stone
03:47:14 | INFO: Primitives created: 1
03:47:14 | INFO: Extracting primitive: aojingxiguan_tile
03:47:14 | INFO: Primitives created: 1
03:47:14 | INFO: Extracting primitive: aojingxiguan_tiledark
03:47:14 | INFO: Primitives created: 1
03:47:14 | INFO: Extracting primitive: aojingxiguan_tilelight
03:47:14 | INFO: Primitives created: 1
03:47:14 | INFO: Extracting primitive: aojingxiguan_wood
03:47:14 | INFO: Primitives created: 1
03:47:14 | INFO: Finished glTF 2.0 export in 0.11910176277160645 s

03:47:14 | INFO: Starting glTF 2.0 export
03:47:14 | INFO: Extracting primitive: aojingxiguan_bark.001
03:47:14 | INFO: Primitives created: 1
03:47:14 | INFO: Extracting primitive: aojingxiguan_canopy.001
03:47:14 | INFO: Primitives created: 1
03:47:14 | INFO: Extracting primitive: aojingxiguan_canopy_light.001
03:47:14 | INFO: Primitives created: 1
03:47:14 | INFO: Extracting primitive: aojingxiguan_canopy_shadow.001
03:47:14 | INFO: Primitives created: 1
03:47:14 | INFO: Extracting primitive: aojingxiguan_darkwood
03:47:14 | INFO: Primitives created: 1
03:47:14 | INFO: Extracting primitive: aojingxiguan_paper.001
03:47:14 | INFO: Primitives created: 1
03:47:14 | INFO: Extracting primitive: aojingxiguan_paving
03:47:14 | INFO: Primitives created: 1
03:47:14 | INFO: Extracting primitive: aojingxiguan_plaster
03:47:14 | INFO: Primitives created: 1
03:47:14 | INFO: Extracting primitive: aojingxiguan_roof
03:47:14 | INFO: Primitives created: 1
03:47:14 | INFO: Extracting primitive: aojingxiguan_stone
03:47:14 | INFO: Primitives created: 1
03:47:14 | INFO: Extracting primitive: aojingxiguan_tile
03:47:14 | INFO: Primitives created: 1
03:47:14 | INFO: Extracting primitive: aojingxiguan_tiledark
03:47:14 | INFO: Primitives created: 1
03:47:14 | INFO: Extracting primitive: aojingxiguan_tilelight
03:47:14 | INFO: Primitives created: 1
03:47:14 | INFO: Extracting primitive: aojingxiguan_wood
03:47:14 | INFO: Primitives created: 1
03:47:14 | INFO: Finished glTF 2.0 export in 0.1632840633392334 s

REFERENCE PLACE aojingxiguan
03:47:17 | INFO: Starting glTF 2.0 export
03:47:17 | INFO: Extracting primitive: daguanlou_bark.001
03:47:17 | INFO: Primitives created: 1
03:47:17 | INFO: Extracting primitive: daguanlou_canopy.001
03:47:17 | INFO: Primitives created: 1
03:47:17 | INFO: Extracting primitive: daguanlou_canopy_light.001
03:47:17 | INFO: Primitives created: 1
03:47:17 | INFO: Extracting primitive: daguanlou_canopy_shadow.001
03:47:17 | INFO: Primitives created: 1
03:47:17 | INFO: Extracting primitive: daguanlou_darkwood.001
03:47:17 | INFO: Primitives created: 1
03:47:17 | INFO: Extracting primitive: daguanlou_gold.001
03:47:17 | INFO: Primitives created: 1
03:47:17 | INFO: Extracting primitive: daguanlou_lantern.001
03:47:17 | INFO: Primitives created: 1
03:47:17 | INFO: Extracting primitive: daguanlou_paper.001
03:47:17 | INFO: Primitives created: 1
03:47:17 | INFO: Extracting primitive: daguanlou_paving.001
03:47:17 | INFO: Primitives created: 1
03:47:17 | INFO: Extracting primitive: daguanlou_plaster.001
03:47:17 | INFO: Primitives created: 1
03:47:17 | INFO: Extracting primitive: daguanlou_roof.001
03:47:17 | INFO: Primitives created: 1
03:47:17 | INFO: Extracting primitive: daguanlou_screen.001
03:47:17 | INFO: Primitives created: 1
03:47:17 | INFO: Extracting primitive: daguanlou_stone.001
03:47:17 | INFO: Primitives created: 1
03:47:17 | INFO: Extracting primitive: daguanlou_tile.001
03:47:17 | INFO: Primitives created: 1
03:47:17 | INFO: Extracting primitive: daguanlou_tiledark.001
03:47:17 | INFO: Primitives created: 1
03:47:17 | INFO: Extracting primitive: daguanlou_tilelight.001
03:47:17 | INFO: Primitives created: 1
03:47:17 | INFO: Extracting primitive: daguanlou_wood.001
03:47:17 | INFO: Primitives created: 1
03:47:17 | INFO: Finished glTF 2.0 export in 0.41126418113708496 s

03:47:17 | INFO: Starting glTF 2.0 export
03:47:17 | INFO: Extracting primitive: daguanlou_bark.001
03:47:17 | INFO: Primitives created: 1
03:47:17 | INFO: Extracting primitive: daguanlou_canopy.001
03:47:17 | INFO: Primitives created: 1
03:47:17 | INFO: Extracting primitive: daguanlou_canopy_light.001
03:47:17 | INFO: Primitives created: 1
03:47:17 | INFO: Extracting primitive: daguanlou_canopy_shadow.001
03:47:17 | INFO: Primitives created: 1
03:47:17 | INFO: Extracting primitive: daguanlou_darkwood.001
03:47:17 | INFO: Primitives created: 1
03:47:17 | INFO: Extracting primitive: daguanlou_gold.001
03:47:17 | INFO: Primitives created: 1
03:47:17 | INFO: Extracting primitive: daguanlou_lantern.001
03:47:17 | INFO: Primitives created: 1
03:47:17 | INFO: Extracting primitive: daguanlou_paper.001
03:47:17 | INFO: Primitives created: 1
03:47:17 | INFO: Extracting primitive: daguanlou_paving.001
03:47:17 | INFO: Primitives created: 1
03:47:17 | INFO: Extracting primitive: daguanlou_plaster.001
03:47:17 | INFO: Primitives created: 1
03:47:17 | INFO: Extracting primitive: daguanlou_roof.001
03:47:17 | INFO: Primitives created: 1
03:47:17 | INFO: Extracting primitive: daguanlou_screen.001
03:47:17 | INFO: Primitives created: 1
03:47:17 | INFO: Extracting primitive: daguanlou_stone.001
03:47:17 | INFO: Primitives created: 1
03:47:18 | INFO: Extracting primitive: daguanlou_tile.001
03:47:18 | INFO: Primitives created: 1
03:47:18 | INFO: Extracting primitive: daguanlou_tiledark.001
03:47:18 | INFO: Primitives created: 1
03:47:18 | INFO: Extracting primitive: daguanlou_tilelight.001
03:47:18 | INFO: Primitives created: 1
03:47:18 | INFO: Extracting primitive: daguanlou_wood.001
03:47:18 | INFO: Primitives created: 1
03:47:18 | INFO: Finished glTF 2.0 export in 0.7708330154418945 s

REFERENCE PLACE daguanlou
03:47:19 | INFO: Starting glTF 2.0 export
03:47:19 | INFO: Extracting primitive: longcuian_bark.001
03:47:19 | INFO: Primitives created: 1
03:47:19 | INFO: Extracting primitive: longcuian_canopy.001
03:47:19 | INFO: Primitives created: 1
03:47:19 | INFO: Extracting primitive: longcuian_canopy_light.001
03:47:19 | INFO: Primitives created: 1
03:47:19 | INFO: Extracting primitive: longcuian_canopy_shadow.001
03:47:19 | INFO: Primitives created: 1
03:47:19 | INFO: Extracting primitive: longcuian_ceramic.001
03:47:19 | INFO: Primitives created: 1
03:47:19 | INFO: Extracting primitive: longcuian_darkwood.001
03:47:19 | INFO: Primitives created: 1
03:47:19 | INFO: Extracting primitive: longcuian_flower.001
03:47:19 | INFO: Primitives created: 1
03:47:19 | INFO: Extracting primitive: longcuian_paper.001
03:47:19 | INFO: Primitives created: 1
03:47:19 | INFO: Extracting primitive: longcuian_paving.001
03:47:19 | INFO: Primitives created: 1
03:47:19 | INFO: Extracting primitive: longcuian_plaster.001
03:47:19 | INFO: Primitives created: 1
03:47:19 | INFO: Extracting primitive: longcuian_roof.001
03:47:19 | INFO: Primitives created: 1
03:47:19 | INFO: Extracting primitive: longcuian_screen.001
03:47:19 | INFO: Primitives created: 1
03:47:19 | INFO: Extracting primitive: longcuian_stone.001
03:47:19 | INFO: Primitives created: 1
03:47:19 | INFO: Extracting primitive: longcuian_tile.001
03:47:19 | INFO: Primitives created: 1
03:47:19 | INFO: Extracting primitive: longcuian_tiledark.001
03:47:19 | INFO: Primitives created: 1
03:47:19 | INFO: Extracting primitive: longcuian_tilelight.001
03:47:19 | INFO: Primitives created: 1
03:47:19 | INFO: Extracting primitive: longcuian_wood.001
03:47:19 | INFO: Primitives created: 1
03:47:19 | INFO: Finished glTF 2.0 export in 0.20142269134521484 s

03:47:19 | INFO: Starting glTF 2.0 export
03:47:19 | INFO: Extracting primitive: longcuian_bark.001
03:47:19 | INFO: Primitives created: 1
03:47:19 | INFO: Extracting primitive: longcuian_canopy.001
03:47:19 | INFO: Primitives created: 1
03:47:19 | INFO: Extracting primitive: longcuian_canopy_light.001
03:47:19 | INFO: Primitives created: 1
03:47:19 | INFO: Extracting primitive: longcuian_canopy_shadow.001
03:47:19 | INFO: Primitives created: 1
03:47:19 | INFO: Extracting primitive: longcuian_ceramic.001
03:47:19 | INFO: Primitives created: 1
03:47:19 | INFO: Extracting primitive: longcuian_darkwood.001
03:47:19 | INFO: Primitives created: 1
03:47:19 | INFO: Extracting primitive: longcuian_flower.001
03:47:19 | INFO: Primitives created: 1
03:47:19 | INFO: Extracting primitive: longcuian_paper.001
03:47:19 | INFO: Primitives created: 1
03:47:19 | INFO: Extracting primitive: longcuian_paving.001
03:47:19 | INFO: Primitives created: 1
03:47:19 | INFO: Extracting primitive: longcuian_plaster.001
03:47:19 | INFO: Primitives created: 1
03:47:19 | INFO: Extracting primitive: longcuian_roof.001
03:47:19 | INFO: Primitives created: 1
03:47:19 | INFO: Extracting primitive: longcuian_screen.001
03:47:19 | INFO: Primitives created: 1
03:47:19 | INFO: Extracting primitive: longcuian_stone.001
03:47:19 | INFO: Primitives created: 1
03:47:20 | INFO: Extracting primitive: longcuian_tile.001
03:47:20 | INFO: Primitives created: 1
03:47:20 | INFO: Extracting primitive: longcuian_tiledark.001
03:47:20 | INFO: Primitives created: 1
03:47:20 | INFO: Extracting primitive: longcuian_tilelight.001
03:47:20 | INFO: Primitives created: 1
03:47:20 | INFO: Extracting primitive: longcuian_wood.001
03:47:20 | INFO: Primitives created: 1
03:47:20 | INFO: Finished glTF 2.0 export in 0.29599595069885254 s

REFERENCE PLACE longcuian
03:47:20 | INFO: Starting glTF 2.0 export
03:47:20 | INFO: Extracting primitive: nuanxiangwu_bark.001
03:47:20 | INFO: Primitives created: 1
03:47:20 | INFO: Extracting primitive: nuanxiangwu_ceramic.001
03:47:20 | INFO: Primitives created: 1
03:47:20 | INFO: Extracting primitive: nuanxiangwu_creamflower.001
03:47:20 | INFO: Primitives created: 1
03:47:20 | INFO: Extracting primitive: nuanxiangwu_darkwood.001
03:47:20 | INFO: Primitives created: 1
03:47:20 | INFO: Extracting primitive: nuanxiangwu_paper.001
03:47:20 | INFO: Primitives created: 1
03:47:20 | INFO: Extracting primitive: nuanxiangwu_paving.001
03:47:20 | INFO: Primitives created: 1
03:47:20 | INFO: Extracting primitive: nuanxiangwu_plaster.001
03:47:20 | INFO: Primitives created: 1
03:47:20 | INFO: Extracting primitive: nuanxiangwu_roof.001
03:47:20 | INFO: Primitives created: 1
03:47:20 | INFO: Extracting primitive: nuanxiangwu_screen.001
03:47:20 | INFO: Primitives created: 1
03:47:20 | INFO: Extracting primitive: nuanxiangwu_silk.001
03:47:20 | INFO: Primitives created: 1
03:47:20 | INFO: Extracting primitive: nuanxiangwu_stone.001
03:47:20 | INFO: Primitives created: 1
03:47:20 | INFO: Extracting primitive: nuanxiangwu_tile.001
03:47:20 | INFO: Primitives created: 1
03:47:20 | INFO: Extracting primitive: nuanxiangwu_tiledark.001
03:47:20 | INFO: Primitives created: 1
03:47:20 | INFO: Extracting primitive: nuanxiangwu_tilelight.001
03:47:20 | INFO: Primitives created: 1
03:47:20 | INFO: Extracting primitive: nuanxiangwu_wood.001
03:47:20 | INFO: Primitives created: 1
03:47:21 | INFO: Finished glTF 2.0 export in 0.15443801879882812 s

03:47:21 | INFO: Starting glTF 2.0 export
03:47:21 | INFO: Extracting primitive: nuanxiangwu_bark.001
03:47:21 | INFO: Primitives created: 1
03:47:21 | INFO: Extracting primitive: nuanxiangwu_ceramic.001
03:47:21 | INFO: Primitives created: 1
03:47:21 | INFO: Extracting primitive: nuanxiangwu_creamflower.001
03:47:21 | INFO: Primitives created: 1
03:47:21 | INFO: Extracting primitive: nuanxiangwu_darkwood.001
03:47:21 | INFO: Primitives created: 1
03:47:21 | INFO: Extracting primitive: nuanxiangwu_paper.001
03:47:21 | INFO: Primitives created: 1
03:47:21 | INFO: Extracting primitive: nuanxiangwu_paving.001
03:47:21 | INFO: Primitives created: 1
03:47:21 | INFO: Extracting primitive: nuanxiangwu_plaster.001
03:47:21 | INFO: Primitives created: 1
03:47:21 | INFO: Extracting primitive: nuanxiangwu_roof.001
03:47:21 | INFO: Primitives created: 1
03:47:21 | INFO: Extracting primitive: nuanxiangwu_screen.001
03:47:21 | INFO: Primitives created: 1
03:47:21 | INFO: Extracting primitive: nuanxiangwu_silk.001
03:47:21 | INFO: Primitives created: 1
03:47:21 | INFO: Extracting primitive: nuanxiangwu_stone.001
03:47:21 | INFO: Primitives created: 1
03:47:21 | INFO: Extracting primitive: nuanxiangwu_tile.001
03:47:21 | INFO: Primitives created: 1
03:47:21 | INFO: Extracting primitive: nuanxiangwu_tiledark.001
03:47:21 | INFO: Primitives created: 1
03:47:21 | INFO: Extracting primitive: nuanxiangwu_tilelight.001
03:47:21 | INFO: Primitives created: 1
03:47:21 | INFO: Extracting primitive: nuanxiangwu_wood.001
03:47:21 | INFO: Primitives created: 1
03:47:21 | INFO: Finished glTF 2.0 export in 0.2817976474761963 s

REFERENCE PLACE nuanxiangwu
Info: Saved as "daguanyuan_master.blend"
03:47:36 | INFO: Starting glTF 2.0 export
03:47:36 | INFO: Extracting primitive: daguanyuan_gate_darkwood
03:47:36 | INFO: Primitives created: 1
03:47:36 | INFO: Extracting primitive: daguanyuan_gate_paper.001
03:47:36 | INFO: Primitives created: 1
03:47:36 | INFO: Extracting primitive: daguanyuan_gate_paving
03:47:36 | INFO: Primitives created: 1
03:47:36 | INFO: Extracting primitive: daguanyuan_gate_plaster
03:47:36 | INFO: Primitives created: 1
03:47:36 | INFO: Extracting primitive: daguanyuan_gate_roof
03:47:36 | INFO: Primitives created: 1
03:47:36 | INFO: Extracting primitive: daguanyuan_gate_stone
03:47:36 | INFO: Primitives created: 1
03:47:36 | INFO: Extracting primitive: daguanyuan_gate_tile
03:47:36 | INFO: Primitives created: 1
03:47:36 | INFO: Extracting primitive: daguanyuan_gate_tiledark
03:47:36 | INFO: Primitives created: 1
03:47:36 | INFO: Extracting primitive: daguanyuan_gate_tilelight
03:47:36 | INFO: Primitives created: 1
03:47:36 | INFO: Extracting primitive: daguanyuan_gate_wood
03:47:36 | INFO: Primitives created: 1
03:47:36 | INFO: Extracting primitive: qujingtongyou_bark.001
03:47:36 | INFO: Primitives created: 1
03:47:36 | INFO: Extracting primitive: qujingtongyou_canopy.001
03:47:36 | INFO: Primitives created: 1
03:47:36 | INFO: Extracting primitive: qujingtongyou_canopy_light.001
03:47:36 | INFO: Primitives created: 1
03:47:36 | INFO: Extracting primitive: qujingtongyou_canopy_shadow.001
03:47:36 | INFO: Primitives created: 1
03:47:36 | INFO: Extracting primitive: qujingtongyou_moss.001
03:47:36 | INFO: Primitives created: 1
03:47:36 | INFO: Extracting primitive: qujingtongyou_paving.001
03:47:36 | INFO: Primitives created: 1
03:47:36 | INFO: Extracting primitive: qujingtongyou_stone
03:47:36 | INFO: Primitives created: 1
03:47:36 | INFO: Extracting primitive: xiaoxiangguan_bamboo.001
03:47:36 | INFO: Primitives created: 1
03:47:36 | INFO: Extracting primitive: xiaoxiangguan_bark.001
03:47:36 | INFO: Primitives created: 1
03:47:36 | INFO: Extracting primitive: xiaoxiangguan_creamflower.001
03:47:36 | INFO: Primitives created: 1
03:47:36 | INFO: Extracting primitive: xiaoxiangguan_darkwood.001
03:47:36 | INFO: Primitives created: 1
03:47:36 | INFO: Extracting primitive: xiaoxiangguan_earth.001
03:47:36 | INFO: Primitives created: 1
03:47:36 | INFO: Extracting primitive: xiaoxiangguan_gold.001
03:47:36 | INFO: Primitives created: 1
03:47:36 | INFO: Extracting primitive: xiaoxiangguan_lantern.001
03:47:36 | INFO: Primitives created: 1
03:47:36 | INFO: Extracting primitive: xiaoxiangguan_leaf.001
03:47:36 | INFO: Primitives created: 1
03:47:36 | INFO: Extracting primitive: xiaoxiangguan_leafdark.001
03:47:36 | INFO: Primitives created: 1
03:47:36 | INFO: Extracting primitive: xiaoxiangguan_lightleaf.001
03:47:36 | INFO: Primitives created: 1
03:47:36 | INFO: Extracting primitive: xiaoxiangguan_moss
03:47:36 | INFO: Primitives created: 1
03:47:36 | INFO: Extracting primitive: xiaoxiangguan_paper.001
03:47:36 | INFO: Primitives created: 1
03:47:36 | INFO: Extracting primitive: xiaoxiangguan_paving
03:47:36 | INFO: Primitives created: 1
03:47:36 | INFO: Extracting primitive: xiaoxiangguan_plaster.001
03:47:36 | INFO: Primitives created: 1
03:47:36 | INFO: Extracting primitive: xiaoxiangguan_roof.001
03:47:36 | INFO: Primitives created: 1
03:47:36 | INFO: Extracting primitive: xiaoxiangguan_silk
03:47:36 | INFO: Primitives created: 1
03:47:36 | INFO: Extracting primitive: xiaoxiangguan_stone.001
03:47:36 | INFO: Primitives created: 1
03:47:36 | INFO: Extracting primitive: xiaoxiangguan_tile.001
03:47:36 | INFO: Primitives created: 1
03:47:37 | INFO: Extracting primitive: xiaoxiangguan_tiledark
03:47:37 | INFO: Primitives created: 1
03:47:37 | INFO: Extracting primitive: xiaoxiangguan_tilelight
03:47:37 | INFO: Primitives created: 1
03:47:37 | INFO: Extracting primitive: xiaoxiangguan_water
03:47:37 | INFO: Primitives created: 1
03:47:37 | INFO: Extracting primitive: xiaoxiangguan_wood.001
03:47:37 | INFO: Primitives created: 1
03:47:37 | INFO: Extracting primitive: yihongyuan_bamboo
03:47:37 | INFO: Primitives created: 1
03:47:37 | INFO: Extracting primitive: yihongyuan_bark.001
03:47:37 | INFO: Primitives created: 1
03:47:37 | INFO: Extracting primitive: yihongyuan_darkwood
03:47:37 | INFO: Primitives created: 1
03:47:37 | INFO: Extracting primitive: yihongyuan_earth
03:47:37 | INFO: Primitives created: 1
03:47:37 | INFO: Extracting primitive: yihongyuan_flower
03:47:37 | INFO: Primitives created: 1
03:47:37 | INFO: Extracting primitive: yihongyuan_gold.001
03:47:37 | INFO: Primitives created: 1
03:47:37 | INFO: Extracting primitive: yihongyuan_lantern.001
03:47:37 | INFO: Primitives created: 1
03:47:37 | INFO: Extracting primitive: yihongyuan_leaf
03:47:37 | INFO: Primitives created: 1
03:47:37 | INFO: Extracting primitive: yihongyuan_leafdark.001
03:47:37 | INFO: Primitives created: 1
03:47:37 | INFO: Extracting primitive: yihongyuan_lightleaf
03:47:37 | INFO: Primitives created: 1
03:47:37 | INFO: Extracting primitive: yihongyuan_moss
03:47:37 | INFO: Primitives created: 1
03:47:37 | INFO: Extracting primitive: yihongyuan_paper
03:47:37 | INFO: Primitives created: 1
03:47:37 | INFO: Extracting primitive: yihongyuan_paving
03:47:37 | INFO: Primitives created: 1
03:47:37 | INFO: Extracting primitive: yihongyuan_plaster
03:47:37 | INFO: Primitives created: 1
03:47:37 | INFO: Extracting primitive: yihongyuan_roof
03:47:37 | INFO: Primitives created: 1
03:47:37 | INFO: Extracting primitive: yihongyuan_screen
03:47:37 | INFO: Primitives created: 1
03:47:37 | INFO: Extracting primitive: yihongyuan_silk
03:47:37 | INFO: Primitives created: 1
03:47:37 | INFO: Extracting primitive: yihongyuan_stone
03:47:37 | INFO: Primitives created: 1
03:47:37 | INFO: Extracting primitive: yihongyuan_tile
03:47:37 | INFO: Primitives created: 1
03:47:37 | INFO: Extracting primitive: yihongyuan_tiledark
03:47:37 | INFO: Primitives created: 1
03:47:37 | INFO: Extracting primitive: yihongyuan_tilelight
03:47:37 | INFO: Primitives created: 1
03:47:37 | INFO: Extracting primitive: yihongyuan_wood
03:47:37 | INFO: Primitives created: 1
03:47:37 | INFO: Extracting primitive: hengwuyuan_clay
03:47:37 | INFO: Primitives created: 1
03:47:37 | INFO: Extracting primitive: hengwuyuan_creamflower
03:47:37 | INFO: Primitives created: 1
03:47:37 | INFO: Extracting primitive: hengwuyuan_darkwood
03:47:37 | INFO: Primitives created: 1
03:47:37 | INFO: Extracting primitive: hengwuyuan_earth
03:47:37 | INFO: Primitives created: 1
03:47:37 | INFO: Extracting primitive: hengwuyuan_gold.001
03:47:37 | INFO: Primitives created: 1
03:47:37 | INFO: Extracting primitive: hengwuyuan_lantern.001
03:47:37 | INFO: Primitives created: 1
03:47:37 | INFO: Extracting primitive: hengwuyuan_leaf
03:47:37 | INFO: Primitives created: 1
03:47:37 | INFO: Extracting primitive: hengwuyuan_leafdark
03:47:37 | INFO: Primitives created: 1
03:47:37 | INFO: Extracting primitive: hengwuyuan_lightleaf
03:47:37 | INFO: Primitives created: 1
03:47:37 | INFO: Extracting primitive: hengwuyuan_moss
03:47:37 | INFO: Primitives created: 1
03:47:37 | INFO: Extracting primitive: hengwuyuan_paper
03:47:37 | INFO: Primitives created: 1
03:47:37 | INFO: Extracting primitive: hengwuyuan_paving
03:47:37 | INFO: Primitives created: 1
03:47:37 | INFO: Extracting primitive: hengwuyuan_plaster
03:47:37 | INFO: Primitives created: 1
03:47:37 | INFO: Extracting primitive: hengwuyuan_roof
03:47:37 | INFO: Primitives created: 1
03:47:37 | INFO: Extracting primitive: hengwuyuan_screen
03:47:37 | INFO: Primitives created: 1
03:47:37 | INFO: Extracting primitive: hengwuyuan_stone
03:47:37 | INFO: Primitives created: 1
03:47:37 | INFO: Extracting primitive: hengwuyuan_tile
03:47:37 | INFO: Primitives created: 1
03:47:37 | INFO: Extracting primitive: hengwuyuan_tiledark
03:47:37 | INFO: Primitives created: 1
03:47:37 | INFO: Extracting primitive: hengwuyuan_tilelight
03:47:37 | INFO: Primitives created: 1
03:47:37 | INFO: Extracting primitive: hengwuyuan_wood
03:47:37 | INFO: Primitives created: 1
03:47:37 | INFO: Extracting primitive: qiushuangzhai_ceramic
03:47:37 | INFO: Primitives created: 1
03:47:37 | INFO: Extracting primitive: qiushuangzhai_creamflower
03:47:37 | INFO: Primitives created: 1
03:47:37 | INFO: Extracting primitive: qiushuangzhai_darkwood
03:47:37 | INFO: Primitives created: 1
03:47:37 | INFO: Extracting primitive: qiushuangzhai_earth
03:47:37 | INFO: Primitives created: 1
03:47:37 | INFO: Extracting primitive: qiushuangzhai_gold.001
03:47:37 | INFO: Primitives created: 1
03:47:37 | INFO: Extracting primitive: qiushuangzhai_lantern.001
03:47:37 | INFO: Primitives created: 1
03:47:37 | INFO: Extracting primitive: qiushuangzhai_leaf.001
03:47:37 | INFO: Primitives created: 1
03:47:37 | INFO: Extracting primitive: qiushuangzhai_leafdark
03:47:37 | INFO: Primitives created: 1
03:47:37 | INFO: Extracting primitive: qiushuangzhai_marble
03:47:37 | INFO: Primitives created: 1
03:47:37 | INFO: Extracting primitive: qiushuangzhai_moss
03:47:37 | INFO: Primitives created: 1
03:47:37 | INFO: Extracting primitive: qiushuangzhai_paper
03:47:37 | INFO: Primitives created: 1
03:47:37 | INFO: Extracting primitive: qiushuangzhai_paving
03:47:37 | INFO: Primitives created: 1
03:47:37 | INFO: Extracting primitive: qiushuangzhai_plaster
03:47:37 | INFO: Primitives created: 1
03:47:37 | INFO: Extracting primitive: qiushuangzhai_roof
03:47:37 | INFO: Primitives created: 1
03:47:37 | INFO: Extracting primitive: qiushuangzhai_silk
03:47:37 | INFO: Primitives created: 1
03:47:37 | INFO: Extracting primitive: qiushuangzhai_stone
03:47:37 | INFO: Primitives created: 1
03:47:37 | INFO: Extracting primitive: qiushuangzhai_tile
03:47:37 | INFO: Primitives created: 1
03:47:37 | INFO: Extracting primitive: qiushuangzhai_tiledark
03:47:37 | INFO: Primitives created: 1
03:47:37 | INFO: Extracting primitive: qiushuangzhai_tilelight
03:47:37 | INFO: Primitives created: 1
03:47:37 | INFO: Extracting primitive: qiushuangzhai_wood
03:47:37 | INFO: Primitives created: 1
03:47:37 | INFO: Extracting primitive: daoxiangcun_bark.001
03:47:37 | INFO: Primitives created: 1
03:47:37 | INFO: Extracting primitive: daoxiangcun_clay
03:47:37 | INFO: Primitives created: 1
03:47:37 | INFO: Extracting primitive: daoxiangcun_creamflower
03:47:37 | INFO: Primitives created: 1
03:47:37 | INFO: Extracting primitive: daoxiangcun_darkwood
03:47:37 | INFO: Primitives created: 1
03:47:37 | INFO: Extracting primitive: daoxiangcun_flower
03:47:37 | INFO: Primitives created: 1
03:47:37 | INFO: Extracting primitive: daoxiangcun_lightleaf
03:47:37 | INFO: Primitives created: 1
03:47:37 | INFO: Extracting primitive: daoxiangcun_paving
03:47:37 | INFO: Primitives created: 1
03:47:37 | INFO: Extracting primitive: daoxiangcun_screen
03:47:37 | INFO: Primitives created: 1
03:47:37 | INFO: Extracting primitive: daoxiangcun_stone
03:47:37 | INFO: Primitives created: 1
03:47:37 | INFO: Extracting primitive: daoxiangcun_thatch
03:47:37 | INFO: Primitives created: 1
03:47:37 | INFO: Extracting primitive: daoxiangcun_wood
03:47:37 | INFO: Primitives created: 1
03:47:37 | INFO: Extracting primitive: ouxiangxie_bamboo.001
03:47:37 | INFO: Primitives created: 1
03:47:37 | INFO: Extracting primitive: ouxiangxie_darkwood
03:47:37 | INFO: Primitives created: 1
03:47:37 | INFO: Extracting primitive: ouxiangxie_gold.001
03:47:37 | INFO: Primitives created: 1
03:47:37 | INFO: Extracting primitive: ouxiangxie_lantern.001
03:47:37 | INFO: Primitives created: 1
03:47:37 | INFO: Extracting primitive: ouxiangxie_paper.001
03:47:37 | INFO: Primitives created: 1
03:47:37 | INFO: Extracting primitive: ouxiangxie_roof
03:47:37 | INFO: Primitives created: 1
03:47:37 | INFO: Extracting primitive: ouxiangxie_silk.001
03:47:37 | INFO: Primitives created: 1
03:47:37 | INFO: Extracting primitive: ouxiangxie_stone
03:47:37 | INFO: Primitives created: 1
03:47:37 | INFO: Extracting primitive: ouxiangxie_tile
03:47:38 | INFO: Primitives created: 1
03:47:38 | INFO: Extracting primitive: ouxiangxie_tiledark
03:47:38 | INFO: Primitives created: 1
03:47:38 | INFO: Extracting primitive: ouxiangxie_tilelight
03:47:38 | INFO: Primitives created: 1
03:47:38 | INFO: Extracting primitive: ouxiangxie_wood
03:47:38 | INFO: Primitives created: 1
03:47:38 | INFO: Extracting primitive: dicuiting_darkwood.001
03:47:38 | INFO: Primitives created: 1
03:47:38 | INFO: Extracting primitive: dicuiting_gold.001
03:47:38 | INFO: Primitives created: 1
03:47:38 | INFO: Extracting primitive: dicuiting_lantern.001
03:47:38 | INFO: Primitives created: 1
03:47:38 | INFO: Extracting primitive: dicuiting_paving.001
03:47:38 | INFO: Primitives created: 1
03:47:38 | INFO: Extracting primitive: dicuiting_roof
03:47:38 | INFO: Primitives created: 1
03:47:38 | INFO: Extracting primitive: dicuiting_stone
03:47:38 | INFO: Primitives created: 1
03:47:38 | INFO: Extracting primitive: dicuiting_tile
03:47:38 | INFO: Primitives created: 1
03:47:38 | INFO: Extracting primitive: dicuiting_tiledark.001
03:47:38 | INFO: Primitives created: 1
03:47:38 | INFO: Extracting primitive: dicuiting_tilelight.001
03:47:38 | INFO: Primitives created: 1
03:47:38 | INFO: Extracting primitive: dicuiting_wood
03:47:38 | INFO: Primitives created: 1
03:47:38 | INFO: Extracting primitive: luxuean_bamboo
03:47:38 | INFO: Primitives created: 1
03:47:38 | INFO: Extracting primitive: luxuean_clay
03:47:38 | INFO: Primitives created: 1
03:47:38 | INFO: Extracting primitive: luxuean_lightleaf
03:47:38 | INFO: Primitives created: 1
03:47:38 | INFO: Extracting primitive: luxuean_paving
03:47:38 | INFO: Primitives created: 1
03:47:38 | INFO: Extracting primitive: luxuean_stone
03:47:38 | INFO: Primitives created: 1
03:47:38 | INFO: Extracting primitive: luxuean_thatch
03:47:38 | INFO: Primitives created: 1
03:47:38 | INFO: Extracting primitive: luxuean_wood
03:47:38 | INFO: Primitives created: 1
03:47:38 | INFO: Extracting primitive: tubishanzhuang_bark.001
03:47:38 | INFO: Primitives created: 1
03:47:38 | INFO: Extracting primitive: tubishanzhuang_canopy.001
03:47:38 | INFO: Primitives created: 1
03:47:38 | INFO: Extracting primitive: tubishanzhuang_canopy_light.001
03:47:38 | INFO: Primitives created: 1
03:47:38 | INFO: Extracting primitive: tubishanzhuang_canopy_shadow.001
03:47:38 | INFO: Primitives created: 1
03:47:38 | INFO: Extracting primitive: tubishanzhuang_darkwood
03:47:38 | INFO: Primitives created: 1
03:47:38 | INFO: Extracting primitive: tubishanzhuang_paper.001
03:47:38 | INFO: Primitives created: 1
03:47:38 | INFO: Extracting primitive: tubishanzhuang_paving
03:47:38 | INFO: Primitives created: 1
03:47:38 | INFO: Extracting primitive: tubishanzhuang_plaster
03:47:38 | INFO: Primitives created: 1
03:47:38 | INFO: Extracting primitive: tubishanzhuang_roof
03:47:38 | INFO: Primitives created: 1
03:47:38 | INFO: Extracting primitive: tubishanzhuang_stone
03:47:38 | INFO: Primitives created: 1
03:47:38 | INFO: Extracting primitive: tubishanzhuang_tile
03:47:38 | INFO: Primitives created: 1
03:47:38 | INFO: Extracting primitive: tubishanzhuang_tiledark
03:47:38 | INFO: Primitives created: 1
03:47:38 | INFO: Extracting primitive: tubishanzhuang_tilelight
03:47:38 | INFO: Primitives created: 1
03:47:38 | INFO: Extracting primitive: tubishanzhuang_wood
03:47:38 | INFO: Primitives created: 1
03:47:38 | INFO: Extracting primitive: aojingxiguan_bark.001
03:47:38 | INFO: Primitives created: 1
03:47:38 | INFO: Extracting primitive: aojingxiguan_canopy.001
03:47:38 | INFO: Primitives created: 1
03:47:38 | INFO: Extracting primitive: aojingxiguan_canopy_light.001
03:47:38 | INFO: Primitives created: 1
03:47:38 | INFO: Extracting primitive: aojingxiguan_canopy_shadow.001
03:47:38 | INFO: Primitives created: 1
03:47:38 | INFO: Extracting primitive: aojingxiguan_darkwood
03:47:38 | INFO: Primitives created: 1
03:47:38 | INFO: Extracting primitive: aojingxiguan_paper.001
03:47:38 | INFO: Primitives created: 1
03:47:38 | INFO: Extracting primitive: aojingxiguan_paving
03:47:38 | INFO: Primitives created: 1
03:47:38 | INFO: Extracting primitive: aojingxiguan_plaster
03:47:38 | INFO: Primitives created: 1
03:47:38 | INFO: Extracting primitive: aojingxiguan_roof
03:47:38 | INFO: Primitives created: 1
03:47:38 | INFO: Extracting primitive: aojingxiguan_stone
03:47:38 | INFO: Primitives created: 1
03:47:38 | INFO: Extracting primitive: aojingxiguan_tile
03:47:38 | INFO: Primitives created: 1
03:47:38 | INFO: Extracting primitive: aojingxiguan_tiledark
03:47:38 | INFO: Primitives created: 1
03:47:38 | INFO: Extracting primitive: aojingxiguan_tilelight
03:47:38 | INFO: Primitives created: 1
03:47:38 | INFO: Extracting primitive: aojingxiguan_wood
03:47:38 | INFO: Primitives created: 1
03:47:38 | INFO: Extracting primitive: daguanlou_bark.001
03:47:38 | INFO: Primitives created: 1
03:47:38 | INFO: Extracting primitive: daguanlou_canopy.001
03:47:38 | INFO: Primitives created: 1
03:47:38 | INFO: Extracting primitive: daguanlou_canopy_light.001
03:47:38 | INFO: Primitives created: 1
03:47:38 | INFO: Extracting primitive: daguanlou_canopy_shadow.001
03:47:38 | INFO: Primitives created: 1
03:47:38 | INFO: Extracting primitive: daguanlou_darkwood.001
03:47:38 | INFO: Primitives created: 1
03:47:38 | INFO: Extracting primitive: daguanlou_gold.001
03:47:38 | INFO: Primitives created: 1
03:47:38 | INFO: Extracting primitive: daguanlou_lantern.001
03:47:38 | INFO: Primitives created: 1
03:47:38 | INFO: Extracting primitive: daguanlou_paper.001
03:47:38 | INFO: Primitives created: 1
03:47:38 | INFO: Extracting primitive: daguanlou_paving.001
03:47:38 | INFO: Primitives created: 1
03:47:38 | INFO: Extracting primitive: daguanlou_plaster.001
03:47:38 | INFO: Primitives created: 1
03:47:38 | INFO: Extracting primitive: daguanlou_roof.001
03:47:38 | INFO: Primitives created: 1
03:47:38 | INFO: Extracting primitive: daguanlou_screen.001
03:47:38 | INFO: Primitives created: 1
03:47:38 | INFO: Extracting primitive: daguanlou_stone.001
03:47:38 | INFO: Primitives created: 1
03:47:38 | INFO: Extracting primitive: daguanlou_tile.001
03:47:38 | INFO: Primitives created: 1
03:47:38 | INFO: Extracting primitive: daguanlou_tiledark.001
03:47:39 | INFO: Primitives created: 1
03:47:39 | INFO: Extracting primitive: daguanlou_tilelight.001
03:47:39 | INFO: Primitives created: 1
03:47:39 | INFO: Extracting primitive: daguanlou_wood.001
03:47:39 | INFO: Primitives created: 1
03:47:39 | INFO: Extracting primitive: longcuian_bark.001
03:47:39 | INFO: Primitives created: 1
03:47:39 | INFO: Extracting primitive: longcuian_canopy.001
03:47:39 | INFO: Primitives created: 1
03:47:39 | INFO: Extracting primitive: longcuian_canopy_light.001
03:47:39 | INFO: Primitives created: 1
03:47:39 | INFO: Extracting primitive: longcuian_canopy_shadow.001
03:47:39 | INFO: Primitives created: 1
03:47:39 | INFO: Extracting primitive: longcuian_ceramic.001
03:47:39 | INFO: Primitives created: 1
03:47:39 | INFO: Extracting primitive: longcuian_darkwood.001
03:47:39 | INFO: Primitives created: 1
03:47:39 | INFO: Extracting primitive: longcuian_flower.001
03:47:39 | INFO: Primitives created: 1
03:47:39 | INFO: Extracting primitive: longcuian_paper.001
03:47:39 | INFO: Primitives created: 1
03:47:39 | INFO: Extracting primitive: longcuian_paving.001
03:47:39 | INFO: Primitives created: 1
03:47:39 | INFO: Extracting primitive: longcuian_plaster.001
03:47:39 | INFO: Primitives created: 1
03:47:39 | INFO: Extracting primitive: longcuian_roof.001
03:47:39 | INFO: Primitives created: 1
03:47:39 | INFO: Extracting primitive: longcuian_screen.001
03:47:39 | INFO: Primitives created: 1
03:47:39 | INFO: Extracting primitive: longcuian_stone.001
03:47:39 | INFO: Primitives created: 1
03:47:39 | INFO: Extracting primitive: longcuian_tile.001
03:47:39 | INFO: Primitives created: 1
03:47:39 | INFO: Extracting primitive: longcuian_tiledark.001
03:47:39 | INFO: Primitives created: 1
03:47:39 | INFO: Extracting primitive: longcuian_tilelight.001
03:47:39 | INFO: Primitives created: 1
03:47:39 | INFO: Extracting primitive: longcuian_wood.001
03:47:39 | INFO: Primitives created: 1
03:47:39 | INFO: Extracting primitive: nuanxiangwu_bark.001
03:47:39 | INFO: Primitives created: 1
03:47:39 | INFO: Extracting primitive: nuanxiangwu_ceramic.001
03:47:39 | INFO: Primitives created: 1
03:47:39 | INFO: Extracting primitive: nuanxiangwu_creamflower.001
03:47:39 | INFO: Primitives created: 1
03:47:39 | INFO: Extracting primitive: nuanxiangwu_darkwood.001
03:47:39 | INFO: Primitives created: 1
03:47:39 | INFO: Extracting primitive: nuanxiangwu_paper.001
03:47:39 | INFO: Primitives created: 1
03:47:39 | INFO: Extracting primitive: nuanxiangwu_paving.001
03:47:39 | INFO: Primitives created: 1
03:47:39 | INFO: Extracting primitive: nuanxiangwu_plaster.001
03:47:39 | INFO: Primitives created: 1
03:47:39 | INFO: Extracting primitive: nuanxiangwu_roof.001
03:47:39 | INFO: Primitives created: 1
03:47:39 | INFO: Extracting primitive: nuanxiangwu_screen.001
03:47:39 | INFO: Primitives created: 1
03:47:39 | INFO: Extracting primitive: nuanxiangwu_silk.001
03:47:39 | INFO: Primitives created: 1
03:47:39 | INFO: Extracting primitive: nuanxiangwu_stone.001
03:47:39 | INFO: Primitives created: 1
03:47:39 | INFO: Extracting primitive: nuanxiangwu_tile.001
03:47:39 | INFO: Primitives created: 1
03:47:39 | INFO: Extracting primitive: nuanxiangwu_tiledark.001
03:47:39 | INFO: Primitives created: 1
03:47:39 | INFO: Extracting primitive: nuanxiangwu_tilelight.001
03:47:39 | INFO: Primitives created: 1
03:47:39 | INFO: Extracting primitive: nuanxiangwu_wood.001
03:47:39 | INFO: Primitives created: 1
03:47:39 | INFO: Extracting primitive: landscape_earth
03:47:39 | INFO: Primitives created: 1
03:47:41 | INFO: Extracting primitive: landscape_stone
03:47:41 | INFO: Primitives created: 1
03:47:41 | INFO: Extracting primitive: landscape_leafdark.001
03:47:42 | INFO: Primitives created: 1
03:47:42 | INFO: Extracting primitive: landscape_leaf.001
03:47:42 | INFO: Primitives created: 1
03:47:42 | INFO: Extracting primitive: landscape_moss.001
03:47:42 | INFO: Primitives created: 1
03:47:42 | INFO: Extracting primitive: landscape_bark.001
03:47:42 | INFO: Primitives created: 1
03:47:43 | INFO: Extracting primitive: landscape_bamboo
03:47:43 | INFO: Primitives created: 1
03:47:43 | INFO: Extracting primitive: landscape_canopy_light.001
03:47:43 | INFO: Primitives created: 1
03:47:43 | INFO: Extracting primitive: landscape_lightleaf
03:47:43 | INFO: Primitives created: 1
03:47:44 | INFO: Extracting primitive: landscape_flower
03:47:44 | INFO: Primitives created: 1
03:47:44 | INFO: Extracting primitive: landscape_creamflower
03:47:44 | INFO: Primitives created: 1
03:47:44 | INFO: Extracting primitive: landscape_plaster.001
03:47:44 | INFO: Primitives created: 1
03:47:44 | INFO: Extracting primitive: landscape_roof.001
03:47:44 | INFO: Primitives created: 1
03:47:44 | INFO: Extracting primitive: landscape_tile.001
03:47:44 | INFO: Primitives created: 1
03:47:44 | INFO: Extracting primitive: landscape_canopy_shadow.001
03:47:44 | INFO: Primitives created: 1
03:47:44 | INFO: Extracting primitive: landscape_canopy.001
03:47:44 | INFO: Primitives created: 1
03:47:44 | INFO: Extracting primitive: landscape_paving.001
03:47:44 | INFO: Primitives created: 1
03:47:44 | INFO: Extracting primitive: landscape_wood
03:47:44 | INFO: Primitives created: 1
03:47:44 | INFO: Extracting primitive: landscape_darkwood.001
03:47:44 | INFO: Primitives created: 1
03:47:44 | INFO: Extracting primitive: landscape_lantern.001
03:47:44 | INFO: Primitives created: 1
03:47:44 | INFO: Extracting primitive: landscape_gold.001
03:47:44 | INFO: Primitives created: 1
03:47:44 | INFO: Extracting primitive: landscape_tiledark.001
03:47:44 | INFO: Primitives created: 1
03:47:44 | INFO: Extracting primitive: landscape_tilelight.001
03:47:44 | INFO: Primitives created: 1
03:47:45 | INFO: Finished glTF 2.0 export in 9.489048957824707 s
WARN (bke.modifier): C:\Users\blender\git\blender-v450\blender.git\source\blender\blenkernel\intern\modifier.cc:425 BKE_modifier_set_error: Object: "xiaoxiangguan_water", Modifier: "Mobile_Overview", Modifier requires more than 3 input faces

03:48:15 | INFO: Starting glTF 2.0 export
03:48:15 | WARNING: Mesh Mobile_daguanyuan_gate is not valid, and may be exported wrongly
03:48:15 | INFO: Extracting primitive: Mobile_daguanyuan_gate
03:48:15 | INFO: Primitives created: 1
03:48:15 | WARNING: Mesh Mobile_qujingtongyou is not valid, and may be exported wrongly
03:48:15 | INFO: Extracting primitive: Mobile_qujingtongyou
03:48:15 | INFO: Primitives created: 1
03:48:15 | WARNING: Mesh Mobile_xiaoxiangguan is not valid, and may be exported wrongly
03:48:15 | INFO: Extracting primitive: Mobile_xiaoxiangguan
03:48:15 | INFO: Primitives created: 1
03:48:15 | INFO: Extracting primitive: xiaoxiangguan_lantern.001
03:48:15 | INFO: Primitives created: 1
03:48:15 | WARNING: Mesh Mobile_yihongyuan is not valid, and may be exported wrongly
03:48:15 | INFO: Extracting primitive: Mobile_yihongyuan
03:48:15 | INFO: Primitives created: 1
03:48:15 | INFO: Extracting primitive: yihongyuan_lantern.001
03:48:15 | INFO: Primitives created: 1
03:48:15 | INFO: Extracting primitive: hengwuyuan_lantern.001
03:48:15 | INFO: Primitives created: 1
03:48:15 | WARNING: Mesh Mobile_hengwuyuan is not valid, and may be exported wrongly
03:48:15 | INFO: Extracting primitive: Mobile_hengwuyuan
03:48:15 | INFO: Primitives created: 1
03:48:15 | WARNING: Mesh Mobile_qiushuangzhai is not valid, and may be exported wrongly
03:48:15 | INFO: Extracting primitive: Mobile_qiushuangzhai
03:48:15 | INFO: Primitives created: 1
03:48:15 | INFO: Extracting primitive: qiushuangzhai_lantern.001
03:48:15 | INFO: Primitives created: 1
03:48:15 | WARNING: Mesh Mobile_daoxiangcun is not valid, and may be exported wrongly
03:48:15 | INFO: Extracting primitive: Mobile_daoxiangcun
03:48:15 | INFO: Primitives created: 1
03:48:15 | WARNING: Mesh Mobile_ouxiangxie is not valid, and may be exported wrongly
03:48:15 | INFO: Extracting primitive: Mobile_ouxiangxie
03:48:15 | INFO: Primitives created: 1
03:48:15 | INFO: Extracting primitive: ouxiangxie_lantern.001
03:48:15 | INFO: Primitives created: 1
03:48:15 | INFO: Extracting primitive: dicuiting_lantern.001
03:48:15 | INFO: Primitives created: 1
03:48:15 | WARNING: Mesh Mobile_dicuiting is not valid, and may be exported wrongly
03:48:15 | INFO: Extracting primitive: Mobile_dicuiting
03:48:15 | INFO: Primitives created: 1
03:48:15 | WARNING: Mesh Mobile_luxuean is not valid, and may be exported wrongly
03:48:15 | INFO: Extracting primitive: Mobile_luxuean
03:48:15 | INFO: Primitives created: 1
03:48:15 | WARNING: Mesh Mobile_tubishanzhuang is not valid, and may be exported wrongly
03:48:15 | INFO: Extracting primitive: Mobile_tubishanzhuang
03:48:15 | INFO: Primitives created: 1
03:48:15 | WARNING: Mesh Mobile_aojingxiguan is not valid, and may be exported wrongly
03:48:15 | INFO: Extracting primitive: Mobile_aojingxiguan
03:48:15 | INFO: Primitives created: 1
03:48:15 | INFO: Extracting primitive: daguanlou_lantern.001
03:48:15 | INFO: Primitives created: 1
03:48:15 | WARNING: Mesh Mobile_daguanlou is not valid, and may be exported wrongly
03:48:15 | INFO: Extracting primitive: Mobile_daguanlou
03:48:15 | INFO: Primitives created: 1
03:48:15 | WARNING: Mesh Mobile_longcuian is not valid, and may be exported wrongly
03:48:15 | INFO: Extracting primitive: Mobile_longcuian
03:48:15 | INFO: Primitives created: 1
03:48:15 | WARNING: Mesh Mobile_nuanxiangwu is not valid, and may be exported wrongly
03:48:15 | INFO: Extracting primitive: Mobile_nuanxiangwu
03:48:15 | INFO: Primitives created: 1
03:48:15 | INFO: Extracting primitive: landscape_lantern.001
03:48:15 | INFO: Primitives created: 1
03:48:15 | WARNING: Mesh Mobile_landscape is not valid, and may be exported wrongly
03:48:15 | INFO: Extracting primitive: Mobile_landscape
03:48:16 | INFO: Primitives created: 1
03:48:16 | INFO: Finished glTF 2.0 export in 0.7957310676574707 s

REFERENCE WORLD COMPLETE 277
Blender 4.5.9 LTS (hash 8bf95cbd38d1 built 2026-04-21 01:33:45)
Read blend: "D:\Users\Lenovo\Desktop\大观园\blender\daguanyuan_master.blend"

Blender quit
