
> daguanyuan-rumeng@1.0.0 models:build
> node scripts/pipeline.mjs models

03:20:24 | INFO: Data are loaded, start creating Blender stuff
03:20:24 | INFO: Blender create Mesh node island_trees_01_blockout_cleaned
03:20:26 | INFO: glTF import finished in 1.92s
INFO Draco mesh compression is available, use library at D:\Users\Lenovo\Desktop\大观园\.tools\blender-4.5.9-windows-x64\4.5\scripts\addons_core\io_scene_gltf2\extern_draco.dll
03:20:27 | INFO: Starting glTF 2.0 export
03:20:27 | INFO: Extracting primitive: Reference_Tree_Prototype_trunk
03:20:27 | WARNING: More than one shader node tex image used for a texture. The resulting glTF sampler will behave like the first shader node tex image.
03:20:27 | INFO: Primitives created: 2
03:20:27 | INFO: Finished glTF 2.0 export in 0.09147930145263672 s

03:20:28 | INFO: Starting glTF 2.0 export
03:20:28 | INFO: Extracting primitive: Reference_Tree_Mobile_trunk
03:20:28 | WARNING: More than one shader node tex image used for a texture. The resulting glTF sampler will behave like the first shader node tex image.
03:20:28 | INFO: Primitives created: 2
03:20:28 | INFO: Finished glTF 2.0 export in 0.025305509567260742 s

CANOPY LOD 10173
03:20:28 | INFO: Data are loaded, start creating Blender stuff
03:20:28 | INFO: Blender create Mesh node Plane.001
03:20:30 | INFO: glTF import finished in 1.73s
Warning: No mesh data to join
03:20:59 | INFO: Starting glTF 2.0 export
03:20:59 | INFO: Extracting primitive: daguanyuan_gate_darkwood.001
03:20:59 | INFO: Primitives created: 1
03:20:59 | INFO: Extracting primitive: daguanyuan_gate_paper
03:20:59 | INFO: Primitives created: 1
03:20:59 | INFO: Extracting primitive: daguanyuan_gate_paving.001
03:20:59 | INFO: Primitives created: 1
03:20:59 | INFO: Extracting primitive: daguanyuan_gate_plaster.001
03:20:59 | INFO: Primitives created: 1
03:20:59 | INFO: Extracting primitive: daguanyuan_gate_roof.001
03:20:59 | INFO: Primitives created: 1
03:20:59 | INFO: Extracting primitive: daguanyuan_gate_stone.001
03:20:59 | INFO: Primitives created: 1
03:20:59 | INFO: Extracting primitive: daguanyuan_gate_tile.001
03:20:59 | INFO: Primitives created: 1
03:20:59 | INFO: Extracting primitive: daguanyuan_gate_tiledark.001
03:20:59 | INFO: Primitives created: 1
03:20:59 | INFO: Extracting primitive: daguanyuan_gate_tilelight.001
03:20:59 | INFO: Primitives created: 1
03:20:59 | INFO: Extracting primitive: daguanyuan_gate_wood.001
03:20:59 | INFO: Primitives created: 1
03:20:59 | INFO: Finished glTF 2.0 export in 0.15406107902526855 s

03:20:59 | INFO: Starting glTF 2.0 export
03:20:59 | INFO: Extracting primitive: daguanyuan_gate_darkwood.001
03:20:59 | INFO: Primitives created: 1
03:20:59 | INFO: Extracting primitive: daguanyuan_gate_paper
03:20:59 | INFO: Primitives created: 1
03:20:59 | INFO: Extracting primitive: daguanyuan_gate_paving.001
03:20:59 | INFO: Primitives created: 1
03:20:59 | INFO: Extracting primitive: daguanyuan_gate_plaster.001
03:20:59 | INFO: Primitives created: 1
03:20:59 | INFO: Extracting primitive: daguanyuan_gate_roof.001
03:20:59 | INFO: Primitives created: 1
03:20:59 | INFO: Extracting primitive: daguanyuan_gate_stone.001
03:20:59 | INFO: Primitives created: 1
03:20:59 | INFO: Extracting primitive: daguanyuan_gate_tile.001
03:20:59 | INFO: Primitives created: 1
03:20:59 | INFO: Extracting primitive: daguanyuan_gate_tiledark.001
03:20:59 | INFO: Primitives created: 1
03:20:59 | INFO: Extracting primitive: daguanyuan_gate_tilelight.001
03:20:59 | INFO: Primitives created: 1
03:20:59 | INFO: Extracting primitive: daguanyuan_gate_wood.001
03:20:59 | INFO: Primitives created: 1
03:20:59 | INFO: Finished glTF 2.0 export in 0.1591939926147461 s

REFERENCE PLACE daguanyuan_gate
03:21:00 | INFO: Starting glTF 2.0 export
03:21:00 | INFO: Extracting primitive: qujingtongyou_bark
03:21:00 | INFO: Primitives created: 1
03:21:00 | INFO: Extracting primitive: qujingtongyou_canopy
03:21:00 | INFO: Primitives created: 1
03:21:00 | INFO: Extracting primitive: qujingtongyou_canopy_light
03:21:00 | INFO: Primitives created: 1
03:21:00 | INFO: Extracting primitive: qujingtongyou_canopy_shadow
03:21:00 | INFO: Primitives created: 1
03:21:00 | INFO: Extracting primitive: qujingtongyou_moss
03:21:00 | INFO: Primitives created: 1
03:21:00 | INFO: Extracting primitive: qujingtongyou_paving
03:21:00 | INFO: Primitives created: 1
03:21:00 | INFO: Extracting primitive: qujingtongyou_stone.001
03:21:00 | INFO: Primitives created: 1
03:21:00 | INFO: Finished glTF 2.0 export in 0.07372045516967773 s

03:21:00 | INFO: Starting glTF 2.0 export
03:21:00 | INFO: Extracting primitive: qujingtongyou_bark
03:21:00 | INFO: Primitives created: 1
03:21:00 | INFO: Extracting primitive: qujingtongyou_canopy
03:21:00 | INFO: Primitives created: 1
03:21:00 | INFO: Extracting primitive: qujingtongyou_canopy_light
03:21:00 | INFO: Primitives created: 1
03:21:00 | INFO: Extracting primitive: qujingtongyou_canopy_shadow
03:21:00 | INFO: Primitives created: 1
03:21:00 | INFO: Extracting primitive: qujingtongyou_moss
03:21:00 | INFO: Primitives created: 1
03:21:00 | INFO: Extracting primitive: qujingtongyou_paving
03:21:00 | INFO: Primitives created: 1
03:21:00 | INFO: Extracting primitive: qujingtongyou_stone.001
03:21:00 | INFO: Primitives created: 1
03:21:00 | INFO: Finished glTF 2.0 export in 0.09607887268066406 s

REFERENCE PLACE qujingtongyou
03:21:03 | INFO: Starting glTF 2.0 export
03:21:03 | INFO: Extracting primitive: xiaoxiangguan_bamboo
03:21:03 | INFO: Primitives created: 1
03:21:03 | INFO: Extracting primitive: xiaoxiangguan_bark
03:21:03 | INFO: Primitives created: 1
03:21:03 | INFO: Extracting primitive: xiaoxiangguan_creamflower
03:21:03 | INFO: Primitives created: 1
03:21:03 | INFO: Extracting primitive: xiaoxiangguan_darkwood
03:21:03 | INFO: Primitives created: 1
03:21:03 | INFO: Extracting primitive: xiaoxiangguan_earth
03:21:03 | INFO: Primitives created: 1
03:21:03 | INFO: Extracting primitive: xiaoxiangguan_gold
03:21:03 | INFO: Primitives created: 1
03:21:03 | INFO: Extracting primitive: xiaoxiangguan_lantern
03:21:03 | INFO: Primitives created: 1
03:21:03 | INFO: Extracting primitive: xiaoxiangguan_leaf
03:21:03 | INFO: Primitives created: 1
03:21:03 | INFO: Extracting primitive: xiaoxiangguan_leafdark
03:21:03 | INFO: Primitives created: 1
03:21:03 | INFO: Extracting primitive: xiaoxiangguan_lightleaf
03:21:03 | INFO: Primitives created: 1
03:21:03 | INFO: Extracting primitive: xiaoxiangguan_moss.001
03:21:03 | INFO: Primitives created: 1
03:21:03 | INFO: Extracting primitive: xiaoxiangguan_paper
03:21:03 | INFO: Primitives created: 1
03:21:03 | INFO: Extracting primitive: xiaoxiangguan_paving.001
03:21:03 | INFO: Primitives created: 1
03:21:03 | INFO: Extracting primitive: xiaoxiangguan_plaster
03:21:03 | INFO: Primitives created: 1
03:21:03 | INFO: Extracting primitive: xiaoxiangguan_roof
03:21:03 | INFO: Primitives created: 1
03:21:03 | INFO: Extracting primitive: xiaoxiangguan_silk.001
03:21:03 | INFO: Primitives created: 1
03:21:03 | INFO: Extracting primitive: xiaoxiangguan_stone
03:21:03 | INFO: Primitives created: 1
03:21:03 | INFO: Extracting primitive: xiaoxiangguan_tile
03:21:03 | INFO: Primitives created: 1
03:21:03 | INFO: Extracting primitive: xiaoxiangguan_tiledark.001
03:21:03 | INFO: Primitives created: 1
03:21:03 | INFO: Extracting primitive: xiaoxiangguan_tilelight.001
03:21:03 | INFO: Primitives created: 1
03:21:03 | INFO: Extracting primitive: xiaoxiangguan_water.001
03:21:03 | INFO: Primitives created: 1
03:21:03 | INFO: Extracting primitive: xiaoxiangguan_wood
03:21:03 | INFO: Primitives created: 1
03:21:03 | INFO: Finished glTF 2.0 export in 0.46892762184143066 s

03:21:03 | INFO: Starting glTF 2.0 export
03:21:03 | INFO: Extracting primitive: xiaoxiangguan_bamboo
03:21:03 | INFO: Primitives created: 1
03:21:03 | INFO: Extracting primitive: xiaoxiangguan_bark
03:21:03 | INFO: Primitives created: 1
03:21:03 | INFO: Extracting primitive: xiaoxiangguan_creamflower
03:21:03 | INFO: Primitives created: 1
03:21:03 | INFO: Extracting primitive: xiaoxiangguan_darkwood
03:21:03 | INFO: Primitives created: 1
03:21:03 | INFO: Extracting primitive: xiaoxiangguan_earth
03:21:03 | INFO: Primitives created: 1
03:21:03 | INFO: Extracting primitive: xiaoxiangguan_gold
03:21:03 | INFO: Primitives created: 1
03:21:03 | INFO: Extracting primitive: xiaoxiangguan_lantern
03:21:03 | INFO: Primitives created: 1
03:21:04 | INFO: Extracting primitive: xiaoxiangguan_leaf
03:21:04 | INFO: Primitives created: 1
03:21:04 | INFO: Extracting primitive: xiaoxiangguan_leafdark
03:21:04 | INFO: Primitives created: 1
03:21:04 | INFO: Extracting primitive: xiaoxiangguan_lightleaf
03:21:04 | INFO: Primitives created: 1
03:21:04 | INFO: Extracting primitive: xiaoxiangguan_moss.001
03:21:04 | INFO: Primitives created: 1
03:21:04 | INFO: Extracting primitive: xiaoxiangguan_paper
03:21:04 | INFO: Primitives created: 1
03:21:04 | INFO: Extracting primitive: xiaoxiangguan_paving.001
03:21:04 | INFO: Primitives created: 1
03:21:04 | INFO: Extracting primitive: xiaoxiangguan_plaster
03:21:04 | INFO: Primitives created: 1
03:21:04 | INFO: Extracting primitive: xiaoxiangguan_roof
03:21:04 | INFO: Primitives created: 1
03:21:04 | INFO: Extracting primitive: xiaoxiangguan_silk.001
03:21:04 | INFO: Primitives created: 1
03:21:04 | INFO: Extracting primitive: xiaoxiangguan_stone
03:21:04 | INFO: Primitives created: 1
03:21:04 | INFO: Extracting primitive: xiaoxiangguan_tile
03:21:04 | INFO: Primitives created: 1
03:21:04 | INFO: Extracting primitive: xiaoxiangguan_tiledark.001
03:21:04 | INFO: Primitives created: 1
03:21:04 | INFO: Extracting primitive: xiaoxiangguan_tilelight.001
03:21:04 | INFO: Primitives created: 1
03:21:04 | INFO: Extracting primitive: xiaoxiangguan_water.001
03:21:04 | INFO: Primitives created: 1
03:21:04 | INFO: Extracting primitive: xiaoxiangguan_wood
03:21:04 | INFO: Primitives created: 1
03:21:04 | INFO: Finished glTF 2.0 export in 0.7890956401824951 s

REFERENCE PLACE xiaoxiangguan
03:21:06 | INFO: Starting glTF 2.0 export
03:21:06 | INFO: Extracting primitive: yihongyuan_bamboo.001
03:21:06 | INFO: Primitives created: 1
03:21:06 | INFO: Extracting primitive: yihongyuan_bark
03:21:06 | INFO: Primitives created: 1
03:21:06 | INFO: Extracting primitive: yihongyuan_darkwood.001
03:21:06 | INFO: Primitives created: 1
03:21:06 | INFO: Extracting primitive: yihongyuan_earth.001
03:21:06 | INFO: Primitives created: 1
03:21:06 | INFO: Extracting primitive: yihongyuan_flower.001
03:21:06 | INFO: Primitives created: 1
03:21:06 | INFO: Extracting primitive: yihongyuan_gold
03:21:06 | INFO: Primitives created: 1
03:21:06 | INFO: Extracting primitive: yihongyuan_lantern
03:21:06 | INFO: Primitives created: 1
03:21:06 | INFO: Extracting primitive: yihongyuan_leaf.001
03:21:06 | INFO: Primitives created: 1
03:21:06 | INFO: Extracting primitive: yihongyuan_leafdark
03:21:06 | INFO: Primitives created: 1
03:21:06 | INFO: Extracting primitive: yihongyuan_lightleaf.001
03:21:06 | INFO: Primitives created: 1
03:21:06 | INFO: Extracting primitive: yihongyuan_moss.001
03:21:06 | INFO: Primitives created: 1
03:21:06 | INFO: Extracting primitive: yihongyuan_paper.001
03:21:06 | INFO: Primitives created: 1
03:21:06 | INFO: Extracting primitive: yihongyuan_paving.001
03:21:06 | INFO: Primitives created: 1
03:21:06 | INFO: Extracting primitive: yihongyuan_plaster.001
03:21:06 | INFO: Primitives created: 1
03:21:06 | INFO: Extracting primitive: yihongyuan_roof.001
03:21:06 | INFO: Primitives created: 1
03:21:06 | INFO: Extracting primitive: yihongyuan_screen.001
03:21:06 | INFO: Primitives created: 1
03:21:06 | INFO: Extracting primitive: yihongyuan_silk.001
03:21:06 | INFO: Primitives created: 1
03:21:06 | INFO: Extracting primitive: yihongyuan_stone.001
03:21:06 | INFO: Primitives created: 1
03:21:06 | INFO: Extracting primitive: yihongyuan_tile.001
03:21:06 | INFO: Primitives created: 1
03:21:06 | INFO: Extracting primitive: yihongyuan_tiledark.001
03:21:06 | INFO: Primitives created: 1
03:21:06 | INFO: Extracting primitive: yihongyuan_tilelight.001
03:21:06 | INFO: Primitives created: 1
03:21:06 | INFO: Extracting primitive: yihongyuan_wood.001
03:21:06 | INFO: Primitives created: 1
03:21:06 | INFO: Finished glTF 2.0 export in 0.3565545082092285 s

03:21:06 | INFO: Starting glTF 2.0 export
03:21:06 | INFO: Extracting primitive: yihongyuan_bamboo.001
03:21:06 | INFO: Primitives created: 1
03:21:06 | INFO: Extracting primitive: yihongyuan_bark
03:21:06 | INFO: Primitives created: 1
03:21:06 | INFO: Extracting primitive: yihongyuan_darkwood.001
03:21:06 | INFO: Primitives created: 1
03:21:06 | INFO: Extracting primitive: yihongyuan_earth.001
03:21:06 | INFO: Primitives created: 1
03:21:06 | INFO: Extracting primitive: yihongyuan_flower.001
03:21:06 | INFO: Primitives created: 1
03:21:06 | INFO: Extracting primitive: yihongyuan_gold
03:21:06 | INFO: Primitives created: 1
03:21:06 | INFO: Extracting primitive: yihongyuan_lantern
03:21:06 | INFO: Primitives created: 1
03:21:06 | INFO: Extracting primitive: yihongyuan_leaf.001
03:21:06 | INFO: Primitives created: 1
03:21:06 | INFO: Extracting primitive: yihongyuan_leafdark
03:21:06 | INFO: Primitives created: 1
03:21:06 | INFO: Extracting primitive: yihongyuan_lightleaf.001
03:21:06 | INFO: Primitives created: 1
03:21:06 | INFO: Extracting primitive: yihongyuan_moss.001
03:21:06 | INFO: Primitives created: 1
03:21:06 | INFO: Extracting primitive: yihongyuan_paper.001
03:21:06 | INFO: Primitives created: 1
03:21:06 | INFO: Extracting primitive: yihongyuan_paving.001
03:21:06 | INFO: Primitives created: 1
03:21:06 | INFO: Extracting primitive: yihongyuan_plaster.001
03:21:06 | INFO: Primitives created: 1
03:21:06 | INFO: Extracting primitive: yihongyuan_roof.001
03:21:06 | INFO: Primitives created: 1
03:21:06 | INFO: Extracting primitive: yihongyuan_screen.001
03:21:06 | INFO: Primitives created: 1
03:21:06 | INFO: Extracting primitive: yihongyuan_silk.001
03:21:06 | INFO: Primitives created: 1
03:21:06 | INFO: Extracting primitive: yihongyuan_stone.001
03:21:06 | INFO: Primitives created: 1
03:21:07 | INFO: Extracting primitive: yihongyuan_tile.001
03:21:07 | INFO: Primitives created: 1
03:21:07 | INFO: Extracting primitive: yihongyuan_tiledark.001
03:21:07 | INFO: Primitives created: 1
03:21:07 | INFO: Extracting primitive: yihongyuan_tilelight.001
03:21:07 | INFO: Primitives created: 1
03:21:07 | INFO: Extracting primitive: yihongyuan_wood.001
03:21:07 | INFO: Primitives created: 1
03:21:07 | INFO: Finished glTF 2.0 export in 0.44986891746520996 s

REFERENCE PLACE yihongyuan
03:21:08 | INFO: Starting glTF 2.0 export
03:21:08 | INFO: Extracting primitive: hengwuyuan_clay.001
03:21:08 | INFO: Primitives created: 1
03:21:08 | INFO: Extracting primitive: hengwuyuan_creamflower.001
03:21:08 | INFO: Primitives created: 1
03:21:08 | INFO: Extracting primitive: hengwuyuan_darkwood.001
03:21:08 | INFO: Primitives created: 1
03:21:08 | INFO: Extracting primitive: hengwuyuan_earth.001
03:21:08 | INFO: Primitives created: 1
03:21:08 | INFO: Extracting primitive: hengwuyuan_gold
03:21:08 | INFO: Primitives created: 1
03:21:08 | INFO: Extracting primitive: hengwuyuan_lantern
03:21:08 | INFO: Primitives created: 1
03:21:08 | INFO: Extracting primitive: hengwuyuan_leaf.001
03:21:08 | INFO: Primitives created: 1
03:21:08 | INFO: Extracting primitive: hengwuyuan_leafdark.001
03:21:08 | INFO: Primitives created: 1
03:21:08 | INFO: Extracting primitive: hengwuyuan_lightleaf.001
03:21:08 | INFO: Primitives created: 1
03:21:08 | INFO: Extracting primitive: hengwuyuan_moss.001
03:21:08 | INFO: Primitives created: 1
03:21:08 | INFO: Extracting primitive: hengwuyuan_paper.001
03:21:08 | INFO: Primitives created: 1
03:21:08 | INFO: Extracting primitive: hengwuyuan_paving.001
03:21:08 | INFO: Primitives created: 1
03:21:08 | INFO: Extracting primitive: hengwuyuan_plaster.001
03:21:08 | INFO: Primitives created: 1
03:21:08 | INFO: Extracting primitive: hengwuyuan_roof.001
03:21:08 | INFO: Primitives created: 1
03:21:08 | INFO: Extracting primitive: hengwuyuan_screen.001
03:21:08 | INFO: Primitives created: 1
03:21:08 | INFO: Extracting primitive: hengwuyuan_stone.001
03:21:08 | INFO: Primitives created: 1
03:21:08 | INFO: Extracting primitive: hengwuyuan_tile.001
03:21:08 | INFO: Primitives created: 1
03:21:08 | INFO: Extracting primitive: hengwuyuan_tiledark.001
03:21:08 | INFO: Primitives created: 1
03:21:08 | INFO: Extracting primitive: hengwuyuan_tilelight.001
03:21:08 | INFO: Primitives created: 1
03:21:08 | INFO: Extracting primitive: hengwuyuan_wood.001
03:21:08 | INFO: Primitives created: 1
03:21:08 | INFO: Finished glTF 2.0 export in 0.23687362670898438 s

03:21:08 | INFO: Starting glTF 2.0 export
03:21:08 | INFO: Extracting primitive: hengwuyuan_clay.001
03:21:08 | INFO: Primitives created: 1
03:21:08 | INFO: Extracting primitive: hengwuyuan_creamflower.001
03:21:08 | INFO: Primitives created: 1
03:21:08 | INFO: Extracting primitive: hengwuyuan_darkwood.001
03:21:08 | INFO: Primitives created: 1
03:21:08 | INFO: Extracting primitive: hengwuyuan_earth.001
03:21:08 | INFO: Primitives created: 1
03:21:08 | INFO: Extracting primitive: hengwuyuan_gold
03:21:08 | INFO: Primitives created: 1
03:21:08 | INFO: Extracting primitive: hengwuyuan_lantern
03:21:08 | INFO: Primitives created: 1
03:21:08 | INFO: Extracting primitive: hengwuyuan_leaf.001
03:21:08 | INFO: Primitives created: 1
03:21:08 | INFO: Extracting primitive: hengwuyuan_leafdark.001
03:21:08 | INFO: Primitives created: 1
03:21:08 | INFO: Extracting primitive: hengwuyuan_lightleaf.001
03:21:08 | INFO: Primitives created: 1
03:21:08 | INFO: Extracting primitive: hengwuyuan_moss.001
03:21:08 | INFO: Primitives created: 1
03:21:08 | INFO: Extracting primitive: hengwuyuan_paper.001
03:21:08 | INFO: Primitives created: 1
03:21:08 | INFO: Extracting primitive: hengwuyuan_paving.001
03:21:08 | INFO: Primitives created: 1
03:21:08 | INFO: Extracting primitive: hengwuyuan_plaster.001
03:21:08 | INFO: Primitives created: 1
03:21:08 | INFO: Extracting primitive: hengwuyuan_roof.001
03:21:08 | INFO: Primitives created: 1
03:21:08 | INFO: Extracting primitive: hengwuyuan_screen.001
03:21:08 | INFO: Primitives created: 1
03:21:08 | INFO: Extracting primitive: hengwuyuan_stone.001
03:21:08 | INFO: Primitives created: 1
03:21:09 | INFO: Extracting primitive: hengwuyuan_tile.001
03:21:09 | INFO: Primitives created: 1
03:21:09 | INFO: Extracting primitive: hengwuyuan_tiledark.001
03:21:09 | INFO: Primitives created: 1
03:21:09 | INFO: Extracting primitive: hengwuyuan_tilelight.001
03:21:09 | INFO: Primitives created: 1
03:21:09 | INFO: Extracting primitive: hengwuyuan_wood.001
03:21:09 | INFO: Primitives created: 1
03:21:09 | INFO: Finished glTF 2.0 export in 0.3478825092315674 s

REFERENCE PLACE hengwuyuan
03:21:09 | INFO: Starting glTF 2.0 export
03:21:09 | INFO: Extracting primitive: qiushuangzhai_ceramic.001
03:21:09 | INFO: Primitives created: 1
03:21:09 | INFO: Extracting primitive: qiushuangzhai_creamflower.001
03:21:09 | INFO: Primitives created: 1
03:21:09 | INFO: Extracting primitive: qiushuangzhai_darkwood.001
03:21:09 | INFO: Primitives created: 1
03:21:09 | INFO: Extracting primitive: qiushuangzhai_earth.001
03:21:09 | INFO: Primitives created: 1
03:21:09 | INFO: Extracting primitive: qiushuangzhai_gold
03:21:09 | INFO: Primitives created: 1
03:21:09 | INFO: Extracting primitive: qiushuangzhai_lantern
03:21:09 | INFO: Primitives created: 1
03:21:09 | INFO: Extracting primitive: qiushuangzhai_leaf
03:21:09 | INFO: Primitives created: 1
03:21:09 | INFO: Extracting primitive: qiushuangzhai_leafdark.001
03:21:09 | INFO: Primitives created: 1
03:21:09 | INFO: Extracting primitive: qiushuangzhai_marble.001
03:21:09 | INFO: Primitives created: 1
03:21:09 | INFO: Extracting primitive: qiushuangzhai_moss.001
03:21:09 | INFO: Primitives created: 1
03:21:09 | INFO: Extracting primitive: qiushuangzhai_paper.001
03:21:09 | INFO: Primitives created: 1
03:21:09 | INFO: Extracting primitive: qiushuangzhai_paving.001
03:21:09 | INFO: Primitives created: 1
03:21:09 | INFO: Extracting primitive: qiushuangzhai_plaster.001
03:21:09 | INFO: Primitives created: 1
03:21:09 | INFO: Extracting primitive: qiushuangzhai_roof.001
03:21:09 | INFO: Primitives created: 1
03:21:09 | INFO: Extracting primitive: qiushuangzhai_silk.001
03:21:09 | INFO: Primitives created: 1
03:21:09 | INFO: Extracting primitive: qiushuangzhai_stone.001
03:21:09 | INFO: Primitives created: 1
03:21:09 | INFO: Extracting primitive: qiushuangzhai_tile.001
03:21:09 | INFO: Primitives created: 1
03:21:09 | INFO: Extracting primitive: qiushuangzhai_tiledark.001
03:21:09 | INFO: Primitives created: 1
03:21:09 | INFO: Extracting primitive: qiushuangzhai_tilelight.001
03:21:09 | INFO: Primitives created: 1
03:21:09 | INFO: Extracting primitive: qiushuangzhai_wood.001
03:21:09 | INFO: Primitives created: 1
03:21:10 | INFO: Finished glTF 2.0 export in 0.1731419563293457 s

03:21:10 | INFO: Starting glTF 2.0 export
03:21:10 | INFO: Extracting primitive: qiushuangzhai_ceramic.001
03:21:10 | INFO: Primitives created: 1
03:21:10 | INFO: Extracting primitive: qiushuangzhai_creamflower.001
03:21:10 | INFO: Primitives created: 1
03:21:10 | INFO: Extracting primitive: qiushuangzhai_darkwood.001
03:21:10 | INFO: Primitives created: 1
03:21:10 | INFO: Extracting primitive: qiushuangzhai_earth.001
03:21:10 | INFO: Primitives created: 1
03:21:10 | INFO: Extracting primitive: qiushuangzhai_gold
03:21:10 | INFO: Primitives created: 1
03:21:10 | INFO: Extracting primitive: qiushuangzhai_lantern
03:21:10 | INFO: Primitives created: 1
03:21:10 | INFO: Extracting primitive: qiushuangzhai_leaf
03:21:10 | INFO: Primitives created: 1
03:21:10 | INFO: Extracting primitive: qiushuangzhai_leafdark.001
03:21:10 | INFO: Primitives created: 1
03:21:10 | INFO: Extracting primitive: qiushuangzhai_marble.001
03:21:10 | INFO: Primitives created: 1
03:21:10 | INFO: Extracting primitive: qiushuangzhai_moss.001
03:21:10 | INFO: Primitives created: 1
03:21:10 | INFO: Extracting primitive: qiushuangzhai_paper.001
03:21:10 | INFO: Primitives created: 1
03:21:10 | INFO: Extracting primitive: qiushuangzhai_paving.001
03:21:10 | INFO: Primitives created: 1
03:21:10 | INFO: Extracting primitive: qiushuangzhai_plaster.001
03:21:10 | INFO: Primitives created: 1
03:21:10 | INFO: Extracting primitive: qiushuangzhai_roof.001
03:21:10 | INFO: Primitives created: 1
03:21:10 | INFO: Extracting primitive: qiushuangzhai_silk.001
03:21:10 | INFO: Primitives created: 1
03:21:10 | INFO: Extracting primitive: qiushuangzhai_stone.001
03:21:10 | INFO: Primitives created: 1
03:21:10 | INFO: Extracting primitive: qiushuangzhai_tile.001
03:21:10 | INFO: Primitives created: 1
03:21:10 | INFO: Extracting primitive: qiushuangzhai_tiledark.001
03:21:10 | INFO: Primitives created: 1
03:21:10 | INFO: Extracting primitive: qiushuangzhai_tilelight.001
03:21:10 | INFO: Primitives created: 1
03:21:10 | INFO: Extracting primitive: qiushuangzhai_wood.001
03:21:10 | INFO: Primitives created: 1
03:21:10 | INFO: Finished glTF 2.0 export in 0.31766200065612793 s

REFERENCE PLACE qiushuangzhai
03:21:11 | INFO: Starting glTF 2.0 export
03:21:11 | INFO: Extracting primitive: daoxiangcun_bark
03:21:11 | INFO: Primitives created: 1
03:21:11 | INFO: Extracting primitive: daoxiangcun_clay.001
03:21:11 | INFO: Primitives created: 1
03:21:11 | INFO: Extracting primitive: daoxiangcun_creamflower.001
03:21:11 | INFO: Primitives created: 1
03:21:11 | INFO: Extracting primitive: daoxiangcun_darkwood.001
03:21:11 | INFO: Primitives created: 1
03:21:11 | INFO: Extracting primitive: daoxiangcun_flower.001
03:21:11 | INFO: Primitives created: 1
03:21:11 | INFO: Extracting primitive: daoxiangcun_lightleaf.001
03:21:11 | INFO: Primitives created: 1
03:21:11 | INFO: Extracting primitive: daoxiangcun_paving.001
03:21:11 | INFO: Primitives created: 1
03:21:11 | INFO: Extracting primitive: daoxiangcun_screen.001
03:21:11 | INFO: Primitives created: 1
03:21:11 | INFO: Extracting primitive: daoxiangcun_stone.001
03:21:11 | INFO: Primitives created: 1
03:21:11 | INFO: Extracting primitive: daoxiangcun_thatch.001
03:21:11 | INFO: Primitives created: 1
03:21:11 | INFO: Extracting primitive: daoxiangcun_wood.001
03:21:11 | INFO: Primitives created: 1
03:21:11 | INFO: Finished glTF 2.0 export in 0.12064623832702637 s

03:21:11 | INFO: Starting glTF 2.0 export
03:21:11 | INFO: Extracting primitive: daoxiangcun_bark
03:21:11 | INFO: Primitives created: 1
03:21:11 | INFO: Extracting primitive: daoxiangcun_clay.001
03:21:11 | INFO: Primitives created: 1
03:21:11 | INFO: Extracting primitive: daoxiangcun_creamflower.001
03:21:11 | INFO: Primitives created: 1
03:21:11 | INFO: Extracting primitive: daoxiangcun_darkwood.001
03:21:11 | INFO: Primitives created: 1
03:21:11 | INFO: Extracting primitive: daoxiangcun_flower.001
03:21:11 | INFO: Primitives created: 1
03:21:11 | INFO: Extracting primitive: daoxiangcun_lightleaf.001
03:21:11 | INFO: Primitives created: 1
03:21:11 | INFO: Extracting primitive: daoxiangcun_paving.001
03:21:11 | INFO: Primitives created: 1
03:21:11 | INFO: Extracting primitive: daoxiangcun_screen.001
03:21:11 | INFO: Primitives created: 1
03:21:11 | INFO: Extracting primitive: daoxiangcun_stone.001
03:21:11 | INFO: Primitives created: 1
03:21:11 | INFO: Extracting primitive: daoxiangcun_thatch.001
03:21:11 | INFO: Primitives created: 1
03:21:11 | INFO: Extracting primitive: daoxiangcun_wood.001
03:21:11 | INFO: Primitives created: 1
03:21:11 | INFO: Finished glTF 2.0 export in 0.18215346336364746 s

REFERENCE PLACE daoxiangcun
03:21:12 | INFO: Starting glTF 2.0 export
03:21:12 | INFO: Extracting primitive: ouxiangxie_bamboo
03:21:12 | INFO: Primitives created: 1
03:21:12 | INFO: Extracting primitive: ouxiangxie_darkwood.001
03:21:12 | INFO: Primitives created: 1
03:21:12 | INFO: Extracting primitive: ouxiangxie_gold
03:21:12 | INFO: Primitives created: 1
03:21:12 | INFO: Extracting primitive: ouxiangxie_lantern
03:21:12 | INFO: Primitives created: 1
03:21:12 | INFO: Extracting primitive: ouxiangxie_paper
03:21:12 | INFO: Primitives created: 1
03:21:12 | INFO: Extracting primitive: ouxiangxie_roof.001
03:21:12 | INFO: Primitives created: 1
03:21:12 | INFO: Extracting primitive: ouxiangxie_silk
03:21:12 | INFO: Primitives created: 1
03:21:12 | INFO: Extracting primitive: ouxiangxie_stone.001
03:21:12 | INFO: Primitives created: 1
03:21:12 | INFO: Extracting primitive: ouxiangxie_tile.001
03:21:12 | INFO: Primitives created: 1
03:21:12 | INFO: Extracting primitive: ouxiangxie_tiledark.001
03:21:12 | INFO: Primitives created: 1
03:21:12 | INFO: Extracting primitive: ouxiangxie_tilelight.001
03:21:12 | INFO: Primitives created: 1
03:21:12 | INFO: Extracting primitive: ouxiangxie_wood.001
03:21:12 | INFO: Primitives created: 1
03:21:12 | INFO: Finished glTF 2.0 export in 0.164811372756958 s

03:21:12 | INFO: Starting glTF 2.0 export
03:21:12 | INFO: Extracting primitive: ouxiangxie_bamboo
03:21:12 | INFO: Primitives created: 1
03:21:12 | INFO: Extracting primitive: ouxiangxie_darkwood.001
03:21:12 | INFO: Primitives created: 1
03:21:12 | INFO: Extracting primitive: ouxiangxie_gold
03:21:12 | INFO: Primitives created: 1
03:21:12 | INFO: Extracting primitive: ouxiangxie_lantern
03:21:12 | INFO: Primitives created: 1
03:21:12 | INFO: Extracting primitive: ouxiangxie_paper
03:21:12 | INFO: Primitives created: 1
03:21:12 | INFO: Extracting primitive: ouxiangxie_roof.001
03:21:12 | INFO: Primitives created: 1
03:21:12 | INFO: Extracting primitive: ouxiangxie_silk
03:21:12 | INFO: Primitives created: 1
03:21:12 | INFO: Extracting primitive: ouxiangxie_stone.001
03:21:12 | INFO: Primitives created: 1
03:21:12 | INFO: Extracting primitive: ouxiangxie_tile.001
03:21:12 | INFO: Primitives created: 1
03:21:12 | INFO: Extracting primitive: ouxiangxie_tiledark.001
03:21:12 | INFO: Primitives created: 1
03:21:12 | INFO: Extracting primitive: ouxiangxie_tilelight.001
03:21:12 | INFO: Primitives created: 1
03:21:12 | INFO: Extracting primitive: ouxiangxie_wood.001
03:21:12 | INFO: Primitives created: 1
03:21:12 | INFO: Finished glTF 2.0 export in 0.2990403175354004 s

REFERENCE PLACE ouxiangxie
03:21:13 | INFO: Starting glTF 2.0 export
03:21:13 | INFO: Extracting primitive: dicuiting_darkwood
03:21:13 | INFO: Primitives created: 1
03:21:13 | INFO: Extracting primitive: dicuiting_gold
03:21:13 | INFO: Primitives created: 1
03:21:13 | INFO: Extracting primitive: dicuiting_lantern
03:21:13 | INFO: Primitives created: 1
03:21:13 | INFO: Extracting primitive: dicuiting_paving
03:21:13 | INFO: Primitives created: 1
03:21:13 | INFO: Extracting primitive: dicuiting_roof.001
03:21:13 | INFO: Primitives created: 1
03:21:13 | INFO: Extracting primitive: dicuiting_stone.001
03:21:13 | INFO: Primitives created: 1
03:21:13 | INFO: Extracting primitive: dicuiting_tile.001
03:21:13 | INFO: Primitives created: 1
03:21:13 | INFO: Extracting primitive: dicuiting_tiledark
03:21:13 | INFO: Primitives created: 1
03:21:13 | INFO: Extracting primitive: dicuiting_tilelight
03:21:13 | INFO: Primitives created: 1
03:21:13 | INFO: Extracting primitive: dicuiting_wood.001
03:21:13 | INFO: Primitives created: 1
03:21:13 | INFO: Finished glTF 2.0 export in 0.062452077865600586 s

03:21:13 | INFO: Starting glTF 2.0 export
03:21:13 | INFO: Extracting primitive: dicuiting_darkwood
03:21:13 | INFO: Primitives created: 1
03:21:13 | INFO: Extracting primitive: dicuiting_gold
03:21:13 | INFO: Primitives created: 1
03:21:13 | INFO: Extracting primitive: dicuiting_lantern
03:21:13 | INFO: Primitives created: 1
03:21:13 | INFO: Extracting primitive: dicuiting_paving
03:21:13 | INFO: Primitives created: 1
03:21:13 | INFO: Extracting primitive: dicuiting_roof.001
03:21:13 | INFO: Primitives created: 1
03:21:13 | INFO: Extracting primitive: dicuiting_stone.001
03:21:13 | INFO: Primitives created: 1
03:21:13 | INFO: Extracting primitive: dicuiting_tile.001
03:21:13 | INFO: Primitives created: 1
03:21:13 | INFO: Extracting primitive: dicuiting_tiledark
03:21:13 | INFO: Primitives created: 1
03:21:13 | INFO: Extracting primitive: dicuiting_tilelight
03:21:13 | INFO: Primitives created: 1
03:21:13 | INFO: Extracting primitive: dicuiting_wood.001
03:21:13 | INFO: Primitives created: 1
03:21:13 | INFO: Finished glTF 2.0 export in 0.08230423927307129 s

REFERENCE PLACE dicuiting
03:21:13 | INFO: Starting glTF 2.0 export
03:21:13 | INFO: Extracting primitive: luxuean_bamboo.001
03:21:13 | INFO: Primitives created: 1
03:21:13 | INFO: Extracting primitive: luxuean_clay.001
03:21:13 | INFO: Primitives created: 1
03:21:13 | INFO: Extracting primitive: luxuean_lightleaf.001
03:21:13 | INFO: Primitives created: 1
03:21:13 | INFO: Extracting primitive: luxuean_paving.001
03:21:13 | INFO: Primitives created: 1
03:21:13 | INFO: Extracting primitive: luxuean_stone.001
03:21:13 | INFO: Primitives created: 1
03:21:13 | INFO: Extracting primitive: luxuean_thatch.001
03:21:13 | INFO: Primitives created: 1
03:21:13 | INFO: Extracting primitive: luxuean_wood.001
03:21:13 | INFO: Primitives created: 1
03:21:13 | INFO: Finished glTF 2.0 export in 0.04030799865722656 s

03:21:13 | INFO: Starting glTF 2.0 export
03:21:13 | INFO: Extracting primitive: luxuean_bamboo.001
03:21:13 | INFO: Primitives created: 1
03:21:13 | INFO: Extracting primitive: luxuean_clay.001
03:21:13 | INFO: Primitives created: 1
03:21:13 | INFO: Extracting primitive: luxuean_lightleaf.001
03:21:13 | INFO: Primitives created: 1
03:21:13 | INFO: Extracting primitive: luxuean_paving.001
03:21:13 | INFO: Primitives created: 1
03:21:13 | INFO: Extracting primitive: luxuean_stone.001
03:21:13 | INFO: Primitives created: 1
03:21:13 | INFO: Extracting primitive: luxuean_thatch.001
03:21:13 | INFO: Primitives created: 1
03:21:13 | INFO: Extracting primitive: luxuean_wood.001
03:21:13 | INFO: Primitives created: 1
03:21:13 | INFO: Finished glTF 2.0 export in 0.04511523246765137 s

REFERENCE PLACE luxuean
03:21:14 | INFO: Starting glTF 2.0 export
03:21:14 | INFO: Extracting primitive: tubishanzhuang_bark
03:21:14 | INFO: Primitives created: 1
03:21:14 | INFO: Extracting primitive: tubishanzhuang_canopy
03:21:14 | INFO: Primitives created: 1
03:21:14 | INFO: Extracting primitive: tubishanzhuang_canopy_light
03:21:14 | INFO: Primitives created: 1
03:21:14 | INFO: Extracting primitive: tubishanzhuang_canopy_shadow
03:21:14 | INFO: Primitives created: 1
03:21:14 | INFO: Extracting primitive: tubishanzhuang_darkwood.001
03:21:14 | INFO: Primitives created: 1
03:21:14 | INFO: Extracting primitive: tubishanzhuang_paper
03:21:14 | INFO: Primitives created: 1
03:21:14 | INFO: Extracting primitive: tubishanzhuang_paving.001
03:21:14 | INFO: Primitives created: 1
03:21:14 | INFO: Extracting primitive: tubishanzhuang_plaster.001
03:21:14 | INFO: Primitives created: 1
03:21:14 | INFO: Extracting primitive: tubishanzhuang_roof.001
03:21:14 | INFO: Primitives created: 1
03:21:14 | INFO: Extracting primitive: tubishanzhuang_stone.001
03:21:14 | INFO: Primitives created: 1
03:21:14 | INFO: Extracting primitive: tubishanzhuang_tile.001
03:21:14 | INFO: Primitives created: 1
03:21:14 | INFO: Extracting primitive: tubishanzhuang_tiledark.001
03:21:14 | INFO: Primitives created: 1
03:21:14 | INFO: Extracting primitive: tubishanzhuang_tilelight.001
03:21:14 | INFO: Primitives created: 1
03:21:14 | INFO: Extracting primitive: tubishanzhuang_wood.001
03:21:14 | INFO: Primitives created: 1
03:21:14 | INFO: Finished glTF 2.0 export in 0.17040491104125977 s

03:21:14 | INFO: Starting glTF 2.0 export
03:21:14 | INFO: Extracting primitive: tubishanzhuang_bark
03:21:14 | INFO: Primitives created: 1
03:21:14 | INFO: Extracting primitive: tubishanzhuang_canopy
03:21:14 | INFO: Primitives created: 1
03:21:14 | INFO: Extracting primitive: tubishanzhuang_canopy_light
03:21:14 | INFO: Primitives created: 1
03:21:14 | INFO: Extracting primitive: tubishanzhuang_canopy_shadow
03:21:14 | INFO: Primitives created: 1
03:21:14 | INFO: Extracting primitive: tubishanzhuang_darkwood.001
03:21:14 | INFO: Primitives created: 1
03:21:14 | INFO: Extracting primitive: tubishanzhuang_paper
03:21:14 | INFO: Primitives created: 1
03:21:14 | INFO: Extracting primitive: tubishanzhuang_paving.001
03:21:14 | INFO: Primitives created: 1
03:21:14 | INFO: Extracting primitive: tubishanzhuang_plaster.001
03:21:14 | INFO: Primitives created: 1
03:21:14 | INFO: Extracting primitive: tubishanzhuang_roof.001
03:21:14 | INFO: Primitives created: 1
03:21:14 | INFO: Extracting primitive: tubishanzhuang_stone.001
03:21:14 | INFO: Primitives created: 1
03:21:14 | INFO: Extracting primitive: tubishanzhuang_tile.001
03:21:14 | INFO: Primitives created: 1
03:21:14 | INFO: Extracting primitive: tubishanzhuang_tiledark.001
03:21:14 | INFO: Primitives created: 1
03:21:14 | INFO: Extracting primitive: tubishanzhuang_tilelight.001
03:21:14 | INFO: Primitives created: 1
03:21:14 | INFO: Extracting primitive: tubishanzhuang_wood.001
03:21:14 | INFO: Primitives created: 1
03:21:14 | INFO: Finished glTF 2.0 export in 0.1873488426208496 s

REFERENCE PLACE tubishanzhuang
03:21:15 | INFO: Starting glTF 2.0 export
03:21:15 | INFO: Extracting primitive: aojingxiguan_bark
03:21:15 | INFO: Primitives created: 1
03:21:15 | INFO: Extracting primitive: aojingxiguan_canopy
03:21:15 | INFO: Primitives created: 1
03:21:15 | INFO: Extracting primitive: aojingxiguan_canopy_light
03:21:15 | INFO: Primitives created: 1
03:21:15 | INFO: Extracting primitive: aojingxiguan_canopy_shadow
03:21:15 | INFO: Primitives created: 1
03:21:15 | INFO: Extracting primitive: aojingxiguan_darkwood.001
03:21:15 | INFO: Primitives created: 1
03:21:15 | INFO: Extracting primitive: aojingxiguan_paper
03:21:15 | INFO: Primitives created: 1
03:21:15 | INFO: Extracting primitive: aojingxiguan_paving.001
03:21:15 | INFO: Primitives created: 1
03:21:15 | INFO: Extracting primitive: aojingxiguan_plaster.001
03:21:15 | INFO: Primitives created: 1
03:21:15 | INFO: Extracting primitive: aojingxiguan_roof.001
03:21:15 | INFO: Primitives created: 1
03:21:15 | INFO: Extracting primitive: aojingxiguan_stone.001
03:21:15 | INFO: Primitives created: 1
03:21:15 | INFO: Extracting primitive: aojingxiguan_tile.001
03:21:15 | INFO: Primitives created: 1
03:21:15 | INFO: Extracting primitive: aojingxiguan_tiledark.001
03:21:15 | INFO: Primitives created: 1
03:21:15 | INFO: Extracting primitive: aojingxiguan_tilelight.001
03:21:15 | INFO: Primitives created: 1
03:21:15 | INFO: Extracting primitive: aojingxiguan_wood.001
03:21:15 | INFO: Primitives created: 1
03:21:15 | INFO: Finished glTF 2.0 export in 0.12066221237182617 s

03:21:15 | INFO: Starting glTF 2.0 export
03:21:15 | INFO: Extracting primitive: aojingxiguan_bark
03:21:15 | INFO: Primitives created: 1
03:21:15 | INFO: Extracting primitive: aojingxiguan_canopy
03:21:15 | INFO: Primitives created: 1
03:21:15 | INFO: Extracting primitive: aojingxiguan_canopy_light
03:21:15 | INFO: Primitives created: 1
03:21:15 | INFO: Extracting primitive: aojingxiguan_canopy_shadow
03:21:15 | INFO: Primitives created: 1
03:21:15 | INFO: Extracting primitive: aojingxiguan_darkwood.001
03:21:15 | INFO: Primitives created: 1
03:21:15 | INFO: Extracting primitive: aojingxiguan_paper
03:21:15 | INFO: Primitives created: 1
03:21:15 | INFO: Extracting primitive: aojingxiguan_paving.001
03:21:15 | INFO: Primitives created: 1
03:21:15 | INFO: Extracting primitive: aojingxiguan_plaster.001
03:21:15 | INFO: Primitives created: 1
03:21:15 | INFO: Extracting primitive: aojingxiguan_roof.001
03:21:15 | INFO: Primitives created: 1
03:21:15 | INFO: Extracting primitive: aojingxiguan_stone.001
03:21:15 | INFO: Primitives created: 1
03:21:15 | INFO: Extracting primitive: aojingxiguan_tile.001
03:21:15 | INFO: Primitives created: 1
03:21:15 | INFO: Extracting primitive: aojingxiguan_tiledark.001
03:21:15 | INFO: Primitives created: 1
03:21:15 | INFO: Extracting primitive: aojingxiguan_tilelight.001
03:21:15 | INFO: Primitives created: 1
03:21:15 | INFO: Extracting primitive: aojingxiguan_wood.001
03:21:15 | INFO: Primitives created: 1
03:21:15 | INFO: Finished glTF 2.0 export in 0.19594311714172363 s

REFERENCE PLACE aojingxiguan
03:21:18 | INFO: Starting glTF 2.0 export
03:21:18 | INFO: Extracting primitive: daguanlou_bark
03:21:18 | INFO: Primitives created: 1
03:21:18 | INFO: Extracting primitive: daguanlou_canopy
03:21:18 | INFO: Primitives created: 1
03:21:18 | INFO: Extracting primitive: daguanlou_canopy_light
03:21:18 | INFO: Primitives created: 1
03:21:18 | INFO: Extracting primitive: daguanlou_canopy_shadow
03:21:18 | INFO: Primitives created: 1
03:21:18 | INFO: Extracting primitive: daguanlou_darkwood
03:21:18 | INFO: Primitives created: 1
03:21:18 | INFO: Extracting primitive: daguanlou_gold
03:21:18 | INFO: Primitives created: 1
03:21:18 | INFO: Extracting primitive: daguanlou_lantern
03:21:18 | INFO: Primitives created: 1
03:21:18 | INFO: Extracting primitive: daguanlou_paper
03:21:18 | INFO: Primitives created: 1
03:21:18 | INFO: Extracting primitive: daguanlou_paving
03:21:18 | INFO: Primitives created: 1
03:21:18 | INFO: Extracting primitive: daguanlou_plaster
03:21:18 | INFO: Primitives created: 1
03:21:18 | INFO: Extracting primitive: daguanlou_roof
03:21:18 | INFO: Primitives created: 1
03:21:18 | INFO: Extracting primitive: daguanlou_screen
03:21:18 | INFO: Primitives created: 1
03:21:18 | INFO: Extracting primitive: daguanlou_stone
03:21:18 | INFO: Primitives created: 1
03:21:18 | INFO: Extracting primitive: daguanlou_tile
03:21:18 | INFO: Primitives created: 1
03:21:18 | INFO: Extracting primitive: daguanlou_tiledark
03:21:18 | INFO: Primitives created: 1
03:21:18 | INFO: Extracting primitive: daguanlou_tilelight
03:21:18 | INFO: Primitives created: 1
03:21:18 | INFO: Extracting primitive: daguanlou_wood
03:21:18 | INFO: Primitives created: 1
03:21:18 | INFO: Finished glTF 2.0 export in 0.4969656467437744 s

03:21:19 | INFO: Starting glTF 2.0 export
03:21:19 | INFO: Extracting primitive: daguanlou_bark
03:21:19 | INFO: Primitives created: 1
03:21:19 | INFO: Extracting primitive: daguanlou_canopy
03:21:19 | INFO: Primitives created: 1
03:21:19 | INFO: Extracting primitive: daguanlou_canopy_light
03:21:19 | INFO: Primitives created: 1
03:21:19 | INFO: Extracting primitive: daguanlou_canopy_shadow
03:21:19 | INFO: Primitives created: 1
03:21:19 | INFO: Extracting primitive: daguanlou_darkwood
03:21:19 | INFO: Primitives created: 1
03:21:19 | INFO: Extracting primitive: daguanlou_gold
03:21:19 | INFO: Primitives created: 1
03:21:19 | INFO: Extracting primitive: daguanlou_lantern
03:21:19 | INFO: Primitives created: 1
03:21:19 | INFO: Extracting primitive: daguanlou_paper
03:21:19 | INFO: Primitives created: 1
03:21:19 | INFO: Extracting primitive: daguanlou_paving
03:21:19 | INFO: Primitives created: 1
03:21:19 | INFO: Extracting primitive: daguanlou_plaster
03:21:19 | INFO: Primitives created: 1
03:21:19 | INFO: Extracting primitive: daguanlou_roof
03:21:19 | INFO: Primitives created: 1
03:21:19 | INFO: Extracting primitive: daguanlou_screen
03:21:19 | INFO: Primitives created: 1
03:21:19 | INFO: Extracting primitive: daguanlou_stone
03:21:19 | INFO: Primitives created: 1
03:21:19 | INFO: Extracting primitive: daguanlou_tile
03:21:19 | INFO: Primitives created: 1
03:21:19 | INFO: Extracting primitive: daguanlou_tiledark
03:21:19 | INFO: Primitives created: 1
03:21:19 | INFO: Extracting primitive: daguanlou_tilelight
03:21:19 | INFO: Primitives created: 1
03:21:19 | INFO: Extracting primitive: daguanlou_wood
03:21:19 | INFO: Primitives created: 1
03:21:20 | INFO: Finished glTF 2.0 export in 0.9839248657226562 s

REFERENCE PLACE daguanlou
03:21:21 | INFO: Starting glTF 2.0 export
03:21:21 | INFO: Extracting primitive: longcuian_bark
03:21:21 | INFO: Primitives created: 1
03:21:21 | INFO: Extracting primitive: longcuian_canopy
03:21:21 | INFO: Primitives created: 1
03:21:21 | INFO: Extracting primitive: longcuian_canopy_light
03:21:21 | INFO: Primitives created: 1
03:21:21 | INFO: Extracting primitive: longcuian_canopy_shadow
03:21:21 | INFO: Primitives created: 1
03:21:21 | INFO: Extracting primitive: longcuian_ceramic
03:21:21 | INFO: Primitives created: 1
03:21:21 | INFO: Extracting primitive: longcuian_darkwood
03:21:21 | INFO: Primitives created: 1
03:21:21 | INFO: Extracting primitive: longcuian_flower
03:21:21 | INFO: Primitives created: 1
03:21:21 | INFO: Extracting primitive: longcuian_paper
03:21:21 | INFO: Primitives created: 1
03:21:21 | INFO: Extracting primitive: longcuian_paving
03:21:21 | INFO: Primitives created: 1
03:21:21 | INFO: Extracting primitive: longcuian_plaster
03:21:21 | INFO: Primitives created: 1
03:21:21 | INFO: Extracting primitive: longcuian_roof
03:21:21 | INFO: Primitives created: 1
03:21:21 | INFO: Extracting primitive: longcuian_screen
03:21:21 | INFO: Primitives created: 1
03:21:21 | INFO: Extracting primitive: longcuian_stone
03:21:21 | INFO: Primitives created: 1
03:21:21 | INFO: Extracting primitive: longcuian_tile
03:21:21 | INFO: Primitives created: 1
03:21:21 | INFO: Extracting primitive: longcuian_tiledark
03:21:21 | INFO: Primitives created: 1
03:21:21 | INFO: Extracting primitive: longcuian_tilelight
03:21:21 | INFO: Primitives created: 1
03:21:21 | INFO: Extracting primitive: longcuian_wood
03:21:21 | INFO: Primitives created: 1
03:21:21 | INFO: Finished glTF 2.0 export in 0.2726919651031494 s

03:21:21 | INFO: Starting glTF 2.0 export
03:21:21 | INFO: Extracting primitive: longcuian_bark
03:21:21 | INFO: Primitives created: 1
03:21:21 | INFO: Extracting primitive: longcuian_canopy
03:21:21 | INFO: Primitives created: 1
03:21:21 | INFO: Extracting primitive: longcuian_canopy_light
03:21:21 | INFO: Primitives created: 1
03:21:21 | INFO: Extracting primitive: longcuian_canopy_shadow
03:21:21 | INFO: Primitives created: 1
03:21:21 | INFO: Extracting primitive: longcuian_ceramic
03:21:21 | INFO: Primitives created: 1
03:21:21 | INFO: Extracting primitive: longcuian_darkwood
03:21:21 | INFO: Primitives created: 1
03:21:21 | INFO: Extracting primitive: longcuian_flower
03:21:21 | INFO: Primitives created: 1
03:21:21 | INFO: Extracting primitive: longcuian_paper
03:21:21 | INFO: Primitives created: 1
03:21:21 | INFO: Extracting primitive: longcuian_paving
03:21:21 | INFO: Primitives created: 1
03:21:21 | INFO: Extracting primitive: longcuian_plaster
03:21:21 | INFO: Primitives created: 1
03:21:21 | INFO: Extracting primitive: longcuian_roof
03:21:21 | INFO: Primitives created: 1
03:21:21 | INFO: Extracting primitive: longcuian_screen
03:21:21 | INFO: Primitives created: 1
03:21:21 | INFO: Extracting primitive: longcuian_stone
03:21:21 | INFO: Primitives created: 1
03:21:21 | INFO: Extracting primitive: longcuian_tile
03:21:21 | INFO: Primitives created: 1
03:21:21 | INFO: Extracting primitive: longcuian_tiledark
03:21:21 | INFO: Primitives created: 1
03:21:21 | INFO: Extracting primitive: longcuian_tilelight
03:21:21 | INFO: Primitives created: 1
03:21:21 | INFO: Extracting primitive: longcuian_wood
03:21:21 | INFO: Primitives created: 1
03:21:21 | INFO: Finished glTF 2.0 export in 0.3745884895324707 s

REFERENCE PLACE longcuian
03:21:22 | INFO: Starting glTF 2.0 export
03:21:22 | INFO: Extracting primitive: nuanxiangwu_bark
03:21:22 | INFO: Primitives created: 1
03:21:22 | INFO: Extracting primitive: nuanxiangwu_ceramic
03:21:22 | INFO: Primitives created: 1
03:21:22 | INFO: Extracting primitive: nuanxiangwu_creamflower
03:21:22 | INFO: Primitives created: 1
03:21:22 | INFO: Extracting primitive: nuanxiangwu_darkwood
03:21:22 | INFO: Primitives created: 1
03:21:22 | INFO: Extracting primitive: nuanxiangwu_paper
03:21:22 | INFO: Primitives created: 1
03:21:22 | INFO: Extracting primitive: nuanxiangwu_paving
03:21:22 | INFO: Primitives created: 1
03:21:22 | INFO: Extracting primitive: nuanxiangwu_plaster
03:21:22 | INFO: Primitives created: 1
03:21:22 | INFO: Extracting primitive: nuanxiangwu_roof
03:21:22 | INFO: Primitives created: 1
03:21:22 | INFO: Extracting primitive: nuanxiangwu_screen
03:21:22 | INFO: Primitives created: 1
03:21:22 | INFO: Extracting primitive: nuanxiangwu_silk
03:21:22 | INFO: Primitives created: 1
03:21:22 | INFO: Extracting primitive: nuanxiangwu_stone
03:21:22 | INFO: Primitives created: 1
03:21:22 | INFO: Extracting primitive: nuanxiangwu_tile
03:21:22 | INFO: Primitives created: 1
03:21:22 | INFO: Extracting primitive: nuanxiangwu_tiledark
03:21:22 | INFO: Primitives created: 1
03:21:22 | INFO: Extracting primitive: nuanxiangwu_tilelight
03:21:22 | INFO: Primitives created: 1
03:21:22 | INFO: Extracting primitive: nuanxiangwu_wood
03:21:22 | INFO: Primitives created: 1
03:21:23 | INFO: Finished glTF 2.0 export in 0.182403564453125 s

03:21:23 | INFO: Starting glTF 2.0 export
03:21:23 | INFO: Extracting primitive: nuanxiangwu_bark
03:21:23 | INFO: Primitives created: 1
03:21:23 | INFO: Extracting primitive: nuanxiangwu_ceramic
03:21:23 | INFO: Primitives created: 1
03:21:23 | INFO: Extracting primitive: nuanxiangwu_creamflower
03:21:23 | INFO: Primitives created: 1
03:21:23 | INFO: Extracting primitive: nuanxiangwu_darkwood
03:21:23 | INFO: Primitives created: 1
03:21:23 | INFO: Extracting primitive: nuanxiangwu_paper
03:21:23 | INFO: Primitives created: 1
03:21:23 | INFO: Extracting primitive: nuanxiangwu_paving
03:21:23 | INFO: Primitives created: 1
03:21:23 | INFO: Extracting primitive: nuanxiangwu_plaster
03:21:23 | INFO: Primitives created: 1
03:21:23 | INFO: Extracting primitive: nuanxiangwu_roof
03:21:23 | INFO: Primitives created: 1
03:21:23 | INFO: Extracting primitive: nuanxiangwu_screen
03:21:23 | INFO: Primitives created: 1
03:21:23 | INFO: Extracting primitive: nuanxiangwu_silk
03:21:23 | INFO: Primitives created: 1
03:21:23 | INFO: Extracting primitive: nuanxiangwu_stone
03:21:23 | INFO: Primitives created: 1
03:21:23 | INFO: Extracting primitive: nuanxiangwu_tile
03:21:23 | INFO: Primitives created: 1
03:21:23 | INFO: Extracting primitive: nuanxiangwu_tiledark
03:21:23 | INFO: Primitives created: 1
03:21:23 | INFO: Extracting primitive: nuanxiangwu_tilelight
03:21:23 | INFO: Primitives created: 1
03:21:23 | INFO: Extracting primitive: nuanxiangwu_wood
03:21:23 | INFO: Primitives created: 1
03:21:23 | INFO: Finished glTF 2.0 export in 0.28969812393188477 s

REFERENCE PLACE nuanxiangwu
Info: Saved as "daguanyuan_master.blend"
03:21:43 | INFO: Starting glTF 2.0 export
03:21:43 | INFO: Extracting primitive: daguanyuan_gate_darkwood.001
03:21:43 | INFO: Primitives created: 1
03:21:43 | INFO: Extracting primitive: daguanyuan_gate_paper
03:21:43 | INFO: Primitives created: 1
03:21:43 | INFO: Extracting primitive: daguanyuan_gate_paving.001
03:21:43 | INFO: Primitives created: 1
03:21:43 | INFO: Extracting primitive: daguanyuan_gate_plaster.001
03:21:43 | INFO: Primitives created: 1
03:21:43 | INFO: Extracting primitive: daguanyuan_gate_roof.001
03:21:43 | INFO: Primitives created: 1
03:21:43 | INFO: Extracting primitive: daguanyuan_gate_stone.001
03:21:43 | INFO: Primitives created: 1
03:21:43 | INFO: Extracting primitive: daguanyuan_gate_tile.001
03:21:43 | INFO: Primitives created: 1
03:21:43 | INFO: Extracting primitive: daguanyuan_gate_tiledark.001
03:21:43 | INFO: Primitives created: 1
03:21:43 | INFO: Extracting primitive: daguanyuan_gate_tilelight.001
03:21:43 | INFO: Primitives created: 1
03:21:43 | INFO: Extracting primitive: daguanyuan_gate_wood.001
03:21:43 | INFO: Primitives created: 1
03:21:43 | INFO: Extracting primitive: qujingtongyou_bark
03:21:43 | INFO: Primitives created: 1
03:21:43 | INFO: Extracting primitive: qujingtongyou_canopy
03:21:43 | INFO: Primitives created: 1
03:21:43 | INFO: Extracting primitive: qujingtongyou_canopy_light
03:21:43 | INFO: Primitives created: 1
03:21:43 | INFO: Extracting primitive: qujingtongyou_canopy_shadow
03:21:43 | INFO: Primitives created: 1
03:21:43 | INFO: Extracting primitive: qujingtongyou_moss
03:21:43 | INFO: Primitives created: 1
03:21:43 | INFO: Extracting primitive: qujingtongyou_paving
03:21:43 | INFO: Primitives created: 1
03:21:43 | INFO: Extracting primitive: qujingtongyou_stone.001
03:21:43 | INFO: Primitives created: 1
03:21:43 | INFO: Extracting primitive: xiaoxiangguan_bamboo
03:21:43 | INFO: Primitives created: 1
03:21:43 | INFO: Extracting primitive: xiaoxiangguan_bark
03:21:43 | INFO: Primitives created: 1
03:21:43 | INFO: Extracting primitive: xiaoxiangguan_creamflower
03:21:43 | INFO: Primitives created: 1
03:21:43 | INFO: Extracting primitive: xiaoxiangguan_darkwood
03:21:43 | INFO: Primitives created: 1
03:21:43 | INFO: Extracting primitive: xiaoxiangguan_earth
03:21:43 | INFO: Primitives created: 1
03:21:43 | INFO: Extracting primitive: xiaoxiangguan_gold
03:21:43 | INFO: Primitives created: 1
03:21:43 | INFO: Extracting primitive: xiaoxiangguan_lantern
03:21:43 | INFO: Primitives created: 1
03:21:44 | INFO: Extracting primitive: xiaoxiangguan_leaf
03:21:44 | INFO: Primitives created: 1
03:21:44 | INFO: Extracting primitive: xiaoxiangguan_leafdark
03:21:44 | INFO: Primitives created: 1
03:21:44 | INFO: Extracting primitive: xiaoxiangguan_lightleaf
03:21:44 | INFO: Primitives created: 1
03:21:44 | INFO: Extracting primitive: xiaoxiangguan_moss.001
03:21:44 | INFO: Primitives created: 1
03:21:44 | INFO: Extracting primitive: xiaoxiangguan_paper
03:21:44 | INFO: Primitives created: 1
03:21:44 | INFO: Extracting primitive: xiaoxiangguan_paving.001
03:21:44 | INFO: Primitives created: 1
03:21:44 | INFO: Extracting primitive: xiaoxiangguan_plaster
03:21:44 | INFO: Primitives created: 1
03:21:44 | INFO: Extracting primitive: xiaoxiangguan_roof
03:21:44 | INFO: Primitives created: 1
03:21:44 | INFO: Extracting primitive: xiaoxiangguan_silk.001
03:21:44 | INFO: Primitives created: 1
03:21:44 | INFO: Extracting primitive: xiaoxiangguan_stone
03:21:44 | INFO: Primitives created: 1
03:21:44 | INFO: Extracting primitive: xiaoxiangguan_tile
03:21:44 | INFO: Primitives created: 1
03:21:44 | INFO: Extracting primitive: xiaoxiangguan_tiledark.001
03:21:44 | INFO: Primitives created: 1
03:21:44 | INFO: Extracting primitive: xiaoxiangguan_tilelight.001
03:21:44 | INFO: Primitives created: 1
03:21:44 | INFO: Extracting primitive: xiaoxiangguan_water.001
03:21:44 | INFO: Primitives created: 1
03:21:44 | INFO: Extracting primitive: xiaoxiangguan_wood
03:21:44 | INFO: Primitives created: 1
03:21:44 | INFO: Extracting primitive: yihongyuan_bamboo.001
03:21:44 | INFO: Primitives created: 1
03:21:44 | INFO: Extracting primitive: yihongyuan_bark
03:21:44 | INFO: Primitives created: 1
03:21:44 | INFO: Extracting primitive: yihongyuan_darkwood.001
03:21:44 | INFO: Primitives created: 1
03:21:44 | INFO: Extracting primitive: yihongyuan_earth.001
03:21:44 | INFO: Primitives created: 1
03:21:44 | INFO: Extracting primitive: yihongyuan_flower.001
03:21:44 | INFO: Primitives created: 1
03:21:44 | INFO: Extracting primitive: yihongyuan_gold
03:21:44 | INFO: Primitives created: 1
03:21:44 | INFO: Extracting primitive: yihongyuan_lantern
03:21:44 | INFO: Primitives created: 1
03:21:44 | INFO: Extracting primitive: yihongyuan_leaf.001
03:21:44 | INFO: Primitives created: 1
03:21:44 | INFO: Extracting primitive: yihongyuan_leafdark
03:21:44 | INFO: Primitives created: 1
03:21:44 | INFO: Extracting primitive: yihongyuan_lightleaf.001
03:21:44 | INFO: Primitives created: 1
03:21:44 | INFO: Extracting primitive: yihongyuan_moss.001
03:21:44 | INFO: Primitives created: 1
03:21:44 | INFO: Extracting primitive: yihongyuan_paper.001
03:21:44 | INFO: Primitives created: 1
03:21:44 | INFO: Extracting primitive: yihongyuan_paving.001
03:21:44 | INFO: Primitives created: 1
03:21:44 | INFO: Extracting primitive: yihongyuan_plaster.001
03:21:44 | INFO: Primitives created: 1
03:21:44 | INFO: Extracting primitive: yihongyuan_roof.001
03:21:44 | INFO: Primitives created: 1
03:21:44 | INFO: Extracting primitive: yihongyuan_screen.001
03:21:44 | INFO: Primitives created: 1
03:21:44 | INFO: Extracting primitive: yihongyuan_silk.001
03:21:44 | INFO: Primitives created: 1
03:21:44 | INFO: Extracting primitive: yihongyuan_stone.001
03:21:44 | INFO: Primitives created: 1
03:21:44 | INFO: Extracting primitive: yihongyuan_tile.001
03:21:44 | INFO: Primitives created: 1
03:21:44 | INFO: Extracting primitive: yihongyuan_tiledark.001
03:21:44 | INFO: Primitives created: 1
03:21:44 | INFO: Extracting primitive: yihongyuan_tilelight.001
03:21:44 | INFO: Primitives created: 1
03:21:44 | INFO: Extracting primitive: yihongyuan_wood.001
03:21:45 | INFO: Primitives created: 1
03:21:45 | INFO: Extracting primitive: hengwuyuan_clay.001
03:21:45 | INFO: Primitives created: 1
03:21:45 | INFO: Extracting primitive: hengwuyuan_creamflower.001
03:21:45 | INFO: Primitives created: 1
03:21:45 | INFO: Extracting primitive: hengwuyuan_darkwood.001
03:21:45 | INFO: Primitives created: 1
03:21:45 | INFO: Extracting primitive: hengwuyuan_earth.001
03:21:45 | INFO: Primitives created: 1
03:21:45 | INFO: Extracting primitive: hengwuyuan_gold
03:21:45 | INFO: Primitives created: 1
03:21:45 | INFO: Extracting primitive: hengwuyuan_lantern
03:21:45 | INFO: Primitives created: 1
03:21:45 | INFO: Extracting primitive: hengwuyuan_leaf.001
03:21:45 | INFO: Primitives created: 1
03:21:45 | INFO: Extracting primitive: hengwuyuan_leafdark.001
03:21:45 | INFO: Primitives created: 1
03:21:45 | INFO: Extracting primitive: hengwuyuan_lightleaf.001
03:21:45 | INFO: Primitives created: 1
03:21:45 | INFO: Extracting primitive: hengwuyuan_moss.001
03:21:45 | INFO: Primitives created: 1
03:21:45 | INFO: Extracting primitive: hengwuyuan_paper.001
03:21:45 | INFO: Primitives created: 1
03:21:45 | INFO: Extracting primitive: hengwuyuan_paving.001
03:21:45 | INFO: Primitives created: 1
03:21:45 | INFO: Extracting primitive: hengwuyuan_plaster.001
03:21:45 | INFO: Primitives created: 1
03:21:45 | INFO: Extracting primitive: hengwuyuan_roof.001
03:21:45 | INFO: Primitives created: 1
03:21:45 | INFO: Extracting primitive: hengwuyuan_screen.001
03:21:45 | INFO: Primitives created: 1
03:21:45 | INFO: Extracting primitive: hengwuyuan_stone.001
03:21:45 | INFO: Primitives created: 1
03:21:45 | INFO: Extracting primitive: hengwuyuan_tile.001
03:21:45 | INFO: Primitives created: 1
03:21:45 | INFO: Extracting primitive: hengwuyuan_tiledark.001
03:21:45 | INFO: Primitives created: 1
03:21:45 | INFO: Extracting primitive: hengwuyuan_tilelight.001
03:21:45 | INFO: Primitives created: 1
03:21:45 | INFO: Extracting primitive: hengwuyuan_wood.001
03:21:45 | INFO: Primitives created: 1
03:21:45 | INFO: Extracting primitive: qiushuangzhai_ceramic.001
03:21:45 | INFO: Primitives created: 1
03:21:45 | INFO: Extracting primitive: qiushuangzhai_creamflower.001
03:21:45 | INFO: Primitives created: 1
03:21:45 | INFO: Extracting primitive: qiushuangzhai_darkwood.001
03:21:45 | INFO: Primitives created: 1
03:21:45 | INFO: Extracting primitive: qiushuangzhai_earth.001
03:21:45 | INFO: Primitives created: 1
03:21:45 | INFO: Extracting primitive: qiushuangzhai_gold
03:21:45 | INFO: Primitives created: 1
03:21:45 | INFO: Extracting primitive: qiushuangzhai_lantern
03:21:45 | INFO: Primitives created: 1
03:21:45 | INFO: Extracting primitive: qiushuangzhai_leaf
03:21:45 | INFO: Primitives created: 1
03:21:45 | INFO: Extracting primitive: qiushuangzhai_leafdark.001
03:21:45 | INFO: Primitives created: 1
03:21:45 | INFO: Extracting primitive: qiushuangzhai_marble.001
03:21:45 | INFO: Primitives created: 1
03:21:45 | INFO: Extracting primitive: qiushuangzhai_moss.001
03:21:45 | INFO: Primitives created: 1
03:21:45 | INFO: Extracting primitive: qiushuangzhai_paper.001
03:21:45 | INFO: Primitives created: 1
03:21:45 | INFO: Extracting primitive: qiushuangzhai_paving.001
03:21:45 | INFO: Primitives created: 1
03:21:45 | INFO: Extracting primitive: qiushuangzhai_plaster.001
03:21:45 | INFO: Primitives created: 1
03:21:45 | INFO: Extracting primitive: qiushuangzhai_roof.001
03:21:45 | INFO: Primitives created: 1
03:21:45 | INFO: Extracting primitive: qiushuangzhai_silk.001
03:21:45 | INFO: Primitives created: 1
03:21:45 | INFO: Extracting primitive: qiushuangzhai_stone.001
03:21:45 | INFO: Primitives created: 1
03:21:45 | INFO: Extracting primitive: qiushuangzhai_tile.001
03:21:45 | INFO: Primitives created: 1
03:21:45 | INFO: Extracting primitive: qiushuangzhai_tiledark.001
03:21:45 | INFO: Primitives created: 1
03:21:45 | INFO: Extracting primitive: qiushuangzhai_tilelight.001
03:21:45 | INFO: Primitives created: 1
03:21:45 | INFO: Extracting primitive: qiushuangzhai_wood.001
03:21:45 | INFO: Primitives created: 1
03:21:45 | INFO: Extracting primitive: daoxiangcun_bark
03:21:45 | INFO: Primitives created: 1
03:21:45 | INFO: Extracting primitive: daoxiangcun_clay.001
03:21:45 | INFO: Primitives created: 1
03:21:45 | INFO: Extracting primitive: daoxiangcun_creamflower.001
03:21:45 | INFO: Primitives created: 1
03:21:45 | INFO: Extracting primitive: daoxiangcun_darkwood.001
03:21:45 | INFO: Primitives created: 1
03:21:45 | INFO: Extracting primitive: daoxiangcun_flower.001
03:21:45 | INFO: Primitives created: 1
03:21:45 | INFO: Extracting primitive: daoxiangcun_lightleaf.001
03:21:45 | INFO: Primitives created: 1
03:21:45 | INFO: Extracting primitive: daoxiangcun_paving.001
03:21:45 | INFO: Primitives created: 1
03:21:45 | INFO: Extracting primitive: daoxiangcun_screen.001
03:21:45 | INFO: Primitives created: 1
03:21:45 | INFO: Extracting primitive: daoxiangcun_stone.001
03:21:45 | INFO: Primitives created: 1
03:21:45 | INFO: Extracting primitive: daoxiangcun_thatch.001
03:21:45 | INFO: Primitives created: 1
03:21:45 | INFO: Extracting primitive: daoxiangcun_wood.001
03:21:45 | INFO: Primitives created: 1
03:21:45 | INFO: Extracting primitive: ouxiangxie_bamboo
03:21:45 | INFO: Primitives created: 1
03:21:45 | INFO: Extracting primitive: ouxiangxie_darkwood.001
03:21:45 | INFO: Primitives created: 1
03:21:45 | INFO: Extracting primitive: ouxiangxie_gold
03:21:45 | INFO: Primitives created: 1
03:21:45 | INFO: Extracting primitive: ouxiangxie_lantern
03:21:45 | INFO: Primitives created: 1
03:21:45 | INFO: Extracting primitive: ouxiangxie_paper
03:21:45 | INFO: Primitives created: 1
03:21:45 | INFO: Extracting primitive: ouxiangxie_roof.001
03:21:45 | INFO: Primitives created: 1
03:21:45 | INFO: Extracting primitive: ouxiangxie_silk
03:21:45 | INFO: Primitives created: 1
03:21:45 | INFO: Extracting primitive: ouxiangxie_stone.001
03:21:45 | INFO: Primitives created: 1
03:21:45 | INFO: Extracting primitive: ouxiangxie_tile.001
03:21:45 | INFO: Primitives created: 1
03:21:45 | INFO: Extracting primitive: ouxiangxie_tiledark.001
03:21:45 | INFO: Primitives created: 1
03:21:45 | INFO: Extracting primitive: ouxiangxie_tilelight.001
03:21:45 | INFO: Primitives created: 1
03:21:45 | INFO: Extracting primitive: ouxiangxie_wood.001
03:21:45 | INFO: Primitives created: 1
03:21:45 | INFO: Extracting primitive: dicuiting_darkwood
03:21:45 | INFO: Primitives created: 1
03:21:45 | INFO: Extracting primitive: dicuiting_gold
03:21:45 | INFO: Primitives created: 1
03:21:45 | INFO: Extracting primitive: dicuiting_lantern
03:21:45 | INFO: Primitives created: 1
03:21:45 | INFO: Extracting primitive: dicuiting_paving
03:21:45 | INFO: Primitives created: 1
03:21:45 | INFO: Extracting primitive: dicuiting_roof.001
03:21:45 | INFO: Primitives created: 1
03:21:45 | INFO: Extracting primitive: dicuiting_stone.001
03:21:45 | INFO: Primitives created: 1
03:21:45 | INFO: Extracting primitive: dicuiting_tile.001
03:21:45 | INFO: Primitives created: 1
03:21:45 | INFO: Extracting primitive: dicuiting_tiledark
03:21:45 | INFO: Primitives created: 1
03:21:45 | INFO: Extracting primitive: dicuiting_tilelight
03:21:45 | INFO: Primitives created: 1
03:21:45 | INFO: Extracting primitive: dicuiting_wood.001
03:21:45 | INFO: Primitives created: 1
03:21:45 | INFO: Extracting primitive: luxuean_bamboo.001
03:21:45 | INFO: Primitives created: 1
03:21:45 | INFO: Extracting primitive: luxuean_clay.001
03:21:45 | INFO: Primitives created: 1
03:21:45 | INFO: Extracting primitive: luxuean_lightleaf.001
03:21:45 | INFO: Primitives created: 1
03:21:45 | INFO: Extracting primitive: luxuean_paving.001
03:21:45 | INFO: Primitives created: 1
03:21:45 | INFO: Extracting primitive: luxuean_stone.001
03:21:45 | INFO: Primitives created: 1
03:21:45 | INFO: Extracting primitive: luxuean_thatch.001
03:21:45 | INFO: Primitives created: 1
03:21:45 | INFO: Extracting primitive: luxuean_wood.001
03:21:45 | INFO: Primitives created: 1
03:21:45 | INFO: Extracting primitive: tubishanzhuang_bark
03:21:45 | INFO: Primitives created: 1
03:21:45 | INFO: Extracting primitive: tubishanzhuang_canopy
03:21:45 | INFO: Primitives created: 1
03:21:45 | INFO: Extracting primitive: tubishanzhuang_canopy_light
03:21:45 | INFO: Primitives created: 1
03:21:45 | INFO: Extracting primitive: tubishanzhuang_canopy_shadow
03:21:45 | INFO: Primitives created: 1
03:21:45 | INFO: Extracting primitive: tubishanzhuang_darkwood.001
03:21:45 | INFO: Primitives created: 1
03:21:45 | INFO: Extracting primitive: tubishanzhuang_paper
03:21:45 | INFO: Primitives created: 1
03:21:45 | INFO: Extracting primitive: tubishanzhuang_paving.001
03:21:45 | INFO: Primitives created: 1
03:21:45 | INFO: Extracting primitive: tubishanzhuang_plaster.001
03:21:45 | INFO: Primitives created: 1
03:21:45 | INFO: Extracting primitive: tubishanzhuang_roof.001
03:21:45 | INFO: Primitives created: 1
03:21:45 | INFO: Extracting primitive: tubishanzhuang_stone.001
03:21:45 | INFO: Primitives created: 1
03:21:45 | INFO: Extracting primitive: tubishanzhuang_tile.001
03:21:46 | INFO: Primitives created: 1
03:21:46 | INFO: Extracting primitive: tubishanzhuang_tiledark.001
03:21:46 | INFO: Primitives created: 1
03:21:46 | INFO: Extracting primitive: tubishanzhuang_tilelight.001
03:21:46 | INFO: Primitives created: 1
03:21:46 | INFO: Extracting primitive: tubishanzhuang_wood.001
03:21:46 | INFO: Primitives created: 1
03:21:46 | INFO: Extracting primitive: aojingxiguan_bark
03:21:46 | INFO: Primitives created: 1
03:21:46 | INFO: Extracting primitive: aojingxiguan_canopy
03:21:46 | INFO: Primitives created: 1
03:21:46 | INFO: Extracting primitive: aojingxiguan_canopy_light
03:21:46 | INFO: Primitives created: 1
03:21:46 | INFO: Extracting primitive: aojingxiguan_canopy_shadow
03:21:46 | INFO: Primitives created: 1
03:21:46 | INFO: Extracting primitive: aojingxiguan_darkwood.001
03:21:46 | INFO: Primitives created: 1
03:21:46 | INFO: Extracting primitive: aojingxiguan_paper
03:21:46 | INFO: Primitives created: 1
03:21:46 | INFO: Extracting primitive: aojingxiguan_paving.001
03:21:46 | INFO: Primitives created: 1
03:21:46 | INFO: Extracting primitive: aojingxiguan_plaster.001
03:21:46 | INFO: Primitives created: 1
03:21:46 | INFO: Extracting primitive: aojingxiguan_roof.001
03:21:46 | INFO: Primitives created: 1
03:21:46 | INFO: Extracting primitive: aojingxiguan_stone.001
03:21:46 | INFO: Primitives created: 1
03:21:46 | INFO: Extracting primitive: aojingxiguan_tile.001
03:21:46 | INFO: Primitives created: 1
03:21:46 | INFO: Extracting primitive: aojingxiguan_tiledark.001
03:21:46 | INFO: Primitives created: 1
03:21:46 | INFO: Extracting primitive: aojingxiguan_tilelight.001
03:21:46 | INFO: Primitives created: 1
03:21:46 | INFO: Extracting primitive: aojingxiguan_wood.001
03:21:46 | INFO: Primitives created: 1
03:21:46 | INFO: Extracting primitive: daguanlou_bark
03:21:46 | INFO: Primitives created: 1
03:21:46 | INFO: Extracting primitive: daguanlou_canopy
03:21:46 | INFO: Primitives created: 1
03:21:46 | INFO: Extracting primitive: daguanlou_canopy_light
03:21:46 | INFO: Primitives created: 1
03:21:46 | INFO: Extracting primitive: daguanlou_canopy_shadow
03:21:46 | INFO: Primitives created: 1
03:21:46 | INFO: Extracting primitive: daguanlou_darkwood
03:21:46 | INFO: Primitives created: 1
03:21:46 | INFO: Extracting primitive: daguanlou_gold
03:21:46 | INFO: Primitives created: 1
03:21:46 | INFO: Extracting primitive: daguanlou_lantern
03:21:46 | INFO: Primitives created: 1
03:21:46 | INFO: Extracting primitive: daguanlou_paper
03:21:46 | INFO: Primitives created: 1
03:21:46 | INFO: Extracting primitive: daguanlou_paving
03:21:46 | INFO: Primitives created: 1
03:21:46 | INFO: Extracting primitive: daguanlou_plaster
03:21:46 | INFO: Primitives created: 1
03:21:46 | INFO: Extracting primitive: daguanlou_roof
03:21:46 | INFO: Primitives created: 1
03:21:46 | INFO: Extracting primitive: daguanlou_screen
03:21:46 | INFO: Primitives created: 1
03:21:46 | INFO: Extracting primitive: daguanlou_stone
03:21:46 | INFO: Primitives created: 1
03:21:46 | INFO: Extracting primitive: daguanlou_tile
03:21:46 | INFO: Primitives created: 1
03:21:47 | INFO: Extracting primitive: daguanlou_tiledark
03:21:47 | INFO: Primitives created: 1
03:21:47 | INFO: Extracting primitive: daguanlou_tilelight
03:21:47 | INFO: Primitives created: 1
03:21:47 | INFO: Extracting primitive: daguanlou_wood
03:21:47 | INFO: Primitives created: 1
03:21:47 | INFO: Extracting primitive: longcuian_bark
03:21:47 | INFO: Primitives created: 1
03:21:47 | INFO: Extracting primitive: longcuian_canopy
03:21:47 | INFO: Primitives created: 1
03:21:47 | INFO: Extracting primitive: longcuian_canopy_light
03:21:47 | INFO: Primitives created: 1
03:21:47 | INFO: Extracting primitive: longcuian_canopy_shadow
03:21:47 | INFO: Primitives created: 1
03:21:47 | INFO: Extracting primitive: longcuian_ceramic
03:21:47 | INFO: Primitives created: 1
03:21:47 | INFO: Extracting primitive: longcuian_darkwood
03:21:47 | INFO: Primitives created: 1
03:21:47 | INFO: Extracting primitive: longcuian_flower
03:21:47 | INFO: Primitives created: 1
03:21:47 | INFO: Extracting primitive: longcuian_paper
03:21:47 | INFO: Primitives created: 1
03:21:47 | INFO: Extracting primitive: longcuian_paving
03:21:47 | INFO: Primitives created: 1
03:21:47 | INFO: Extracting primitive: longcuian_plaster
03:21:47 | INFO: Primitives created: 1
03:21:47 | INFO: Extracting primitive: longcuian_roof
03:21:47 | INFO: Primitives created: 1
03:21:47 | INFO: Extracting primitive: longcuian_screen
03:21:47 | INFO: Primitives created: 1
03:21:47 | INFO: Extracting primitive: longcuian_stone
03:21:47 | INFO: Primitives created: 1
03:21:47 | INFO: Extracting primitive: longcuian_tile
03:21:47 | INFO: Primitives created: 1
03:21:47 | INFO: Extracting primitive: longcuian_tiledark
03:21:47 | INFO: Primitives created: 1
03:21:47 | INFO: Extracting primitive: longcuian_tilelight
03:21:47 | INFO: Primitives created: 1
03:21:47 | INFO: Extracting primitive: longcuian_wood
03:21:47 | INFO: Primitives created: 1
03:21:47 | INFO: Extracting primitive: nuanxiangwu_bark
03:21:47 | INFO: Primitives created: 1
03:21:47 | INFO: Extracting primitive: nuanxiangwu_ceramic
03:21:47 | INFO: Primitives created: 1
03:21:47 | INFO: Extracting primitive: nuanxiangwu_creamflower
03:21:47 | INFO: Primitives created: 1
03:21:47 | INFO: Extracting primitive: nuanxiangwu_darkwood
03:21:47 | INFO: Primitives created: 1
03:21:47 | INFO: Extracting primitive: nuanxiangwu_paper
03:21:47 | INFO: Primitives created: 1
03:21:47 | INFO: Extracting primitive: nuanxiangwu_paving
03:21:47 | INFO: Primitives created: 1
03:21:47 | INFO: Extracting primitive: nuanxiangwu_plaster
03:21:47 | INFO: Primitives created: 1
03:21:47 | INFO: Extracting primitive: nuanxiangwu_roof
03:21:47 | INFO: Primitives created: 1
03:21:47 | INFO: Extracting primitive: nuanxiangwu_screen
03:21:47 | INFO: Primitives created: 1
03:21:47 | INFO: Extracting primitive: nuanxiangwu_silk
03:21:47 | INFO: Primitives created: 1
03:21:47 | INFO: Extracting primitive: nuanxiangwu_stone
03:21:47 | INFO: Primitives created: 1
03:21:47 | INFO: Extracting primitive: nuanxiangwu_tile
03:21:47 | INFO: Primitives created: 1
03:21:47 | INFO: Extracting primitive: nuanxiangwu_tiledark
03:21:47 | INFO: Primitives created: 1
03:21:47 | INFO: Extracting primitive: nuanxiangwu_tilelight
03:21:47 | INFO: Primitives created: 1
03:21:47 | INFO: Extracting primitive: nuanxiangwu_wood
03:21:47 | INFO: Primitives created: 1
03:21:47 | INFO: Extracting primitive: landscape_earth.001
03:21:47 | INFO: Primitives created: 1
03:21:50 | INFO: Extracting primitive: landscape_stone.001
03:21:50 | INFO: Primitives created: 1
03:21:50 | INFO: Extracting primitive: landscape_leafdark
03:21:50 | INFO: Primitives created: 1
03:21:50 | INFO: Extracting primitive: landscape_leaf
03:21:50 | INFO: Primitives created: 1
03:21:50 | INFO: Extracting primitive: landscape_moss
03:21:50 | INFO: Primitives created: 1
03:21:50 | INFO: Extracting primitive: landscape_bark
03:21:50 | INFO: Primitives created: 1
03:21:51 | INFO: Extracting primitive: landscape_bamboo.001
03:21:51 | INFO: Primitives created: 1
03:21:51 | INFO: Extracting primitive: landscape_canopy_light
03:21:52 | INFO: Primitives created: 1
03:21:52 | INFO: Extracting primitive: landscape_lightleaf.001
03:21:52 | INFO: Primitives created: 1
03:21:52 | INFO: Extracting primitive: landscape_flower.001
03:21:52 | INFO: Primitives created: 1
03:21:52 | INFO: Extracting primitive: landscape_creamflower.001
03:21:52 | INFO: Primitives created: 1
03:21:52 | INFO: Extracting primitive: landscape_plaster
03:21:52 | INFO: Primitives created: 1
03:21:52 | INFO: Extracting primitive: landscape_roof
03:21:52 | INFO: Primitives created: 1
03:21:52 | INFO: Extracting primitive: landscape_tile
03:21:52 | INFO: Primitives created: 1
03:21:52 | INFO: Extracting primitive: landscape_canopy_shadow
03:21:52 | INFO: Primitives created: 1
03:21:53 | INFO: Extracting primitive: landscape_canopy
03:21:53 | INFO: Primitives created: 1
03:21:53 | INFO: Extracting primitive: landscape_paving
03:21:53 | INFO: Primitives created: 1
03:21:53 | INFO: Extracting primitive: landscape_wood.001
03:21:53 | INFO: Primitives created: 1
03:21:53 | INFO: Extracting primitive: landscape_darkwood
03:21:53 | INFO: Primitives created: 1
03:21:53 | INFO: Extracting primitive: landscape_lantern
03:21:53 | INFO: Primitives created: 1
03:21:53 | INFO: Extracting primitive: landscape_gold
03:21:53 | INFO: Primitives created: 1
03:21:53 | INFO: Extracting primitive: landscape_tiledark
03:21:53 | INFO: Primitives created: 1
03:21:53 | INFO: Extracting primitive: landscape_tilelight
03:21:53 | INFO: Primitives created: 1
03:21:54 | INFO: Finished glTF 2.0 export in 11.12550139427185 s
WARN (bke.modifier): C:\Users\blender\git\blender-v450\blender.git\source\blender\blenkernel\intern\modifier.cc:425 BKE_modifier_set_error: Object: "xiaoxiangguan_water.001", Modifier: "Mobile_Overview", Modifier requires more than 3 input faces

03:22:27 | INFO: Starting glTF 2.0 export
03:22:27 | WARNING: Mesh Mobile_daguanyuan_gate is not valid, and may be exported wrongly
03:22:27 | INFO: Extracting primitive: Mobile_daguanyuan_gate
03:22:27 | INFO: Primitives created: 1
03:22:27 | WARNING: Mesh Mobile_qujingtongyou is not valid, and may be exported wrongly
03:22:27 | INFO: Extracting primitive: Mobile_qujingtongyou
03:22:27 | INFO: Primitives created: 1
03:22:27 | WARNING: Mesh Mobile_xiaoxiangguan is not valid, and may be exported wrongly
03:22:27 | INFO: Extracting primitive: Mobile_xiaoxiangguan
03:22:27 | INFO: Primitives created: 1
03:22:27 | INFO: Extracting primitive: xiaoxiangguan_lantern
03:22:27 | INFO: Primitives created: 1
03:22:27 | WARNING: Mesh Mobile_yihongyuan is not valid, and may be exported wrongly
03:22:27 | INFO: Extracting primitive: Mobile_yihongyuan
03:22:27 | INFO: Primitives created: 1
03:22:27 | INFO: Extracting primitive: yihongyuan_lantern
03:22:27 | INFO: Primitives created: 1
03:22:27 | INFO: Extracting primitive: hengwuyuan_lantern
03:22:27 | INFO: Primitives created: 1
03:22:27 | WARNING: Mesh Mobile_hengwuyuan is not valid, and may be exported wrongly
03:22:27 | INFO: Extracting primitive: Mobile_hengwuyuan
03:22:28 | INFO: Primitives created: 1
03:22:28 | WARNING: Mesh Mobile_qiushuangzhai is not valid, and may be exported wrongly
03:22:28 | INFO: Extracting primitive: Mobile_qiushuangzhai
03:22:28 | INFO: Primitives created: 1
03:22:28 | INFO: Extracting primitive: qiushuangzhai_lantern
03:22:28 | INFO: Primitives created: 1
03:22:28 | WARNING: Mesh Mobile_daoxiangcun is not valid, and may be exported wrongly
03:22:28 | INFO: Extracting primitive: Mobile_daoxiangcun
03:22:28 | INFO: Primitives created: 1
03:22:28 | WARNING: Mesh Mobile_ouxiangxie is not valid, and may be exported wrongly
03:22:28 | INFO: Extracting primitive: Mobile_ouxiangxie
03:22:28 | INFO: Primitives created: 1
03:22:28 | INFO: Extracting primitive: ouxiangxie_lantern
03:22:28 | INFO: Primitives created: 1
03:22:28 | INFO: Extracting primitive: dicuiting_lantern
03:22:28 | INFO: Primitives created: 1
03:22:28 | WARNING: Mesh Mobile_dicuiting is not valid, and may be exported wrongly
03:22:28 | INFO: Extracting primitive: Mobile_dicuiting
03:22:28 | INFO: Primitives created: 1
03:22:28 | WARNING: Mesh Mobile_luxuean is not valid, and may be exported wrongly
03:22:28 | INFO: Extracting primitive: Mobile_luxuean
03:22:28 | INFO: Primitives created: 1
03:22:28 | WARNING: Mesh Mobile_tubishanzhuang is not valid, and may be exported wrongly
03:22:28 | INFO: Extracting primitive: Mobile_tubishanzhuang
03:22:28 | INFO: Primitives created: 1
03:22:28 | WARNING: Mesh Mobile_aojingxiguan is not valid, and may be exported wrongly
03:22:28 | INFO: Extracting primitive: Mobile_aojingxiguan
03:22:28 | INFO: Primitives created: 1
03:22:28 | INFO: Extracting primitive: daguanlou_lantern
03:22:28 | INFO: Primitives created: 1
03:22:28 | WARNING: Mesh Mobile_daguanlou is not valid, and may be exported wrongly
03:22:28 | INFO: Extracting primitive: Mobile_daguanlou
03:22:28 | INFO: Primitives created: 1
03:22:28 | WARNING: Mesh Mobile_longcuian is not valid, and may be exported wrongly
03:22:28 | INFO: Extracting primitive: Mobile_longcuian
03:22:28 | INFO: Primitives created: 1
03:22:28 | WARNING: Mesh Mobile_nuanxiangwu is not valid, and may be exported wrongly
03:22:28 | INFO: Extracting primitive: Mobile_nuanxiangwu
03:22:28 | INFO: Primitives created: 1
03:22:28 | INFO: Extracting primitive: landscape_lantern
03:22:28 | INFO: Primitives created: 1
03:22:28 | WARNING: Mesh Mobile_landscape is not valid, and may be exported wrongly
03:22:28 | INFO: Extracting primitive: Mobile_landscape
03:22:28 | INFO: Primitives created: 1
03:22:28 | INFO: Finished glTF 2.0 export in 1.0872645378112793 s

REFERENCE WORLD COMPLETE 277
Blender 4.5.9 LTS (hash 8bf95cbd38d1 built 2026-04-21 01:33:45)
Read blend: "D:\Users\Lenovo\Desktop\大观园\blender\daguanyuan_master.blend"

Blender quit
