Blender 4.5.9 LTS (hash 8bf95cbd38d1 built 2026-04-21 01:33:45)
Read blend: "D:\Users\Lenovo\Desktop\大观园\blender\xiaoxiangguan_sample.blend"
Fra:1 Mem:22.88M (Peak 22.88M) | Time:00:00.01 | Mem:0.00M, Peak:0.00M | Scene, ViewLayer | Synchronizing object | xiaoxiangguan_earth
Fra:1 Mem:22.88M (Peak 22.88M) | Time:00:00.01 | Mem:0.00M, Peak:0.00M | Scene, ViewLayer | Synchronizing object | Afternoon_Sun
Fra:1 Mem:22.88M (Peak 22.88M) | Time:00:00.01 | Mem:0.00M, Peak:0.00M | Scene, ViewLayer | Synchronizing object | sample_ground_earth
Fra:1 Mem:22.94M (Peak 22.94M) | Time:00:00.01 | Mem:0.00M, Peak:0.00M | Scene, ViewLayer | Synchronizing object | PolyHaven_coast_rocks_02.001
Fra:1 Mem:22.95M (Peak 22.95M) | Time:00:00.01 | Mem:0.00M, Peak:0.00M | Scene, ViewLayer | Synchronizing object | xiaoxiangguan_stone
Fra:1 Mem:22.94M (Peak 22.95M) | Time:00:00.01 | Mem:0.00M, Peak:0.00M | Scene, ViewLayer | Synchronizing object | xiaoxiangguan_tile
Fra:1 Mem:24.99M (Peak 24.99M) | Time:00:00.01 | Mem:0.00M, Peak:0.00M | Scene, ViewLayer | Synchronizing object | xiaoxiangguan_paving.001
Fra:1 Mem:25.79M (Peak 25.79M) | Time:00:00.01 | Mem:0.00M, Peak:0.00M | Scene, ViewLayer | Synchronizing object | xiaoxiangguan_darkwood
Fra:1 Mem:25.83M (Peak 25.83M) | Time:00:00.01 | Mem:0.00M, Peak:0.00M | Scene, ViewLayer | Synchronizing object | xiaoxiangguan_silk.001
Fra:1 Mem:25.90M (Peak 25.90M) | Time:00:00.01 | Mem:0.00M, Peak:0.00M | Scene, ViewLayer | Synchronizing object | xiaoxiangguan_wood
Fra:1 Mem:26.01M (Peak 26.01M) | Time:00:00.01 | Mem:0.00M, Peak:0.00M | Scene, ViewLayer | Synchronizing object | xiaoxiangguan_tiledark.001
Fra:1 Mem:27.23M (Peak 27.23M) | Time:00:00.01 | Mem:0.00M, Peak:0.00M | Scene, ViewLayer | Synchronizing object | xiaoxiangguan_tilelight.001
Fra:1 Mem:27.23M (Peak 27.23M) | Time:00:00.01 | Mem:0.00M, Peak:0.00M | Scene, ViewLayer | Synchronizing object | xiaoxiangguan_paper
Fra:1 Mem:27.65M (Peak 27.65M) | Time:00:00.01 | Mem:0.00M, Peak:0.00M | Scene, ViewLayer | Synchronizing object | xiaoxiangguan_moss
Fra:1 Mem:27.76M (Peak 27.76M) | Time:00:00.01 | Mem:0.00M, Peak:0.00M | Scene, ViewLayer | Synchronizing object | xiaoxiangguan_water
Fra:1 Mem:27.91M (Peak 27.91M) | Time:00:00.01 | Mem:0.00M, Peak:0.00M | Scene, ViewLayer | Synchronizing object | xiaoxiangguan_bamboo
Fra:1 Mem:28.62M (Peak 28.62M) | Time:00:00.01 | Mem:0.00M, Peak:0.00M | Scene, ViewLayer | Synchronizing object | xiaoxiangguan_creamflower
Fra:1 Mem:28.88M (Peak 28.88M) | Time:00:00.01 | Mem:0.00M, Peak:0.00M | Scene, ViewLayer | Synchronizing object | xiaoxiangguan_lightleaf
Fra:1 Mem:30.80M (Peak 30.80M) | Time:00:00.01 | Mem:0.00M, Peak:0.00M | Scene, ViewLayer | Synchronizing object | xiaoxiangguan_leaf
Fra:1 Mem:31.01M (Peak 31.01M) | Time:00:00.01 | Mem:0.00M, Peak:0.00M | Scene, ViewLayer | Synchronizing object | xiaoxiangguan_leafdark.001
Fra:1 Mem:32.81M (Peak 32.81M) | Time:00:00.02 | Mem:0.00M, Peak:0.00M | Scene, ViewLayer | Initializing
Fra:1 Mem:32.72M (Peak 32.81M) | Time:00:00.02 | Mem:0.00M, Peak:0.00M | Scene, ViewLayer | Updating Images | Loading wood_planks.jpg
Fra:1 Mem:32.72M (Peak 32.81M) | Time:00:00.02 | Mem:0.00M, Peak:0.00M | Scene, ViewLayer | Updating Images | Loading stone_wall_02.jpg
Fra:1 Mem:32.72M (Peak 32.81M) | Time:00:00.02 | Mem:0.00M, Peak:0.00M | Scene, ViewLayer | Updating Images | Loading stone_wall_02.jpg.001
Fra:1 Mem:51.07M (Peak 62.73M) | Time:00:00.07 | Mem:20.00M, Peak:20.00M | Scene, ViewLayer | Waiting for render to start
Fra:1 Mem:51.07M (Peak 62.73M) | Time:00:00.08 | Mem:20.00M, Peak:20.00M | Scene, ViewLayer | Updating Scene
Fra:1 Mem:51.07M (Peak 62.73M) | Time:00:00.08 | Mem:20.00M, Peak:20.00M | Scene, ViewLayer | Updating Shaders
Fra:1 Mem:51.07M (Peak 62.73M) | Time:00:00.08 | Mem:20.00M, Peak:20.00M | Scene, ViewLayer | Loading render kernels (may take a few minutes the first time)
Fra:1 Mem:51.17M (Peak 62.73M) | Time:00:00.08 | Mem:20.01M, Peak:20.01M | Scene, ViewLayer | Updating Procedurals
Fra:1 Mem:51.17M (Peak 62.73M) | Time:00:00.08 | Mem:20.01M, Peak:20.01M | Scene, ViewLayer | Updating Background
Fra:1 Mem:51.17M (Peak 62.73M) | Time:00:00.08 | Mem:20.01M, Peak:20.01M | Scene, ViewLayer | Updating Camera
Fra:1 Mem:51.17M (Peak 62.73M) | Time:00:00.08 | Mem:20.01M, Peak:20.01M | Scene, ViewLayer | Updating Meshes Flags
Fra:1 Mem:51.17M (Peak 62.73M) | Time:00:00.08 | Mem:20.01M, Peak:20.01M | Scene, ViewLayer | Updating Objects
Fra:1 Mem:51.17M (Peak 62.73M) | Time:00:00.08 | Mem:20.01M, Peak:20.01M | Scene, ViewLayer | Updating Objects | Copying Transformations to device
Fra:1 Mem:51.17M (Peak 62.73M) | Time:00:00.08 | Mem:20.02M, Peak:20.02M | Scene, ViewLayer | Updating Particle Systems
Fra:1 Mem:51.17M (Peak 62.73M) | Time:00:00.08 | Mem:20.02M, Peak:20.02M | Scene, ViewLayer | Updating Particle Systems | Copying Particles to device
Fra:1 Mem:51.17M (Peak 62.73M) | Time:00:00.08 | Mem:20.02M, Peak:20.02M | Scene, ViewLayer | Updating Meshes
Fra:1 Mem:51.17M (Peak 62.73M) | Time:00:00.08 | Mem:20.02M, Peak:20.02M | Scene, ViewLayer | Updating Objects | Applying Static Transformations
Fra:1 Mem:51.17M (Peak 62.73M) | Time:00:00.08 | Mem:20.02M, Peak:20.02M | Scene, ViewLayer | Updating Mesh | Computing attributes
Fra:1 Mem:52.15M (Peak 62.73M) | Time:00:00.08 | Mem:20.02M, Peak:20.02M | Scene, ViewLayer | Updating Mesh | Copying Attributes to device
Fra:1 Mem:52.15M (Peak 62.73M) | Time:00:00.08 | Mem:21.00M, Peak:21.00M | Scene, ViewLayer | Updating Scene BVH | Building
Fra:1 Mem:52.15M (Peak 62.73M) | Time:00:00.08 | Mem:21.00M, Peak:21.00M | Scene, ViewLayer | Updating Scene BVH | Building BVH
Fra:1 Mem:52.15M (Peak 62.73M) | Time:00:00.08 | Mem:23.28M, Peak:23.28M | Scene, ViewLayer | Updating Scene BVH | Building BVH 0%
Fra:1 Mem:52.15M (Peak 62.73M) | Time:00:00.09 | Mem:25.76M, Peak:28.04M | Scene, ViewLayer | Updating Scene BVH | Copying BVH to device
Fra:1 Mem:52.15M (Peak 62.73M) | Time:00:00.09 | Mem:25.76M, Peak:28.04M | Scene, ViewLayer | Updating Mesh | Computing normals
Fra:1 Mem:54.87M (Peak 62.73M) | Time:00:00.09 | Mem:25.76M, Peak:28.04M | Scene, ViewLayer | Updating Mesh | Copying Mesh to device
Fra:1 Mem:54.87M (Peak 62.73M) | Time:00:00.09 | Mem:28.48M, Peak:28.48M | Scene, ViewLayer | Updating Objects Flags
Fra:1 Mem:54.87M (Peak 62.73M) | Time:00:00.09 | Mem:28.48M, Peak:28.48M | Scene, ViewLayer | Updating Primitive Offsets
Fra:1 Mem:54.87M (Peak 62.73M) | Time:00:00.09 | Mem:28.48M, Peak:28.48M | Scene, ViewLayer | Updating Images
Fra:1 Mem:50.87M (Peak 62.73M) | Time:00:00.09 | Mem:24.48M, Peak:28.48M | Scene, ViewLayer | Updating Camera Volume
Fra:1 Mem:50.87M (Peak 62.73M) | Time:00:00.09 | Mem:24.48M, Peak:28.48M | Scene, ViewLayer | Updating Lookup Tables
Fra:1 Mem:50.87M (Peak 62.73M) | Time:00:00.09 | Mem:24.56M, Peak:28.48M | Scene, ViewLayer | Updating Lights
Fra:1 Mem:50.87M (Peak 62.73M) | Time:00:00.09 | Mem:24.56M, Peak:28.48M | Scene, ViewLayer | Updating Lights | Importance map
Fra:1 Mem:114.90M (Peak 402.87M) | Time:00:00.53 | Mem:88.60M, Peak:248.57M | Scene, ViewLayer | Updating Lights | Computing tree
Fra:1 Mem:114.90M (Peak 402.87M) | Time:00:00.53 | Mem:88.60M, Peak:248.57M | Scene, ViewLayer | Updating Integrator
Fra:1 Mem:114.90M (Peak 402.87M) | Time:00:00.53 | Mem:88.60M, Peak:248.57M | Scene, ViewLayer | Updating Film
Fra:1 Mem:114.90M (Peak 402.87M) | Time:00:00.53 | Mem:88.52M, Peak:248.57M | Scene, ViewLayer | Updating Lookup Tables
Fra:1 Mem:114.90M (Peak 402.87M) | Time:00:00.53 | Mem:88.61M, Peak:248.57M | Scene, ViewLayer | Updating Baking
Fra:1 Mem:114.90M (Peak 402.87M) | Time:00:00.53 | Mem:88.61M, Peak:248.57M | Scene, ViewLayer | Updating Device | Writing constant memory
Fra:1 Mem:114.91M (Peak 402.87M) | Time:00:00.53 | Mem:88.61M, Peak:248.57M | Scene, ViewLayer | Loading denoising kernels (may take a few minutes the first time)
Fra:1 Mem:114.91M (Peak 402.87M) | Time:00:00.53 | Mem:88.61M, Peak:248.57M | Scene, ViewLayer | Sample 0/24
Fra:1 Mem:193.23M (Peak 402.87M) | Time:00:01.13 | Remaining:00:13.69 | Mem:166.89M, Peak:248.57M | Scene, ViewLayer | Sample 1/24
Fra:1 Mem:226.19M (Peak 402.87M) | Time:00:41.74 | Mem:166.89M, Peak:248.57M | Scene, ViewLayer | Sample 24/24
Fra:1 Mem:226.19M (Peak 402.87M) | Time:00:41.74 | Mem:166.89M, Peak:248.57M | Scene, ViewLayer | Finished
Saved: 'D:\Users\Lenovo\Desktop\大观园\reports\blender\xiaoxiangguan.png'
Time: 00:42.09 (Saving: 00:00.33)

Read blend: "D:\Users\Lenovo\Desktop\大观园\blender\daguanyuan_master.blend"
Fra:1 Mem:73.17M (Peak 73.17M) | Time:00:00.01 | Mem:0.00M, Peak:0.00M | Scene, ViewLayer | Synchronizing object | daguanyuan_gate_stone
Fra:1 Mem:73.17M (Peak 73.17M) | Time:00:00.01 | Mem:0.00M, Peak:0.00M | Scene, ViewLayer | Synchronizing object | daguanyuan_gate_plaster
Fra:1 Mem:73.25M (Peak 73.25M) | Time:00:00.01 | Mem:0.00M, Peak:0.00M | Scene, ViewLayer | Synchronizing object | daguanyuan_gate_wood
Fra:1 Mem:73.28M (Peak 73.28M) | Time:00:00.02 | Mem:0.00M, Peak:0.00M | Scene, ViewLayer | Synchronizing object | daguanyuan_gate_roof
Fra:1 Mem:73.42M (Peak 73.42M) | Time:00:00.02 | Mem:0.00M, Peak:0.00M | Scene, ViewLayer | Synchronizing object | daguanyuan_gate_tiledark
Fra:1 Mem:73.79M (Peak 73.79M) | Time:00:00.02 | Mem:0.00M, Peak:0.00M | Scene, ViewLayer | Synchronizing object | daguanyuan_gate_tile
Fra:1 Mem:74.00M (Peak 74.00M) | Time:00:00.02 | Mem:0.00M, Peak:0.00M | Scene, ViewLayer | Synchronizing object | daguanyuan_gate_tilelight
Fra:1 Mem:74.36M (Peak 74.36M) | Time:00:00.02 | Mem:0.00M, Peak:0.00M | Scene, ViewLayer | Synchronizing object | daguanyuan_gate_darkwood
Fra:1 Mem:74.43M (Peak 74.43M) | Time:00:00.02 | Mem:0.00M, Peak:0.00M | Scene, ViewLayer | Synchronizing object | qujingtongyou_stone
Fra:1 Mem:74.43M (Peak 74.43M) | Time:00:00.02 | Mem:0.00M, Peak:0.00M | Scene, ViewLayer | Synchronizing object | qujingtongyou_wood
Fra:1 Mem:74.64M (Peak 74.64M) | Time:00:00.02 | Mem:0.00M, Peak:0.00M | Scene, ViewLayer | Synchronizing object | qujingtongyou_leaf
Fra:1 Mem:74.70M (Peak 74.70M) | Time:00:00.02 | Mem:0.00M, Peak:0.00M | Scene, ViewLayer | Synchronizing object | qujingtongyou_lightleaf
Fra:1 Mem:74.79M (Peak 74.79M) | Time:00:00.02 | Mem:0.00M, Peak:0.00M | Scene, ViewLayer | Synchronizing object | qujingtongyou_leafdark
Fra:1 Mem:74.85M (Peak 74.85M) | Time:00:00.02 | Mem:0.00M, Peak:0.00M | Scene, ViewLayer | Synchronizing object | PolyHaven_coast_rocks_02.001
Fra:1 Mem:74.85M (Peak 74.85M) | Time:00:00.02 | Mem:0.00M, Peak:0.00M | Scene, ViewLayer | Synchronizing object | xiaoxiangguan_earth.001
Fra:1 Mem:74.89M (Peak 74.89M) | Time:00:00.02 | Mem:0.00M, Peak:0.00M | Scene, ViewLayer | Synchronizing object | xiaoxiangguan_plaster.001
Fra:1 Mem:75.03M (Peak 75.03M) | Time:00:00.02 | Mem:0.00M, Peak:0.00M | Scene, ViewLayer | Synchronizing object | xiaoxiangguan_stone.001
Fra:1 Mem:75.13M (Peak 75.13M) | Time:00:00.02 | Mem:0.00M, Peak:0.00M | Scene, ViewLayer | Synchronizing object | xiaoxiangguan_tile.001
Fra:1 Mem:75.84M (Peak 75.84M) | Time:00:00.02 | Mem:0.00M, Peak:0.00M | Scene, ViewLayer | Synchronizing object | xiaoxiangguan_paving
Fra:1 Mem:76.06M (Peak 76.06M) | Time:00:00.02 | Mem:0.00M, Peak:0.00M | Scene, ViewLayer | Synchronizing object | Water_Master_Editable
Fra:1 Mem:76.10M (Peak 76.10M) | Time:00:00.02 | Mem:0.00M, Peak:0.00M | Scene, ViewLayer | Synchronizing object | xiaoxiangguan_darkwood.001
Fra:1 Mem:76.14M (Peak 76.14M) | Time:00:00.02 | Mem:0.00M, Peak:0.00M | Scene, ViewLayer | Synchronizing object | Afternoon_Sun
Fra:1 Mem:76.13M (Peak 76.14M) | Time:00:00.02 | Mem:0.00M, Peak:0.00M | Scene, ViewLayer | Synchronizing object | landscape_creamflower
Fra:1 Mem:76.59M (Peak 76.59M) | Time:00:00.02 | Mem:0.00M, Peak:0.00M | Scene, ViewLayer | Synchronizing object | xiaoxiangguan_silk
Fra:1 Mem:76.59M (Peak 76.59M) | Time:00:00.02 | Mem:0.00M, Peak:0.00M | Scene, ViewLayer | Synchronizing object | xiaoxiangguan_wood.001
Fra:1 Mem:77.09M (Peak 77.09M) | Time:00:00.02 | Mem:0.00M, Peak:0.00M | Scene, ViewLayer | Synchronizing object | xiaoxiangguan_tiledark
Fra:1 Mem:78.51M (Peak 78.51M) | Time:00:00.02 | Mem:0.00M, Peak:0.00M | Scene, ViewLayer | Synchronizing object | xiaoxiangguan_tilelight
Fra:1 Mem:78.98M (Peak 78.98M) | Time:00:00.02 | Mem:0.00M, Peak:0.00M | Scene, ViewLayer | Synchronizing object | xiaoxiangguan_creamflower.001
Fra:1 Mem:79.39M (Peak 79.39M) | Time:00:00.02 | Mem:0.00M, Peak:0.00M | Scene, ViewLayer | Synchronizing object | xiaoxiangguan_lightleaf.001
Fra:1 Mem:79.83M (Peak 79.83M) | Time:00:00.02 | Mem:0.00M, Peak:0.00M | Scene, ViewLayer | Synchronizing object | xiaoxiangguan_leaf.001
Fra:1 Mem:79.94M (Peak 79.94M) | Time:00:00.02 | Mem:0.00M, Peak:0.00M | Scene, ViewLayer | Synchronizing object | xiaoxiangguan_leafdark
Fra:1 Mem:80.87M (Peak 80.87M) | Time:00:00.02 | Mem:0.00M, Peak:0.00M | Scene, ViewLayer | Synchronizing object | xiaoxiangguan_bamboo.001
Fra:1 Mem:82.78M (Peak 82.78M) | Time:00:00.02 | Mem:0.00M, Peak:0.00M | Scene, ViewLayer | Synchronizing object | landscape_bamboo
Fra:1 Mem:86.85M (Peak 86.85M) | Time:00:00.02 | Mem:0.00M, Peak:0.00M | Scene, ViewLayer | Synchronizing object | xiaoxiangguan_water
Fra:1 Mem:86.89M (Peak 86.89M) | Time:00:00.02 | Mem:0.00M, Peak:0.00M | Scene, ViewLayer | Synchronizing object | xiaoxiangguan_moss
Fra:1 Mem:86.89M (Peak 86.89M) | Time:00:00.02 | Mem:0.00M, Peak:0.00M | Scene, ViewLayer | Synchronizing object | xiaoxiangguan_paper.001
Fra:1 Mem:87.06M (Peak 87.06M) | Time:00:00.03 | Mem:0.00M, Peak:0.00M | Scene, ViewLayer | Synchronizing object | PolyHaven_coast_rocks_02.002
Fra:1 Mem:87.79M (Peak 87.79M) | Time:00:00.03 | Mem:0.00M, Peak:0.00M | Scene, ViewLayer | Synchronizing object | yihongyuan_earth
Fra:1 Mem:87.50M (Peak 87.79M) | Time:00:00.03 | Mem:0.00M, Peak:0.00M | Scene, ViewLayer | Synchronizing object | yihongyuan_plaster
Fra:1 Mem:87.51M (Peak 87.79M) | Time:00:00.03 | Mem:0.00M, Peak:0.00M | Scene, ViewLayer | Synchronizing object | yihongyuan_roof
Fra:1 Mem:88.02M (Peak 88.02M) | Time:00:00.03 | Mem:0.00M, Peak:0.00M | Scene, ViewLayer | Synchronizing object | yihongyuan_stone
Fra:1 Mem:88.33M (Peak 88.33M) | Time:00:00.03 | Mem:0.00M, Peak:0.00M | Scene, ViewLayer | Synchronizing object | yihongyuan_tile
Fra:1 Mem:88.46M (Peak 88.46M) | Time:00:00.03 | Mem:0.00M, Peak:0.00M | Scene, ViewLayer | Synchronizing object | yihongyuan_paving
Fra:1 Mem:89.14M (Peak 89.14M) | Time:00:00.03 | Mem:0.00M, Peak:0.00M | Scene, ViewLayer | Synchronizing object | yihongyuan_darkwood
Fra:1 Mem:89.22M (Peak 89.22M) | Time:00:00.03 | Mem:0.00M, Peak:0.00M | Scene, ViewLayer | Synchronizing object | yihongyuan_screen
Fra:1 Mem:89.23M (Peak 89.23M) | Time:00:00.03 | Mem:0.00M, Peak:0.00M | Scene, ViewLayer | Synchronizing object | yihongyuan_wood
Fra:1 Mem:89.81M (Peak 89.81M) | Time:00:00.03 | Mem:0.00M, Peak:0.00M | Scene, ViewLayer | Synchronizing object | yihongyuan_tiledark
Fra:1 Mem:91.39M (Peak 91.39M) | Time:00:00.03 | Mem:0.00M, Peak:0.00M | Scene, ViewLayer | Synchronizing object | yihongyuan_tilelight
Fra:1 Mem:91.90M (Peak 91.90M) | Time:00:00.03 | Mem:0.00M, Peak:0.00M | Scene, ViewLayer | Synchronizing object | yihongyuan_flower
Fra:1 Mem:93.17M (Peak 93.17M) | Time:00:00.03 | Mem:0.00M, Peak:0.00M | Scene, ViewLayer | Synchronizing object | yihongyuan_lightleaf
Fra:1 Mem:92.99M (Peak 93.17M) | Time:00:00.03 | Mem:0.00M, Peak:0.00M | Scene, ViewLayer | Synchronizing object | yihongyuan_leaf
Fra:1 Mem:93.04M (Peak 93.17M) | Time:00:00.03 | Mem:0.00M, Peak:0.00M | Scene, ViewLayer | Synchronizing object | yihongyuan_leafdark
Fra:1 Mem:93.16M (Peak 93.17M) | Time:00:00.03 | Mem:0.00M, Peak:0.00M | Scene, ViewLayer | Synchronizing object | yihongyuan_bamboo
Fra:1 Mem:93.15M (Peak 93.17M) | Time:00:00.03 | Mem:0.00M, Peak:0.00M | Scene, ViewLayer | Synchronizing object | yihongyuan_moss
Fra:1 Mem:93.21M (Peak 93.21M) | Time:00:00.03 | Mem:0.00M, Peak:0.00M | Scene, ViewLayer | Synchronizing object | yihongyuan_paper
Fra:1 Mem:93.26M (Peak 93.26M) | Time:00:00.03 | Mem:0.00M, Peak:0.00M | Scene, ViewLayer | Synchronizing object | yihongyuan_silk
Fra:1 Mem:93.26M (Peak 93.26M) | Time:00:00.03 | Mem:0.00M, Peak:0.00M | Scene, ViewLayer | Synchronizing object | hengwuyuan_earth
Fra:1 Mem:93.28M (Peak 93.28M) | Time:00:00.03 | Mem:0.00M, Peak:0.00M | Scene, ViewLayer | Synchronizing object | hengwuyuan_plaster
Fra:1 Mem:93.30M (Peak 93.30M) | Time:00:00.03 | Mem:0.00M, Peak:0.00M | Scene, ViewLayer | Synchronizing object | hengwuyuan_roof
Fra:1 Mem:93.30M (Peak 93.30M) | Time:00:00.03 | Mem:0.00M, Peak:0.00M | Scene, ViewLayer | Synchronizing object | hengwuyuan_stone
Fra:1 Mem:93.47M (Peak 93.47M) | Time:00:00.03 | Mem:0.00M, Peak:0.00M | Scene, ViewLayer | Synchronizing object | hengwuyuan_tile
Fra:1 Mem:93.59M (Peak 93.59M) | Time:00:00.03 | Mem:0.00M, Peak:0.00M | Scene, ViewLayer | Synchronizing object | hengwuyuan_paving
Fra:1 Mem:93.88M (Peak 93.88M) | Time:00:00.03 | Mem:0.00M, Peak:0.00M | Scene, ViewLayer | Synchronizing object | hengwuyuan_darkwood
Fra:1 Mem:94.56M (Peak 94.56M) | Time:00:00.03 | Mem:0.00M, Peak:0.00M | Scene, ViewLayer | Synchronizing object | hengwuyuan_screen
Fra:1 Mem:94.83M (Peak 94.83M) | Time:00:00.03 | Mem:0.00M, Peak:0.00M | Scene, ViewLayer | Synchronizing object | hengwuyuan_wood
Fra:1 Mem:95.08M (Peak 95.08M) | Time:00:00.03 | Mem:0.00M, Peak:0.00M | Scene, ViewLayer | Synchronizing object | hengwuyuan_tiledark
Fra:1 Mem:97.41M (Peak 97.41M) | Time:00:00.03 | Mem:0.00M, Peak:0.00M | Scene, ViewLayer | Synchronizing object | hengwuyuan_tilelight
Fra:1 Mem:97.01M (Peak 97.41M) | Time:00:00.03 | Mem:0.00M, Peak:0.00M | Scene, ViewLayer | Synchronizing object | landscape_leafdark
Fra:1 Mem:98.92M (Peak 98.92M) | Time:00:00.03 | Mem:0.00M, Peak:0.00M | Scene, ViewLayer | Synchronizing object | hengwuyuan_lightleaf
Fra:1 Mem:99.35M (Peak 99.35M) | Time:00:00.03 | Mem:0.00M, Peak:0.00M | Scene, ViewLayer | Synchronizing object | hengwuyuan_leaf
Fra:1 Mem:99.41M (Peak 99.41M) | Time:00:00.03 | Mem:0.00M, Peak:0.00M | Scene, ViewLayer | Synchronizing object | hengwuyuan_paper
Fra:1 Mem:99.59M (Peak 99.59M) | Time:00:00.03 | Mem:0.00M, Peak:0.00M | Scene, ViewLayer | Synchronizing object | hengwuyuan_clay
Fra:1 Mem:99.60M (Peak 99.60M) | Time:00:00.03 | Mem:0.00M, Peak:0.00M | Scene, ViewLayer | Synchronizing object | hengwuyuan_leafdark
Fra:1 Mem:99.53M (Peak 99.60M) | Time:00:00.03 | Mem:0.00M, Peak:0.00M | Scene, ViewLayer | Synchronizing object | hengwuyuan_creamflower
Fra:1 Mem:99.53M (Peak 99.60M) | Time:00:00.03 | Mem:0.00M, Peak:0.00M | Scene, ViewLayer | Synchronizing object | PolyHaven_coast_rocks_02.003
Fra:1 Mem:99.58M (Peak 99.60M) | Time:00:00.03 | Mem:0.00M, Peak:0.00M | Scene, ViewLayer | Synchronizing object | qiushuangzhai_earth
Fra:1 Mem:99.59M (Peak 99.60M) | Time:00:00.03 | Mem:0.00M, Peak:0.00M | Scene, ViewLayer | Synchronizing object | qiushuangzhai_plaster
Fra:1 Mem:99.61M (Peak 99.61M) | Time:00:00.03 | Mem:0.00M, Peak:0.00M | Scene, ViewLayer | Synchronizing object | qiushuangzhai_roof
Fra:1 Mem:99.67M (Peak 99.67M) | Time:00:00.03 | Mem:0.00M, Peak:0.00M | Scene, ViewLayer | Synchronizing object | qiushuangzhai_stone
Fra:1 Mem:100.11M (Peak 100.11M) | Time:00:00.03 | Mem:0.00M, Peak:0.00M | Scene, ViewLayer | Synchronizing object | qiushuangzhai_tile
Fra:1 Mem:100.55M (Peak 100.55M) | Time:00:00.04 | Mem:0.00M, Peak:0.00M | Scene, ViewLayer | Synchronizing object | qiushuangzhai_paving
Fra:1 Mem:100.78M (Peak 100.78M) | Time:00:00.04 | Mem:0.00M, Peak:0.00M | Scene, ViewLayer | Synchronizing object | qiushuangzhai_wood
Fra:1 Mem:100.88M (Peak 100.88M) | Time:00:00.04 | Mem:0.00M, Peak:0.00M | Scene, ViewLayer | Synchronizing object | qiushuangzhai_tiledark
Fra:1 Mem:102.12M (Peak 102.12M) | Time:00:00.04 | Mem:0.00M, Peak:0.00M | Scene, ViewLayer | Synchronizing object | qiushuangzhai_tilelight
Fra:1 Mem:102.56M (Peak 102.56M) | Time:00:00.04 | Mem:0.00M, Peak:0.00M | Scene, ViewLayer | Synchronizing object | landscape_leaf
Fra:1 Mem:102.50M (Peak 102.56M) | Time:00:00.04 | Mem:0.00M, Peak:0.00M | Scene, ViewLayer | Synchronizing object | qiushuangzhai_darkwood
Fra:1 Mem:102.82M (Peak 102.82M) | Time:00:00.04 | Mem:0.00M, Peak:0.00M | Scene, ViewLayer | Synchronizing object | qiushuangzhai_marble
Fra:1 Mem:103.56M (Peak 103.56M) | Time:00:00.04 | Mem:0.00M, Peak:0.00M | Scene, ViewLayer | Synchronizing object | qiushuangzhai_paper
Fra:1 Mem:103.58M (Peak 103.58M) | Time:00:00.04 | Mem:0.00M, Peak:0.00M | Scene, ViewLayer | Synchronizing object | qiushuangzhai_ceramic
Fra:1 Mem:103.99M (Peak 103.99M) | Time:00:00.04 | Mem:0.00M, Peak:0.00M | Scene, ViewLayer | Synchronizing object | qiushuangzhai_leafdark
Fra:1 Mem:104.57M (Peak 104.57M) | Time:00:00.04 | Mem:0.00M, Peak:0.00M | Scene, ViewLayer | Synchronizing object | qiushuangzhai_creamflower
Fra:1 Mem:104.68M (Peak 104.68M) | Time:00:00.04 | Mem:0.00M, Peak:0.00M | Scene, ViewLayer | Synchronizing object | qiushuangzhai_silk
Fra:1 Mem:104.68M (Peak 104.68M) | Time:00:00.04 | Mem:0.00M, Peak:0.00M | Scene, ViewLayer | Synchronizing object | qiushuangzhai_moss
Fra:1 Mem:104.70M (Peak 104.70M) | Time:00:00.04 | Mem:0.00M, Peak:0.00M | Scene, ViewLayer | Synchronizing object | qiushuangzhai_leaf
Fra:1 Mem:104.79M (Peak 104.79M) | Time:00:00.04 | Mem:0.00M, Peak:0.00M | Scene, ViewLayer | Synchronizing object | qiushuangzhai_lightleaf
Fra:1 Mem:105.02M (Peak 105.02M) | Time:00:00.04 | Mem:0.00M, Peak:0.00M | Scene, ViewLayer | Synchronizing object | daoxiangcun_stone
Fra:1 Mem:105.03M (Peak 105.03M) | Time:00:00.04 | Mem:0.00M, Peak:0.00M | Scene, ViewLayer | Synchronizing object | daoxiangcun_paving
Fra:1 Mem:105.08M (Peak 105.08M) | Time:00:00.04 | Mem:0.00M, Peak:0.00M | Scene, ViewLayer | Synchronizing object | daoxiangcun_clay
Fra:1 Mem:105.14M (Peak 105.14M) | Time:00:00.04 | Mem:0.00M, Peak:0.00M | Scene, ViewLayer | Synchronizing object | daoxiangcun_darkwood
Fra:1 Mem:105.20M (Peak 105.20M) | Time:00:00.04 | Mem:0.00M, Peak:0.00M | Scene, ViewLayer | Synchronizing object | daoxiangcun_screen
Fra:1 Mem:105.26M (Peak 105.26M) | Time:00:00.04 | Mem:0.00M, Peak:0.00M | Scene, ViewLayer | Synchronizing object | daoxiangcun_wood
Fra:1 Mem:106.00M (Peak 106.00M) | Time:00:00.04 | Mem:0.00M, Peak:0.00M | Scene, ViewLayer | Synchronizing object | daoxiangcun_lightleaf
Fra:1 Mem:106.00M (Peak 106.00M) | Time:00:00.04 | Mem:0.00M, Peak:0.00M | Scene, ViewLayer | Synchronizing object | daoxiangcun_thatch
Fra:1 Mem:106.26M (Peak 106.26M) | Time:00:00.04 | Mem:0.00M, Peak:0.00M | Scene, ViewLayer | Synchronizing object | daoxiangcun_flower
Fra:1 Mem:107.36M (Peak 107.36M) | Time:00:00.04 | Mem:0.00M, Peak:0.00M | Scene, ViewLayer | Synchronizing object | daoxiangcun_leaf
Fra:1 Mem:107.29M (Peak 107.36M) | Time:00:00.04 | Mem:0.00M, Peak:0.00M | Scene, ViewLayer | Synchronizing object | daoxiangcun_leafdark
Fra:1 Mem:108.26M (Peak 108.26M) | Time:00:00.05 | Mem:0.00M, Peak:0.00M | Scene, ViewLayer | Synchronizing object | daoxiangcun_creamflower
Fra:1 Mem:108.33M (Peak 108.33M) | Time:00:00.05 | Mem:0.00M, Peak:0.00M | Scene, ViewLayer | Synchronizing object | ouxiangxie_stone
Fra:1 Mem:108.70M (Peak 108.70M) | Time:00:00.05 | Mem:0.00M, Peak:0.00M | Scene, ViewLayer | Synchronizing object | ouxiangxie_paving
Fra:1 Mem:108.90M (Peak 108.90M) | Time:00:00.05 | Mem:0.00M, Peak:0.00M | Scene, ViewLayer | Synchronizing object | ouxiangxie_plaster
Fra:1 Mem:109.33M (Peak 109.33M) | Time:00:00.05 | Mem:0.00M, Peak:0.00M | Scene, ViewLayer | Synchronizing object | ouxiangxie_wood
Fra:1 Mem:109.49M (Peak 109.49M) | Time:00:00.05 | Mem:0.00M, Peak:0.00M | Scene, ViewLayer | Synchronizing object | ouxiangxie_roof
Fra:1 Mem:110.14M (Peak 110.14M) | Time:00:00.05 | Mem:0.00M, Peak:0.00M | Scene, ViewLayer | Synchronizing object | ouxiangxie_tiledark
Fra:1 Mem:110.88M (Peak 110.88M) | Time:00:00.05 | Mem:0.00M, Peak:0.00M | Scene, ViewLayer | Synchronizing object | landscape_lightleaf
Fra:1 Mem:112.92M (Peak 112.92M) | Time:00:00.05 | Mem:0.00M, Peak:0.00M | Scene, ViewLayer | Synchronizing object | ouxiangxie_tile
Fra:1 Mem:113.06M (Peak 113.06M) | Time:00:00.05 | Mem:0.00M, Peak:0.00M | Scene, ViewLayer | Synchronizing object | ouxiangxie_tilelight
Fra:1 Mem:113.58M (Peak 113.58M) | Time:00:00.05 | Mem:0.00M, Peak:0.00M | Scene, ViewLayer | Synchronizing object | ouxiangxie_darkwood
Fra:1 Mem:113.55M (Peak 113.58M) | Time:00:00.05 | Mem:0.00M, Peak:0.00M | Scene, ViewLayer | Synchronizing object | dicuiting_stone
Fra:1 Mem:113.47M (Peak 113.58M) | Time:00:00.05 | Mem:0.00M, Peak:0.00M | Scene, ViewLayer | Synchronizing object | dicuiting_wood
Fra:1 Mem:113.49M (Peak 113.58M) | Time:00:00.05 | Mem:0.00M, Peak:0.00M | Scene, ViewLayer | Synchronizing object | dicuiting_tile
Fra:1 Mem:113.56M (Peak 113.58M) | Time:00:00.05 | Mem:0.00M, Peak:0.00M | Scene, ViewLayer | Synchronizing object | luxuean_paving
Fra:1 Mem:113.60M (Peak 113.60M) | Time:00:00.05 | Mem:0.00M, Peak:0.00M | Scene, ViewLayer | Synchronizing object | luxuean_clay
Fra:1 Mem:119.52M (Peak 119.52M) | Time:00:00.05 | Mem:0.00M, Peak:0.00M | Scene, ViewLayer | Synchronizing object | luxuean_wood
Fra:1 Mem:119.52M (Peak 119.52M) | Time:00:00.05 | Mem:0.00M, Peak:0.00M | Scene, ViewLayer | Synchronizing object | luxuean_thatch
Fra:1 Mem:119.69M (Peak 119.69M) | Time:00:00.05 | Mem:0.00M, Peak:0.00M | Scene, ViewLayer | Synchronizing object | luxuean_bamboo
Fra:1 Mem:119.90M (Peak 119.90M) | Time:00:00.05 | Mem:0.00M, Peak:0.00M | Scene, ViewLayer | Synchronizing object | luxuean_lightleaf
Fra:1 Mem:119.94M (Peak 119.94M) | Time:00:00.05 | Mem:0.00M, Peak:0.00M | Scene, ViewLayer | Synchronizing object | tubishanzhuang_stone
Fra:1 Mem:120.03M (Peak 120.03M) | Time:00:00.05 | Mem:0.00M, Peak:0.00M | Scene, ViewLayer | Synchronizing object | tubishanzhuang_paving
Fra:1 Mem:120.03M (Peak 120.03M) | Time:00:00.05 | Mem:0.00M, Peak:0.00M | Scene, ViewLayer | Synchronizing object | tubishanzhuang_plaster
Fra:1 Mem:120.03M (Peak 120.03M) | Time:00:00.05 | Mem:0.00M, Peak:0.00M | Scene, ViewLayer | Synchronizing object | tubishanzhuang_wood
Fra:1 Mem:123.36M (Peak 123.36M) | Time:00:00.05 | Mem:0.00M, Peak:0.00M | Scene, ViewLayer | Synchronizing object | tubishanzhuang_roof
Fra:1 Mem:123.36M (Peak 123.36M) | Time:00:00.05 | Mem:0.00M, Peak:0.00M | Scene, ViewLayer | Synchronizing object | tubishanzhuang_tiledark
Fra:1 Mem:123.44M (Peak 123.44M) | Time:00:00.05 | Mem:0.00M, Peak:0.00M | Scene, ViewLayer | Synchronizing object | tubishanzhuang_tile
Fra:1 Mem:123.89M (Peak 123.89M) | Time:00:00.05 | Mem:0.00M, Peak:0.00M | Scene, ViewLayer | Synchronizing object | tubishanzhuang_tilelight
Fra:1 Mem:124.06M (Peak 124.06M) | Time:00:00.05 | Mem:0.00M, Peak:0.00M | Scene, ViewLayer | Synchronizing object | tubishanzhuang_darkwood
Fra:1 Mem:128.33M (Peak 128.33M) | Time:00:00.05 | Mem:0.00M, Peak:0.00M | Scene, ViewLayer | Synchronizing object | tubishanzhuang_leaf
Fra:1 Mem:128.53M (Peak 128.53M) | Time:00:00.05 | Mem:0.00M, Peak:0.00M | Scene, ViewLayer | Synchronizing object | tubishanzhuang_lightleaf
Fra:1 Mem:128.61M (Peak 128.61M) | Time:00:00.05 | Mem:0.00M, Peak:0.00M | Scene, ViewLayer | Synchronizing object | tubishanzhuang_leafdark
Fra:1 Mem:128.71M (Peak 128.71M) | Time:00:00.05 | Mem:0.00M, Peak:0.00M | Scene, ViewLayer | Synchronizing object | aojingxiguan_stone
Fra:1 Mem:128.79M (Peak 128.79M) | Time:00:00.05 | Mem:0.00M, Peak:0.00M | Scene, ViewLayer | Synchronizing object | aojingxiguan_paving
Fra:1 Mem:128.77M (Peak 128.79M) | Time:00:00.05 | Mem:0.00M, Peak:0.00M | Scene, ViewLayer | Synchronizing object | aojingxiguan_plaster
Fra:1 Mem:128.79M (Peak 128.79M) | Time:00:00.05 | Mem:0.00M, Peak:0.00M | Scene, ViewLayer | Synchronizing object | aojingxiguan_wood
Fra:1 Mem:128.79M (Peak 128.79M) | Time:00:00.05 | Mem:0.00M, Peak:0.00M | Scene, ViewLayer | Synchronizing object | aojingxiguan_roof
Fra:1 Mem:128.84M (Peak 128.84M) | Time:00:00.05 | Mem:0.00M, Peak:0.00M | Scene, ViewLayer | Synchronizing object | aojingxiguan_tiledark
Fra:1 Mem:128.91M (Peak 128.91M) | Time:00:00.05 | Mem:0.00M, Peak:0.00M | Scene, ViewLayer | Synchronizing object | aojingxiguan_tile
Fra:1 Mem:129.49M (Peak 129.49M) | Time:00:00.05 | Mem:0.00M, Peak:0.00M | Scene, ViewLayer | Synchronizing object | aojingxiguan_tilelight
Fra:1 Mem:129.55M (Peak 129.55M) | Time:00:00.05 | Mem:0.00M, Peak:0.00M | Scene, ViewLayer | Synchronizing object | aojingxiguan_darkwood
Fra:1 Mem:129.62M (Peak 129.62M) | Time:00:00.05 | Mem:0.00M, Peak:0.00M | Scene, ViewLayer | Synchronizing object | landscape_earth
Fra:1 Mem:129.67M (Peak 129.67M) | Time:00:00.05 | Mem:0.00M, Peak:0.00M | Scene, ViewLayer | Synchronizing object | landscape_stone
Fra:1 Mem:130.12M (Peak 130.12M) | Time:00:00.05 | Mem:0.00M, Peak:0.00M | Scene, ViewLayer | Synchronizing object | landscape_wood
Fra:1 Mem:130.90M (Peak 130.90M) | Time:00:00.05 | Mem:0.00M, Peak:0.00M | Scene, ViewLayer | Synchronizing object | landscape_flower
Fra:1 Mem:144.78M (Peak 147.91M) | Time:00:00.11 | Mem:0.00M, Peak:0.00M | Scene, ViewLayer | Initializing
Fra:1 Mem:144.13M (Peak 147.91M) | Time:00:00.11 | Mem:0.00M, Peak:0.00M | Scene, ViewLayer | Updating Images | Loading wood_planks.jpg
Fra:1 Mem:148.13M (Peak 148.13M) | Time:00:00.11 | Mem:0.00M, Peak:0.00M | Scene, ViewLayer | Updating Images | Loading forest_grove.hdr
Fra:1 Mem:148.13M (Peak 148.13M) | Time:00:00.11 | Mem:0.00M, Peak:0.00M | Scene, ViewLayer | Updating Images | Loading stone_wall_02.jpg
Fra:1 Mem:160.14M (Peak 160.14M) | Time:00:00.11 | Mem:0.00M, Peak:0.00M | Scene, ViewLayer | Updating Images | Loading stone_wall_02.jpg.001
Fra:1 Mem:157.99M (Peak 182.16M) | Time:00:00.18 | Mem:20.00M, Peak:20.00M | Scene, ViewLayer | Waiting for render to start
Fra:1 Mem:157.99M (Peak 182.16M) | Time:00:00.18 | Mem:20.00M, Peak:20.00M | Scene, ViewLayer | Updating Scene
Fra:1 Mem:157.99M (Peak 182.16M) | Time:00:00.18 | Mem:20.00M, Peak:20.00M | Scene, ViewLayer | Updating Shaders
Fra:1 Mem:157.99M (Peak 182.16M) | Time:00:00.18 | Mem:20.00M, Peak:20.00M | Scene, ViewLayer | Loading render kernels (may take a few minutes the first time)
Fra:1 Mem:158.09M (Peak 182.16M) | Time:00:00.18 | Mem:20.02M, Peak:20.02M | Scene, ViewLayer | Updating Procedurals
Fra:1 Mem:158.09M (Peak 182.16M) | Time:00:00.18 | Mem:20.02M, Peak:20.02M | Scene, ViewLayer | Updating Background
Fra:1 Mem:158.09M (Peak 182.16M) | Time:00:00.18 | Mem:20.02M, Peak:20.02M | Scene, ViewLayer | Updating Camera
Fra:1 Mem:158.09M (Peak 182.16M) | Time:00:00.18 | Mem:20.02M, Peak:20.02M | Scene, ViewLayer | Updating Meshes Flags
Fra:1 Mem:158.09M (Peak 182.16M) | Time:00:00.18 | Mem:20.02M, Peak:20.02M | Scene, ViewLayer | Updating Objects
Fra:1 Mem:158.09M (Peak 182.16M) | Time:00:00.18 | Mem:20.02M, Peak:20.02M | Scene, ViewLayer | Updating Objects | Copying Transformations to device
Fra:1 Mem:158.12M (Peak 182.16M) | Time:00:00.18 | Mem:20.05M, Peak:20.05M | Scene, ViewLayer | Updating Particle Systems
Fra:1 Mem:158.12M (Peak 182.16M) | Time:00:00.18 | Mem:20.05M, Peak:20.05M | Scene, ViewLayer | Updating Particle Systems | Copying Particles to device
Fra:1 Mem:158.12M (Peak 182.16M) | Time:00:00.18 | Mem:20.05M, Peak:20.05M | Scene, ViewLayer | Updating Meshes
Fra:1 Mem:158.12M (Peak 182.16M) | Time:00:00.18 | Mem:20.05M, Peak:20.05M | Scene, ViewLayer | Updating Objects | Applying Static Transformations
Fra:1 Mem:158.12M (Peak 182.16M) | Time:00:00.19 | Mem:20.05M, Peak:20.05M | Scene, ViewLayer | Updating Mesh | Computing attributes
Fra:1 Mem:168.24M (Peak 182.16M) | Time:00:00.19 | Mem:20.06M, Peak:20.06M | Scene, ViewLayer | Updating Mesh | Copying Attributes to device
Fra:1 Mem:168.22M (Peak 182.16M) | Time:00:00.19 | Mem:30.15M, Peak:30.15M | Scene, ViewLayer | Updating Scene BVH | Building
Fra:1 Mem:168.22M (Peak 182.16M) | Time:00:00.19 | Mem:30.15M, Peak:30.15M | Scene, ViewLayer | Updating Scene BVH | Building BVH
Fra:1 Mem:168.22M (Peak 182.16M) | Time:00:00.19 | Mem:49.12M, Peak:49.12M | Scene, ViewLayer | Updating Scene BVH | Building BVH 0%
Fra:1 Mem:168.22M (Peak 182.16M) | Time:00:00.35 | Mem:71.72M, Peak:90.68M | Scene, ViewLayer | Updating Scene BVH | Copying BVH to device
Fra:1 Mem:168.22M (Peak 182.16M) | Time:00:00.35 | Mem:71.72M, Peak:90.68M | Scene, ViewLayer | Updating Mesh | Computing normals
Fra:1 Mem:191.98M (Peak 191.98M) | Time:00:00.37 | Mem:71.72M, Peak:90.68M | Scene, ViewLayer | Updating Mesh | Copying Mesh to device
Fra:1 Mem:191.98M (Peak 191.98M) | Time:00:00.37 | Mem:95.48M, Peak:95.48M | Scene, ViewLayer | Updating Objects Flags
Fra:1 Mem:191.98M (Peak 191.98M) | Time:00:00.37 | Mem:95.48M, Peak:95.48M | Scene, ViewLayer | Updating Primitive Offsets
Fra:1 Mem:191.98M (Peak 191.98M) | Time:00:00.37 | Mem:95.48M, Peak:95.48M | Scene, ViewLayer | Updating Images
Fra:1 Mem:187.98M (Peak 191.98M) | Time:00:00.37 | Mem:91.48M, Peak:95.48M | Scene, ViewLayer | Updating Camera Volume
Fra:1 Mem:187.98M (Peak 191.98M) | Time:00:00.37 | Mem:91.48M, Peak:95.48M | Scene, ViewLayer | Updating Lookup Tables
Fra:1 Mem:187.98M (Peak 191.98M) | Time:00:00.37 | Mem:91.56M, Peak:95.48M | Scene, ViewLayer | Updating Lights
Fra:1 Mem:187.98M (Peak 191.98M) | Time:00:00.37 | Mem:91.56M, Peak:95.48M | Scene, ViewLayer | Updating Lights | Importance map
Fra:1 Mem:252.01M (Peak 539.98M) | Time:00:01.42 | Mem:155.60M, Peak:315.57M | Scene, ViewLayer | Updating Lights | Computing tree
Fra:1 Mem:252.01M (Peak 539.98M) | Time:00:01.42 | Mem:155.60M, Peak:315.57M | Scene, ViewLayer | Updating Integrator
Fra:1 Mem:252.01M (Peak 539.98M) | Time:00:01.42 | Mem:155.60M, Peak:315.57M | Scene, ViewLayer | Updating Film
Fra:1 Mem:252.02M (Peak 539.98M) | Time:00:01.42 | Mem:155.52M, Peak:315.57M | Scene, ViewLayer | Updating Lookup Tables
Fra:1 Mem:252.02M (Peak 539.98M) | Time:00:01.42 | Mem:155.61M, Peak:315.57M | Scene, ViewLayer | Updating Baking
Fra:1 Mem:252.02M (Peak 539.98M) | Time:00:01.42 | Mem:155.61M, Peak:315.57M | Scene, ViewLayer | Updating Device | Writing constant memory
Fra:1 Mem:252.02M (Peak 539.98M) | Time:00:01.42 | Mem:155.61M, Peak:315.57M | Scene, ViewLayer | Loading denoising kernels (may take a few minutes the first time)
Fra:1 Mem:252.02M (Peak 539.98M) | Time:00:01.42 | Mem:155.61M, Peak:315.57M | Scene, ViewLayer | Sample 0/24
Fra:1 Mem:330.34M (Peak 539.98M) | Time:00:02.69 | Remaining:00:29.21 | Mem:233.89M, Peak:315.57M | Scene, ViewLayer | Sample 1/24
Fra:1 Mem:363.30M (Peak 539.98M) | Time:00:42.61 | Mem:233.89M, Peak:315.57M | Scene, ViewLayer | Sample 24/24
Fra:1 Mem:363.30M (Peak 539.98M) | Time:00:42.61 | Mem:233.89M, Peak:315.57M | Scene, ViewLayer | Finished
Saved: 'D:\Users\Lenovo\Desktop\大观园\reports\blender\overview.png'
Time: 00:42.78 (Saving: 00:00.16)

Info: Total files 7 | Changed 0 | Failed 0
Info: Saved as "xiaoxiangguan_sample.blend"
Info: Total files 7 | Changed 0 | Failed 0
Info: Saved as "daguanyuan_master.blend"

Blender quit
