
> daguanyuan-rumeng@1.0.0 models:build
> node scripts/pipeline.mjs models --sample

19:21:03 | INFO: Data are loaded, start creating Blender stuff
19:21:03 | INFO: Blender create Mesh node Plane.001
19:21:04 | INFO: glTF import finished in 1.20s
Warning: No mesh data to join
INFO Draco mesh compression is available, use library at D:\Users\Lenovo\Desktop\大观园\.tools\blender-4.5.9-windows-x64\4.5\scripts\addons_core\io_scene_gltf2\extern_draco.dll
19:21:26 | INFO: Starting glTF 2.0 export
19:21:26 | INFO: Extracting primitive: Plane.002
19:21:26 | INFO: Primitives created: 1
19:21:26 | INFO: Extracting primitive: xiaoxiangguan_bamboo
19:21:26 | INFO: Primitives created: 1
19:21:26 | INFO: Extracting primitive: xiaoxiangguan_creamflower
19:21:26 | INFO: Primitives created: 1
19:21:26 | INFO: Extracting primitive: xiaoxiangguan_darkwood
19:21:26 | INFO: Primitives created: 1
19:21:26 | INFO: Extracting primitive: xiaoxiangguan_earth
19:21:26 | INFO: Primitives created: 1
19:21:26 | INFO: Extracting primitive: xiaoxiangguan_leaf
19:21:26 | INFO: Primitives created: 1
19:21:26 | INFO: Extracting primitive: xiaoxiangguan_leafdark.001
19:21:26 | INFO: Primitives created: 1
19:21:26 | INFO: Extracting primitive: xiaoxiangguan_lightleaf
19:21:26 | INFO: Primitives created: 1
19:21:26 | INFO: Extracting primitive: xiaoxiangguan_moss
19:21:26 | INFO: Primitives created: 1
19:21:26 | INFO: Extracting primitive: xiaoxiangguan_paper
19:21:26 | INFO: Primitives created: 1
19:21:26 | INFO: Extracting primitive: xiaoxiangguan_paving.001
19:21:26 | INFO: Primitives created: 1
19:21:26 | INFO: Extracting primitive: xiaoxiangguan_plaster
19:21:26 | INFO: Primitives created: 1
19:21:26 | INFO: Extracting primitive: xiaoxiangguan_roof
19:21:26 | INFO: Primitives created: 1
19:21:26 | INFO: Extracting primitive: xiaoxiangguan_silk.001
19:21:26 | INFO: Primitives created: 1
19:21:26 | INFO: Extracting primitive: xiaoxiangguan_stone
19:21:26 | INFO: Primitives created: 1
19:21:26 | INFO: Extracting primitive: xiaoxiangguan_tile
19:21:26 | INFO: Primitives created: 1
19:21:26 | INFO: Extracting primitive: xiaoxiangguan_tiledark.001
19:21:26 | INFO: Primitives created: 1
19:21:26 | INFO: Extracting primitive: xiaoxiangguan_tilelight.001
19:21:26 | INFO: Primitives created: 1
19:21:26 | INFO: Extracting primitive: xiaoxiangguan_water
19:21:26 | INFO: Primitives created: 1
19:21:26 | INFO: Extracting primitive: xiaoxiangguan_wood
19:21:26 | INFO: Primitives created: 1
19:21:26 | INFO: Finished glTF 2.0 export in 0.19788384437561035 s

19:21:26 | INFO: Starting glTF 2.0 export
19:21:26 | INFO: Extracting primitive: Plane.002
19:21:26 | INFO: Primitives created: 1
19:21:26 | INFO: Extracting primitive: xiaoxiangguan_bamboo
19:21:26 | INFO: Primitives created: 1
19:21:26 | INFO: Extracting primitive: xiaoxiangguan_creamflower
19:21:26 | INFO: Primitives created: 1
19:21:26 | INFO: Extracting primitive: xiaoxiangguan_darkwood
19:21:26 | INFO: Primitives created: 1
19:21:26 | INFO: Extracting primitive: xiaoxiangguan_earth
19:21:26 | INFO: Primitives created: 1
19:21:26 | INFO: Extracting primitive: xiaoxiangguan_leaf
19:21:26 | INFO: Primitives created: 1
19:21:26 | INFO: Extracting primitive: xiaoxiangguan_leafdark.001
19:21:26 | INFO: Primitives created: 1
19:21:26 | INFO: Extracting primitive: xiaoxiangguan_lightleaf
19:21:26 | INFO: Primitives created: 1
19:21:26 | INFO: Extracting primitive: xiaoxiangguan_moss
19:21:26 | INFO: Primitives created: 1
19:21:26 | INFO: Extracting primitive: xiaoxiangguan_paper
19:21:26 | INFO: Primitives created: 1
19:21:26 | INFO: Extracting primitive: xiaoxiangguan_paving.001
19:21:26 | INFO: Primitives created: 1
19:21:26 | INFO: Extracting primitive: xiaoxiangguan_plaster
19:21:26 | INFO: Primitives created: 1
19:21:26 | INFO: Extracting primitive: xiaoxiangguan_roof
19:21:26 | INFO: Primitives created: 1
19:21:26 | INFO: Extracting primitive: xiaoxiangguan_silk.001
19:21:26 | INFO: Primitives created: 1
19:21:26 | INFO: Extracting primitive: xiaoxiangguan_stone
19:21:26 | INFO: Primitives created: 1
19:21:26 | INFO: Extracting primitive: xiaoxiangguan_tile
19:21:26 | INFO: Primitives created: 1
19:21:26 | INFO: Extracting primitive: xiaoxiangguan_tiledark.001
19:21:26 | INFO: Primitives created: 1
19:21:26 | INFO: Extracting primitive: xiaoxiangguan_tilelight.001
19:21:26 | INFO: Primitives created: 1
19:21:26 | INFO: Extracting primitive: xiaoxiangguan_water
19:21:26 | INFO: Primitives created: 1
19:21:26 | INFO: Extracting primitive: xiaoxiangguan_wood
19:21:26 | INFO: Primitives created: 1
19:21:26 | INFO: Finished glTF 2.0 export in 0.20258140563964844 s

BUILT PLACE xiaoxiangguan
Info: Saved as "xiaoxiangguan_sample.blend"
19:21:27 | INFO: Starting glTF 2.0 export
19:21:27 | INFO: Extracting primitive: Plane.002
19:21:27 | INFO: Primitives created: 1
19:21:27 | INFO: Extracting primitive: xiaoxiangguan_bamboo
19:21:27 | INFO: Primitives created: 1
19:21:27 | INFO: Extracting primitive: xiaoxiangguan_creamflower
19:21:27 | INFO: Primitives created: 1
19:21:27 | INFO: Extracting primitive: xiaoxiangguan_darkwood
19:21:27 | INFO: Primitives created: 1
19:21:27 | INFO: Extracting primitive: xiaoxiangguan_earth
19:21:27 | INFO: Primitives created: 1
19:21:27 | INFO: Extracting primitive: xiaoxiangguan_leaf
19:21:27 | INFO: Primitives created: 1
19:21:27 | INFO: Extracting primitive: xiaoxiangguan_leafdark.001
19:21:27 | INFO: Primitives created: 1
19:21:27 | INFO: Extracting primitive: xiaoxiangguan_lightleaf
19:21:27 | INFO: Primitives created: 1
19:21:27 | INFO: Extracting primitive: xiaoxiangguan_moss
19:21:27 | INFO: Primitives created: 1
19:21:27 | INFO: Extracting primitive: xiaoxiangguan_paper
19:21:27 | INFO: Primitives created: 1
19:21:27 | INFO: Extracting primitive: xiaoxiangguan_paving.001
19:21:27 | INFO: Primitives created: 1
19:21:27 | INFO: Extracting primitive: xiaoxiangguan_plaster
19:21:27 | INFO: Primitives created: 1
19:21:27 | INFO: Extracting primitive: xiaoxiangguan_roof
19:21:27 | INFO: Primitives created: 1
19:21:27 | INFO: Extracting primitive: xiaoxiangguan_silk.001
19:21:27 | INFO: Primitives created: 1
19:21:27 | INFO: Extracting primitive: xiaoxiangguan_stone
19:21:27 | INFO: Primitives created: 1
19:21:27 | INFO: Extracting primitive: xiaoxiangguan_tile
19:21:27 | INFO: Primitives created: 1
19:21:27 | INFO: Extracting primitive: xiaoxiangguan_tiledark.001
19:21:27 | INFO: Primitives created: 1
19:21:27 | INFO: Extracting primitive: xiaoxiangguan_tilelight.001
19:21:27 | INFO: Primitives created: 1
19:21:27 | INFO: Extracting primitive: xiaoxiangguan_water
19:21:27 | INFO: Primitives created: 1
19:21:27 | INFO: Extracting primitive: xiaoxiangguan_wood
19:21:27 | INFO: Primitives created: 1
19:21:27 | INFO: Extracting primitive: sample_ground_earth
19:21:27 | INFO: Primitives created: 1
19:21:27 | INFO: Finished glTF 2.0 export in 0.21287751197814941 s

SCENE COMPLETE 25
Blender 4.5.9 LTS (hash 8bf95cbd38d1 built 2026-04-21 01:33:45)
Read blend: "D:\Users\Lenovo\Desktop\大观园\blender\xiaoxiangguan_sample.blend"

Blender quit
