Blender 4.5.9 LTS (hash 8bf95cbd38d1 built 2026-04-21 01:33:45)
Read blend: "D:\Users\Lenovo\Desktop\大观园\blender\xiaoxiangguan_sample.blend"
Fra:1 Mem:18.42M (Peak 18.42M) | Time:00:00.01 | Mem:0.00M, Peak:0.00M | Scene, ViewLayer | Synchronizing object | xiaoxiangguan_earth
Fra:1 Mem:18.42M (Peak 18.42M) | Time:00:00.01 | Mem:0.00M, Peak:0.00M | Scene, ViewLayer | Synchronizing object | Afternoon_Sun
Fra:1 Mem:23.03M (Peak 23.03M) | Time:00:00.01 | Mem:0.00M, Peak:0.00M | Scene, ViewLayer | Initializing
Fra:1 Mem:22.96M (Peak 23.03M) | Time:00:00.01 | Mem:0.00M, Peak:0.00M | Scene, ViewLayer | Updating Images | Loading wood_planks.jpg
Fra:1 Mem:22.96M (Peak 23.03M) | Time:00:00.01 | Mem:0.00M, Peak:0.00M | Scene, ViewLayer | Updating Images | Loading stone_wall_02.jpg
Fra:1 Mem:26.96M (Peak 26.96M) | Time:00:00.01 | Mem:0.00M, Peak:0.00M | Scene, ViewLayer | Updating Images | Loading forest_grove.hdr
Fra:1 Mem:37.77M (Peak 48.98M) | Time:00:00.06 | Mem:16.00M, Peak:16.00M | Scene, ViewLayer | Waiting for render to start
Fra:1 Mem:37.77M (Peak 48.98M) | Time:00:00.06 | Mem:16.00M, Peak:16.00M | Scene, ViewLayer | Updating Scene
Fra:1 Mem:37.77M (Peak 48.98M) | Time:00:00.06 | Mem:16.00M, Peak:16.00M | Scene, ViewLayer | Updating Shaders
Fra:1 Mem:37.77M (Peak 48.98M) | Time:00:00.06 | Mem:16.00M, Peak:16.00M | Scene, ViewLayer | Loading render kernels (may take a few minutes the first time)
Fra:1 Mem:37.86M (Peak 48.98M) | Time:00:00.06 | Mem:16.01M, Peak:16.01M | Scene, ViewLayer | Updating Procedurals
Fra:1 Mem:37.86M (Peak 48.98M) | Time:00:00.06 | Mem:16.01M, Peak:16.01M | Scene, ViewLayer | Updating Background
Fra:1 Mem:37.86M (Peak 48.98M) | Time:00:00.06 | Mem:16.01M, Peak:16.01M | Scene, ViewLayer | Updating Camera
Fra:1 Mem:37.86M (Peak 48.98M) | Time:00:00.06 | Mem:16.01M, Peak:16.01M | Scene, ViewLayer | Updating Meshes Flags
Fra:1 Mem:37.86M (Peak 48.98M) | Time:00:00.06 | Mem:16.01M, Peak:16.01M | Scene, ViewLayer | Updating Objects
Fra:1 Mem:37.86M (Peak 48.98M) | Time:00:00.06 | Mem:16.01M, Peak:16.01M | Scene, ViewLayer | Updating Objects | Copying Transformations to device
Fra:1 Mem:37.87M (Peak 48.98M) | Time:00:00.06 | Mem:16.01M, Peak:16.01M | Scene, ViewLayer | Updating Particle Systems
Fra:1 Mem:37.87M (Peak 48.98M) | Time:00:00.06 | Mem:16.01M, Peak:16.01M | Scene, ViewLayer | Updating Particle Systems | Copying Particles to device
Fra:1 Mem:37.87M (Peak 48.98M) | Time:00:00.06 | Mem:16.01M, Peak:16.01M | Scene, ViewLayer | Updating Meshes
Fra:1 Mem:37.87M (Peak 48.98M) | Time:00:00.06 | Mem:16.01M, Peak:16.01M | Scene, ViewLayer | Updating Objects | Applying Static Transformations
Fra:1 Mem:37.87M (Peak 48.98M) | Time:00:00.06 | Mem:16.01M, Peak:16.01M | Scene, ViewLayer | Updating Mesh | Computing attributes
Fra:1 Mem:38.19M (Peak 48.98M) | Time:00:00.06 | Mem:16.01M, Peak:16.01M | Scene, ViewLayer | Updating Mesh | Copying Attributes to device
Fra:1 Mem:38.19M (Peak 48.98M) | Time:00:00.06 | Mem:16.33M, Peak:16.33M | Scene, ViewLayer | Updating Scene BVH | Building
Fra:1 Mem:38.19M (Peak 48.98M) | Time:00:00.06 | Mem:16.33M, Peak:16.33M | Scene, ViewLayer | Updating Scene BVH | Building BVH
Fra:1 Mem:38.19M (Peak 48.98M) | Time:00:00.06 | Mem:17.16M, Peak:17.16M | Scene, ViewLayer | Updating Scene BVH | Building BVH 0%
Fra:1 Mem:38.19M (Peak 48.98M) | Time:00:00.07 | Mem:18.24M, Peak:19.06M | Scene, ViewLayer | Updating Scene BVH | Copying BVH to device
Fra:1 Mem:38.19M (Peak 48.98M) | Time:00:00.07 | Mem:18.24M, Peak:19.06M | Scene, ViewLayer | Updating Mesh | Computing normals
Fra:1 Mem:39.08M (Peak 48.98M) | Time:00:00.07 | Mem:18.24M, Peak:19.06M | Scene, ViewLayer | Updating Mesh | Copying Mesh to device
Fra:1 Mem:39.08M (Peak 48.98M) | Time:00:00.07 | Mem:19.13M, Peak:19.13M | Scene, ViewLayer | Updating Objects Flags
Fra:1 Mem:39.08M (Peak 48.98M) | Time:00:00.07 | Mem:19.13M, Peak:19.13M | Scene, ViewLayer | Updating Primitive Offsets
Fra:1 Mem:39.08M (Peak 48.98M) | Time:00:00.07 | Mem:19.13M, Peak:19.13M | Scene, ViewLayer | Updating Images
Fra:1 Mem:39.08M (Peak 48.98M) | Time:00:00.07 | Mem:19.13M, Peak:19.13M | Scene, ViewLayer | Updating Camera Volume
Fra:1 Mem:39.08M (Peak 48.98M) | Time:00:00.07 | Mem:19.13M, Peak:19.13M | Scene, ViewLayer | Updating Lookup Tables
Fra:1 Mem:39.08M (Peak 48.98M) | Time:00:00.07 | Mem:19.22M, Peak:19.22M | Scene, ViewLayer | Updating Lights
Fra:1 Mem:39.08M (Peak 48.98M) | Time:00:00.07 | Mem:19.22M, Peak:19.22M | Scene, ViewLayer | Updating Lights | Importance map
Fra:1 Mem:103.12M (Peak 391.08M) | Time:00:00.25 | Mem:83.26M, Peak:243.23M | Scene, ViewLayer | Updating Lights | Computing tree
Fra:1 Mem:103.12M (Peak 391.08M) | Time:00:00.25 | Mem:83.26M, Peak:243.23M | Scene, ViewLayer | Updating Integrator
Fra:1 Mem:103.12M (Peak 391.08M) | Time:00:00.25 | Mem:83.26M, Peak:243.23M | Scene, ViewLayer | Updating Film
Fra:1 Mem:103.12M (Peak 391.08M) | Time:00:00.26 | Mem:83.18M, Peak:243.23M | Scene, ViewLayer | Updating Lookup Tables
Fra:1 Mem:103.12M (Peak 391.08M) | Time:00:00.26 | Mem:83.26M, Peak:243.23M | Scene, ViewLayer | Updating Baking
Fra:1 Mem:103.12M (Peak 391.08M) | Time:00:00.26 | Mem:83.26M, Peak:243.23M | Scene, ViewLayer | Updating Device | Writing constant memory
Fra:1 Mem:103.12M (Peak 391.08M) | Time:00:00.26 | Mem:83.26M, Peak:243.23M | Scene, ViewLayer | Loading denoising kernels (may take a few minutes the first time)
Fra:1 Mem:103.12M (Peak 391.08M) | Time:00:00.26 | Mem:83.26M, Peak:243.23M | Scene, ViewLayer | Sample 0/24
Fra:1 Mem:181.68M (Peak 391.08M) | Time:00:00.37 | Remaining:00:02.69 | Mem:161.54M, Peak:243.23M | Scene, ViewLayer | Sample 1/24
Fra:1 Mem:214.64M (Peak 391.08M) | Time:00:04.87 | Mem:161.54M, Peak:243.23M | Scene, ViewLayer | Sample 24/24
Fra:1 Mem:214.64M (Peak 391.08M) | Time:00:04.87 | Mem:161.54M, Peak:243.23M | Scene, ViewLayer | Finished
Saved: 'D:\Users\Lenovo\Desktop\大观园\reports\blender\xiaoxiangguan.png'
Time: 00:05.02 (Saving: 00:00.13)

Read blend: "D:\Users\Lenovo\Desktop\大观园\blender\daguanyuan_master.blend"
Fra:1 Mem:39.65M (Peak 39.65M) | Time:00:00.00 | Mem:0.00M, Peak:0.00M | Scene, ViewLayer | Synchronizing object | daguanyuan_gate_stone
Fra:1 Mem:39.65M (Peak 39.65M) | Time:00:00.00 | Mem:0.00M, Peak:0.00M | Scene, ViewLayer | Synchronizing object | qujingtongyou_wood
Fra:1 Mem:39.67M (Peak 39.67M) | Time:00:00.00 | Mem:0.00M, Peak:0.00M | Scene, ViewLayer | Synchronizing object | xiaoxiangguan_roof
Fra:1 Mem:39.70M (Peak 39.70M) | Time:00:00.00 | Mem:0.00M, Peak:0.00M | Scene, ViewLayer | Synchronizing object | xiaoxiangguan_wood
Fra:1 Mem:39.72M (Peak 39.72M) | Time:00:00.00 | Mem:0.00M, Peak:0.00M | Scene, ViewLayer | Synchronizing object | xiaoxiangguan_darkwood
Fra:1 Mem:39.74M (Peak 39.74M) | Time:00:00.00 | Mem:0.00M, Peak:0.00M | Scene, ViewLayer | Synchronizing object | xiaoxiangguan_tile
Fra:1 Mem:39.91M (Peak 39.91M) | Time:00:00.00 | Mem:0.00M, Peak:0.00M | Scene, ViewLayer | Synchronizing object | xiaoxiangguan_bamboo
Fra:1 Mem:40.13M (Peak 40.13M) | Time:00:00.00 | Mem:0.00M, Peak:0.00M | Scene, ViewLayer | Synchronizing object | xiaoxiangguan_lightleaf
Fra:1 Mem:40.21M (Peak 40.21M) | Time:00:00.00 | Mem:0.00M, Peak:0.00M | Scene, ViewLayer | Synchronizing object | xiaoxiangguan_leaf
Fra:1 Mem:40.41M (Peak 40.41M) | Time:00:00.00 | Mem:0.00M, Peak:0.00M | Scene, ViewLayer | Synchronizing object | PolyHaven_coast_rocks_02.002
Fra:1 Mem:40.73M (Peak 40.73M) | Time:00:00.00 | Mem:0.00M, Peak:0.00M | Scene, ViewLayer | Synchronizing object | yihongyuan_earth
Fra:1 Mem:41.55M (Peak 41.55M) | Time:00:00.00 | Mem:0.00M, Peak:0.00M | Scene, ViewLayer | Synchronizing object | yihongyuan_plaster
Fra:1 Mem:41.56M (Peak 41.56M) | Time:00:00.00 | Mem:0.00M, Peak:0.00M | Scene, ViewLayer | Synchronizing object | yihongyuan_stone
Fra:1 Mem:41.57M (Peak 41.57M) | Time:00:00.00 | Mem:0.00M, Peak:0.00M | Scene, ViewLayer | Synchronizing object | yihongyuan_roof
Fra:1 Mem:41.96M (Peak 41.96M) | Time:00:00.00 | Mem:0.00M, Peak:0.00M | Scene, ViewLayer | Synchronizing object | yihongyuan_wood
Fra:1 Mem:42.13M (Peak 42.13M) | Time:00:00.00 | Mem:0.00M, Peak:0.00M | Scene, ViewLayer | Synchronizing object | yihongyuan_darkwood
Fra:1 Mem:42.31M (Peak 42.31M) | Time:00:00.00 | Mem:0.00M, Peak:0.00M | Scene, ViewLayer | Synchronizing object | yihongyuan_bamboo
Fra:1 Mem:42.47M (Peak 42.47M) | Time:00:00.00 | Mem:0.00M, Peak:0.00M | Scene, ViewLayer | Synchronizing object | yihongyuan_leaf
Fra:1 Mem:42.50M (Peak 42.50M) | Time:00:00.00 | Mem:0.00M, Peak:0.00M | Scene, ViewLayer | Synchronizing object | Water_Master_Editable
Fra:1 Mem:42.75M (Peak 42.85M) | Time:00:00.00 | Mem:0.00M, Peak:0.00M | Scene, ViewLayer | Synchronizing object | hengwuyuan_earth
Fra:1 Mem:42.80M (Peak 42.85M) | Time:00:00.00 | Mem:0.00M, Peak:0.00M | Scene, ViewLayer | Synchronizing object | Afternoon_Sun
Fra:1 Mem:42.87M (Peak 42.87M) | Time:00:00.00 | Mem:0.00M, Peak:0.00M | Scene, ViewLayer | Synchronizing object | hengwuyuan_wood
Fra:1 Mem:42.95M (Peak 42.95M) | Time:00:00.00 | Mem:0.00M, Peak:0.00M | Scene, ViewLayer | Synchronizing object | hengwuyuan_darkwood
Fra:1 Mem:42.94M (Peak 42.95M) | Time:00:00.00 | Mem:0.00M, Peak:0.00M | Scene, ViewLayer | Synchronizing object | hengwuyuan_tile
Fra:1 Mem:43.11M (Peak 43.11M) | Time:00:00.00 | Mem:0.00M, Peak:0.00M | Scene, ViewLayer | Synchronizing object | hengwuyuan_creamflower
Fra:1 Mem:43.35M (Peak 43.35M) | Time:00:00.00 | Mem:0.00M, Peak:0.00M | Scene, ViewLayer | Synchronizing object | qiushuangzhai_earth
Fra:1 Mem:43.63M (Peak 43.63M) | Time:00:00.00 | Mem:0.00M, Peak:0.00M | Scene, ViewLayer | Synchronizing object | qiushuangzhai_stone
Fra:1 Mem:43.77M (Peak 43.77M) | Time:00:00.00 | Mem:0.00M, Peak:0.00M | Scene, ViewLayer | Synchronizing object | qiushuangzhai_plaster
Fra:1 Mem:44.08M (Peak 44.08M) | Time:00:00.00 | Mem:0.00M, Peak:0.00M | Scene, ViewLayer | Synchronizing object | qiushuangzhai_roof
Fra:1 Mem:44.05M (Peak 44.08M) | Time:00:00.00 | Mem:0.00M, Peak:0.00M | Scene, ViewLayer | Synchronizing object | qiushuangzhai_gold
Fra:1 Mem:44.09M (Peak 44.09M) | Time:00:00.00 | Mem:0.00M, Peak:0.00M | Scene, ViewLayer | Synchronizing object | qiushuangzhai_tile
Fra:1 Mem:44.28M (Peak 44.28M) | Time:00:00.00 | Mem:0.00M, Peak:0.00M | Scene, ViewLayer | Synchronizing object | qiushuangzhai_darkwood
Fra:1 Mem:44.60M (Peak 44.60M) | Time:00:00.00 | Mem:0.00M, Peak:0.00M | Scene, ViewLayer | Synchronizing object | qiushuangzhai_creamflower
Fra:1 Mem:44.87M (Peak 44.87M) | Time:00:00.00 | Mem:0.00M, Peak:0.00M | Scene, ViewLayer | Synchronizing object | qiushuangzhai_lightleaf
Fra:1 Mem:44.89M (Peak 44.89M) | Time:00:00.00 | Mem:0.00M, Peak:0.00M | Scene, ViewLayer | Synchronizing object | daoxiangcun_stone
Fra:1 Mem:45.03M (Peak 45.03M) | Time:00:00.00 | Mem:0.00M, Peak:0.00M | Scene, ViewLayer | Synchronizing object | daoxiangcun_plaster
Fra:1 Mem:45.09M (Peak 45.09M) | Time:00:00.00 | Mem:0.00M, Peak:0.00M | Scene, ViewLayer | Synchronizing object | daoxiangcun_paper
Fra:1 Mem:45.19M (Peak 45.19M) | Time:00:00.00 | Mem:0.00M, Peak:0.00M | Scene, ViewLayer | Synchronizing object | daoxiangcun_gold
Fra:1 Mem:45.35M (Peak 45.35M) | Time:00:00.00 | Mem:0.00M, Peak:0.00M | Scene, ViewLayer | Synchronizing object | daoxiangcun_roof
Fra:1 Mem:45.42M (Peak 45.42M) | Time:00:00.00 | Mem:0.00M, Peak:0.00M | Scene, ViewLayer | Synchronizing object | daoxiangcun_creamflower
Fra:1 Mem:45.44M (Peak 45.44M) | Time:00:00.00 | Mem:0.00M, Peak:0.00M | Scene, ViewLayer | Synchronizing object | daoxiangcun_earth
Fra:1 Mem:45.49M (Peak 45.49M) | Time:00:00.00 | Mem:0.00M, Peak:0.00M | Scene, ViewLayer | Synchronizing object | daoxiangcun_lightleaf
Fra:1 Mem:45.60M (Peak 45.60M) | Time:00:00.00 | Mem:0.00M, Peak:0.00M | Scene, ViewLayer | Synchronizing object | ouxiangxie_gold
Fra:1 Mem:45.59M (Peak 45.60M) | Time:00:00.00 | Mem:0.00M, Peak:0.00M | Scene, ViewLayer | Synchronizing object | ouxiangxie_tile
Fra:1 Mem:46.36M (Peak 46.36M) | Time:00:00.00 | Mem:0.00M, Peak:0.00M | Scene, ViewLayer | Synchronizing object | ouxiangxie_darkwood
Fra:1 Mem:47.55M (Peak 47.55M) | Time:00:00.00 | Mem:0.00M, Peak:0.00M | Scene, ViewLayer | Synchronizing object | ouxiangxie_creamflower
Fra:1 Mem:47.55M (Peak 47.55M) | Time:00:00.00 | Mem:0.00M, Peak:0.00M | Scene, ViewLayer | Synchronizing object | dicuiting_stone
Fra:1 Mem:48.70M (Peak 48.70M) | Time:00:00.00 | Mem:0.00M, Peak:0.00M | Scene, ViewLayer | Synchronizing object | dicuiting_wood
Fra:1 Mem:48.73M (Peak 48.73M) | Time:00:00.00 | Mem:0.00M, Peak:0.00M | Scene, ViewLayer | Synchronizing object | dicuiting_tile
Fra:1 Mem:48.78M (Peak 48.78M) | Time:00:00.00 | Mem:0.00M, Peak:0.00M | Scene, ViewLayer | Synchronizing object | luxuean_stone
Fra:1 Mem:49.10M (Peak 49.10M) | Time:00:00.00 | Mem:0.00M, Peak:0.00M | Scene, ViewLayer | Synchronizing object | luxuean_wood
Fra:1 Mem:49.29M (Peak 49.27M) | Time:00:00.00 | Mem:0.00M, Peak:0.00M | Scene, ViewLayer | Synchronizing object | luxuean_gold
Fra:1 Mem:49.72M (Peak 49.72M) | Time:00:00.00 | Mem:0.00M, Peak:0.00M | Scene, ViewLayer | Synchronizing object | luxuean_roof
Fra:1 Mem:49.79M (Peak 49.79M) | Time:00:00.00 | Mem:0.00M, Peak:0.00M | Scene, ViewLayer | Synchronizing object | luxuean_tile
Fra:1 Mem:49.88M (Peak 49.88M) | Time:00:00.00 | Mem:0.00M, Peak:0.00M | Scene, ViewLayer | Synchronizing object | luxuean_bamboo
Fra:1 Mem:50.34M (Peak 50.34M) | Time:00:00.00 | Mem:0.00M, Peak:0.00M | Scene, ViewLayer | Synchronizing object | tubishanzhuang_stone
Fra:1 Mem:50.44M (Peak 50.44M) | Time:00:00.00 | Mem:0.00M, Peak:0.00M | Scene, ViewLayer | Synchronizing object | tubishanzhuang_wood
Fra:1 Mem:50.81M (Peak 50.81M) | Time:00:00.00 | Mem:0.00M, Peak:0.00M | Scene, ViewLayer | Synchronizing object | tubishanzhuang_gold
Fra:1 Mem:50.81M (Peak 50.81M) | Time:00:00.00 | Mem:0.00M, Peak:0.00M | Scene, ViewLayer | Synchronizing object | tubishanzhuang_roof
Fra:1 Mem:50.89M (Peak 50.89M) | Time:00:00.00 | Mem:0.00M, Peak:0.00M | Scene, ViewLayer | Synchronizing object | tubishanzhuang_tile
Fra:1 Mem:50.87M (Peak 50.89M) | Time:00:00.00 | Mem:0.00M, Peak:0.00M | Scene, ViewLayer | Synchronizing object | tubishanzhuang_darkwood
Fra:1 Mem:51.56M (Peak 51.58M) | Time:00:00.00 | Mem:0.00M, Peak:0.00M | Scene, ViewLayer | Synchronizing object | tubishanzhuang_creamflower
Fra:1 Mem:51.98M (Peak 51.98M) | Time:00:00.00 | Mem:0.00M, Peak:0.00M | Scene, ViewLayer | Synchronizing object | tubishanzhuang_leaf
Fra:1 Mem:52.14M (Peak 52.14M) | Time:00:00.00 | Mem:0.00M, Peak:0.00M | Scene, ViewLayer | Synchronizing object | tubishanzhuang_lightleaf
Fra:1 Mem:52.41M (Peak 52.41M) | Time:00:00.00 | Mem:0.00M, Peak:0.00M | Scene, ViewLayer | Synchronizing object | aojingxiguan_stone
Fra:1 Mem:52.53M (Peak 52.53M) | Time:00:00.00 | Mem:0.00M, Peak:0.00M | Scene, ViewLayer | Synchronizing object | aojingxiguan_gold
Fra:1 Mem:52.63M (Peak 52.63M) | Time:00:00.00 | Mem:0.00M, Peak:0.00M | Scene, ViewLayer | Synchronizing object | aojingxiguan_roof
Fra:1 Mem:52.85M (Peak 52.85M) | Time:00:00.00 | Mem:0.00M, Peak:0.00M | Scene, ViewLayer | Synchronizing object | aojingxiguan_tile
Fra:1 Mem:53.29M (Peak 53.29M) | Time:00:00.00 | Mem:0.00M, Peak:0.00M | Scene, ViewLayer | Synchronizing object | aojingxiguan_darkwood
Fra:1 Mem:53.37M (Peak 53.37M) | Time:00:00.00 | Mem:0.00M, Peak:0.00M | Scene, ViewLayer | Synchronizing object | aojingxiguan_creamflower
Fra:1 Mem:53.60M (Peak 53.60M) | Time:00:00.00 | Mem:0.00M, Peak:0.00M | Scene, ViewLayer | Synchronizing object | landscape_earth
Fra:1 Mem:53.54M (Peak 53.60M) | Time:00:00.00 | Mem:0.00M, Peak:0.00M | Scene, ViewLayer | Synchronizing object | landscape_wood
Fra:1 Mem:53.57M (Peak 53.60M) | Time:00:00.00 | Mem:0.00M, Peak:0.00M | Scene, ViewLayer | Synchronizing object | landscape_flower
Fra:1 Mem:53.85M (Peak 53.85M) | Time:00:00.00 | Mem:0.00M, Peak:0.00M | Scene, ViewLayer | Synchronizing object | landscape_leaf
Fra:1 Mem:62.49M (Peak 63.20M) | Time:00:00.01 | Mem:0.00M, Peak:0.00M | Scene, ViewLayer | Initializing
Fra:1 Mem:62.00M (Peak 63.20M) | Time:00:00.01 | Mem:0.00M, Peak:0.00M | Scene, ViewLayer | Updating Images | Loading wood_planks.jpg
Fra:1 Mem:62.00M (Peak 63.20M) | Time:00:00.01 | Mem:0.00M, Peak:0.00M | Scene, ViewLayer | Updating Images | Loading stone_wall_02.jpg
Fra:1 Mem:73.35M (Peak 92.03M) | Time:00:00.03 | Mem:16.00M, Peak:16.00M | Scene, ViewLayer | Waiting for render to start
Fra:1 Mem:73.35M (Peak 92.03M) | Time:00:00.03 | Mem:16.00M, Peak:16.00M | Scene, ViewLayer | Updating Scene
Fra:1 Mem:73.35M (Peak 92.03M) | Time:00:00.03 | Mem:16.00M, Peak:16.00M | Scene, ViewLayer | Updating Shaders
Fra:1 Mem:73.35M (Peak 92.03M) | Time:00:00.03 | Mem:16.00M, Peak:16.00M | Scene, ViewLayer | Loading render kernels (may take a few minutes the first time)
Fra:1 Mem:73.45M (Peak 92.03M) | Time:00:00.03 | Mem:16.01M, Peak:16.01M | Scene, ViewLayer | Updating Procedurals
Fra:1 Mem:73.45M (Peak 92.03M) | Time:00:00.03 | Mem:16.01M, Peak:16.01M | Scene, ViewLayer | Updating Background
Fra:1 Mem:73.45M (Peak 92.03M) | Time:00:00.03 | Mem:16.01M, Peak:16.01M | Scene, ViewLayer | Updating Camera
Fra:1 Mem:73.45M (Peak 92.03M) | Time:00:00.03 | Mem:16.01M, Peak:16.01M | Scene, ViewLayer | Updating Meshes Flags
Fra:1 Mem:73.45M (Peak 92.03M) | Time:00:00.03 | Mem:16.01M, Peak:16.01M | Scene, ViewLayer | Updating Objects
Fra:1 Mem:73.45M (Peak 92.03M) | Time:00:00.03 | Mem:16.01M, Peak:16.01M | Scene, ViewLayer | Updating Objects | Copying Transformations to device
Fra:1 Mem:73.47M (Peak 92.03M) | Time:00:00.03 | Mem:16.04M, Peak:16.04M | Scene, ViewLayer | Updating Particle Systems
Fra:1 Mem:73.47M (Peak 92.03M) | Time:00:00.03 | Mem:16.04M, Peak:16.04M | Scene, ViewLayer | Updating Particle Systems | Copying Particles to device
Fra:1 Mem:73.47M (Peak 92.03M) | Time:00:00.03 | Mem:16.04M, Peak:16.04M | Scene, ViewLayer | Updating Meshes
Fra:1 Mem:73.47M (Peak 92.03M) | Time:00:00.03 | Mem:16.04M, Peak:16.04M | Scene, ViewLayer | Updating Objects | Applying Static Transformations
Fra:1 Mem:73.47M (Peak 92.03M) | Time:00:00.03 | Mem:16.04M, Peak:16.04M | Scene, ViewLayer | Updating Mesh | Computing attributes
Fra:1 Mem:76.90M (Peak 92.03M) | Time:00:00.03 | Mem:16.05M, Peak:16.05M | Scene, ViewLayer | Updating Mesh | Copying Attributes to device
Fra:1 Mem:76.89M (Peak 92.03M) | Time:00:00.03 | Mem:19.45M, Peak:19.45M | Scene, ViewLayer | Updating Scene BVH | Building
Fra:1 Mem:76.89M (Peak 92.03M) | Time:00:00.03 | Mem:19.45M, Peak:19.45M | Scene, ViewLayer | Updating Scene BVH | Building BVH
Fra:1 Mem:76.89M (Peak 92.03M) | Time:00:00.04 | Mem:27.12M, Peak:27.12M | Scene, ViewLayer | Updating Scene BVH | Building BVH 0%
Fra:1 Mem:76.89M (Peak 92.03M) | Time:00:00.04 | Mem:35.46M, Peak:43.13M | Scene, ViewLayer | Updating Scene BVH | Copying BVH to device
Fra:1 Mem:76.89M (Peak 92.03M) | Time:00:00.04 | Mem:35.46M, Peak:43.13M | Scene, ViewLayer | Updating Mesh | Computing normals
Fra:1 Mem:84.47M (Peak 92.03M) | Time:00:00.05 | Mem:35.46M, Peak:43.13M | Scene, ViewLayer | Updating Mesh | Copying Mesh to device
Fra:1 Mem:84.47M (Peak 92.03M) | Time:00:00.05 | Mem:43.04M, Peak:43.13M | Scene, ViewLayer | Updating Objects Flags
Fra:1 Mem:84.47M (Peak 92.03M) | Time:00:00.05 | Mem:43.04M, Peak:43.13M | Scene, ViewLayer | Updating Primitive Offsets
Fra:1 Mem:84.47M (Peak 92.03M) | Time:00:00.05 | Mem:43.04M, Peak:43.13M | Scene, ViewLayer | Updating Images
Fra:1 Mem:84.47M (Peak 92.03M) | Time:00:00.05 | Mem:43.04M, Peak:43.13M | Scene, ViewLayer | Updating Camera Volume
Fra:1 Mem:84.47M (Peak 92.03M) | Time:00:00.05 | Mem:43.04M, Peak:43.13M | Scene, ViewLayer | Updating Lookup Tables
Fra:1 Mem:84.47M (Peak 92.03M) | Time:00:00.05 | Mem:43.13M, Peak:43.13M | Scene, ViewLayer | Updating Lights
Fra:1 Mem:84.47M (Peak 92.03M) | Time:00:00.05 | Mem:43.13M, Peak:43.13M | Scene, ViewLayer | Updating Lights | Importance map
Fra:1 Mem:148.50M (Peak 436.47M) | Time:00:00.22 | Mem:107.17M, Peak:267.14M | Scene, ViewLayer | Updating Lights | Computing tree
Fra:1 Mem:148.50M (Peak 436.47M) | Time:00:00.22 | Mem:107.17M, Peak:267.14M | Scene, ViewLayer | Updating Integrator
Fra:1 Mem:148.50M (Peak 436.47M) | Time:00:00.22 | Mem:107.17M, Peak:267.14M | Scene, ViewLayer | Updating Film
Fra:1 Mem:148.51M (Peak 436.47M) | Time:00:00.22 | Mem:107.09M, Peak:267.14M | Scene, ViewLayer | Updating Lookup Tables
Fra:1 Mem:148.51M (Peak 436.47M) | Time:00:00.22 | Mem:107.17M, Peak:267.14M | Scene, ViewLayer | Updating Baking
Fra:1 Mem:148.51M (Peak 436.47M) | Time:00:00.22 | Mem:107.17M, Peak:267.14M | Scene, ViewLayer | Updating Device | Writing constant memory
Fra:1 Mem:148.51M (Peak 436.47M) | Time:00:00.22 | Mem:107.17M, Peak:267.14M | Scene, ViewLayer | Loading denoising kernels (may take a few minutes the first time)
Fra:1 Mem:148.51M (Peak 436.47M) | Time:00:00.22 | Mem:107.17M, Peak:267.14M | Scene, ViewLayer | Sample 0/24
Fra:1 Mem:227.07M (Peak 436.47M) | Time:00:00.34 | Remaining:00:02.69 | Mem:185.45M, Peak:267.14M | Scene, ViewLayer | Sample 1/24
Fra:1 Mem:260.03M (Peak 436.47M) | Time:00:04.76 | Mem:185.45M, Peak:267.14M | Scene, ViewLayer | Sample 24/24
Fra:1 Mem:260.03M (Peak 436.47M) | Time:00:04.76 | Mem:185.45M, Peak:267.14M | Scene, ViewLayer | Finished
Saved: 'D:\Users\Lenovo\Desktop\大观园\reports\blender\overview.png'
Time: 00:04.83 (Saving: 00:00.06)

Info: Total files 6 | Changed 0 | Failed 0
Info: Saved as "xiaoxiangguan_sample.blend"
Info: Total files 6 | Changed 0 | Failed 0
Info: Saved as "daguanyuan_master.blend"

Blender quit
