
> daguanyuan-rumeng@1.0.0 models:build
> node scripts/pipeline.mjs models

12:52:21 | INFO: Data are loaded, start creating Blender stuff
12:52:21 | INFO: Blender create Mesh node island_trees_01_blockout_cleaned
12:52:22 | INFO: glTF import finished in 1.55s
INFO Draco mesh compression is available, use library at D:\Users\Lenovo\Desktop\大观园\.tools\blender-4.5.9-windows-x64\4.5\scripts\addons_core\io_scene_gltf2\extern_draco.dll
12:52:23 | INFO: Starting glTF 2.0 export
12:52:23 | INFO: Extracting primitive: Reference_Tree_Prototype_trunk.008
12:52:23 | WARNING: More than one shader node tex image used for a texture. The resulting glTF sampler will behave like the first shader node tex image.
12:52:23 | INFO: Primitives created: 2
12:52:23 | INFO: Finished glTF 2.0 export in 0.06335568428039551 s

12:52:24 | INFO: Starting glTF 2.0 export
12:52:24 | INFO: Extracting primitive: Reference_Tree_Mobile_trunk
12:52:24 | WARNING: More than one shader node tex image used for a texture. The resulting glTF sampler will behave like the first shader node tex image.
12:52:24 | INFO: Primitives created: 2
12:52:24 | INFO: Finished glTF 2.0 export in 0.013499736785888672 s

CANOPY LOD 10173
12:52:24 | INFO: Data are loaded, start creating Blender stuff
12:52:24 | INFO: Blender create Mesh node Plane.001
12:52:25 | INFO: glTF import finished in 1.22s
Warning: No mesh data to join
12:52:46 | INFO: Starting glTF 2.0 export
12:52:46 | INFO: Extracting primitive: daguanyuan_gate_bookcloth.001
12:52:46 | INFO: Primitives created: 1
12:52:46 | INFO: Extracting primitive: daguanyuan_gate_darkwood.001
12:52:46 | INFO: Primitives created: 1
12:52:46 | INFO: Extracting primitive: daguanyuan_gate_ink.001
12:52:46 | INFO: Primitives created: 1
12:52:46 | INFO: Extracting primitive: daguanyuan_gate_limestone.001
12:52:46 | INFO: Primitives created: 1
12:52:46 | INFO: Extracting primitive: daguanyuan_gate_paper
12:52:46 | INFO: Primitives created: 1
12:52:46 | INFO: Extracting primitive: daguanyuan_gate_paving.001
12:52:46 | INFO: Primitives created: 1
12:52:46 | INFO: Extracting primitive: daguanyuan_gate_plaster.001
12:52:46 | INFO: Primitives created: 1
12:52:46 | INFO: Extracting primitive: daguanyuan_gate_roof.001
12:52:46 | INFO: Primitives created: 1
12:52:46 | INFO: Extracting primitive: daguanyuan_gate_stone.001
12:52:46 | INFO: Primitives created: 1
12:52:46 | INFO: Extracting primitive: daguanyuan_gate_tile.001
12:52:46 | INFO: Primitives created: 1
12:52:46 | INFO: Extracting primitive: daguanyuan_gate_tiledark.001
12:52:46 | INFO: Primitives created: 1
12:52:46 | INFO: Extracting primitive: daguanyuan_gate_tilelight.001
12:52:46 | INFO: Primitives created: 1
12:52:46 | INFO: Extracting primitive: daguanyuan_gate_wood.001
12:52:46 | INFO: Primitives created: 1
12:52:46 | INFO: Finished glTF 2.0 export in 0.14090609550476074 s

12:52:46 | INFO: Starting glTF 2.0 export
12:52:46 | INFO: Extracting primitive: daguanyuan_gate_bookcloth.001
12:52:46 | INFO: Primitives created: 1
12:52:46 | INFO: Extracting primitive: daguanyuan_gate_darkwood.001
12:52:46 | INFO: Primitives created: 1
12:52:46 | INFO: Extracting primitive: daguanyuan_gate_ink.001
12:52:46 | INFO: Primitives created: 1
12:52:46 | INFO: Extracting primitive: daguanyuan_gate_limestone.001
12:52:46 | INFO: Primitives created: 1
12:52:46 | INFO: Extracting primitive: daguanyuan_gate_paper
12:52:46 | INFO: Primitives created: 1
12:52:46 | INFO: Extracting primitive: daguanyuan_gate_paving.001
12:52:46 | INFO: Primitives created: 1
12:52:46 | INFO: Extracting primitive: daguanyuan_gate_plaster.001
12:52:46 | INFO: Primitives created: 1
12:52:46 | INFO: Extracting primitive: daguanyuan_gate_roof.001
12:52:46 | INFO: Primitives created: 1
12:52:46 | INFO: Extracting primitive: daguanyuan_gate_stone.001
12:52:46 | INFO: Primitives created: 1
12:52:46 | INFO: Extracting primitive: daguanyuan_gate_tile.001
12:52:46 | INFO: Primitives created: 1
12:52:46 | INFO: Extracting primitive: daguanyuan_gate_tiledark.001
12:52:46 | INFO: Primitives created: 1
12:52:46 | INFO: Extracting primitive: daguanyuan_gate_tilelight.001
12:52:46 | INFO: Primitives created: 1
12:52:46 | INFO: Extracting primitive: daguanyuan_gate_wood.001
12:52:46 | INFO: Primitives created: 1
12:52:46 | INFO: Finished glTF 2.0 export in 0.10912108421325684 s

REFERENCE PLACE daguanyuan_gate
12:52:46 | INFO: Starting glTF 2.0 export
12:52:46 | INFO: Extracting primitive: qujingtongyou_bark
12:52:46 | INFO: Primitives created: 1
12:52:46 | INFO: Extracting primitive: qujingtongyou_canopy
12:52:46 | INFO: Primitives created: 1
12:52:46 | INFO: Extracting primitive: qujingtongyou_canopy_light
12:52:46 | INFO: Primitives created: 1
12:52:46 | INFO: Extracting primitive: qujingtongyou_canopy_shadow
12:52:46 | INFO: Primitives created: 1
12:52:46 | INFO: Extracting primitive: qujingtongyou_limestone.001
12:52:46 | INFO: Primitives created: 1
12:52:46 | INFO: Extracting primitive: qujingtongyou_moss
12:52:46 | INFO: Primitives created: 1
12:52:46 | INFO: Extracting primitive: qujingtongyou_stone.001
12:52:46 | INFO: Primitives created: 1
12:52:46 | INFO: Finished glTF 2.0 export in 0.03291726112365723 s

12:52:46 | INFO: Starting glTF 2.0 export
12:52:46 | INFO: Extracting primitive: qujingtongyou_bark
12:52:46 | INFO: Primitives created: 1
12:52:47 | INFO: Extracting primitive: qujingtongyou_canopy
12:52:47 | INFO: Primitives created: 1
12:52:47 | INFO: Extracting primitive: qujingtongyou_canopy_light
12:52:47 | INFO: Primitives created: 1
12:52:47 | INFO: Extracting primitive: qujingtongyou_canopy_shadow
12:52:47 | INFO: Primitives created: 1
12:52:47 | INFO: Extracting primitive: qujingtongyou_limestone.001
12:52:47 | INFO: Primitives created: 1
12:52:47 | INFO: Extracting primitive: qujingtongyou_moss
12:52:47 | INFO: Primitives created: 1
12:52:47 | INFO: Extracting primitive: qujingtongyou_stone.001
12:52:47 | INFO: Primitives created: 1
12:52:47 | INFO: Finished glTF 2.0 export in 0.0645132064819336 s

REFERENCE PLACE qujingtongyou
12:52:49 | INFO: Starting glTF 2.0 export
12:52:49 | INFO: Extracting primitive: xiaoxiangguan_bamboo
12:52:49 | INFO: Primitives created: 1
12:52:49 | INFO: Extracting primitive: xiaoxiangguan_bark
12:52:49 | INFO: Primitives created: 1
12:52:49 | INFO: Extracting primitive: xiaoxiangguan_bookcloth.001
12:52:49 | INFO: Primitives created: 1
12:52:49 | INFO: Extracting primitive: xiaoxiangguan_bookcover.001
12:52:49 | INFO: Primitives created: 1
12:52:49 | INFO: Extracting primitive: xiaoxiangguan_ceramic.001
12:52:49 | INFO: Primitives created: 1
12:52:49 | INFO: Extracting primitive: xiaoxiangguan_creamflower
12:52:49 | INFO: Primitives created: 1
12:52:49 | INFO: Extracting primitive: xiaoxiangguan_darkwood
12:52:49 | INFO: Primitives created: 1
12:52:49 | INFO: Extracting primitive: xiaoxiangguan_earth
12:52:49 | INFO: Primitives created: 1
12:52:49 | INFO: Extracting primitive: xiaoxiangguan_gold
12:52:49 | INFO: Primitives created: 1
12:52:49 | INFO: Extracting primitive: xiaoxiangguan_ink.001
12:52:49 | INFO: Primitives created: 1
12:52:49 | INFO: Extracting primitive: xiaoxiangguan_ivory.001
12:52:49 | INFO: Primitives created: 1
12:52:49 | INFO: Extracting primitive: xiaoxiangguan_lantern
12:52:49 | INFO: Primitives created: 1
12:52:49 | INFO: Extracting primitive: xiaoxiangguan_leaf
12:52:49 | INFO: Primitives created: 1
12:52:49 | INFO: Extracting primitive: xiaoxiangguan_leafdark
12:52:49 | INFO: Primitives created: 1
12:52:49 | INFO: Extracting primitive: xiaoxiangguan_lightleaf
12:52:49 | INFO: Primitives created: 1
12:52:49 | INFO: Extracting primitive: xiaoxiangguan_limestone.001
12:52:49 | INFO: Primitives created: 1
12:52:49 | INFO: Extracting primitive: xiaoxiangguan_moss.001
12:52:49 | INFO: Primitives created: 1
12:52:49 | INFO: Extracting primitive: xiaoxiangguan_paper
12:52:49 | INFO: Primitives created: 1
12:52:49 | INFO: Extracting primitive: xiaoxiangguan_paving.001
12:52:49 | INFO: Primitives created: 1
12:52:49 | INFO: Extracting primitive: xiaoxiangguan_plaster
12:52:49 | INFO: Primitives created: 1
12:52:49 | INFO: Extracting primitive: xiaoxiangguan_roof
12:52:49 | INFO: Primitives created: 1
12:52:49 | INFO: Extracting primitive: xiaoxiangguan_silk.001
12:52:49 | INFO: Primitives created: 1
12:52:49 | INFO: Extracting primitive: xiaoxiangguan_stone
12:52:49 | INFO: Primitives created: 1
12:52:49 | INFO: Extracting primitive: xiaoxiangguan_tile
12:52:49 | INFO: Primitives created: 1
12:52:49 | INFO: Extracting primitive: xiaoxiangguan_tiledark.001
12:52:49 | INFO: Primitives created: 1
12:52:49 | INFO: Extracting primitive: xiaoxiangguan_tilelight.001
12:52:49 | INFO: Primitives created: 1
12:52:49 | INFO: Extracting primitive: xiaoxiangguan_water.001
12:52:49 | INFO: Primitives created: 1
12:52:49 | INFO: Extracting primitive: xiaoxiangguan_wood
12:52:49 | INFO: Primitives created: 1
12:52:49 | INFO: Finished glTF 2.0 export in 0.3547813892364502 s

12:52:49 | INFO: Starting glTF 2.0 export
12:52:49 | INFO: Extracting primitive: xiaoxiangguan_bamboo
12:52:49 | INFO: Primitives created: 1
12:52:49 | INFO: Extracting primitive: xiaoxiangguan_bark
12:52:49 | INFO: Primitives created: 1
12:52:49 | INFO: Extracting primitive: xiaoxiangguan_bookcloth.001
12:52:49 | INFO: Primitives created: 1
12:52:49 | INFO: Extracting primitive: xiaoxiangguan_bookcover.001
12:52:49 | INFO: Primitives created: 1
12:52:49 | INFO: Extracting primitive: xiaoxiangguan_ceramic.001
12:52:49 | INFO: Primitives created: 1
12:52:49 | INFO: Extracting primitive: xiaoxiangguan_creamflower
12:52:49 | INFO: Primitives created: 1
12:52:49 | INFO: Extracting primitive: xiaoxiangguan_darkwood
12:52:49 | INFO: Primitives created: 1
12:52:49 | INFO: Extracting primitive: xiaoxiangguan_earth
12:52:49 | INFO: Primitives created: 1
12:52:49 | INFO: Extracting primitive: xiaoxiangguan_gold
12:52:49 | INFO: Primitives created: 1
12:52:49 | INFO: Extracting primitive: xiaoxiangguan_ink.001
12:52:49 | INFO: Primitives created: 1
12:52:49 | INFO: Extracting primitive: xiaoxiangguan_ivory.001
12:52:49 | INFO: Primitives created: 1
12:52:49 | INFO: Extracting primitive: xiaoxiangguan_lantern
12:52:49 | INFO: Primitives created: 1
12:52:50 | INFO: Extracting primitive: xiaoxiangguan_leaf
12:52:50 | INFO: Primitives created: 1
12:52:50 | INFO: Extracting primitive: xiaoxiangguan_leafdark
12:52:50 | INFO: Primitives created: 1
12:52:50 | INFO: Extracting primitive: xiaoxiangguan_lightleaf
12:52:50 | INFO: Primitives created: 1
12:52:50 | INFO: Extracting primitive: xiaoxiangguan_limestone.001
12:52:50 | INFO: Primitives created: 1
12:52:50 | INFO: Extracting primitive: xiaoxiangguan_moss.001
12:52:50 | INFO: Primitives created: 1
12:52:50 | INFO: Extracting primitive: xiaoxiangguan_paper
12:52:50 | INFO: Primitives created: 1
12:52:50 | INFO: Extracting primitive: xiaoxiangguan_paving.001
12:52:50 | INFO: Primitives created: 1
12:52:50 | INFO: Extracting primitive: xiaoxiangguan_plaster
12:52:50 | INFO: Primitives created: 1
12:52:50 | INFO: Extracting primitive: xiaoxiangguan_roof
12:52:50 | INFO: Primitives created: 1
12:52:50 | INFO: Extracting primitive: xiaoxiangguan_silk.001
12:52:50 | INFO: Primitives created: 1
12:52:50 | INFO: Extracting primitive: xiaoxiangguan_stone
12:52:50 | INFO: Primitives created: 1
12:52:50 | INFO: Extracting primitive: xiaoxiangguan_tile
12:52:50 | INFO: Primitives created: 1
12:52:50 | INFO: Extracting primitive: xiaoxiangguan_tiledark.001
12:52:50 | INFO: Primitives created: 1
12:52:50 | INFO: Extracting primitive: xiaoxiangguan_tilelight.001
12:52:50 | INFO: Primitives created: 1
12:52:50 | INFO: Extracting primitive: xiaoxiangguan_water.001
12:52:50 | INFO: Primitives created: 1
12:52:50 | INFO: Extracting primitive: xiaoxiangguan_wood
12:52:50 | INFO: Primitives created: 1
12:52:50 | INFO: Finished glTF 2.0 export in 0.5649619102478027 s

REFERENCE PLACE xiaoxiangguan
12:52:51 | INFO: Starting glTF 2.0 export
12:52:51 | INFO: Extracting primitive: yihongyuan_bamboo.001
12:52:51 | INFO: Primitives created: 1
12:52:51 | INFO: Extracting primitive: yihongyuan_bark
12:52:51 | INFO: Primitives created: 1
12:52:51 | INFO: Extracting primitive: yihongyuan_bookcloth.001
12:52:51 | INFO: Primitives created: 1
12:52:51 | INFO: Extracting primitive: yihongyuan_bookcover.001
12:52:51 | INFO: Primitives created: 1
12:52:51 | INFO: Extracting primitive: yihongyuan_ceramic.001
12:52:51 | INFO: Primitives created: 1
12:52:51 | INFO: Extracting primitive: yihongyuan_darkwood.001
12:52:51 | INFO: Primitives created: 1
12:52:51 | INFO: Extracting primitive: yihongyuan_earth.001
12:52:51 | INFO: Primitives created: 1
12:52:51 | INFO: Extracting primitive: yihongyuan_flower.001
12:52:51 | INFO: Primitives created: 1
12:52:51 | INFO: Extracting primitive: yihongyuan_gold
12:52:51 | INFO: Primitives created: 1
12:52:51 | INFO: Extracting primitive: yihongyuan_ink.001
12:52:51 | INFO: Primitives created: 1
12:52:51 | INFO: Extracting primitive: yihongyuan_ivory.001
12:52:51 | INFO: Primitives created: 1
12:52:51 | INFO: Extracting primitive: yihongyuan_lantern
12:52:51 | INFO: Primitives created: 1
12:52:51 | INFO: Extracting primitive: yihongyuan_leaf.001
12:52:51 | INFO: Primitives created: 1
12:52:51 | INFO: Extracting primitive: yihongyuan_leafdark
12:52:51 | INFO: Primitives created: 1
12:52:51 | INFO: Extracting primitive: yihongyuan_lightleaf.001
12:52:51 | INFO: Primitives created: 1
12:52:51 | INFO: Extracting primitive: yihongyuan_limestone.001
12:52:51 | INFO: Primitives created: 1
12:52:51 | INFO: Extracting primitive: yihongyuan_moss.001
12:52:51 | INFO: Primitives created: 1
12:52:51 | INFO: Extracting primitive: yihongyuan_paper.001
12:52:51 | INFO: Primitives created: 1
12:52:51 | INFO: Extracting primitive: yihongyuan_paving.001
12:52:51 | INFO: Primitives created: 1
12:52:51 | INFO: Extracting primitive: yihongyuan_plaster.001
12:52:51 | INFO: Primitives created: 1
12:52:51 | INFO: Extracting primitive: yihongyuan_roof.001
12:52:51 | INFO: Primitives created: 1
12:52:51 | INFO: Extracting primitive: yihongyuan_screen.001
12:52:51 | INFO: Primitives created: 1
12:52:51 | INFO: Extracting primitive: yihongyuan_silk.001
12:52:51 | INFO: Primitives created: 1
12:52:51 | INFO: Extracting primitive: yihongyuan_stone.001
12:52:51 | INFO: Primitives created: 1
12:52:51 | INFO: Extracting primitive: yihongyuan_tile.001
12:52:51 | INFO: Primitives created: 1
12:52:51 | INFO: Extracting primitive: yihongyuan_tiledark.001
12:52:51 | INFO: Primitives created: 1
12:52:51 | INFO: Extracting primitive: yihongyuan_tilelight.001
12:52:51 | INFO: Primitives created: 1
12:52:51 | INFO: Extracting primitive: yihongyuan_wood.001
12:52:51 | INFO: Primitives created: 1
12:52:51 | INFO: Finished glTF 2.0 export in 0.22556018829345703 s

12:52:51 | INFO: Starting glTF 2.0 export
12:52:51 | INFO: Extracting primitive: yihongyuan_bamboo.001
12:52:51 | INFO: Primitives created: 1
12:52:51 | INFO: Extracting primitive: yihongyuan_bark
12:52:51 | INFO: Primitives created: 1
12:52:51 | INFO: Extracting primitive: yihongyuan_bookcloth.001
12:52:51 | INFO: Primitives created: 1
12:52:51 | INFO: Extracting primitive: yihongyuan_bookcover.001
12:52:51 | INFO: Primitives created: 1
12:52:51 | INFO: Extracting primitive: yihongyuan_ceramic.001
12:52:51 | INFO: Primitives created: 1
12:52:51 | INFO: Extracting primitive: yihongyuan_darkwood.001
12:52:51 | INFO: Primitives created: 1
12:52:51 | INFO: Extracting primitive: yihongyuan_earth.001
12:52:51 | INFO: Primitives created: 1
12:52:51 | INFO: Extracting primitive: yihongyuan_flower.001
12:52:51 | INFO: Primitives created: 1
12:52:51 | INFO: Extracting primitive: yihongyuan_gold
12:52:51 | INFO: Primitives created: 1
12:52:51 | INFO: Extracting primitive: yihongyuan_ink.001
12:52:51 | INFO: Primitives created: 1
12:52:51 | INFO: Extracting primitive: yihongyuan_ivory.001
12:52:51 | INFO: Primitives created: 1
12:52:51 | INFO: Extracting primitive: yihongyuan_lantern
12:52:51 | INFO: Primitives created: 1
12:52:51 | INFO: Extracting primitive: yihongyuan_leaf.001
12:52:51 | INFO: Primitives created: 1
12:52:51 | INFO: Extracting primitive: yihongyuan_leafdark
12:52:51 | INFO: Primitives created: 1
12:52:51 | INFO: Extracting primitive: yihongyuan_lightleaf.001
12:52:51 | INFO: Primitives created: 1
12:52:51 | INFO: Extracting primitive: yihongyuan_limestone.001
12:52:51 | INFO: Primitives created: 1
12:52:51 | INFO: Extracting primitive: yihongyuan_moss.001
12:52:51 | INFO: Primitives created: 1
12:52:51 | INFO: Extracting primitive: yihongyuan_paper.001
12:52:51 | INFO: Primitives created: 1
12:52:51 | INFO: Extracting primitive: yihongyuan_paving.001
12:52:51 | INFO: Primitives created: 1
12:52:51 | INFO: Extracting primitive: yihongyuan_plaster.001
12:52:51 | INFO: Primitives created: 1
12:52:51 | INFO: Extracting primitive: yihongyuan_roof.001
12:52:51 | INFO: Primitives created: 1
12:52:51 | INFO: Extracting primitive: yihongyuan_screen.001
12:52:51 | INFO: Primitives created: 1
12:52:51 | INFO: Extracting primitive: yihongyuan_silk.001
12:52:51 | INFO: Primitives created: 1
12:52:51 | INFO: Extracting primitive: yihongyuan_stone.001
12:52:51 | INFO: Primitives created: 1
12:52:51 | INFO: Extracting primitive: yihongyuan_tile.001
12:52:51 | INFO: Primitives created: 1
12:52:51 | INFO: Extracting primitive: yihongyuan_tiledark.001
12:52:52 | INFO: Primitives created: 1
12:52:52 | INFO: Extracting primitive: yihongyuan_tilelight.001
12:52:52 | INFO: Primitives created: 1
12:52:52 | INFO: Extracting primitive: yihongyuan_wood.001
12:52:52 | INFO: Primitives created: 1
12:52:52 | INFO: Finished glTF 2.0 export in 0.37140440940856934 s

REFERENCE PLACE yihongyuan
12:52:52 | INFO: Starting glTF 2.0 export
12:52:52 | INFO: Extracting primitive: hengwuyuan_bamboo.001
12:52:52 | INFO: Primitives created: 1
12:52:52 | INFO: Extracting primitive: hengwuyuan_bookcloth.001
12:52:52 | INFO: Primitives created: 1
12:52:52 | INFO: Extracting primitive: hengwuyuan_bookcover.001
12:52:52 | INFO: Primitives created: 1
12:52:52 | INFO: Extracting primitive: hengwuyuan_ceramic.001
12:52:52 | INFO: Primitives created: 1
12:52:52 | INFO: Extracting primitive: hengwuyuan_clay.001
12:52:52 | INFO: Primitives created: 1
12:52:52 | INFO: Extracting primitive: hengwuyuan_creamflower.001
12:52:52 | INFO: Primitives created: 1
12:52:52 | INFO: Extracting primitive: hengwuyuan_darkwood.001
12:52:52 | INFO: Primitives created: 1
12:52:52 | INFO: Extracting primitive: hengwuyuan_earth.001
12:52:52 | INFO: Primitives created: 1
12:52:52 | INFO: Extracting primitive: hengwuyuan_gold
12:52:52 | INFO: Primitives created: 1
12:52:52 | INFO: Extracting primitive: hengwuyuan_ink.001
12:52:52 | INFO: Primitives created: 1
12:52:52 | INFO: Extracting primitive: hengwuyuan_ivory.001
12:52:52 | INFO: Primitives created: 1
12:52:52 | INFO: Extracting primitive: hengwuyuan_lantern
12:52:52 | INFO: Primitives created: 1
12:52:52 | INFO: Extracting primitive: hengwuyuan_leaf.001
12:52:52 | INFO: Primitives created: 1
12:52:52 | INFO: Extracting primitive: hengwuyuan_leafdark.001
12:52:52 | INFO: Primitives created: 1
12:52:52 | INFO: Extracting primitive: hengwuyuan_lightleaf.001
12:52:52 | INFO: Primitives created: 1
12:52:52 | INFO: Extracting primitive: hengwuyuan_limestone.001
12:52:52 | INFO: Primitives created: 1
12:52:52 | INFO: Extracting primitive: hengwuyuan_moss.001
12:52:52 | INFO: Primitives created: 1
12:52:52 | INFO: Extracting primitive: hengwuyuan_paper.001
12:52:52 | INFO: Primitives created: 1
12:52:52 | INFO: Extracting primitive: hengwuyuan_paving.001
12:52:52 | INFO: Primitives created: 1
12:52:52 | INFO: Extracting primitive: hengwuyuan_plaster.001
12:52:52 | INFO: Primitives created: 1
12:52:52 | INFO: Extracting primitive: hengwuyuan_roof.001
12:52:52 | INFO: Primitives created: 1
12:52:52 | INFO: Extracting primitive: hengwuyuan_screen.001
12:52:52 | INFO: Primitives created: 1
12:52:52 | INFO: Extracting primitive: hengwuyuan_stone.001
12:52:52 | INFO: Primitives created: 1
12:52:52 | INFO: Extracting primitive: hengwuyuan_tile.001
12:52:53 | INFO: Primitives created: 1
12:52:53 | INFO: Extracting primitive: hengwuyuan_tiledark.001
12:52:53 | INFO: Primitives created: 1
12:52:53 | INFO: Extracting primitive: hengwuyuan_tilelight.001
12:52:53 | INFO: Primitives created: 1
12:52:53 | INFO: Extracting primitive: hengwuyuan_wood.001
12:52:53 | INFO: Primitives created: 1
12:52:53 | INFO: Finished glTF 2.0 export in 0.19777631759643555 s

12:52:53 | INFO: Starting glTF 2.0 export
12:52:53 | INFO: Extracting primitive: hengwuyuan_bamboo.001
12:52:53 | INFO: Primitives created: 1
12:52:53 | INFO: Extracting primitive: hengwuyuan_bookcloth.001
12:52:53 | INFO: Primitives created: 1
12:52:53 | INFO: Extracting primitive: hengwuyuan_bookcover.001
12:52:53 | INFO: Primitives created: 1
12:52:53 | INFO: Extracting primitive: hengwuyuan_ceramic.001
12:52:53 | INFO: Primitives created: 1
12:52:53 | INFO: Extracting primitive: hengwuyuan_clay.001
12:52:53 | INFO: Primitives created: 1
12:52:53 | INFO: Extracting primitive: hengwuyuan_creamflower.001
12:52:53 | INFO: Primitives created: 1
12:52:53 | INFO: Extracting primitive: hengwuyuan_darkwood.001
12:52:53 | INFO: Primitives created: 1
12:52:53 | INFO: Extracting primitive: hengwuyuan_earth.001
12:52:53 | INFO: Primitives created: 1
12:52:53 | INFO: Extracting primitive: hengwuyuan_gold
12:52:53 | INFO: Primitives created: 1
12:52:53 | INFO: Extracting primitive: hengwuyuan_ink.001
12:52:53 | INFO: Primitives created: 1
12:52:53 | INFO: Extracting primitive: hengwuyuan_ivory.001
12:52:53 | INFO: Primitives created: 1
12:52:53 | INFO: Extracting primitive: hengwuyuan_lantern
12:52:53 | INFO: Primitives created: 1
12:52:53 | INFO: Extracting primitive: hengwuyuan_leaf.001
12:52:53 | INFO: Primitives created: 1
12:52:53 | INFO: Extracting primitive: hengwuyuan_leafdark.001
12:52:53 | INFO: Primitives created: 1
12:52:53 | INFO: Extracting primitive: hengwuyuan_lightleaf.001
12:52:53 | INFO: Primitives created: 1
12:52:53 | INFO: Extracting primitive: hengwuyuan_limestone.001
12:52:53 | INFO: Primitives created: 1
12:52:53 | INFO: Extracting primitive: hengwuyuan_moss.001
12:52:53 | INFO: Primitives created: 1
12:52:53 | INFO: Extracting primitive: hengwuyuan_paper.001
12:52:53 | INFO: Primitives created: 1
12:52:53 | INFO: Extracting primitive: hengwuyuan_paving.001
12:52:53 | INFO: Primitives created: 1
12:52:53 | INFO: Extracting primitive: hengwuyuan_plaster.001
12:52:53 | INFO: Primitives created: 1
12:52:53 | INFO: Extracting primitive: hengwuyuan_roof.001
12:52:53 | INFO: Primitives created: 1
12:52:53 | INFO: Extracting primitive: hengwuyuan_screen.001
12:52:53 | INFO: Primitives created: 1
12:52:53 | INFO: Extracting primitive: hengwuyuan_stone.001
12:52:53 | INFO: Primitives created: 1
12:52:53 | INFO: Extracting primitive: hengwuyuan_tile.001
12:52:53 | INFO: Primitives created: 1
12:52:53 | INFO: Extracting primitive: hengwuyuan_tiledark.001
12:52:53 | INFO: Primitives created: 1
12:52:53 | INFO: Extracting primitive: hengwuyuan_tilelight.001
12:52:53 | INFO: Primitives created: 1
12:52:53 | INFO: Extracting primitive: hengwuyuan_wood.001
12:52:53 | INFO: Primitives created: 1
12:52:53 | INFO: Finished glTF 2.0 export in 0.274371862411499 s

REFERENCE PLACE hengwuyuan
12:52:53 | INFO: Starting glTF 2.0 export
12:52:53 | INFO: Extracting primitive: qiushuangzhai_bamboo.001
12:52:53 | INFO: Primitives created: 1
12:52:53 | INFO: Extracting primitive: qiushuangzhai_bookcloth.001
12:52:53 | INFO: Primitives created: 1
12:52:53 | INFO: Extracting primitive: qiushuangzhai_bookcover.001
12:52:53 | INFO: Primitives created: 1
12:52:53 | INFO: Extracting primitive: qiushuangzhai_ceramic.001
12:52:53 | INFO: Primitives created: 1
12:52:53 | INFO: Extracting primitive: qiushuangzhai_creamflower.001
12:52:53 | INFO: Primitives created: 1
12:52:53 | INFO: Extracting primitive: qiushuangzhai_darkwood.001
12:52:53 | INFO: Primitives created: 1
12:52:53 | INFO: Extracting primitive: qiushuangzhai_earth.001
12:52:53 | INFO: Primitives created: 1
12:52:53 | INFO: Extracting primitive: qiushuangzhai_gold
12:52:53 | INFO: Primitives created: 1
12:52:53 | INFO: Extracting primitive: qiushuangzhai_ink.001
12:52:54 | INFO: Primitives created: 1
12:52:54 | INFO: Extracting primitive: qiushuangzhai_ivory.001
12:52:54 | INFO: Primitives created: 1
12:52:54 | INFO: Extracting primitive: qiushuangzhai_lantern
12:52:54 | INFO: Primitives created: 1
12:52:54 | INFO: Extracting primitive: qiushuangzhai_leaf
12:52:54 | INFO: Primitives created: 1
12:52:54 | INFO: Extracting primitive: qiushuangzhai_leafdark.001
12:52:54 | INFO: Primitives created: 1
12:52:54 | INFO: Extracting primitive: qiushuangzhai_marble.001
12:52:54 | INFO: Primitives created: 1
12:52:54 | INFO: Extracting primitive: qiushuangzhai_moss.001
12:52:54 | INFO: Primitives created: 1
12:52:54 | INFO: Extracting primitive: qiushuangzhai_paper.001
12:52:54 | INFO: Primitives created: 1
12:52:54 | INFO: Extracting primitive: qiushuangzhai_paving.001
12:52:54 | INFO: Primitives created: 1
12:52:54 | INFO: Extracting primitive: qiushuangzhai_plaster.001
12:52:54 | INFO: Primitives created: 1
12:52:54 | INFO: Extracting primitive: qiushuangzhai_roof.001
12:52:54 | INFO: Primitives created: 1
12:52:54 | INFO: Extracting primitive: qiushuangzhai_silk.001
12:52:54 | INFO: Primitives created: 1
12:52:54 | INFO: Extracting primitive: qiushuangzhai_stone.001
12:52:54 | INFO: Primitives created: 1
12:52:54 | INFO: Extracting primitive: qiushuangzhai_tile.001
12:52:54 | INFO: Primitives created: 1
12:52:54 | INFO: Extracting primitive: qiushuangzhai_tiledark.001
12:52:54 | INFO: Primitives created: 1
12:52:54 | INFO: Extracting primitive: qiushuangzhai_tilelight.001
12:52:54 | INFO: Primitives created: 1
12:52:54 | INFO: Extracting primitive: qiushuangzhai_wood.001
12:52:54 | INFO: Primitives created: 1
12:52:54 | INFO: Finished glTF 2.0 export in 0.12352991104125977 s

12:52:54 | INFO: Starting glTF 2.0 export
12:52:54 | INFO: Extracting primitive: qiushuangzhai_bamboo.001
12:52:54 | INFO: Primitives created: 1
12:52:54 | INFO: Extracting primitive: qiushuangzhai_bookcloth.001
12:52:54 | INFO: Primitives created: 1
12:52:54 | INFO: Extracting primitive: qiushuangzhai_bookcover.001
12:52:54 | INFO: Primitives created: 1
12:52:54 | INFO: Extracting primitive: qiushuangzhai_ceramic.001
12:52:54 | INFO: Primitives created: 1
12:52:54 | INFO: Extracting primitive: qiushuangzhai_creamflower.001
12:52:54 | INFO: Primitives created: 1
12:52:54 | INFO: Extracting primitive: qiushuangzhai_darkwood.001
12:52:54 | INFO: Primitives created: 1
12:52:54 | INFO: Extracting primitive: qiushuangzhai_earth.001
12:52:54 | INFO: Primitives created: 1
12:52:54 | INFO: Extracting primitive: qiushuangzhai_gold
12:52:54 | INFO: Primitives created: 1
12:52:54 | INFO: Extracting primitive: qiushuangzhai_ink.001
12:52:54 | INFO: Primitives created: 1
12:52:54 | INFO: Extracting primitive: qiushuangzhai_ivory.001
12:52:54 | INFO: Primitives created: 1
12:52:54 | INFO: Extracting primitive: qiushuangzhai_lantern
12:52:54 | INFO: Primitives created: 1
12:52:54 | INFO: Extracting primitive: qiushuangzhai_leaf
12:52:54 | INFO: Primitives created: 1
12:52:54 | INFO: Extracting primitive: qiushuangzhai_leafdark.001
12:52:54 | INFO: Primitives created: 1
12:52:54 | INFO: Extracting primitive: qiushuangzhai_marble.001
12:52:54 | INFO: Primitives created: 1
12:52:54 | INFO: Extracting primitive: qiushuangzhai_moss.001
12:52:54 | INFO: Primitives created: 1
12:52:54 | INFO: Extracting primitive: qiushuangzhai_paper.001
12:52:54 | INFO: Primitives created: 1
12:52:54 | INFO: Extracting primitive: qiushuangzhai_paving.001
12:52:54 | INFO: Primitives created: 1
12:52:54 | INFO: Extracting primitive: qiushuangzhai_plaster.001
12:52:54 | INFO: Primitives created: 1
12:52:54 | INFO: Extracting primitive: qiushuangzhai_roof.001
12:52:54 | INFO: Primitives created: 1
12:52:54 | INFO: Extracting primitive: qiushuangzhai_silk.001
12:52:54 | INFO: Primitives created: 1
12:52:54 | INFO: Extracting primitive: qiushuangzhai_stone.001
12:52:54 | INFO: Primitives created: 1
12:52:54 | INFO: Extracting primitive: qiushuangzhai_tile.001
12:52:54 | INFO: Primitives created: 1
12:52:54 | INFO: Extracting primitive: qiushuangzhai_tiledark.001
12:52:54 | INFO: Primitives created: 1
12:52:54 | INFO: Extracting primitive: qiushuangzhai_tilelight.001
12:52:54 | INFO: Primitives created: 1
12:52:54 | INFO: Extracting primitive: qiushuangzhai_wood.001
12:52:54 | INFO: Primitives created: 1
12:52:54 | INFO: Finished glTF 2.0 export in 0.1828625202178955 s

REFERENCE PLACE qiushuangzhai
12:52:54 | INFO: Starting glTF 2.0 export
12:52:54 | INFO: Extracting primitive: daoxiangcun_bark
12:52:54 | INFO: Primitives created: 1
12:52:54 | INFO: Extracting primitive: daoxiangcun_clay.001
12:52:54 | INFO: Primitives created: 1
12:52:54 | INFO: Extracting primitive: daoxiangcun_creamflower.001
12:52:54 | INFO: Primitives created: 1
12:52:54 | INFO: Extracting primitive: daoxiangcun_darkwood.001
12:52:54 | INFO: Primitives created: 1
12:52:54 | INFO: Extracting primitive: daoxiangcun_flower.001
12:52:54 | INFO: Primitives created: 1
12:52:54 | INFO: Extracting primitive: daoxiangcun_lightleaf.001
12:52:54 | INFO: Primitives created: 1
12:52:54 | INFO: Extracting primitive: daoxiangcun_paving.001
12:52:54 | INFO: Primitives created: 1
12:52:54 | INFO: Extracting primitive: daoxiangcun_screen.001
12:52:54 | INFO: Primitives created: 1
12:52:54 | INFO: Extracting primitive: daoxiangcun_stone.001
12:52:54 | INFO: Primitives created: 1
12:52:54 | INFO: Extracting primitive: daoxiangcun_thatch.001
12:52:54 | INFO: Primitives created: 1
12:52:54 | INFO: Extracting primitive: daoxiangcun_wood.001
12:52:54 | INFO: Primitives created: 1
12:52:54 | INFO: Finished glTF 2.0 export in 0.07027649879455566 s

12:52:54 | INFO: Starting glTF 2.0 export
12:52:54 | INFO: Extracting primitive: daoxiangcun_bark
12:52:54 | INFO: Primitives created: 1
12:52:54 | INFO: Extracting primitive: daoxiangcun_clay.001
12:52:54 | INFO: Primitives created: 1
12:52:54 | INFO: Extracting primitive: daoxiangcun_creamflower.001
12:52:54 | INFO: Primitives created: 1
12:52:54 | INFO: Extracting primitive: daoxiangcun_darkwood.001
12:52:54 | INFO: Primitives created: 1
12:52:54 | INFO: Extracting primitive: daoxiangcun_flower.001
12:52:54 | INFO: Primitives created: 1
12:52:54 | INFO: Extracting primitive: daoxiangcun_lightleaf.001
12:52:54 | INFO: Primitives created: 1
12:52:54 | INFO: Extracting primitive: daoxiangcun_paving.001
12:52:54 | INFO: Primitives created: 1
12:52:54 | INFO: Extracting primitive: daoxiangcun_screen.001
12:52:54 | INFO: Primitives created: 1
12:52:54 | INFO: Extracting primitive: daoxiangcun_stone.001
12:52:54 | INFO: Primitives created: 1
12:52:54 | INFO: Extracting primitive: daoxiangcun_thatch.001
12:52:54 | INFO: Primitives created: 1
12:52:54 | INFO: Extracting primitive: daoxiangcun_wood.001
12:52:54 | INFO: Primitives created: 1
12:52:55 | INFO: Finished glTF 2.0 export in 0.10543394088745117 s

REFERENCE PLACE daoxiangcun
12:52:55 | INFO: Starting glTF 2.0 export
12:52:55 | INFO: Extracting primitive: ouxiangxie_bamboo.001
12:52:55 | INFO: Primitives created: 1
12:52:55 | INFO: Extracting primitive: ouxiangxie_bookcloth.001
12:52:55 | INFO: Primitives created: 1
12:52:55 | INFO: Extracting primitive: ouxiangxie_bookcover.001
12:52:55 | INFO: Primitives created: 1
12:52:55 | INFO: Extracting primitive: ouxiangxie_ceramic.001
12:52:55 | INFO: Primitives created: 1
12:52:55 | INFO: Extracting primitive: ouxiangxie_darkwood.001
12:52:55 | INFO: Primitives created: 1
12:52:55 | INFO: Extracting primitive: ouxiangxie_ink.001
12:52:55 | INFO: Primitives created: 1
12:52:55 | INFO: Extracting primitive: ouxiangxie_ivory.001
12:52:55 | INFO: Primitives created: 1
12:52:55 | INFO: Extracting primitive: ouxiangxie_paper
12:52:55 | INFO: Primitives created: 1
12:52:55 | INFO: Extracting primitive: ouxiangxie_roof.001
12:52:55 | INFO: Primitives created: 1
12:52:55 | INFO: Extracting primitive: ouxiangxie_screen
12:52:55 | INFO: Primitives created: 1
12:52:55 | INFO: Extracting primitive: ouxiangxie_stone.001
12:52:55 | INFO: Primitives created: 1
12:52:55 | INFO: Extracting primitive: ouxiangxie_tile.001
12:52:55 | INFO: Primitives created: 1
12:52:55 | INFO: Extracting primitive: ouxiangxie_tiledark.001
12:52:55 | INFO: Primitives created: 1
12:52:55 | INFO: Extracting primitive: ouxiangxie_tilelight.001
12:52:55 | INFO: Primitives created: 1
12:52:55 | INFO: Extracting primitive: ouxiangxie_wood.001
12:52:55 | INFO: Primitives created: 1
12:52:55 | INFO: Finished glTF 2.0 export in 0.07899594306945801 s

12:52:55 | INFO: Starting glTF 2.0 export
12:52:55 | INFO: Extracting primitive: ouxiangxie_bamboo.001
12:52:55 | INFO: Primitives created: 1
12:52:55 | INFO: Extracting primitive: ouxiangxie_bookcloth.001
12:52:55 | INFO: Primitives created: 1
12:52:55 | INFO: Extracting primitive: ouxiangxie_bookcover.001
12:52:55 | INFO: Primitives created: 1
12:52:55 | INFO: Extracting primitive: ouxiangxie_ceramic.001
12:52:55 | INFO: Primitives created: 1
12:52:55 | INFO: Extracting primitive: ouxiangxie_darkwood.001
12:52:55 | INFO: Primitives created: 1
12:52:55 | INFO: Extracting primitive: ouxiangxie_ink.001
12:52:55 | INFO: Primitives created: 1
12:52:55 | INFO: Extracting primitive: ouxiangxie_ivory.001
12:52:55 | INFO: Primitives created: 1
12:52:55 | INFO: Extracting primitive: ouxiangxie_paper
12:52:55 | INFO: Primitives created: 1
12:52:55 | INFO: Extracting primitive: ouxiangxie_roof.001
12:52:55 | INFO: Primitives created: 1
12:52:55 | INFO: Extracting primitive: ouxiangxie_screen
12:52:55 | INFO: Primitives created: 1
12:52:55 | INFO: Extracting primitive: ouxiangxie_stone.001
12:52:55 | INFO: Primitives created: 1
12:52:55 | INFO: Extracting primitive: ouxiangxie_tile.001
12:52:55 | INFO: Primitives created: 1
12:52:55 | INFO: Extracting primitive: ouxiangxie_tiledark.001
12:52:55 | INFO: Primitives created: 1
12:52:55 | INFO: Extracting primitive: ouxiangxie_tilelight.001
12:52:55 | INFO: Primitives created: 1
12:52:55 | INFO: Extracting primitive: ouxiangxie_wood.001
12:52:55 | INFO: Primitives created: 1
12:52:55 | INFO: Finished glTF 2.0 export in 0.11841154098510742 s

REFERENCE PLACE ouxiangxie
12:52:55 | INFO: Starting glTF 2.0 export
12:52:55 | INFO: Extracting primitive: dicuiting_darkwood
12:52:55 | INFO: Primitives created: 1
12:52:55 | INFO: Extracting primitive: dicuiting_gold
12:52:55 | INFO: Primitives created: 1
12:52:55 | INFO: Extracting primitive: dicuiting_lantern
12:52:55 | INFO: Primitives created: 1
12:52:55 | INFO: Extracting primitive: dicuiting_roof.001
12:52:55 | INFO: Primitives created: 1
12:52:55 | INFO: Extracting primitive: dicuiting_stone.001
12:52:55 | INFO: Primitives created: 1
12:52:55 | INFO: Extracting primitive: dicuiting_tile.001
12:52:55 | INFO: Primitives created: 1
12:52:55 | INFO: Extracting primitive: dicuiting_tiledark
12:52:55 | INFO: Primitives created: 1
12:52:55 | INFO: Extracting primitive: dicuiting_tilelight
12:52:55 | INFO: Primitives created: 1
12:52:55 | INFO: Extracting primitive: dicuiting_wood.001
12:52:55 | INFO: Primitives created: 1
12:52:55 | INFO: Finished glTF 2.0 export in 0.04273676872253418 s

12:52:55 | INFO: Starting glTF 2.0 export
12:52:55 | INFO: Extracting primitive: dicuiting_darkwood
12:52:55 | INFO: Primitives created: 1
12:52:55 | INFO: Extracting primitive: dicuiting_gold
12:52:55 | INFO: Primitives created: 1
12:52:55 | INFO: Extracting primitive: dicuiting_lantern
12:52:55 | INFO: Primitives created: 1
12:52:55 | INFO: Extracting primitive: dicuiting_roof.001
12:52:55 | INFO: Primitives created: 1
12:52:55 | INFO: Extracting primitive: dicuiting_stone.001
12:52:55 | INFO: Primitives created: 1
12:52:55 | INFO: Extracting primitive: dicuiting_tile.001
12:52:55 | INFO: Primitives created: 1
12:52:55 | INFO: Extracting primitive: dicuiting_tiledark
12:52:55 | INFO: Primitives created: 1
12:52:55 | INFO: Extracting primitive: dicuiting_tilelight
12:52:55 | INFO: Primitives created: 1
12:52:55 | INFO: Extracting primitive: dicuiting_wood.001
12:52:55 | INFO: Primitives created: 1
12:52:55 | INFO: Finished glTF 2.0 export in 0.050629615783691406 s

REFERENCE PLACE dicuiting
12:52:55 | INFO: Starting glTF 2.0 export
12:52:55 | INFO: Extracting primitive: luxuean_bamboo.001
12:52:55 | INFO: Primitives created: 1
12:52:55 | INFO: Extracting primitive: luxuean_clay.001
12:52:55 | INFO: Primitives created: 1
12:52:55 | INFO: Extracting primitive: luxuean_lightleaf.001
12:52:55 | INFO: Primitives created: 1
12:52:55 | INFO: Extracting primitive: luxuean_paving.001
12:52:55 | INFO: Primitives created: 1
12:52:55 | INFO: Extracting primitive: luxuean_stone.001
12:52:55 | INFO: Primitives created: 1
12:52:55 | INFO: Extracting primitive: luxuean_thatch.001
12:52:55 | INFO: Primitives created: 1
12:52:55 | INFO: Extracting primitive: luxuean_wood.001
12:52:55 | INFO: Primitives created: 1
12:52:55 | INFO: Finished glTF 2.0 export in 0.028010845184326172 s

12:52:55 | INFO: Starting glTF 2.0 export
12:52:55 | INFO: Extracting primitive: luxuean_bamboo.001
12:52:55 | INFO: Primitives created: 1
12:52:55 | INFO: Extracting primitive: luxuean_clay.001
12:52:55 | INFO: Primitives created: 1
12:52:55 | INFO: Extracting primitive: luxuean_lightleaf.001
12:52:55 | INFO: Primitives created: 1
12:52:55 | INFO: Extracting primitive: luxuean_paving.001
12:52:55 | INFO: Primitives created: 1
12:52:55 | INFO: Extracting primitive: luxuean_stone.001
12:52:55 | INFO: Primitives created: 1
12:52:55 | INFO: Extracting primitive: luxuean_thatch.001
12:52:55 | INFO: Primitives created: 1
12:52:55 | INFO: Extracting primitive: luxuean_wood.001
12:52:55 | INFO: Primitives created: 1
12:52:55 | INFO: Finished glTF 2.0 export in 0.031002521514892578 s

REFERENCE PLACE luxuean
12:52:56 | INFO: Starting glTF 2.0 export
12:52:56 | INFO: Extracting primitive: tubishanzhuang_bark
12:52:56 | INFO: Primitives created: 1
12:52:56 | INFO: Extracting primitive: tubishanzhuang_bookcloth.001
12:52:56 | INFO: Primitives created: 1
12:52:56 | INFO: Extracting primitive: tubishanzhuang_canopy
12:52:56 | INFO: Primitives created: 1
12:52:56 | INFO: Extracting primitive: tubishanzhuang_canopy_light
12:52:56 | INFO: Primitives created: 1
12:52:56 | INFO: Extracting primitive: tubishanzhuang_canopy_shadow
12:52:56 | INFO: Primitives created: 1
12:52:56 | INFO: Extracting primitive: tubishanzhuang_darkwood.001
12:52:56 | INFO: Primitives created: 1
12:52:56 | INFO: Extracting primitive: tubishanzhuang_ink.001
12:52:56 | INFO: Primitives created: 1
12:52:56 | INFO: Extracting primitive: tubishanzhuang_paper
12:52:56 | INFO: Primitives created: 1
12:52:56 | INFO: Extracting primitive: tubishanzhuang_paving.001
12:52:56 | INFO: Primitives created: 1
12:52:56 | INFO: Extracting primitive: tubishanzhuang_plaster.001
12:52:56 | INFO: Primitives created: 1
12:52:56 | INFO: Extracting primitive: tubishanzhuang_roof.001
12:52:56 | INFO: Primitives created: 1
12:52:56 | INFO: Extracting primitive: tubishanzhuang_stone.001
12:52:56 | INFO: Primitives created: 1
12:52:56 | INFO: Extracting primitive: tubishanzhuang_tile.001
12:52:56 | INFO: Primitives created: 1
12:52:56 | INFO: Extracting primitive: tubishanzhuang_tiledark.001
12:52:56 | INFO: Primitives created: 1
12:52:56 | INFO: Extracting primitive: tubishanzhuang_tilelight.001
12:52:56 | INFO: Primitives created: 1
12:52:56 | INFO: Extracting primitive: tubishanzhuang_wood.001
12:52:56 | INFO: Primitives created: 1
12:52:56 | INFO: Finished glTF 2.0 export in 0.08289146423339844 s

12:52:56 | INFO: Starting glTF 2.0 export
12:52:56 | INFO: Extracting primitive: tubishanzhuang_bark
12:52:56 | INFO: Primitives created: 1
12:52:56 | INFO: Extracting primitive: tubishanzhuang_bookcloth.001
12:52:56 | INFO: Primitives created: 1
12:52:56 | INFO: Extracting primitive: tubishanzhuang_canopy
12:52:56 | INFO: Primitives created: 1
12:52:56 | INFO: Extracting primitive: tubishanzhuang_canopy_light
12:52:56 | INFO: Primitives created: 1
12:52:56 | INFO: Extracting primitive: tubishanzhuang_canopy_shadow
12:52:56 | INFO: Primitives created: 1
12:52:56 | INFO: Extracting primitive: tubishanzhuang_darkwood.001
12:52:56 | INFO: Primitives created: 1
12:52:56 | INFO: Extracting primitive: tubishanzhuang_ink.001
12:52:56 | INFO: Primitives created: 1
12:52:56 | INFO: Extracting primitive: tubishanzhuang_paper
12:52:56 | INFO: Primitives created: 1
12:52:56 | INFO: Extracting primitive: tubishanzhuang_paving.001
12:52:56 | INFO: Primitives created: 1
12:52:56 | INFO: Extracting primitive: tubishanzhuang_plaster.001
12:52:56 | INFO: Primitives created: 1
12:52:56 | INFO: Extracting primitive: tubishanzhuang_roof.001
12:52:56 | INFO: Primitives created: 1
12:52:56 | INFO: Extracting primitive: tubishanzhuang_stone.001
12:52:56 | INFO: Primitives created: 1
12:52:56 | INFO: Extracting primitive: tubishanzhuang_tile.001
12:52:56 | INFO: Primitives created: 1
12:52:56 | INFO: Extracting primitive: tubishanzhuang_tiledark.001
12:52:56 | INFO: Primitives created: 1
12:52:56 | INFO: Extracting primitive: tubishanzhuang_tilelight.001
12:52:56 | INFO: Primitives created: 1
12:52:56 | INFO: Extracting primitive: tubishanzhuang_wood.001
12:52:56 | INFO: Primitives created: 1
12:52:56 | INFO: Finished glTF 2.0 export in 0.12110137939453125 s

REFERENCE PLACE tubishanzhuang
12:52:56 | INFO: Starting glTF 2.0 export
12:52:56 | INFO: Extracting primitive: aojingxiguan_bark
12:52:56 | INFO: Primitives created: 1
12:52:56 | INFO: Extracting primitive: aojingxiguan_bookcloth.001
12:52:56 | INFO: Primitives created: 1
12:52:56 | INFO: Extracting primitive: aojingxiguan_canopy
12:52:56 | INFO: Primitives created: 1
12:52:56 | INFO: Extracting primitive: aojingxiguan_canopy_light
12:52:56 | INFO: Primitives created: 1
12:52:56 | INFO: Extracting primitive: aojingxiguan_canopy_shadow
12:52:56 | INFO: Primitives created: 1
12:52:56 | INFO: Extracting primitive: aojingxiguan_darkwood.001
12:52:56 | INFO: Primitives created: 1
12:52:56 | INFO: Extracting primitive: aojingxiguan_ink.001
12:52:56 | INFO: Primitives created: 1
12:52:56 | INFO: Extracting primitive: aojingxiguan_paper
12:52:56 | INFO: Primitives created: 1
12:52:56 | INFO: Extracting primitive: aojingxiguan_paving.001
12:52:56 | INFO: Primitives created: 1
12:52:56 | INFO: Extracting primitive: aojingxiguan_plaster.001
12:52:56 | INFO: Primitives created: 1
12:52:56 | INFO: Extracting primitive: aojingxiguan_roof.001
12:52:56 | INFO: Primitives created: 1
12:52:56 | INFO: Extracting primitive: aojingxiguan_stone.001
12:52:56 | INFO: Primitives created: 1
12:52:56 | INFO: Extracting primitive: aojingxiguan_tile.001
12:52:56 | INFO: Primitives created: 1
12:52:56 | INFO: Extracting primitive: aojingxiguan_tiledark.001
12:52:56 | INFO: Primitives created: 1
12:52:56 | INFO: Extracting primitive: aojingxiguan_tilelight.001
12:52:56 | INFO: Primitives created: 1
12:52:56 | INFO: Extracting primitive: aojingxiguan_wood.001
12:52:56 | INFO: Primitives created: 1
12:52:56 | INFO: Finished glTF 2.0 export in 0.0845184326171875 s

12:52:56 | INFO: Starting glTF 2.0 export
12:52:56 | INFO: Extracting primitive: aojingxiguan_bark
12:52:56 | INFO: Primitives created: 1
12:52:56 | INFO: Extracting primitive: aojingxiguan_bookcloth.001
12:52:56 | INFO: Primitives created: 1
12:52:56 | INFO: Extracting primitive: aojingxiguan_canopy
12:52:56 | INFO: Primitives created: 1
12:52:56 | INFO: Extracting primitive: aojingxiguan_canopy_light
12:52:56 | INFO: Primitives created: 1
12:52:56 | INFO: Extracting primitive: aojingxiguan_canopy_shadow
12:52:56 | INFO: Primitives created: 1
12:52:56 | INFO: Extracting primitive: aojingxiguan_darkwood.001
12:52:56 | INFO: Primitives created: 1
12:52:56 | INFO: Extracting primitive: aojingxiguan_ink.001
12:52:56 | INFO: Primitives created: 1
12:52:56 | INFO: Extracting primitive: aojingxiguan_paper
12:52:56 | INFO: Primitives created: 1
12:52:56 | INFO: Extracting primitive: aojingxiguan_paving.001
12:52:56 | INFO: Primitives created: 1
12:52:56 | INFO: Extracting primitive: aojingxiguan_plaster.001
12:52:56 | INFO: Primitives created: 1
12:52:56 | INFO: Extracting primitive: aojingxiguan_roof.001
12:52:56 | INFO: Primitives created: 1
12:52:56 | INFO: Extracting primitive: aojingxiguan_stone.001
12:52:56 | INFO: Primitives created: 1
12:52:56 | INFO: Extracting primitive: aojingxiguan_tile.001
12:52:57 | INFO: Primitives created: 1
12:52:57 | INFO: Extracting primitive: aojingxiguan_tiledark.001
12:52:57 | INFO: Primitives created: 1
12:52:57 | INFO: Extracting primitive: aojingxiguan_tilelight.001
12:52:57 | INFO: Primitives created: 1
12:52:57 | INFO: Extracting primitive: aojingxiguan_wood.001
12:52:57 | INFO: Primitives created: 1
12:52:57 | INFO: Finished glTF 2.0 export in 0.1360018253326416 s

REFERENCE PLACE aojingxiguan
12:53:01 | INFO: Starting glTF 2.0 export
12:53:01 | INFO: Extracting primitive: daguanlou_bamboo.001
12:53:01 | INFO: Primitives created: 1
12:53:01 | INFO: Extracting primitive: daguanlou_bark
12:53:01 | INFO: Primitives created: 1
12:53:01 | INFO: Extracting primitive: daguanlou_bookcloth.001
12:53:01 | INFO: Primitives created: 1
12:53:01 | INFO: Extracting primitive: daguanlou_bookcover.001
12:53:01 | INFO: Primitives created: 1
12:53:01 | INFO: Extracting primitive: daguanlou_canopy
12:53:01 | INFO: Primitives created: 1
12:53:01 | INFO: Extracting primitive: daguanlou_canopy_light
12:53:01 | INFO: Primitives created: 1
12:53:01 | INFO: Extracting primitive: daguanlou_canopy_shadow
12:53:01 | INFO: Primitives created: 1
12:53:01 | INFO: Extracting primitive: daguanlou_ceramic
12:53:01 | INFO: Primitives created: 1
12:53:01 | INFO: Extracting primitive: daguanlou_darkwood
12:53:01 | INFO: Primitives created: 1
12:53:01 | INFO: Extracting primitive: daguanlou_gold
12:53:01 | INFO: Primitives created: 1
12:53:01 | INFO: Extracting primitive: daguanlou_ink.001
12:53:01 | INFO: Primitives created: 1
12:53:01 | INFO: Extracting primitive: daguanlou_ivory.001
12:53:01 | INFO: Primitives created: 1
12:53:01 | INFO: Extracting primitive: daguanlou_lantern
12:53:01 | INFO: Primitives created: 1
12:53:01 | INFO: Extracting primitive: daguanlou_paper
12:53:01 | INFO: Primitives created: 1
12:53:01 | INFO: Extracting primitive: daguanlou_paving
12:53:01 | INFO: Primitives created: 1
12:53:01 | INFO: Extracting primitive: daguanlou_plaster
12:53:01 | INFO: Primitives created: 1
12:53:01 | INFO: Extracting primitive: daguanlou_roof
12:53:01 | INFO: Primitives created: 1
12:53:01 | INFO: Extracting primitive: daguanlou_screen
12:53:01 | INFO: Primitives created: 1
12:53:01 | INFO: Extracting primitive: daguanlou_stone
12:53:01 | INFO: Primitives created: 1
12:53:02 | INFO: Extracting primitive: daguanlou_tile
12:53:02 | INFO: Primitives created: 1
12:53:02 | INFO: Extracting primitive: daguanlou_tiledark
12:53:02 | INFO: Primitives created: 1
12:53:02 | INFO: Extracting primitive: daguanlou_tilelight
12:53:02 | INFO: Primitives created: 1
12:53:02 | INFO: Extracting primitive: daguanlou_wood
12:53:02 | INFO: Primitives created: 1
12:53:02 | INFO: Finished glTF 2.0 export in 0.8519589900970459 s

12:53:03 | INFO: Starting glTF 2.0 export
12:53:03 | INFO: Extracting primitive: daguanlou_bamboo.001
12:53:03 | INFO: Primitives created: 1
12:53:03 | INFO: Extracting primitive: daguanlou_bark
12:53:03 | INFO: Primitives created: 1
12:53:03 | INFO: Extracting primitive: daguanlou_bookcloth.001
12:53:03 | INFO: Primitives created: 1
12:53:03 | INFO: Extracting primitive: daguanlou_bookcover.001
12:53:03 | INFO: Primitives created: 1
12:53:03 | INFO: Extracting primitive: daguanlou_canopy
12:53:03 | INFO: Primitives created: 1
12:53:03 | INFO: Extracting primitive: daguanlou_canopy_light
12:53:03 | INFO: Primitives created: 1
12:53:03 | INFO: Extracting primitive: daguanlou_canopy_shadow
12:53:03 | INFO: Primitives created: 1
12:53:03 | INFO: Extracting primitive: daguanlou_ceramic
12:53:03 | INFO: Primitives created: 1
12:53:03 | INFO: Extracting primitive: daguanlou_darkwood
12:53:03 | INFO: Primitives created: 1
12:53:03 | INFO: Extracting primitive: daguanlou_gold
12:53:03 | INFO: Primitives created: 1
12:53:03 | INFO: Extracting primitive: daguanlou_ink.001
12:53:03 | INFO: Primitives created: 1
12:53:03 | INFO: Extracting primitive: daguanlou_ivory.001
12:53:03 | INFO: Primitives created: 1
12:53:03 | INFO: Extracting primitive: daguanlou_lantern
12:53:03 | INFO: Primitives created: 1
12:53:03 | INFO: Extracting primitive: daguanlou_paper
12:53:03 | INFO: Primitives created: 1
12:53:03 | INFO: Extracting primitive: daguanlou_paving
12:53:03 | INFO: Primitives created: 1
12:53:03 | INFO: Extracting primitive: daguanlou_plaster
12:53:03 | INFO: Primitives created: 1
12:53:03 | INFO: Extracting primitive: daguanlou_roof
12:53:03 | INFO: Primitives created: 1
12:53:03 | INFO: Extracting primitive: daguanlou_screen
12:53:03 | INFO: Primitives created: 1
12:53:03 | INFO: Extracting primitive: daguanlou_stone
12:53:03 | INFO: Primitives created: 1
12:53:04 | INFO: Extracting primitive: daguanlou_tile
12:53:04 | INFO: Primitives created: 1
12:53:05 | INFO: Extracting primitive: daguanlou_tiledark
12:53:05 | INFO: Primitives created: 1
12:53:05 | INFO: Extracting primitive: daguanlou_tilelight
12:53:05 | INFO: Primitives created: 1
12:53:05 | INFO: Extracting primitive: daguanlou_wood
12:53:05 | INFO: Primitives created: 1
12:53:05 | INFO: Finished glTF 2.0 export in 1.850550889968872 s

REFERENCE PLACE daguanlou
12:53:06 | INFO: Starting glTF 2.0 export
12:53:06 | INFO: Extracting primitive: longcuian_bamboo.001
12:53:06 | INFO: Primitives created: 1
12:53:06 | INFO: Extracting primitive: longcuian_bark
12:53:06 | INFO: Primitives created: 1
12:53:06 | INFO: Extracting primitive: longcuian_bookcloth.001
12:53:06 | INFO: Primitives created: 1
12:53:06 | INFO: Extracting primitive: longcuian_bookcover.001
12:53:06 | INFO: Primitives created: 1
12:53:06 | INFO: Extracting primitive: longcuian_canopy
12:53:06 | INFO: Primitives created: 1
12:53:06 | INFO: Extracting primitive: longcuian_canopy_light
12:53:06 | INFO: Primitives created: 1
12:53:06 | INFO: Extracting primitive: longcuian_canopy_shadow
12:53:06 | INFO: Primitives created: 1
12:53:06 | INFO: Extracting primitive: longcuian_ceramic
12:53:06 | INFO: Primitives created: 1
12:53:06 | INFO: Extracting primitive: longcuian_darkwood
12:53:06 | INFO: Primitives created: 1
12:53:06 | INFO: Extracting primitive: longcuian_flower
12:53:06 | INFO: Primitives created: 1
12:53:06 | INFO: Extracting primitive: longcuian_ink.001
12:53:06 | INFO: Primitives created: 1
12:53:06 | INFO: Extracting primitive: longcuian_ivory.001
12:53:06 | INFO: Primitives created: 1
12:53:06 | INFO: Extracting primitive: longcuian_paper
12:53:06 | INFO: Primitives created: 1
12:53:06 | INFO: Extracting primitive: longcuian_paving
12:53:06 | INFO: Primitives created: 1
12:53:06 | INFO: Extracting primitive: longcuian_plaster
12:53:06 | INFO: Primitives created: 1
12:53:06 | INFO: Extracting primitive: longcuian_roof
12:53:06 | INFO: Primitives created: 1
12:53:06 | INFO: Extracting primitive: longcuian_screen
12:53:06 | INFO: Primitives created: 1
12:53:06 | INFO: Extracting primitive: longcuian_stone
12:53:06 | INFO: Primitives created: 1
12:53:06 | INFO: Extracting primitive: longcuian_tile
12:53:06 | INFO: Primitives created: 1
12:53:06 | INFO: Extracting primitive: longcuian_tiledark
12:53:06 | INFO: Primitives created: 1
12:53:06 | INFO: Extracting primitive: longcuian_tilelight
12:53:06 | INFO: Primitives created: 1
12:53:06 | INFO: Extracting primitive: longcuian_wood
12:53:06 | INFO: Primitives created: 1
12:53:06 | INFO: Finished glTF 2.0 export in 0.14452385902404785 s

12:53:06 | INFO: Starting glTF 2.0 export
12:53:06 | INFO: Extracting primitive: longcuian_bamboo.001
12:53:06 | INFO: Primitives created: 1
12:53:06 | INFO: Extracting primitive: longcuian_bark
12:53:06 | INFO: Primitives created: 1
12:53:06 | INFO: Extracting primitive: longcuian_bookcloth.001
12:53:06 | INFO: Primitives created: 1
12:53:06 | INFO: Extracting primitive: longcuian_bookcover.001
12:53:06 | INFO: Primitives created: 1
12:53:06 | INFO: Extracting primitive: longcuian_canopy
12:53:06 | INFO: Primitives created: 1
12:53:06 | INFO: Extracting primitive: longcuian_canopy_light
12:53:06 | INFO: Primitives created: 1
12:53:06 | INFO: Extracting primitive: longcuian_canopy_shadow
12:53:06 | INFO: Primitives created: 1
12:53:06 | INFO: Extracting primitive: longcuian_ceramic
12:53:06 | INFO: Primitives created: 1
12:53:06 | INFO: Extracting primitive: longcuian_darkwood
12:53:06 | INFO: Primitives created: 1
12:53:06 | INFO: Extracting primitive: longcuian_flower
12:53:06 | INFO: Primitives created: 1
12:53:06 | INFO: Extracting primitive: longcuian_ink.001
12:53:06 | INFO: Primitives created: 1
12:53:06 | INFO: Extracting primitive: longcuian_ivory.001
12:53:06 | INFO: Primitives created: 1
12:53:06 | INFO: Extracting primitive: longcuian_paper
12:53:06 | INFO: Primitives created: 1
12:53:06 | INFO: Extracting primitive: longcuian_paving
12:53:06 | INFO: Primitives created: 1
12:53:06 | INFO: Extracting primitive: longcuian_plaster
12:53:06 | INFO: Primitives created: 1
12:53:06 | INFO: Extracting primitive: longcuian_roof
12:53:06 | INFO: Primitives created: 1
12:53:06 | INFO: Extracting primitive: longcuian_screen
12:53:06 | INFO: Primitives created: 1
12:53:06 | INFO: Extracting primitive: longcuian_stone
12:53:06 | INFO: Primitives created: 1
12:53:06 | INFO: Extracting primitive: longcuian_tile
12:53:06 | INFO: Primitives created: 1
12:53:06 | INFO: Extracting primitive: longcuian_tiledark
12:53:06 | INFO: Primitives created: 1
12:53:06 | INFO: Extracting primitive: longcuian_tilelight
12:53:06 | INFO: Primitives created: 1
12:53:06 | INFO: Extracting primitive: longcuian_wood
12:53:06 | INFO: Primitives created: 1
12:53:06 | INFO: Finished glTF 2.0 export in 0.2663888931274414 s

REFERENCE PLACE longcuian
12:53:07 | INFO: Starting glTF 2.0 export
12:53:07 | INFO: Extracting primitive: nuanxiangwu_bamboo.001
12:53:07 | INFO: Primitives created: 1
12:53:07 | INFO: Extracting primitive: nuanxiangwu_bark
12:53:07 | INFO: Primitives created: 1
12:53:07 | INFO: Extracting primitive: nuanxiangwu_bookcloth.001
12:53:07 | INFO: Primitives created: 1
12:53:07 | INFO: Extracting primitive: nuanxiangwu_bookcover.001
12:53:07 | INFO: Primitives created: 1
12:53:07 | INFO: Extracting primitive: nuanxiangwu_ceramic
12:53:07 | INFO: Primitives created: 1
12:53:07 | INFO: Extracting primitive: nuanxiangwu_creamflower
12:53:07 | INFO: Primitives created: 1
12:53:07 | INFO: Extracting primitive: nuanxiangwu_darkwood
12:53:07 | INFO: Primitives created: 1
12:53:07 | INFO: Extracting primitive: nuanxiangwu_ink.001
12:53:07 | INFO: Primitives created: 1
12:53:07 | INFO: Extracting primitive: nuanxiangwu_ivory.001
12:53:07 | INFO: Primitives created: 1
12:53:07 | INFO: Extracting primitive: nuanxiangwu_paper
12:53:07 | INFO: Primitives created: 1
12:53:07 | INFO: Extracting primitive: nuanxiangwu_paving
12:53:07 | INFO: Primitives created: 1
12:53:07 | INFO: Extracting primitive: nuanxiangwu_plaster
12:53:07 | INFO: Primitives created: 1
12:53:07 | INFO: Extracting primitive: nuanxiangwu_roof
12:53:07 | INFO: Primitives created: 1
12:53:07 | INFO: Extracting primitive: nuanxiangwu_screen
12:53:07 | INFO: Primitives created: 1
12:53:07 | INFO: Extracting primitive: nuanxiangwu_silk
12:53:07 | INFO: Primitives created: 1
12:53:07 | INFO: Extracting primitive: nuanxiangwu_stone
12:53:07 | INFO: Primitives created: 1
12:53:07 | INFO: Extracting primitive: nuanxiangwu_tile
12:53:07 | INFO: Primitives created: 1
12:53:07 | INFO: Extracting primitive: nuanxiangwu_tiledark
12:53:07 | INFO: Primitives created: 1
12:53:07 | INFO: Extracting primitive: nuanxiangwu_tilelight
12:53:07 | INFO: Primitives created: 1
12:53:07 | INFO: Extracting primitive: nuanxiangwu_wood
12:53:07 | INFO: Primitives created: 1
12:53:07 | INFO: Finished glTF 2.0 export in 0.13979339599609375 s

12:53:07 | INFO: Starting glTF 2.0 export
12:53:07 | INFO: Extracting primitive: nuanxiangwu_bamboo.001
12:53:07 | INFO: Primitives created: 1
12:53:07 | INFO: Extracting primitive: nuanxiangwu_bark
12:53:07 | INFO: Primitives created: 1
12:53:07 | INFO: Extracting primitive: nuanxiangwu_bookcloth.001
12:53:07 | INFO: Primitives created: 1
12:53:07 | INFO: Extracting primitive: nuanxiangwu_bookcover.001
12:53:07 | INFO: Primitives created: 1
12:53:07 | INFO: Extracting primitive: nuanxiangwu_ceramic
12:53:07 | INFO: Primitives created: 1
12:53:07 | INFO: Extracting primitive: nuanxiangwu_creamflower
12:53:07 | INFO: Primitives created: 1
12:53:07 | INFO: Extracting primitive: nuanxiangwu_darkwood
12:53:07 | INFO: Primitives created: 1
12:53:07 | INFO: Extracting primitive: nuanxiangwu_ink.001
12:53:07 | INFO: Primitives created: 1
12:53:07 | INFO: Extracting primitive: nuanxiangwu_ivory.001
12:53:07 | INFO: Primitives created: 1
12:53:07 | INFO: Extracting primitive: nuanxiangwu_paper
12:53:07 | INFO: Primitives created: 1
12:53:07 | INFO: Extracting primitive: nuanxiangwu_paving
12:53:07 | INFO: Primitives created: 1
12:53:07 | INFO: Extracting primitive: nuanxiangwu_plaster
12:53:07 | INFO: Primitives created: 1
12:53:07 | INFO: Extracting primitive: nuanxiangwu_roof
12:53:07 | INFO: Primitives created: 1
12:53:07 | INFO: Extracting primitive: nuanxiangwu_screen
12:53:07 | INFO: Primitives created: 1
12:53:07 | INFO: Extracting primitive: nuanxiangwu_silk
12:53:07 | INFO: Primitives created: 1
12:53:07 | INFO: Extracting primitive: nuanxiangwu_stone
12:53:07 | INFO: Primitives created: 1
12:53:07 | INFO: Extracting primitive: nuanxiangwu_tile
12:53:07 | INFO: Primitives created: 1
12:53:07 | INFO: Extracting primitive: nuanxiangwu_tiledark
12:53:07 | INFO: Primitives created: 1
12:53:07 | INFO: Extracting primitive: nuanxiangwu_tilelight
12:53:07 | INFO: Primitives created: 1
12:53:07 | INFO: Extracting primitive: nuanxiangwu_wood
12:53:07 | INFO: Primitives created: 1
12:53:07 | INFO: Finished glTF 2.0 export in 0.20955991744995117 s

REFERENCE PLACE nuanxiangwu
Info: Saved as "daguanyuan_master.blend"
12:53:20 | INFO: Starting glTF 2.0 export
12:53:20 | INFO: Extracting primitive: daguanyuan_gate_bookcloth.001
12:53:20 | INFO: Primitives created: 1
12:53:20 | INFO: Extracting primitive: daguanyuan_gate_darkwood.001
12:53:20 | INFO: Primitives created: 1
12:53:20 | INFO: Extracting primitive: daguanyuan_gate_ink.001
12:53:20 | INFO: Primitives created: 1
12:53:20 | INFO: Extracting primitive: daguanyuan_gate_limestone.001
12:53:20 | INFO: Primitives created: 1
12:53:20 | INFO: Extracting primitive: daguanyuan_gate_paper
12:53:20 | INFO: Primitives created: 1
12:53:20 | INFO: Extracting primitive: daguanyuan_gate_paving.001
12:53:20 | INFO: Primitives created: 1
12:53:20 | INFO: Extracting primitive: daguanyuan_gate_plaster.001
12:53:20 | INFO: Primitives created: 1
12:53:20 | INFO: Extracting primitive: daguanyuan_gate_roof.001
12:53:20 | INFO: Primitives created: 1
12:53:20 | INFO: Extracting primitive: daguanyuan_gate_stone.001
12:53:20 | INFO: Primitives created: 1
12:53:20 | INFO: Extracting primitive: daguanyuan_gate_tile.001
12:53:20 | INFO: Primitives created: 1
12:53:20 | INFO: Extracting primitive: daguanyuan_gate_tiledark.001
12:53:20 | INFO: Primitives created: 1
12:53:20 | INFO: Extracting primitive: daguanyuan_gate_tilelight.001
12:53:20 | INFO: Primitives created: 1
12:53:20 | INFO: Extracting primitive: daguanyuan_gate_wood.001
12:53:20 | INFO: Primitives created: 1
12:53:20 | INFO: Extracting primitive: qujingtongyou_bark
12:53:20 | INFO: Primitives created: 1
12:53:20 | INFO: Extracting primitive: qujingtongyou_canopy
12:53:20 | INFO: Primitives created: 1
12:53:20 | INFO: Extracting primitive: qujingtongyou_canopy_light
12:53:20 | INFO: Primitives created: 1
12:53:20 | INFO: Extracting primitive: qujingtongyou_canopy_shadow
12:53:20 | INFO: Primitives created: 1
12:53:20 | INFO: Extracting primitive: qujingtongyou_limestone.001
12:53:20 | INFO: Primitives created: 1
12:53:20 | INFO: Extracting primitive: qujingtongyou_moss
12:53:20 | INFO: Primitives created: 1
12:53:20 | INFO: Extracting primitive: qujingtongyou_stone.001
12:53:20 | INFO: Primitives created: 1
12:53:20 | INFO: Extracting primitive: xiaoxiangguan_bamboo
12:53:20 | INFO: Primitives created: 1
12:53:20 | INFO: Extracting primitive: xiaoxiangguan_bark
12:53:20 | INFO: Primitives created: 1
12:53:20 | INFO: Extracting primitive: xiaoxiangguan_bookcloth.001
12:53:20 | INFO: Primitives created: 1
12:53:20 | INFO: Extracting primitive: xiaoxiangguan_bookcover.001
12:53:20 | INFO: Primitives created: 1
12:53:20 | INFO: Extracting primitive: xiaoxiangguan_ceramic.001
12:53:20 | INFO: Primitives created: 1
12:53:20 | INFO: Extracting primitive: xiaoxiangguan_creamflower
12:53:20 | INFO: Primitives created: 1
12:53:20 | INFO: Extracting primitive: xiaoxiangguan_darkwood
12:53:20 | INFO: Primitives created: 1
12:53:20 | INFO: Extracting primitive: xiaoxiangguan_earth
12:53:20 | INFO: Primitives created: 1
12:53:20 | INFO: Extracting primitive: xiaoxiangguan_gold
12:53:20 | INFO: Primitives created: 1
12:53:20 | INFO: Extracting primitive: xiaoxiangguan_ink.001
12:53:20 | INFO: Primitives created: 1
12:53:20 | INFO: Extracting primitive: xiaoxiangguan_ivory.001
12:53:20 | INFO: Primitives created: 1
12:53:20 | INFO: Extracting primitive: xiaoxiangguan_lantern
12:53:20 | INFO: Primitives created: 1
12:53:20 | INFO: Extracting primitive: xiaoxiangguan_leaf
12:53:20 | INFO: Primitives created: 1
12:53:20 | INFO: Extracting primitive: xiaoxiangguan_leafdark
12:53:20 | INFO: Primitives created: 1
12:53:20 | INFO: Extracting primitive: xiaoxiangguan_lightleaf
12:53:20 | INFO: Primitives created: 1
12:53:20 | INFO: Extracting primitive: xiaoxiangguan_limestone.001
12:53:20 | INFO: Primitives created: 1
12:53:20 | INFO: Extracting primitive: xiaoxiangguan_moss.001
12:53:20 | INFO: Primitives created: 1
12:53:20 | INFO: Extracting primitive: xiaoxiangguan_paper
12:53:20 | INFO: Primitives created: 1
12:53:20 | INFO: Extracting primitive: xiaoxiangguan_paving.001
12:53:20 | INFO: Primitives created: 1
12:53:20 | INFO: Extracting primitive: xiaoxiangguan_plaster
12:53:20 | INFO: Primitives created: 1
12:53:20 | INFO: Extracting primitive: xiaoxiangguan_roof
12:53:20 | INFO: Primitives created: 1
12:53:20 | INFO: Extracting primitive: xiaoxiangguan_silk.001
12:53:20 | INFO: Primitives created: 1
12:53:20 | INFO: Extracting primitive: xiaoxiangguan_stone
12:53:20 | INFO: Primitives created: 1
12:53:20 | INFO: Extracting primitive: xiaoxiangguan_tile
12:53:20 | INFO: Primitives created: 1
12:53:20 | INFO: Extracting primitive: xiaoxiangguan_tiledark.001
12:53:20 | INFO: Primitives created: 1
12:53:20 | INFO: Extracting primitive: xiaoxiangguan_tilelight.001
12:53:20 | INFO: Primitives created: 1
12:53:20 | INFO: Extracting primitive: xiaoxiangguan_water.001
12:53:20 | INFO: Primitives created: 1
12:53:20 | INFO: Extracting primitive: xiaoxiangguan_wood
12:53:20 | INFO: Primitives created: 1
12:53:20 | INFO: Extracting primitive: yihongyuan_bamboo.001
12:53:20 | INFO: Primitives created: 1
12:53:20 | INFO: Extracting primitive: yihongyuan_bark
12:53:20 | INFO: Primitives created: 1
12:53:20 | INFO: Extracting primitive: yihongyuan_bookcloth.001
12:53:20 | INFO: Primitives created: 1
12:53:20 | INFO: Extracting primitive: yihongyuan_bookcover.001
12:53:20 | INFO: Primitives created: 1
12:53:20 | INFO: Extracting primitive: yihongyuan_ceramic.001
12:53:20 | INFO: Primitives created: 1
12:53:20 | INFO: Extracting primitive: yihongyuan_darkwood.001
12:53:20 | INFO: Primitives created: 1
12:53:20 | INFO: Extracting primitive: yihongyuan_earth.001
12:53:20 | INFO: Primitives created: 1
12:53:20 | INFO: Extracting primitive: yihongyuan_flower.001
12:53:20 | INFO: Primitives created: 1
12:53:20 | INFO: Extracting primitive: yihongyuan_gold
12:53:20 | INFO: Primitives created: 1
12:53:20 | INFO: Extracting primitive: yihongyuan_ink.001
12:53:20 | INFO: Primitives created: 1
12:53:20 | INFO: Extracting primitive: yihongyuan_ivory.001
12:53:20 | INFO: Primitives created: 1
12:53:20 | INFO: Extracting primitive: yihongyuan_lantern
12:53:20 | INFO: Primitives created: 1
12:53:20 | INFO: Extracting primitive: yihongyuan_leaf.001
12:53:20 | INFO: Primitives created: 1
12:53:20 | INFO: Extracting primitive: yihongyuan_leafdark
12:53:20 | INFO: Primitives created: 1
12:53:20 | INFO: Extracting primitive: yihongyuan_lightleaf.001
12:53:20 | INFO: Primitives created: 1
12:53:20 | INFO: Extracting primitive: yihongyuan_limestone.001
12:53:20 | INFO: Primitives created: 1
12:53:20 | INFO: Extracting primitive: yihongyuan_moss.001
12:53:20 | INFO: Primitives created: 1
12:53:20 | INFO: Extracting primitive: yihongyuan_paper.001
12:53:20 | INFO: Primitives created: 1
12:53:20 | INFO: Extracting primitive: yihongyuan_paving.001
12:53:20 | INFO: Primitives created: 1
12:53:20 | INFO: Extracting primitive: yihongyuan_plaster.001
12:53:20 | INFO: Primitives created: 1
12:53:20 | INFO: Extracting primitive: yihongyuan_roof.001
12:53:20 | INFO: Primitives created: 1
12:53:20 | INFO: Extracting primitive: yihongyuan_screen.001
12:53:20 | INFO: Primitives created: 1
12:53:20 | INFO: Extracting primitive: yihongyuan_silk.001
12:53:20 | INFO: Primitives created: 1
12:53:20 | INFO: Extracting primitive: yihongyuan_stone.001
12:53:20 | INFO: Primitives created: 1
12:53:20 | INFO: Extracting primitive: yihongyuan_tile.001
12:53:20 | INFO: Primitives created: 1
12:53:20 | INFO: Extracting primitive: yihongyuan_tiledark.001
12:53:20 | INFO: Primitives created: 1
12:53:20 | INFO: Extracting primitive: yihongyuan_tilelight.001
12:53:20 | INFO: Primitives created: 1
12:53:20 | INFO: Extracting primitive: yihongyuan_wood.001
12:53:20 | INFO: Primitives created: 1
12:53:20 | INFO: Extracting primitive: hengwuyuan_bamboo.001
12:53:20 | INFO: Primitives created: 1
12:53:20 | INFO: Extracting primitive: hengwuyuan_bookcloth.001
12:53:20 | INFO: Primitives created: 1
12:53:20 | INFO: Extracting primitive: hengwuyuan_bookcover.001
12:53:20 | INFO: Primitives created: 1
12:53:20 | INFO: Extracting primitive: hengwuyuan_ceramic.001
12:53:20 | INFO: Primitives created: 1
12:53:20 | INFO: Extracting primitive: hengwuyuan_clay.001
12:53:20 | INFO: Primitives created: 1
12:53:20 | INFO: Extracting primitive: hengwuyuan_creamflower.001
12:53:20 | INFO: Primitives created: 1
12:53:20 | INFO: Extracting primitive: hengwuyuan_darkwood.001
12:53:20 | INFO: Primitives created: 1
12:53:20 | INFO: Extracting primitive: hengwuyuan_earth.001
12:53:20 | INFO: Primitives created: 1
12:53:20 | INFO: Extracting primitive: hengwuyuan_gold
12:53:20 | INFO: Primitives created: 1
12:53:20 | INFO: Extracting primitive: hengwuyuan_ink.001
12:53:20 | INFO: Primitives created: 1
12:53:20 | INFO: Extracting primitive: hengwuyuan_ivory.001
12:53:20 | INFO: Primitives created: 1
12:53:20 | INFO: Extracting primitive: hengwuyuan_lantern
12:53:20 | INFO: Primitives created: 1
12:53:20 | INFO: Extracting primitive: hengwuyuan_leaf.001
12:53:20 | INFO: Primitives created: 1
12:53:20 | INFO: Extracting primitive: hengwuyuan_leafdark.001
12:53:20 | INFO: Primitives created: 1
12:53:20 | INFO: Extracting primitive: hengwuyuan_lightleaf.001
12:53:20 | INFO: Primitives created: 1
12:53:20 | INFO: Extracting primitive: hengwuyuan_limestone.001
12:53:20 | INFO: Primitives created: 1
12:53:20 | INFO: Extracting primitive: hengwuyuan_moss.001
12:53:20 | INFO: Primitives created: 1
12:53:20 | INFO: Extracting primitive: hengwuyuan_paper.001
12:53:20 | INFO: Primitives created: 1
12:53:20 | INFO: Extracting primitive: hengwuyuan_paving.001
12:53:20 | INFO: Primitives created: 1
12:53:20 | INFO: Extracting primitive: hengwuyuan_plaster.001
12:53:20 | INFO: Primitives created: 1
12:53:20 | INFO: Extracting primitive: hengwuyuan_roof.001
12:53:20 | INFO: Primitives created: 1
12:53:20 | INFO: Extracting primitive: hengwuyuan_screen.001
12:53:20 | INFO: Primitives created: 1
12:53:20 | INFO: Extracting primitive: hengwuyuan_stone.001
12:53:20 | INFO: Primitives created: 1
12:53:21 | INFO: Extracting primitive: hengwuyuan_tile.001
12:53:21 | INFO: Primitives created: 1
12:53:21 | INFO: Extracting primitive: hengwuyuan_tiledark.001
12:53:21 | INFO: Primitives created: 1
12:53:21 | INFO: Extracting primitive: hengwuyuan_tilelight.001
12:53:21 | INFO: Primitives created: 1
12:53:21 | INFO: Extracting primitive: hengwuyuan_wood.001
12:53:21 | INFO: Primitives created: 1
12:53:21 | INFO: Extracting primitive: qiushuangzhai_bamboo.001
12:53:21 | INFO: Primitives created: 1
12:53:21 | INFO: Extracting primitive: qiushuangzhai_bookcloth.001
12:53:21 | INFO: Primitives created: 1
12:53:21 | INFO: Extracting primitive: qiushuangzhai_bookcover.001
12:53:21 | INFO: Primitives created: 1
12:53:21 | INFO: Extracting primitive: qiushuangzhai_ceramic.001
12:53:21 | INFO: Primitives created: 1
12:53:21 | INFO: Extracting primitive: qiushuangzhai_creamflower.001
12:53:21 | INFO: Primitives created: 1
12:53:21 | INFO: Extracting primitive: qiushuangzhai_darkwood.001
12:53:21 | INFO: Primitives created: 1
12:53:21 | INFO: Extracting primitive: qiushuangzhai_earth.001
12:53:21 | INFO: Primitives created: 1
12:53:21 | INFO: Extracting primitive: qiushuangzhai_gold
12:53:21 | INFO: Primitives created: 1
12:53:21 | INFO: Extracting primitive: qiushuangzhai_ink.001
12:53:21 | INFO: Primitives created: 1
12:53:21 | INFO: Extracting primitive: qiushuangzhai_ivory.001
12:53:21 | INFO: Primitives created: 1
12:53:21 | INFO: Extracting primitive: qiushuangzhai_lantern
12:53:21 | INFO: Primitives created: 1
12:53:21 | INFO: Extracting primitive: qiushuangzhai_leaf
12:53:21 | INFO: Primitives created: 1
12:53:21 | INFO: Extracting primitive: qiushuangzhai_leafdark.001
12:53:21 | INFO: Primitives created: 1
12:53:21 | INFO: Extracting primitive: qiushuangzhai_marble.001
12:53:21 | INFO: Primitives created: 1
12:53:21 | INFO: Extracting primitive: qiushuangzhai_moss.001
12:53:21 | INFO: Primitives created: 1
12:53:21 | INFO: Extracting primitive: qiushuangzhai_paper.001
12:53:21 | INFO: Primitives created: 1
12:53:21 | INFO: Extracting primitive: qiushuangzhai_paving.001
12:53:21 | INFO: Primitives created: 1
12:53:21 | INFO: Extracting primitive: qiushuangzhai_plaster.001
12:53:21 | INFO: Primitives created: 1
12:53:21 | INFO: Extracting primitive: qiushuangzhai_roof.001
12:53:21 | INFO: Primitives created: 1
12:53:21 | INFO: Extracting primitive: qiushuangzhai_silk.001
12:53:21 | INFO: Primitives created: 1
12:53:21 | INFO: Extracting primitive: qiushuangzhai_stone.001
12:53:21 | INFO: Primitives created: 1
12:53:21 | INFO: Extracting primitive: qiushuangzhai_tile.001
12:53:21 | INFO: Primitives created: 1
12:53:21 | INFO: Extracting primitive: qiushuangzhai_tiledark.001
12:53:21 | INFO: Primitives created: 1
12:53:21 | INFO: Extracting primitive: qiushuangzhai_tilelight.001
12:53:21 | INFO: Primitives created: 1
12:53:21 | INFO: Extracting primitive: qiushuangzhai_wood.001
12:53:21 | INFO: Primitives created: 1
12:53:21 | INFO: Extracting primitive: daoxiangcun_bark
12:53:21 | INFO: Primitives created: 1
12:53:21 | INFO: Extracting primitive: daoxiangcun_clay.001
12:53:21 | INFO: Primitives created: 1
12:53:21 | INFO: Extracting primitive: daoxiangcun_creamflower.001
12:53:21 | INFO: Primitives created: 1
12:53:21 | INFO: Extracting primitive: daoxiangcun_darkwood.001
12:53:21 | INFO: Primitives created: 1
12:53:21 | INFO: Extracting primitive: daoxiangcun_flower.001
12:53:21 | INFO: Primitives created: 1
12:53:21 | INFO: Extracting primitive: daoxiangcun_lightleaf.001
12:53:21 | INFO: Primitives created: 1
12:53:21 | INFO: Extracting primitive: daoxiangcun_paving.001
12:53:21 | INFO: Primitives created: 1
12:53:21 | INFO: Extracting primitive: daoxiangcun_screen.001
12:53:21 | INFO: Primitives created: 1
12:53:21 | INFO: Extracting primitive: daoxiangcun_stone.001
12:53:21 | INFO: Primitives created: 1
12:53:21 | INFO: Extracting primitive: daoxiangcun_thatch.001
12:53:21 | INFO: Primitives created: 1
12:53:21 | INFO: Extracting primitive: daoxiangcun_wood.001
12:53:21 | INFO: Primitives created: 1
12:53:21 | INFO: Extracting primitive: ouxiangxie_bamboo.001
12:53:21 | INFO: Primitives created: 1
12:53:21 | INFO: Extracting primitive: ouxiangxie_bookcloth.001
12:53:21 | INFO: Primitives created: 1
12:53:21 | INFO: Extracting primitive: ouxiangxie_bookcover.001
12:53:21 | INFO: Primitives created: 1
12:53:21 | INFO: Extracting primitive: ouxiangxie_ceramic.001
12:53:21 | INFO: Primitives created: 1
12:53:21 | INFO: Extracting primitive: ouxiangxie_darkwood.001
12:53:21 | INFO: Primitives created: 1
12:53:21 | INFO: Extracting primitive: ouxiangxie_ink.001
12:53:21 | INFO: Primitives created: 1
12:53:21 | INFO: Extracting primitive: ouxiangxie_ivory.001
12:53:21 | INFO: Primitives created: 1
12:53:21 | INFO: Extracting primitive: ouxiangxie_paper
12:53:21 | INFO: Primitives created: 1
12:53:21 | INFO: Extracting primitive: ouxiangxie_roof.001
12:53:21 | INFO: Primitives created: 1
12:53:21 | INFO: Extracting primitive: ouxiangxie_screen
12:53:21 | INFO: Primitives created: 1
12:53:21 | INFO: Extracting primitive: ouxiangxie_stone.001
12:53:21 | INFO: Primitives created: 1
12:53:21 | INFO: Extracting primitive: ouxiangxie_tile.001
12:53:21 | INFO: Primitives created: 1
12:53:21 | INFO: Extracting primitive: ouxiangxie_tiledark.001
12:53:21 | INFO: Primitives created: 1
12:53:21 | INFO: Extracting primitive: ouxiangxie_tilelight.001
12:53:21 | INFO: Primitives created: 1
12:53:21 | INFO: Extracting primitive: ouxiangxie_wood.001
12:53:21 | INFO: Primitives created: 1
12:53:21 | INFO: Extracting primitive: dicuiting_darkwood
12:53:21 | INFO: Primitives created: 1
12:53:21 | INFO: Extracting primitive: dicuiting_gold
12:53:21 | INFO: Primitives created: 1
12:53:21 | INFO: Extracting primitive: dicuiting_lantern
12:53:21 | INFO: Primitives created: 1
12:53:21 | INFO: Extracting primitive: dicuiting_roof.001
12:53:21 | INFO: Primitives created: 1
12:53:21 | INFO: Extracting primitive: dicuiting_stone.001
12:53:21 | INFO: Primitives created: 1
12:53:21 | INFO: Extracting primitive: dicuiting_tile.001
12:53:21 | INFO: Primitives created: 1
12:53:21 | INFO: Extracting primitive: dicuiting_tiledark
12:53:21 | INFO: Primitives created: 1
12:53:21 | INFO: Extracting primitive: dicuiting_tilelight
12:53:21 | INFO: Primitives created: 1
12:53:21 | INFO: Extracting primitive: dicuiting_wood.001
12:53:21 | INFO: Primitives created: 1
12:53:21 | INFO: Extracting primitive: luxuean_bamboo.001
12:53:21 | INFO: Primitives created: 1
12:53:21 | INFO: Extracting primitive: luxuean_clay.001
12:53:21 | INFO: Primitives created: 1
12:53:21 | INFO: Extracting primitive: luxuean_lightleaf.001
12:53:21 | INFO: Primitives created: 1
12:53:21 | INFO: Extracting primitive: luxuean_paving.001
12:53:21 | INFO: Primitives created: 1
12:53:21 | INFO: Extracting primitive: luxuean_stone.001
12:53:21 | INFO: Primitives created: 1
12:53:21 | INFO: Extracting primitive: luxuean_thatch.001
12:53:21 | INFO: Primitives created: 1
12:53:21 | INFO: Extracting primitive: luxuean_wood.001
12:53:21 | INFO: Primitives created: 1
12:53:21 | INFO: Extracting primitive: tubishanzhuang_bark
12:53:21 | INFO: Primitives created: 1
12:53:21 | INFO: Extracting primitive: tubishanzhuang_bookcloth.001
12:53:21 | INFO: Primitives created: 1
12:53:21 | INFO: Extracting primitive: tubishanzhuang_canopy
12:53:21 | INFO: Primitives created: 1
12:53:21 | INFO: Extracting primitive: tubishanzhuang_canopy_light
12:53:21 | INFO: Primitives created: 1
12:53:21 | INFO: Extracting primitive: tubishanzhuang_canopy_shadow
12:53:21 | INFO: Primitives created: 1
12:53:21 | INFO: Extracting primitive: tubishanzhuang_darkwood.001
12:53:21 | INFO: Primitives created: 1
12:53:21 | INFO: Extracting primitive: tubishanzhuang_ink.001
12:53:21 | INFO: Primitives created: 1
12:53:21 | INFO: Extracting primitive: tubishanzhuang_paper
12:53:21 | INFO: Primitives created: 1
12:53:21 | INFO: Extracting primitive: tubishanzhuang_paving.001
12:53:21 | INFO: Primitives created: 1
12:53:21 | INFO: Extracting primitive: tubishanzhuang_plaster.001
12:53:21 | INFO: Primitives created: 1
12:53:21 | INFO: Extracting primitive: tubishanzhuang_roof.001
12:53:21 | INFO: Primitives created: 1
12:53:21 | INFO: Extracting primitive: tubishanzhuang_stone.001
12:53:21 | INFO: Primitives created: 1
12:53:21 | INFO: Extracting primitive: tubishanzhuang_tile.001
12:53:21 | INFO: Primitives created: 1
12:53:21 | INFO: Extracting primitive: tubishanzhuang_tiledark.001
12:53:21 | INFO: Primitives created: 1
12:53:21 | INFO: Extracting primitive: tubishanzhuang_tilelight.001
12:53:21 | INFO: Primitives created: 1
12:53:21 | INFO: Extracting primitive: tubishanzhuang_wood.001
12:53:21 | INFO: Primitives created: 1
12:53:21 | INFO: Extracting primitive: aojingxiguan_bark
12:53:21 | INFO: Primitives created: 1
12:53:21 | INFO: Extracting primitive: aojingxiguan_bookcloth.001
12:53:21 | INFO: Primitives created: 1
12:53:21 | INFO: Extracting primitive: aojingxiguan_canopy
12:53:21 | INFO: Primitives created: 1
12:53:21 | INFO: Extracting primitive: aojingxiguan_canopy_light
12:53:21 | INFO: Primitives created: 1
12:53:21 | INFO: Extracting primitive: aojingxiguan_canopy_shadow
12:53:21 | INFO: Primitives created: 1
12:53:21 | INFO: Extracting primitive: aojingxiguan_darkwood.001
12:53:21 | INFO: Primitives created: 1
12:53:21 | INFO: Extracting primitive: aojingxiguan_ink.001
12:53:21 | INFO: Primitives created: 1
12:53:21 | INFO: Extracting primitive: aojingxiguan_paper
12:53:21 | INFO: Primitives created: 1
12:53:21 | INFO: Extracting primitive: aojingxiguan_paving.001
12:53:21 | INFO: Primitives created: 1
12:53:21 | INFO: Extracting primitive: aojingxiguan_plaster.001
12:53:21 | INFO: Primitives created: 1
12:53:21 | INFO: Extracting primitive: aojingxiguan_roof.001
12:53:21 | INFO: Primitives created: 1
12:53:21 | INFO: Extracting primitive: aojingxiguan_stone.001
12:53:21 | INFO: Primitives created: 1
12:53:21 | INFO: Extracting primitive: aojingxiguan_tile.001
12:53:21 | INFO: Primitives created: 1
12:53:21 | INFO: Extracting primitive: aojingxiguan_tiledark.001
12:53:21 | INFO: Primitives created: 1
12:53:21 | INFO: Extracting primitive: aojingxiguan_tilelight.001
12:53:21 | INFO: Primitives created: 1
12:53:21 | INFO: Extracting primitive: aojingxiguan_wood.001
12:53:21 | INFO: Primitives created: 1
12:53:21 | INFO: Extracting primitive: daguanlou_bamboo.001
12:53:21 | INFO: Primitives created: 1
12:53:21 | INFO: Extracting primitive: daguanlou_bark
12:53:21 | INFO: Primitives created: 1
12:53:21 | INFO: Extracting primitive: daguanlou_bookcloth.001
12:53:21 | INFO: Primitives created: 1
12:53:21 | INFO: Extracting primitive: daguanlou_bookcover.001
12:53:21 | INFO: Primitives created: 1
12:53:21 | INFO: Extracting primitive: daguanlou_canopy
12:53:21 | INFO: Primitives created: 1
12:53:21 | INFO: Extracting primitive: daguanlou_canopy_light
12:53:21 | INFO: Primitives created: 1
12:53:21 | INFO: Extracting primitive: daguanlou_canopy_shadow
12:53:21 | INFO: Primitives created: 1
12:53:21 | INFO: Extracting primitive: daguanlou_ceramic
12:53:21 | INFO: Primitives created: 1
12:53:21 | INFO: Extracting primitive: daguanlou_darkwood
12:53:21 | INFO: Primitives created: 1
12:53:21 | INFO: Extracting primitive: daguanlou_gold
12:53:21 | INFO: Primitives created: 1
12:53:21 | INFO: Extracting primitive: daguanlou_ink.001
12:53:21 | INFO: Primitives created: 1
12:53:21 | INFO: Extracting primitive: daguanlou_ivory.001
12:53:21 | INFO: Primitives created: 1
12:53:21 | INFO: Extracting primitive: daguanlou_lantern
12:53:21 | INFO: Primitives created: 1
12:53:21 | INFO: Extracting primitive: daguanlou_paper
12:53:21 | INFO: Primitives created: 1
12:53:21 | INFO: Extracting primitive: daguanlou_paving
12:53:21 | INFO: Primitives created: 1
12:53:21 | INFO: Extracting primitive: daguanlou_plaster
12:53:21 | INFO: Primitives created: 1
12:53:21 | INFO: Extracting primitive: daguanlou_roof
12:53:21 | INFO: Primitives created: 1
12:53:21 | INFO: Extracting primitive: daguanlou_screen
12:53:21 | INFO: Primitives created: 1
12:53:21 | INFO: Extracting primitive: daguanlou_stone
12:53:21 | INFO: Primitives created: 1
12:53:22 | INFO: Extracting primitive: daguanlou_tile
12:53:22 | INFO: Primitives created: 1
12:53:23 | INFO: Extracting primitive: daguanlou_tiledark
12:53:23 | INFO: Primitives created: 1
12:53:23 | INFO: Extracting primitive: daguanlou_tilelight
12:53:23 | INFO: Primitives created: 1
12:53:23 | INFO: Extracting primitive: daguanlou_wood
12:53:23 | INFO: Primitives created: 1
12:53:23 | INFO: Extracting primitive: longcuian_bamboo.001
12:53:23 | INFO: Primitives created: 1
12:53:23 | INFO: Extracting primitive: longcuian_bark
12:53:23 | INFO: Primitives created: 1
12:53:23 | INFO: Extracting primitive: longcuian_bookcloth.001
12:53:23 | INFO: Primitives created: 1
12:53:23 | INFO: Extracting primitive: longcuian_bookcover.001
12:53:23 | INFO: Primitives created: 1
12:53:23 | INFO: Extracting primitive: longcuian_canopy
12:53:23 | INFO: Primitives created: 1
12:53:23 | INFO: Extracting primitive: longcuian_canopy_light
12:53:23 | INFO: Primitives created: 1
12:53:23 | INFO: Extracting primitive: longcuian_canopy_shadow
12:53:23 | INFO: Primitives created: 1
12:53:23 | INFO: Extracting primitive: longcuian_ceramic
12:53:23 | INFO: Primitives created: 1
12:53:23 | INFO: Extracting primitive: longcuian_darkwood
12:53:23 | INFO: Primitives created: 1
12:53:23 | INFO: Extracting primitive: longcuian_flower
12:53:23 | INFO: Primitives created: 1
12:53:23 | INFO: Extracting primitive: longcuian_ink.001
12:53:23 | INFO: Primitives created: 1
12:53:23 | INFO: Extracting primitive: longcuian_ivory.001
12:53:23 | INFO: Primitives created: 1
12:53:23 | INFO: Extracting primitive: longcuian_paper
12:53:23 | INFO: Primitives created: 1
12:53:23 | INFO: Extracting primitive: longcuian_paving
12:53:23 | INFO: Primitives created: 1
12:53:23 | INFO: Extracting primitive: longcuian_plaster
12:53:23 | INFO: Primitives created: 1
12:53:23 | INFO: Extracting primitive: longcuian_roof
12:53:23 | INFO: Primitives created: 1
12:53:23 | INFO: Extracting primitive: longcuian_screen
12:53:23 | INFO: Primitives created: 1
12:53:23 | INFO: Extracting primitive: longcuian_stone
12:53:23 | INFO: Primitives created: 1
12:53:23 | INFO: Extracting primitive: longcuian_tile
12:53:23 | INFO: Primitives created: 1
12:53:23 | INFO: Extracting primitive: longcuian_tiledark
12:53:23 | INFO: Primitives created: 1
12:53:23 | INFO: Extracting primitive: longcuian_tilelight
12:53:23 | INFO: Primitives created: 1
12:53:23 | INFO: Extracting primitive: longcuian_wood
12:53:23 | INFO: Primitives created: 1
12:53:23 | INFO: Extracting primitive: nuanxiangwu_bamboo.001
12:53:23 | INFO: Primitives created: 1
12:53:23 | INFO: Extracting primitive: nuanxiangwu_bark
12:53:23 | INFO: Primitives created: 1
12:53:23 | INFO: Extracting primitive: nuanxiangwu_bookcloth.001
12:53:23 | INFO: Primitives created: 1
12:53:23 | INFO: Extracting primitive: nuanxiangwu_bookcover.001
12:53:23 | INFO: Primitives created: 1
12:53:23 | INFO: Extracting primitive: nuanxiangwu_ceramic
12:53:23 | INFO: Primitives created: 1
12:53:23 | INFO: Extracting primitive: nuanxiangwu_creamflower
12:53:23 | INFO: Primitives created: 1
12:53:23 | INFO: Extracting primitive: nuanxiangwu_darkwood
12:53:23 | INFO: Primitives created: 1
12:53:23 | INFO: Extracting primitive: nuanxiangwu_ink.001
12:53:23 | INFO: Primitives created: 1
12:53:23 | INFO: Extracting primitive: nuanxiangwu_ivory.001
12:53:23 | INFO: Primitives created: 1
12:53:23 | INFO: Extracting primitive: nuanxiangwu_paper
12:53:23 | INFO: Primitives created: 1
12:53:23 | INFO: Extracting primitive: nuanxiangwu_paving
12:53:23 | INFO: Primitives created: 1
12:53:23 | INFO: Extracting primitive: nuanxiangwu_plaster
12:53:23 | INFO: Primitives created: 1
12:53:23 | INFO: Extracting primitive: nuanxiangwu_roof
12:53:23 | INFO: Primitives created: 1
12:53:23 | INFO: Extracting primitive: nuanxiangwu_screen
12:53:23 | INFO: Primitives created: 1
12:53:23 | INFO: Extracting primitive: nuanxiangwu_silk
12:53:23 | INFO: Primitives created: 1
12:53:23 | INFO: Extracting primitive: nuanxiangwu_stone
12:53:23 | INFO: Primitives created: 1
12:53:23 | INFO: Extracting primitive: nuanxiangwu_tile
12:53:23 | INFO: Primitives created: 1
12:53:23 | INFO: Extracting primitive: nuanxiangwu_tiledark
12:53:23 | INFO: Primitives created: 1
12:53:23 | INFO: Extracting primitive: nuanxiangwu_tilelight
12:53:23 | INFO: Primitives created: 1
12:53:23 | INFO: Extracting primitive: nuanxiangwu_wood
12:53:23 | INFO: Primitives created: 1
12:53:24 | INFO: Extracting primitive: landscape_earth.001
12:53:24 | INFO: Primitives created: 1
12:53:24 | INFO: Extracting primitive: landscape_stone.001
12:53:24 | INFO: Primitives created: 1
12:53:24 | INFO: Extracting primitive: landscape_limestone.001
12:53:24 | INFO: Primitives created: 1
12:53:24 | INFO: Extracting primitive: landscape_leafdark
12:53:24 | INFO: Primitives created: 1
12:53:24 | INFO: Extracting primitive: landscape_leaf
12:53:24 | INFO: Primitives created: 1
12:53:24 | INFO: Extracting primitive: landscape_moss
12:53:24 | INFO: Primitives created: 1
12:53:24 | INFO: Extracting primitive: landscape_bark
12:53:24 | INFO: Primitives created: 1
12:53:24 | INFO: Extracting primitive: landscape_bamboo.001
12:53:24 | INFO: Primitives created: 1
12:53:25 | INFO: Extracting primitive: landscape_canopy_light
12:53:25 | INFO: Primitives created: 1
12:53:25 | INFO: Extracting primitive: landscape_canopy_shadow.001
12:53:25 | INFO: Primitives created: 1
12:53:25 | INFO: Extracting primitive: landscape_canopy.001
12:53:25 | INFO: Primitives created: 1
12:53:25 | INFO: Extracting primitive: landscape_flower.001
12:53:25 | INFO: Primitives created: 1
12:53:25 | INFO: Extracting primitive: landscape_creamflower.001
12:53:25 | INFO: Primitives created: 1
12:53:25 | INFO: Extracting primitive: landscape_plaster
12:53:25 | INFO: Primitives created: 1
12:53:25 | INFO: Extracting primitive: landscape_roof
12:53:25 | INFO: Primitives created: 1
12:53:25 | INFO: Extracting primitive: landscape_tile
12:53:25 | INFO: Primitives created: 1
12:53:25 | INFO: Extracting primitive: landscape_paving
12:53:25 | INFO: Primitives created: 1
12:53:25 | INFO: Extracting primitive: landscape_wood.001
12:53:25 | INFO: Primitives created: 1
12:53:26 | INFO: Extracting primitive: landscape_tiledark
12:53:26 | INFO: Primitives created: 1
12:53:26 | INFO: Extracting primitive: landscape_tilelight
12:53:26 | INFO: Primitives created: 1
12:53:26 | INFO: Extracting primitive: landscape_darkwood
12:53:26 | INFO: Primitives created: 1
12:53:26 | INFO: Extracting primitive: landscape_lantern
12:53:26 | INFO: Primitives created: 1
12:53:26 | INFO: Extracting primitive: landscape_gold
12:53:26 | INFO: Primitives created: 1
12:53:26 | INFO: Extracting primitive: landscape_lightleaf.001
12:53:26 | INFO: Primitives created: 1
12:53:26 | INFO: Finished glTF 2.0 export in 6.412009000778198 s
WARN (bke.modifier): C:\Users\blender\git\blender-v450\blender.git\source\blender\blenkernel\intern\modifier.cc:425 BKE_modifier_set_error: Object: "xiaoxiangguan_water.001", Modifier: "Mobile_Overview", Modifier requires more than 3 input faces

12:53:53 | INFO: Starting glTF 2.0 export
12:53:53 | WARNING: Mesh Mobile_daguanyuan_gate is not valid, and may be exported wrongly
12:53:53 | INFO: Extracting primitive: Mobile_daguanyuan_gate
12:53:53 | INFO: Primitives created: 1
12:53:53 | INFO: Extracting primitive: Mobile_qujingtongyou
12:53:53 | INFO: Primitives created: 1
12:53:53 | WARNING: Mesh Mobile_xiaoxiangguan is not valid, and may be exported wrongly
12:53:53 | INFO: Extracting primitive: Mobile_xiaoxiangguan
12:53:53 | INFO: Primitives created: 1
12:53:53 | INFO: Extracting primitive: xiaoxiangguan_lantern
12:53:53 | INFO: Primitives created: 1
12:53:53 | WARNING: Mesh Mobile_yihongyuan is not valid, and may be exported wrongly
12:53:53 | INFO: Extracting primitive: Mobile_yihongyuan
12:53:53 | INFO: Primitives created: 1
12:53:53 | INFO: Extracting primitive: yihongyuan_lantern
12:53:53 | INFO: Primitives created: 1
12:53:53 | INFO: Extracting primitive: hengwuyuan_lantern
12:53:53 | INFO: Primitives created: 1
12:53:53 | WARNING: Mesh Mobile_hengwuyuan is not valid, and may be exported wrongly
12:53:53 | INFO: Extracting primitive: Mobile_hengwuyuan
12:53:53 | INFO: Primitives created: 1
12:53:53 | WARNING: Mesh Mobile_qiushuangzhai is not valid, and may be exported wrongly
12:53:53 | INFO: Extracting primitive: Mobile_qiushuangzhai
12:53:53 | INFO: Primitives created: 1
12:53:53 | INFO: Extracting primitive: qiushuangzhai_lantern
12:53:53 | INFO: Primitives created: 1
12:53:53 | WARNING: Mesh Mobile_daoxiangcun is not valid, and may be exported wrongly
12:53:53 | INFO: Extracting primitive: Mobile_daoxiangcun
12:53:53 | INFO: Primitives created: 1
12:53:53 | WARNING: Mesh Mobile_ouxiangxie is not valid, and may be exported wrongly
12:53:53 | INFO: Extracting primitive: Mobile_ouxiangxie
12:53:53 | INFO: Primitives created: 1
12:53:53 | INFO: Extracting primitive: dicuiting_lantern
12:53:53 | INFO: Primitives created: 1
12:53:53 | WARNING: Mesh Mobile_dicuiting is not valid, and may be exported wrongly
12:53:53 | INFO: Extracting primitive: Mobile_dicuiting
12:53:53 | INFO: Primitives created: 1
12:53:53 | WARNING: Mesh Mobile_luxuean is not valid, and may be exported wrongly
12:53:53 | INFO: Extracting primitive: Mobile_luxuean
12:53:53 | INFO: Primitives created: 1
12:53:53 | WARNING: Mesh Mobile_tubishanzhuang is not valid, and may be exported wrongly
12:53:53 | INFO: Extracting primitive: Mobile_tubishanzhuang
12:53:53 | INFO: Primitives created: 1
12:53:53 | WARNING: Mesh Mobile_aojingxiguan is not valid, and may be exported wrongly
12:53:53 | INFO: Extracting primitive: Mobile_aojingxiguan
12:53:53 | INFO: Primitives created: 1
12:53:53 | INFO: Extracting primitive: daguanlou_lantern
12:53:53 | INFO: Primitives created: 1
12:53:53 | WARNING: Mesh Mobile_daguanlou is not valid, and may be exported wrongly
12:53:53 | INFO: Extracting primitive: Mobile_daguanlou
12:53:53 | INFO: Primitives created: 1
12:53:53 | WARNING: Mesh Mobile_longcuian is not valid, and may be exported wrongly
12:53:53 | INFO: Extracting primitive: Mobile_longcuian
12:53:53 | INFO: Primitives created: 1
12:53:53 | WARNING: Mesh Mobile_nuanxiangwu is not valid, and may be exported wrongly
12:53:53 | INFO: Extracting primitive: Mobile_nuanxiangwu
12:53:53 | INFO: Primitives created: 1
12:53:53 | INFO: Extracting primitive: landscape_lantern
12:53:53 | INFO: Primitives created: 1
12:53:53 | WARNING: Mesh Mobile_landscape is not valid, and may be exported wrongly
12:53:53 | INFO: Extracting primitive: Mobile_landscape
12:53:53 | INFO: Primitives created: 1
12:53:54 | INFO: Finished glTF 2.0 export in 0.32268524169921875 s

REFERENCE WORLD COMPLETE 327
Blender 4.5.9 LTS (hash 8bf95cbd38d1 built 2026-04-21 01:33:45)
Read blend: "D:\Users\Lenovo\Desktop\大观园\blender\daguanyuan_master.blend"

Blender quit
