
> daguanyuan-rumeng@1.0.0 models:build
> node scripts/pipeline.mjs models

12:12:11 | INFO: Data are loaded, start creating Blender stuff
12:12:11 | INFO: Blender create Mesh node island_trees_01_blockout_cleaned
12:12:13 | INFO: glTF import finished in 1.53s
INFO Draco mesh compression is available, use library at D:\Users\Lenovo\Desktop\大观园\.tools\blender-4.5.9-windows-x64\4.5\scripts\addons_core\io_scene_gltf2\extern_draco.dll
12:12:14 | INFO: Starting glTF 2.0 export
12:12:14 | INFO: Extracting primitive: Reference_Tree_Prototype_trunk.006
12:12:14 | WARNING: More than one shader node tex image used for a texture. The resulting glTF sampler will behave like the first shader node tex image.
12:12:14 | INFO: Primitives created: 2
12:12:14 | INFO: Finished glTF 2.0 export in 0.0699467658996582 s

12:12:14 | INFO: Starting glTF 2.0 export
12:12:14 | INFO: Extracting primitive: Reference_Tree_Mobile_trunk
12:12:14 | WARNING: More than one shader node tex image used for a texture. The resulting glTF sampler will behave like the first shader node tex image.
12:12:14 | INFO: Primitives created: 2
12:12:14 | INFO: Finished glTF 2.0 export in 0.011889457702636719 s

CANOPY LOD 10173
12:12:14 | INFO: Data are loaded, start creating Blender stuff
12:12:14 | INFO: Blender create Mesh node Plane.001
12:12:15 | INFO: glTF import finished in 1.23s
Warning: No mesh data to join
12:12:36 | INFO: Starting glTF 2.0 export
12:12:36 | INFO: Extracting primitive: daguanyuan_gate_darkwood.001
12:12:36 | INFO: Primitives created: 1
12:12:36 | INFO: Extracting primitive: daguanyuan_gate_paper
12:12:36 | INFO: Primitives created: 1
12:12:36 | INFO: Extracting primitive: daguanyuan_gate_paving.001
12:12:36 | INFO: Primitives created: 1
12:12:36 | INFO: Extracting primitive: daguanyuan_gate_plaster.001
12:12:36 | INFO: Primitives created: 1
12:12:36 | INFO: Extracting primitive: daguanyuan_gate_roof.001
12:12:36 | INFO: Primitives created: 1
12:12:36 | INFO: Extracting primitive: daguanyuan_gate_stone.001
12:12:36 | INFO: Primitives created: 1
12:12:36 | INFO: Extracting primitive: daguanyuan_gate_tile.001
12:12:36 | INFO: Primitives created: 1
12:12:36 | INFO: Extracting primitive: daguanyuan_gate_tiledark.001
12:12:36 | INFO: Primitives created: 1
12:12:36 | INFO: Extracting primitive: daguanyuan_gate_tilelight.001
12:12:36 | INFO: Primitives created: 1
12:12:36 | INFO: Extracting primitive: daguanyuan_gate_wood.001
12:12:36 | INFO: Primitives created: 1
12:12:36 | INFO: Finished glTF 2.0 export in 0.12164497375488281 s

12:12:36 | INFO: Starting glTF 2.0 export
12:12:36 | INFO: Extracting primitive: daguanyuan_gate_darkwood.001
12:12:36 | INFO: Primitives created: 1
12:12:36 | INFO: Extracting primitive: daguanyuan_gate_paper
12:12:36 | INFO: Primitives created: 1
12:12:36 | INFO: Extracting primitive: daguanyuan_gate_paving.001
12:12:36 | INFO: Primitives created: 1
12:12:36 | INFO: Extracting primitive: daguanyuan_gate_plaster.001
12:12:36 | INFO: Primitives created: 1
12:12:36 | INFO: Extracting primitive: daguanyuan_gate_roof.001
12:12:36 | INFO: Primitives created: 1
12:12:36 | INFO: Extracting primitive: daguanyuan_gate_stone.001
12:12:36 | INFO: Primitives created: 1
12:12:36 | INFO: Extracting primitive: daguanyuan_gate_tile.001
12:12:36 | INFO: Primitives created: 1
12:12:37 | INFO: Extracting primitive: daguanyuan_gate_tiledark.001
12:12:37 | INFO: Primitives created: 1
12:12:37 | INFO: Extracting primitive: daguanyuan_gate_tilelight.001
12:12:37 | INFO: Primitives created: 1
12:12:37 | INFO: Extracting primitive: daguanyuan_gate_wood.001
12:12:37 | INFO: Primitives created: 1
12:12:37 | INFO: Finished glTF 2.0 export in 0.1158745288848877 s

REFERENCE PLACE daguanyuan_gate
12:12:37 | INFO: Starting glTF 2.0 export
12:12:37 | INFO: Extracting primitive: qujingtongyou_bark
12:12:37 | INFO: Primitives created: 1
12:12:37 | INFO: Extracting primitive: qujingtongyou_canopy
12:12:37 | INFO: Primitives created: 1
12:12:37 | INFO: Extracting primitive: qujingtongyou_canopy_light
12:12:37 | INFO: Primitives created: 1
12:12:37 | INFO: Extracting primitive: qujingtongyou_canopy_shadow
12:12:37 | INFO: Primitives created: 1
12:12:37 | INFO: Extracting primitive: qujingtongyou_moss
12:12:37 | INFO: Primitives created: 1
12:12:37 | INFO: Extracting primitive: qujingtongyou_stone.001
12:12:37 | INFO: Primitives created: 1
12:12:37 | INFO: Finished glTF 2.0 export in 0.02519512176513672 s

12:12:37 | INFO: Starting glTF 2.0 export
12:12:37 | INFO: Extracting primitive: qujingtongyou_bark
12:12:37 | INFO: Primitives created: 1
12:12:37 | INFO: Extracting primitive: qujingtongyou_canopy
12:12:37 | INFO: Primitives created: 1
12:12:37 | INFO: Extracting primitive: qujingtongyou_canopy_light
12:12:37 | INFO: Primitives created: 1
12:12:37 | INFO: Extracting primitive: qujingtongyou_canopy_shadow
12:12:37 | INFO: Primitives created: 1
12:12:37 | INFO: Extracting primitive: qujingtongyou_moss
12:12:37 | INFO: Primitives created: 1
12:12:37 | INFO: Extracting primitive: qujingtongyou_stone.001
12:12:37 | INFO: Primitives created: 1
12:12:37 | INFO: Finished glTF 2.0 export in 0.035668373107910156 s

REFERENCE PLACE qujingtongyou
12:12:39 | INFO: Starting glTF 2.0 export
12:12:39 | INFO: Extracting primitive: xiaoxiangguan_bamboo
12:12:39 | INFO: Primitives created: 1
12:12:39 | INFO: Extracting primitive: xiaoxiangguan_bark
12:12:39 | INFO: Primitives created: 1
12:12:39 | INFO: Extracting primitive: xiaoxiangguan_creamflower
12:12:39 | INFO: Primitives created: 1
12:12:39 | INFO: Extracting primitive: xiaoxiangguan_darkwood
12:12:39 | INFO: Primitives created: 1
12:12:39 | INFO: Extracting primitive: xiaoxiangguan_earth
12:12:39 | INFO: Primitives created: 1
12:12:39 | INFO: Extracting primitive: xiaoxiangguan_gold
12:12:39 | INFO: Primitives created: 1
12:12:39 | INFO: Extracting primitive: xiaoxiangguan_lantern
12:12:39 | INFO: Primitives created: 1
12:12:39 | INFO: Extracting primitive: xiaoxiangguan_leaf
12:12:39 | INFO: Primitives created: 1
12:12:39 | INFO: Extracting primitive: xiaoxiangguan_leafdark
12:12:39 | INFO: Primitives created: 1
12:12:39 | INFO: Extracting primitive: xiaoxiangguan_lightleaf
12:12:39 | INFO: Primitives created: 1
12:12:39 | INFO: Extracting primitive: xiaoxiangguan_moss.001
12:12:39 | INFO: Primitives created: 1
12:12:39 | INFO: Extracting primitive: xiaoxiangguan_paper
12:12:39 | INFO: Primitives created: 1
12:12:39 | INFO: Extracting primitive: xiaoxiangguan_paving.001
12:12:39 | INFO: Primitives created: 1
12:12:39 | INFO: Extracting primitive: xiaoxiangguan_plaster
12:12:39 | INFO: Primitives created: 1
12:12:39 | INFO: Extracting primitive: xiaoxiangguan_roof
12:12:39 | INFO: Primitives created: 1
12:12:39 | INFO: Extracting primitive: xiaoxiangguan_silk.001
12:12:39 | INFO: Primitives created: 1
12:12:39 | INFO: Extracting primitive: xiaoxiangguan_stone
12:12:39 | INFO: Primitives created: 1
12:12:39 | INFO: Extracting primitive: xiaoxiangguan_tile
12:12:39 | INFO: Primitives created: 1
12:12:39 | INFO: Extracting primitive: xiaoxiangguan_tiledark.001
12:12:39 | INFO: Primitives created: 1
12:12:39 | INFO: Extracting primitive: xiaoxiangguan_tilelight.001
12:12:39 | INFO: Primitives created: 1
12:12:39 | INFO: Extracting primitive: xiaoxiangguan_water.001
12:12:39 | INFO: Primitives created: 1
12:12:39 | INFO: Extracting primitive: xiaoxiangguan_wood
12:12:39 | INFO: Primitives created: 1
12:12:39 | INFO: Finished glTF 2.0 export in 0.31427788734436035 s

12:12:39 | INFO: Starting glTF 2.0 export
12:12:39 | INFO: Extracting primitive: xiaoxiangguan_bamboo
12:12:39 | INFO: Primitives created: 1
12:12:39 | INFO: Extracting primitive: xiaoxiangguan_bark
12:12:39 | INFO: Primitives created: 1
12:12:39 | INFO: Extracting primitive: xiaoxiangguan_creamflower
12:12:39 | INFO: Primitives created: 1
12:12:39 | INFO: Extracting primitive: xiaoxiangguan_darkwood
12:12:39 | INFO: Primitives created: 1
12:12:39 | INFO: Extracting primitive: xiaoxiangguan_earth
12:12:39 | INFO: Primitives created: 1
12:12:39 | INFO: Extracting primitive: xiaoxiangguan_gold
12:12:39 | INFO: Primitives created: 1
12:12:39 | INFO: Extracting primitive: xiaoxiangguan_lantern
12:12:39 | INFO: Primitives created: 1
12:12:39 | INFO: Extracting primitive: xiaoxiangguan_leaf
12:12:39 | INFO: Primitives created: 1
12:12:39 | INFO: Extracting primitive: xiaoxiangguan_leafdark
12:12:39 | INFO: Primitives created: 1
12:12:40 | INFO: Extracting primitive: xiaoxiangguan_lightleaf
12:12:40 | INFO: Primitives created: 1
12:12:40 | INFO: Extracting primitive: xiaoxiangguan_moss.001
12:12:40 | INFO: Primitives created: 1
12:12:40 | INFO: Extracting primitive: xiaoxiangguan_paper
12:12:40 | INFO: Primitives created: 1
12:12:40 | INFO: Extracting primitive: xiaoxiangguan_paving.001
12:12:40 | INFO: Primitives created: 1
12:12:40 | INFO: Extracting primitive: xiaoxiangguan_plaster
12:12:40 | INFO: Primitives created: 1
12:12:40 | INFO: Extracting primitive: xiaoxiangguan_roof
12:12:40 | INFO: Primitives created: 1
12:12:40 | INFO: Extracting primitive: xiaoxiangguan_silk.001
12:12:40 | INFO: Primitives created: 1
12:12:40 | INFO: Extracting primitive: xiaoxiangguan_stone
12:12:40 | INFO: Primitives created: 1
12:12:40 | INFO: Extracting primitive: xiaoxiangguan_tile
12:12:40 | INFO: Primitives created: 1
12:12:40 | INFO: Extracting primitive: xiaoxiangguan_tiledark.001
12:12:40 | INFO: Primitives created: 1
12:12:40 | INFO: Extracting primitive: xiaoxiangguan_tilelight.001
12:12:40 | INFO: Primitives created: 1
12:12:40 | INFO: Extracting primitive: xiaoxiangguan_water.001
12:12:40 | INFO: Primitives created: 1
12:12:40 | INFO: Extracting primitive: xiaoxiangguan_wood
12:12:40 | INFO: Primitives created: 1
12:12:40 | INFO: Finished glTF 2.0 export in 0.497971773147583 s

REFERENCE PLACE xiaoxiangguan
12:12:41 | INFO: Starting glTF 2.0 export
12:12:41 | INFO: Extracting primitive: yihongyuan_bamboo.001
12:12:41 | INFO: Primitives created: 1
12:12:41 | INFO: Extracting primitive: yihongyuan_bark
12:12:41 | INFO: Primitives created: 1
12:12:41 | INFO: Extracting primitive: yihongyuan_darkwood.001
12:12:41 | INFO: Primitives created: 1
12:12:41 | INFO: Extracting primitive: yihongyuan_earth.001
12:12:41 | INFO: Primitives created: 1
12:12:41 | INFO: Extracting primitive: yihongyuan_flower.001
12:12:41 | INFO: Primitives created: 1
12:12:41 | INFO: Extracting primitive: yihongyuan_gold
12:12:41 | INFO: Primitives created: 1
12:12:41 | INFO: Extracting primitive: yihongyuan_lantern
12:12:41 | INFO: Primitives created: 1
12:12:41 | INFO: Extracting primitive: yihongyuan_leaf.001
12:12:41 | INFO: Primitives created: 1
12:12:41 | INFO: Extracting primitive: yihongyuan_leafdark
12:12:41 | INFO: Primitives created: 1
12:12:41 | INFO: Extracting primitive: yihongyuan_lightleaf.001
12:12:41 | INFO: Primitives created: 1
12:12:41 | INFO: Extracting primitive: yihongyuan_moss.001
12:12:41 | INFO: Primitives created: 1
12:12:41 | INFO: Extracting primitive: yihongyuan_paper.001
12:12:41 | INFO: Primitives created: 1
12:12:41 | INFO: Extracting primitive: yihongyuan_paving.001
12:12:41 | INFO: Primitives created: 1
12:12:41 | INFO: Extracting primitive: yihongyuan_plaster.001
12:12:41 | INFO: Primitives created: 1
12:12:41 | INFO: Extracting primitive: yihongyuan_roof.001
12:12:41 | INFO: Primitives created: 1
12:12:41 | INFO: Extracting primitive: yihongyuan_screen.001
12:12:41 | INFO: Primitives created: 1
12:12:41 | INFO: Extracting primitive: yihongyuan_silk.001
12:12:41 | INFO: Primitives created: 1
12:12:41 | INFO: Extracting primitive: yihongyuan_stone.001
12:12:41 | INFO: Primitives created: 1
12:12:41 | INFO: Extracting primitive: yihongyuan_tile.001
12:12:41 | INFO: Primitives created: 1
12:12:41 | INFO: Extracting primitive: yihongyuan_tiledark.001
12:12:41 | INFO: Primitives created: 1
12:12:41 | INFO: Extracting primitive: yihongyuan_tilelight.001
12:12:41 | INFO: Primitives created: 1
12:12:41 | INFO: Extracting primitive: yihongyuan_wood.001
12:12:41 | INFO: Primitives created: 1
12:12:41 | INFO: Finished glTF 2.0 export in 0.22147631645202637 s

12:12:41 | INFO: Starting glTF 2.0 export
12:12:41 | INFO: Extracting primitive: yihongyuan_bamboo.001
12:12:41 | INFO: Primitives created: 1
12:12:41 | INFO: Extracting primitive: yihongyuan_bark
12:12:41 | INFO: Primitives created: 1
12:12:41 | INFO: Extracting primitive: yihongyuan_darkwood.001
12:12:41 | INFO: Primitives created: 1
12:12:41 | INFO: Extracting primitive: yihongyuan_earth.001
12:12:41 | INFO: Primitives created: 1
12:12:41 | INFO: Extracting primitive: yihongyuan_flower.001
12:12:41 | INFO: Primitives created: 1
12:12:41 | INFO: Extracting primitive: yihongyuan_gold
12:12:41 | INFO: Primitives created: 1
12:12:41 | INFO: Extracting primitive: yihongyuan_lantern
12:12:41 | INFO: Primitives created: 1
12:12:41 | INFO: Extracting primitive: yihongyuan_leaf.001
12:12:41 | INFO: Primitives created: 1
12:12:41 | INFO: Extracting primitive: yihongyuan_leafdark
12:12:41 | INFO: Primitives created: 1
12:12:41 | INFO: Extracting primitive: yihongyuan_lightleaf.001
12:12:41 | INFO: Primitives created: 1
12:12:41 | INFO: Extracting primitive: yihongyuan_moss.001
12:12:41 | INFO: Primitives created: 1
12:12:41 | INFO: Extracting primitive: yihongyuan_paper.001
12:12:41 | INFO: Primitives created: 1
12:12:41 | INFO: Extracting primitive: yihongyuan_paving.001
12:12:41 | INFO: Primitives created: 1
12:12:41 | INFO: Extracting primitive: yihongyuan_plaster.001
12:12:41 | INFO: Primitives created: 1
12:12:41 | INFO: Extracting primitive: yihongyuan_roof.001
12:12:41 | INFO: Primitives created: 1
12:12:41 | INFO: Extracting primitive: yihongyuan_screen.001
12:12:41 | INFO: Primitives created: 1
12:12:41 | INFO: Extracting primitive: yihongyuan_silk.001
12:12:41 | INFO: Primitives created: 1
12:12:41 | INFO: Extracting primitive: yihongyuan_stone.001
12:12:41 | INFO: Primitives created: 1
12:12:41 | INFO: Extracting primitive: yihongyuan_tile.001
12:12:41 | INFO: Primitives created: 1
12:12:41 | INFO: Extracting primitive: yihongyuan_tiledark.001
12:12:41 | INFO: Primitives created: 1
12:12:41 | INFO: Extracting primitive: yihongyuan_tilelight.001
12:12:41 | INFO: Primitives created: 1
12:12:41 | INFO: Extracting primitive: yihongyuan_wood.001
12:12:41 | INFO: Primitives created: 1
12:12:41 | INFO: Finished glTF 2.0 export in 0.35292577743530273 s

REFERENCE PLACE yihongyuan
12:12:42 | INFO: Starting glTF 2.0 export
12:12:42 | INFO: Extracting primitive: hengwuyuan_clay.001
12:12:42 | INFO: Primitives created: 1
12:12:42 | INFO: Extracting primitive: hengwuyuan_creamflower.001
12:12:42 | INFO: Primitives created: 1
12:12:42 | INFO: Extracting primitive: hengwuyuan_darkwood.001
12:12:42 | INFO: Primitives created: 1
12:12:42 | INFO: Extracting primitive: hengwuyuan_earth.001
12:12:42 | INFO: Primitives created: 1
12:12:42 | INFO: Extracting primitive: hengwuyuan_gold
12:12:42 | INFO: Primitives created: 1
12:12:42 | INFO: Extracting primitive: hengwuyuan_lantern
12:12:42 | INFO: Primitives created: 1
12:12:42 | INFO: Extracting primitive: hengwuyuan_leaf.001
12:12:42 | INFO: Primitives created: 1
12:12:42 | INFO: Extracting primitive: hengwuyuan_leafdark.001
12:12:42 | INFO: Primitives created: 1
12:12:42 | INFO: Extracting primitive: hengwuyuan_lightleaf.001
12:12:42 | INFO: Primitives created: 1
12:12:42 | INFO: Extracting primitive: hengwuyuan_moss.001
12:12:42 | INFO: Primitives created: 1
12:12:42 | INFO: Extracting primitive: hengwuyuan_paper.001
12:12:42 | INFO: Primitives created: 1
12:12:42 | INFO: Extracting primitive: hengwuyuan_paving.001
12:12:42 | INFO: Primitives created: 1
12:12:42 | INFO: Extracting primitive: hengwuyuan_plaster.001
12:12:42 | INFO: Primitives created: 1
12:12:42 | INFO: Extracting primitive: hengwuyuan_roof.001
12:12:42 | INFO: Primitives created: 1
12:12:42 | INFO: Extracting primitive: hengwuyuan_screen.001
12:12:42 | INFO: Primitives created: 1
12:12:42 | INFO: Extracting primitive: hengwuyuan_stone.001
12:12:42 | INFO: Primitives created: 1
12:12:42 | INFO: Extracting primitive: hengwuyuan_tile.001
12:12:42 | INFO: Primitives created: 1
12:12:42 | INFO: Extracting primitive: hengwuyuan_tiledark.001
12:12:42 | INFO: Primitives created: 1
12:12:42 | INFO: Extracting primitive: hengwuyuan_tilelight.001
12:12:42 | INFO: Primitives created: 1
12:12:42 | INFO: Extracting primitive: hengwuyuan_wood.001
12:12:42 | INFO: Primitives created: 1
12:12:42 | INFO: Finished glTF 2.0 export in 0.17355585098266602 s

12:12:42 | INFO: Starting glTF 2.0 export
12:12:42 | INFO: Extracting primitive: hengwuyuan_clay.001
12:12:42 | INFO: Primitives created: 1
12:12:42 | INFO: Extracting primitive: hengwuyuan_creamflower.001
12:12:42 | INFO: Primitives created: 1
12:12:42 | INFO: Extracting primitive: hengwuyuan_darkwood.001
12:12:42 | INFO: Primitives created: 1
12:12:42 | INFO: Extracting primitive: hengwuyuan_earth.001
12:12:42 | INFO: Primitives created: 1
12:12:42 | INFO: Extracting primitive: hengwuyuan_gold
12:12:42 | INFO: Primitives created: 1
12:12:42 | INFO: Extracting primitive: hengwuyuan_lantern
12:12:42 | INFO: Primitives created: 1
12:12:42 | INFO: Extracting primitive: hengwuyuan_leaf.001
12:12:42 | INFO: Primitives created: 1
12:12:42 | INFO: Extracting primitive: hengwuyuan_leafdark.001
12:12:42 | INFO: Primitives created: 1
12:12:42 | INFO: Extracting primitive: hengwuyuan_lightleaf.001
12:12:42 | INFO: Primitives created: 1
12:12:42 | INFO: Extracting primitive: hengwuyuan_moss.001
12:12:42 | INFO: Primitives created: 1
12:12:42 | INFO: Extracting primitive: hengwuyuan_paper.001
12:12:42 | INFO: Primitives created: 1
12:12:42 | INFO: Extracting primitive: hengwuyuan_paving.001
12:12:42 | INFO: Primitives created: 1
12:12:42 | INFO: Extracting primitive: hengwuyuan_plaster.001
12:12:42 | INFO: Primitives created: 1
12:12:42 | INFO: Extracting primitive: hengwuyuan_roof.001
12:12:42 | INFO: Primitives created: 1
12:12:42 | INFO: Extracting primitive: hengwuyuan_screen.001
12:12:42 | INFO: Primitives created: 1
12:12:42 | INFO: Extracting primitive: hengwuyuan_stone.001
12:12:42 | INFO: Primitives created: 1
12:12:43 | INFO: Extracting primitive: hengwuyuan_tile.001
12:12:43 | INFO: Primitives created: 1
12:12:43 | INFO: Extracting primitive: hengwuyuan_tiledark.001
12:12:43 | INFO: Primitives created: 1
12:12:43 | INFO: Extracting primitive: hengwuyuan_tilelight.001
12:12:43 | INFO: Primitives created: 1
12:12:43 | INFO: Extracting primitive: hengwuyuan_wood.001
12:12:43 | INFO: Primitives created: 1
12:12:43 | INFO: Finished glTF 2.0 export in 0.2819705009460449 s

REFERENCE PLACE hengwuyuan
12:12:43 | INFO: Starting glTF 2.0 export
12:12:43 | INFO: Extracting primitive: qiushuangzhai_ceramic.001
12:12:43 | INFO: Primitives created: 1
12:12:43 | INFO: Extracting primitive: qiushuangzhai_creamflower.001
12:12:43 | INFO: Primitives created: 1
12:12:43 | INFO: Extracting primitive: qiushuangzhai_darkwood.001
12:12:43 | INFO: Primitives created: 1
12:12:43 | INFO: Extracting primitive: qiushuangzhai_earth.001
12:12:43 | INFO: Primitives created: 1
12:12:43 | INFO: Extracting primitive: qiushuangzhai_gold
12:12:43 | INFO: Primitives created: 1
12:12:43 | INFO: Extracting primitive: qiushuangzhai_lantern
12:12:43 | INFO: Primitives created: 1
12:12:43 | INFO: Extracting primitive: qiushuangzhai_leaf
12:12:43 | INFO: Primitives created: 1
12:12:43 | INFO: Extracting primitive: qiushuangzhai_leafdark.001
12:12:43 | INFO: Primitives created: 1
12:12:43 | INFO: Extracting primitive: qiushuangzhai_marble.001
12:12:43 | INFO: Primitives created: 1
12:12:43 | INFO: Extracting primitive: qiushuangzhai_moss.001
12:12:43 | INFO: Primitives created: 1
12:12:43 | INFO: Extracting primitive: qiushuangzhai_paper.001
12:12:43 | INFO: Primitives created: 1
12:12:43 | INFO: Extracting primitive: qiushuangzhai_paving.001
12:12:43 | INFO: Primitives created: 1
12:12:43 | INFO: Extracting primitive: qiushuangzhai_plaster.001
12:12:43 | INFO: Primitives created: 1
12:12:43 | INFO: Extracting primitive: qiushuangzhai_roof.001
12:12:43 | INFO: Primitives created: 1
12:12:43 | INFO: Extracting primitive: qiushuangzhai_silk.001
12:12:43 | INFO: Primitives created: 1
12:12:43 | INFO: Extracting primitive: qiushuangzhai_stone.001
12:12:43 | INFO: Primitives created: 1
12:12:43 | INFO: Extracting primitive: qiushuangzhai_tile.001
12:12:43 | INFO: Primitives created: 1
12:12:43 | INFO: Extracting primitive: qiushuangzhai_tiledark.001
12:12:43 | INFO: Primitives created: 1
12:12:43 | INFO: Extracting primitive: qiushuangzhai_tilelight.001
12:12:43 | INFO: Primitives created: 1
12:12:43 | INFO: Extracting primitive: qiushuangzhai_wood.001
12:12:43 | INFO: Primitives created: 1
12:12:43 | INFO: Finished glTF 2.0 export in 0.10672926902770996 s

12:12:43 | INFO: Starting glTF 2.0 export
12:12:43 | INFO: Extracting primitive: qiushuangzhai_ceramic.001
12:12:43 | INFO: Primitives created: 1
12:12:43 | INFO: Extracting primitive: qiushuangzhai_creamflower.001
12:12:43 | INFO: Primitives created: 1
12:12:43 | INFO: Extracting primitive: qiushuangzhai_darkwood.001
12:12:43 | INFO: Primitives created: 1
12:12:43 | INFO: Extracting primitive: qiushuangzhai_earth.001
12:12:43 | INFO: Primitives created: 1
12:12:43 | INFO: Extracting primitive: qiushuangzhai_gold
12:12:43 | INFO: Primitives created: 1
12:12:43 | INFO: Extracting primitive: qiushuangzhai_lantern
12:12:43 | INFO: Primitives created: 1
12:12:43 | INFO: Extracting primitive: qiushuangzhai_leaf
12:12:43 | INFO: Primitives created: 1
12:12:43 | INFO: Extracting primitive: qiushuangzhai_leafdark.001
12:12:43 | INFO: Primitives created: 1
12:12:43 | INFO: Extracting primitive: qiushuangzhai_marble.001
12:12:43 | INFO: Primitives created: 1
12:12:43 | INFO: Extracting primitive: qiushuangzhai_moss.001
12:12:43 | INFO: Primitives created: 1
12:12:43 | INFO: Extracting primitive: qiushuangzhai_paper.001
12:12:43 | INFO: Primitives created: 1
12:12:43 | INFO: Extracting primitive: qiushuangzhai_paving.001
12:12:43 | INFO: Primitives created: 1
12:12:43 | INFO: Extracting primitive: qiushuangzhai_plaster.001
12:12:43 | INFO: Primitives created: 1
12:12:43 | INFO: Extracting primitive: qiushuangzhai_roof.001
12:12:43 | INFO: Primitives created: 1
12:12:43 | INFO: Extracting primitive: qiushuangzhai_silk.001
12:12:43 | INFO: Primitives created: 1
12:12:43 | INFO: Extracting primitive: qiushuangzhai_stone.001
12:12:43 | INFO: Primitives created: 1
12:12:43 | INFO: Extracting primitive: qiushuangzhai_tile.001
12:12:43 | INFO: Primitives created: 1
12:12:43 | INFO: Extracting primitive: qiushuangzhai_tiledark.001
12:12:43 | INFO: Primitives created: 1
12:12:43 | INFO: Extracting primitive: qiushuangzhai_tilelight.001
12:12:43 | INFO: Primitives created: 1
12:12:43 | INFO: Extracting primitive: qiushuangzhai_wood.001
12:12:43 | INFO: Primitives created: 1
12:12:43 | INFO: Finished glTF 2.0 export in 0.17387914657592773 s

REFERENCE PLACE qiushuangzhai
12:12:44 | INFO: Starting glTF 2.0 export
12:12:44 | INFO: Extracting primitive: daoxiangcun_bark
12:12:44 | INFO: Primitives created: 1
12:12:44 | INFO: Extracting primitive: daoxiangcun_clay.001
12:12:44 | INFO: Primitives created: 1
12:12:44 | INFO: Extracting primitive: daoxiangcun_creamflower.001
12:12:44 | INFO: Primitives created: 1
12:12:44 | INFO: Extracting primitive: daoxiangcun_darkwood.001
12:12:44 | INFO: Primitives created: 1
12:12:44 | INFO: Extracting primitive: daoxiangcun_flower.001
12:12:44 | INFO: Primitives created: 1
12:12:44 | INFO: Extracting primitive: daoxiangcun_lightleaf.001
12:12:44 | INFO: Primitives created: 1
12:12:44 | INFO: Extracting primitive: daoxiangcun_paving.001
12:12:44 | INFO: Primitives created: 1
12:12:44 | INFO: Extracting primitive: daoxiangcun_screen.001
12:12:44 | INFO: Primitives created: 1
12:12:44 | INFO: Extracting primitive: daoxiangcun_stone.001
12:12:44 | INFO: Primitives created: 1
12:12:44 | INFO: Extracting primitive: daoxiangcun_thatch.001
12:12:44 | INFO: Primitives created: 1
12:12:44 | INFO: Extracting primitive: daoxiangcun_wood.001
12:12:44 | INFO: Primitives created: 1
12:12:44 | INFO: Finished glTF 2.0 export in 0.078643798828125 s

12:12:44 | INFO: Starting glTF 2.0 export
12:12:44 | INFO: Extracting primitive: daoxiangcun_bark
12:12:44 | INFO: Primitives created: 1
12:12:44 | INFO: Extracting primitive: daoxiangcun_clay.001
12:12:44 | INFO: Primitives created: 1
12:12:44 | INFO: Extracting primitive: daoxiangcun_creamflower.001
12:12:44 | INFO: Primitives created: 1
12:12:44 | INFO: Extracting primitive: daoxiangcun_darkwood.001
12:12:44 | INFO: Primitives created: 1
12:12:44 | INFO: Extracting primitive: daoxiangcun_flower.001
12:12:44 | INFO: Primitives created: 1
12:12:44 | INFO: Extracting primitive: daoxiangcun_lightleaf.001
12:12:44 | INFO: Primitives created: 1
12:12:44 | INFO: Extracting primitive: daoxiangcun_paving.001
12:12:44 | INFO: Primitives created: 1
12:12:44 | INFO: Extracting primitive: daoxiangcun_screen.001
12:12:44 | INFO: Primitives created: 1
12:12:44 | INFO: Extracting primitive: daoxiangcun_stone.001
12:12:44 | INFO: Primitives created: 1
12:12:44 | INFO: Extracting primitive: daoxiangcun_thatch.001
12:12:44 | INFO: Primitives created: 1
12:12:44 | INFO: Extracting primitive: daoxiangcun_wood.001
12:12:44 | INFO: Primitives created: 1
12:12:44 | INFO: Finished glTF 2.0 export in 0.10416197776794434 s

REFERENCE PLACE daoxiangcun
12:12:44 | INFO: Starting glTF 2.0 export
12:12:44 | INFO: Extracting primitive: ouxiangxie_darkwood.001
12:12:44 | INFO: Primitives created: 1
12:12:44 | INFO: Extracting primitive: ouxiangxie_paper
12:12:44 | INFO: Primitives created: 1
12:12:44 | INFO: Extracting primitive: ouxiangxie_roof.001
12:12:44 | INFO: Primitives created: 1
12:12:44 | INFO: Extracting primitive: ouxiangxie_screen
12:12:44 | INFO: Primitives created: 1
12:12:44 | INFO: Extracting primitive: ouxiangxie_stone.001
12:12:44 | INFO: Primitives created: 1
12:12:44 | INFO: Extracting primitive: ouxiangxie_tile.001
12:12:44 | INFO: Primitives created: 1
12:12:44 | INFO: Extracting primitive: ouxiangxie_tiledark.001
12:12:44 | INFO: Primitives created: 1
12:12:44 | INFO: Extracting primitive: ouxiangxie_tilelight.001
12:12:44 | INFO: Primitives created: 1
12:12:44 | INFO: Extracting primitive: ouxiangxie_wood.001
12:12:44 | INFO: Primitives created: 1
12:12:44 | INFO: Finished glTF 2.0 export in 0.05814242362976074 s

12:12:44 | INFO: Starting glTF 2.0 export
12:12:44 | INFO: Extracting primitive: ouxiangxie_darkwood.001
12:12:44 | INFO: Primitives created: 1
12:12:44 | INFO: Extracting primitive: ouxiangxie_paper
12:12:44 | INFO: Primitives created: 1
12:12:44 | INFO: Extracting primitive: ouxiangxie_roof.001
12:12:44 | INFO: Primitives created: 1
12:12:44 | INFO: Extracting primitive: ouxiangxie_screen
12:12:44 | INFO: Primitives created: 1
12:12:44 | INFO: Extracting primitive: ouxiangxie_stone.001
12:12:44 | INFO: Primitives created: 1
12:12:44 | INFO: Extracting primitive: ouxiangxie_tile.001
12:12:44 | INFO: Primitives created: 1
12:12:44 | INFO: Extracting primitive: ouxiangxie_tiledark.001
12:12:44 | INFO: Primitives created: 1
12:12:44 | INFO: Extracting primitive: ouxiangxie_tilelight.001
12:12:45 | INFO: Primitives created: 1
12:12:45 | INFO: Extracting primitive: ouxiangxie_wood.001
12:12:45 | INFO: Primitives created: 1
12:12:45 | INFO: Finished glTF 2.0 export in 0.08721494674682617 s

REFERENCE PLACE ouxiangxie
12:12:45 | INFO: Starting glTF 2.0 export
12:12:45 | INFO: Extracting primitive: dicuiting_darkwood
12:12:45 | INFO: Primitives created: 1
12:12:45 | INFO: Extracting primitive: dicuiting_gold
12:12:45 | INFO: Primitives created: 1
12:12:45 | INFO: Extracting primitive: dicuiting_lantern
12:12:45 | INFO: Primitives created: 1
12:12:45 | INFO: Extracting primitive: dicuiting_roof.001
12:12:45 | INFO: Primitives created: 1
12:12:45 | INFO: Extracting primitive: dicuiting_stone.001
12:12:45 | INFO: Primitives created: 1
12:12:45 | INFO: Extracting primitive: dicuiting_tile.001
12:12:45 | INFO: Primitives created: 1
12:12:45 | INFO: Extracting primitive: dicuiting_tiledark
12:12:45 | INFO: Primitives created: 1
12:12:45 | INFO: Extracting primitive: dicuiting_tilelight
12:12:45 | INFO: Primitives created: 1
12:12:45 | INFO: Extracting primitive: dicuiting_wood.001
12:12:45 | INFO: Primitives created: 1
12:12:45 | INFO: Finished glTF 2.0 export in 0.04370474815368652 s

12:12:45 | INFO: Starting glTF 2.0 export
12:12:45 | INFO: Extracting primitive: dicuiting_darkwood
12:12:45 | INFO: Primitives created: 1
12:12:45 | INFO: Extracting primitive: dicuiting_gold
12:12:45 | INFO: Primitives created: 1
12:12:45 | INFO: Extracting primitive: dicuiting_lantern
12:12:45 | INFO: Primitives created: 1
12:12:45 | INFO: Extracting primitive: dicuiting_roof.001
12:12:45 | INFO: Primitives created: 1
12:12:45 | INFO: Extracting primitive: dicuiting_stone.001
12:12:45 | INFO: Primitives created: 1
12:12:45 | INFO: Extracting primitive: dicuiting_tile.001
12:12:45 | INFO: Primitives created: 1
12:12:45 | INFO: Extracting primitive: dicuiting_tiledark
12:12:45 | INFO: Primitives created: 1
12:12:45 | INFO: Extracting primitive: dicuiting_tilelight
12:12:45 | INFO: Primitives created: 1
12:12:45 | INFO: Extracting primitive: dicuiting_wood.001
12:12:45 | INFO: Primitives created: 1
12:12:45 | INFO: Finished glTF 2.0 export in 0.04904532432556152 s

REFERENCE PLACE dicuiting
12:12:45 | INFO: Starting glTF 2.0 export
12:12:45 | INFO: Extracting primitive: luxuean_bamboo.001
12:12:45 | INFO: Primitives created: 1
12:12:45 | INFO: Extracting primitive: luxuean_clay.001
12:12:45 | INFO: Primitives created: 1
12:12:45 | INFO: Extracting primitive: luxuean_lightleaf.001
12:12:45 | INFO: Primitives created: 1
12:12:45 | INFO: Extracting primitive: luxuean_paving.001
12:12:45 | INFO: Primitives created: 1
12:12:45 | INFO: Extracting primitive: luxuean_stone.001
12:12:45 | INFO: Primitives created: 1
12:12:45 | INFO: Extracting primitive: luxuean_thatch.001
12:12:45 | INFO: Primitives created: 1
12:12:45 | INFO: Extracting primitive: luxuean_wood.001
12:12:45 | INFO: Primitives created: 1
12:12:45 | INFO: Finished glTF 2.0 export in 0.02789759635925293 s

12:12:45 | INFO: Starting glTF 2.0 export
12:12:45 | INFO: Extracting primitive: luxuean_bamboo.001
12:12:45 | INFO: Primitives created: 1
12:12:45 | INFO: Extracting primitive: luxuean_clay.001
12:12:45 | INFO: Primitives created: 1
12:12:45 | INFO: Extracting primitive: luxuean_lightleaf.001
12:12:45 | INFO: Primitives created: 1
12:12:45 | INFO: Extracting primitive: luxuean_paving.001
12:12:45 | INFO: Primitives created: 1
12:12:45 | INFO: Extracting primitive: luxuean_stone.001
12:12:45 | INFO: Primitives created: 1
12:12:45 | INFO: Extracting primitive: luxuean_thatch.001
12:12:45 | INFO: Primitives created: 1
12:12:45 | INFO: Extracting primitive: luxuean_wood.001
12:12:45 | INFO: Primitives created: 1
12:12:45 | INFO: Finished glTF 2.0 export in 0.029223203659057617 s

REFERENCE PLACE luxuean
12:12:45 | INFO: Starting glTF 2.0 export
12:12:45 | INFO: Extracting primitive: tubishanzhuang_bark
12:12:45 | INFO: Primitives created: 1
12:12:45 | INFO: Extracting primitive: tubishanzhuang_canopy
12:12:45 | INFO: Primitives created: 1
12:12:45 | INFO: Extracting primitive: tubishanzhuang_canopy_light
12:12:45 | INFO: Primitives created: 1
12:12:45 | INFO: Extracting primitive: tubishanzhuang_canopy_shadow
12:12:45 | INFO: Primitives created: 1
12:12:45 | INFO: Extracting primitive: tubishanzhuang_darkwood.001
12:12:45 | INFO: Primitives created: 1
12:12:45 | INFO: Extracting primitive: tubishanzhuang_paper
12:12:45 | INFO: Primitives created: 1
12:12:45 | INFO: Extracting primitive: tubishanzhuang_paving.001
12:12:45 | INFO: Primitives created: 1
12:12:45 | INFO: Extracting primitive: tubishanzhuang_plaster.001
12:12:45 | INFO: Primitives created: 1
12:12:45 | INFO: Extracting primitive: tubishanzhuang_roof.001
12:12:45 | INFO: Primitives created: 1
12:12:45 | INFO: Extracting primitive: tubishanzhuang_stone.001
12:12:45 | INFO: Primitives created: 1
12:12:45 | INFO: Extracting primitive: tubishanzhuang_tile.001
12:12:45 | INFO: Primitives created: 1
12:12:45 | INFO: Extracting primitive: tubishanzhuang_tiledark.001
12:12:45 | INFO: Primitives created: 1
12:12:45 | INFO: Extracting primitive: tubishanzhuang_tilelight.001
12:12:45 | INFO: Primitives created: 1
12:12:45 | INFO: Extracting primitive: tubishanzhuang_wood.001
12:12:45 | INFO: Primitives created: 1
12:12:45 | INFO: Finished glTF 2.0 export in 0.08917069435119629 s

12:12:45 | INFO: Starting glTF 2.0 export
12:12:45 | INFO: Extracting primitive: tubishanzhuang_bark
12:12:45 | INFO: Primitives created: 1
12:12:45 | INFO: Extracting primitive: tubishanzhuang_canopy
12:12:45 | INFO: Primitives created: 1
12:12:45 | INFO: Extracting primitive: tubishanzhuang_canopy_light
12:12:45 | INFO: Primitives created: 1
12:12:45 | INFO: Extracting primitive: tubishanzhuang_canopy_shadow
12:12:45 | INFO: Primitives created: 1
12:12:45 | INFO: Extracting primitive: tubishanzhuang_darkwood.001
12:12:45 | INFO: Primitives created: 1
12:12:45 | INFO: Extracting primitive: tubishanzhuang_paper
12:12:45 | INFO: Primitives created: 1
12:12:45 | INFO: Extracting primitive: tubishanzhuang_paving.001
12:12:45 | INFO: Primitives created: 1
12:12:45 | INFO: Extracting primitive: tubishanzhuang_plaster.001
12:12:45 | INFO: Primitives created: 1
12:12:45 | INFO: Extracting primitive: tubishanzhuang_roof.001
12:12:45 | INFO: Primitives created: 1
12:12:45 | INFO: Extracting primitive: tubishanzhuang_stone.001
12:12:45 | INFO: Primitives created: 1
12:12:45 | INFO: Extracting primitive: tubishanzhuang_tile.001
12:12:45 | INFO: Primitives created: 1
12:12:45 | INFO: Extracting primitive: tubishanzhuang_tiledark.001
12:12:45 | INFO: Primitives created: 1
12:12:45 | INFO: Extracting primitive: tubishanzhuang_tilelight.001
12:12:45 | INFO: Primitives created: 1
12:12:45 | INFO: Extracting primitive: tubishanzhuang_wood.001
12:12:45 | INFO: Primitives created: 1
12:12:45 | INFO: Finished glTF 2.0 export in 0.10590434074401855 s

REFERENCE PLACE tubishanzhuang
12:12:46 | INFO: Starting glTF 2.0 export
12:12:46 | INFO: Extracting primitive: aojingxiguan_bark
12:12:46 | INFO: Primitives created: 1
12:12:46 | INFO: Extracting primitive: aojingxiguan_canopy
12:12:46 | INFO: Primitives created: 1
12:12:46 | INFO: Extracting primitive: aojingxiguan_canopy_light
12:12:46 | INFO: Primitives created: 1
12:12:46 | INFO: Extracting primitive: aojingxiguan_canopy_shadow
12:12:46 | INFO: Primitives created: 1
12:12:46 | INFO: Extracting primitive: aojingxiguan_darkwood.001
12:12:46 | INFO: Primitives created: 1
12:12:46 | INFO: Extracting primitive: aojingxiguan_paper
12:12:46 | INFO: Primitives created: 1
12:12:46 | INFO: Extracting primitive: aojingxiguan_paving.001
12:12:46 | INFO: Primitives created: 1
12:12:46 | INFO: Extracting primitive: aojingxiguan_plaster.001
12:12:46 | INFO: Primitives created: 1
12:12:46 | INFO: Extracting primitive: aojingxiguan_roof.001
12:12:46 | INFO: Primitives created: 1
12:12:46 | INFO: Extracting primitive: aojingxiguan_stone.001
12:12:46 | INFO: Primitives created: 1
12:12:46 | INFO: Extracting primitive: aojingxiguan_tile.001
12:12:46 | INFO: Primitives created: 1
12:12:46 | INFO: Extracting primitive: aojingxiguan_tiledark.001
12:12:46 | INFO: Primitives created: 1
12:12:46 | INFO: Extracting primitive: aojingxiguan_tilelight.001
12:12:46 | INFO: Primitives created: 1
12:12:46 | INFO: Extracting primitive: aojingxiguan_wood.001
12:12:46 | INFO: Primitives created: 1
12:12:46 | INFO: Finished glTF 2.0 export in 0.07429981231689453 s

12:12:46 | INFO: Starting glTF 2.0 export
12:12:46 | INFO: Extracting primitive: aojingxiguan_bark
12:12:46 | INFO: Primitives created: 1
12:12:46 | INFO: Extracting primitive: aojingxiguan_canopy
12:12:46 | INFO: Primitives created: 1
12:12:46 | INFO: Extracting primitive: aojingxiguan_canopy_light
12:12:46 | INFO: Primitives created: 1
12:12:46 | INFO: Extracting primitive: aojingxiguan_canopy_shadow
12:12:46 | INFO: Primitives created: 1
12:12:46 | INFO: Extracting primitive: aojingxiguan_darkwood.001
12:12:46 | INFO: Primitives created: 1
12:12:46 | INFO: Extracting primitive: aojingxiguan_paper
12:12:46 | INFO: Primitives created: 1
12:12:46 | INFO: Extracting primitive: aojingxiguan_paving.001
12:12:46 | INFO: Primitives created: 1
12:12:46 | INFO: Extracting primitive: aojingxiguan_plaster.001
12:12:46 | INFO: Primitives created: 1
12:12:46 | INFO: Extracting primitive: aojingxiguan_roof.001
12:12:46 | INFO: Primitives created: 1
12:12:46 | INFO: Extracting primitive: aojingxiguan_stone.001
12:12:46 | INFO: Primitives created: 1
12:12:46 | INFO: Extracting primitive: aojingxiguan_tile.001
12:12:46 | INFO: Primitives created: 1
12:12:46 | INFO: Extracting primitive: aojingxiguan_tiledark.001
12:12:46 | INFO: Primitives created: 1
12:12:46 | INFO: Extracting primitive: aojingxiguan_tilelight.001
12:12:46 | INFO: Primitives created: 1
12:12:46 | INFO: Extracting primitive: aojingxiguan_wood.001
12:12:46 | INFO: Primitives created: 1
12:12:46 | INFO: Finished glTF 2.0 export in 0.1024928092956543 s

REFERENCE PLACE aojingxiguan
12:12:50 | INFO: Starting glTF 2.0 export
12:12:50 | INFO: Extracting primitive: daguanlou_bark
12:12:50 | INFO: Primitives created: 1
12:12:50 | INFO: Extracting primitive: daguanlou_canopy
12:12:51 | INFO: Primitives created: 1
12:12:51 | INFO: Extracting primitive: daguanlou_canopy_light
12:12:51 | INFO: Primitives created: 1
12:12:51 | INFO: Extracting primitive: daguanlou_canopy_shadow
12:12:51 | INFO: Primitives created: 1
12:12:51 | INFO: Extracting primitive: daguanlou_ceramic
12:12:51 | INFO: Primitives created: 1
12:12:51 | INFO: Extracting primitive: daguanlou_darkwood
12:12:51 | INFO: Primitives created: 1
12:12:51 | INFO: Extracting primitive: daguanlou_gold
12:12:51 | INFO: Primitives created: 1
12:12:51 | INFO: Extracting primitive: daguanlou_lantern
12:12:51 | INFO: Primitives created: 1
12:12:51 | INFO: Extracting primitive: daguanlou_paper
12:12:51 | INFO: Primitives created: 1
12:12:51 | INFO: Extracting primitive: daguanlou_paving
12:12:51 | INFO: Primitives created: 1
12:12:51 | INFO: Extracting primitive: daguanlou_plaster
12:12:51 | INFO: Primitives created: 1
12:12:51 | INFO: Extracting primitive: daguanlou_roof
12:12:51 | INFO: Primitives created: 1
12:12:51 | INFO: Extracting primitive: daguanlou_screen
12:12:51 | INFO: Primitives created: 1
12:12:51 | INFO: Extracting primitive: daguanlou_stone
12:12:51 | INFO: Primitives created: 1
12:12:51 | INFO: Extracting primitive: daguanlou_tile
12:12:51 | INFO: Primitives created: 1
12:12:51 | INFO: Extracting primitive: daguanlou_tiledark
12:12:51 | INFO: Primitives created: 1
12:12:51 | INFO: Extracting primitive: daguanlou_tilelight
12:12:51 | INFO: Primitives created: 1
12:12:51 | INFO: Extracting primitive: daguanlou_wood
12:12:51 | INFO: Primitives created: 1
12:12:51 | INFO: Finished glTF 2.0 export in 0.8473265171051025 s

12:12:52 | INFO: Starting glTF 2.0 export
12:12:52 | INFO: Extracting primitive: daguanlou_bark
12:12:52 | INFO: Primitives created: 1
12:12:52 | INFO: Extracting primitive: daguanlou_canopy
12:12:52 | INFO: Primitives created: 1
12:12:52 | INFO: Extracting primitive: daguanlou_canopy_light
12:12:52 | INFO: Primitives created: 1
12:12:52 | INFO: Extracting primitive: daguanlou_canopy_shadow
12:12:52 | INFO: Primitives created: 1
12:12:52 | INFO: Extracting primitive: daguanlou_ceramic
12:12:52 | INFO: Primitives created: 1
12:12:52 | INFO: Extracting primitive: daguanlou_darkwood
12:12:52 | INFO: Primitives created: 1
12:12:52 | INFO: Extracting primitive: daguanlou_gold
12:12:52 | INFO: Primitives created: 1
12:12:52 | INFO: Extracting primitive: daguanlou_lantern
12:12:52 | INFO: Primitives created: 1
12:12:52 | INFO: Extracting primitive: daguanlou_paper
12:12:52 | INFO: Primitives created: 1
12:12:52 | INFO: Extracting primitive: daguanlou_paving
12:12:52 | INFO: Primitives created: 1
12:12:52 | INFO: Extracting primitive: daguanlou_plaster
12:12:52 | INFO: Primitives created: 1
12:12:52 | INFO: Extracting primitive: daguanlou_roof
12:12:52 | INFO: Primitives created: 1
12:12:52 | INFO: Extracting primitive: daguanlou_screen
12:12:52 | INFO: Primitives created: 1
12:12:52 | INFO: Extracting primitive: daguanlou_stone
12:12:52 | INFO: Primitives created: 1
12:12:53 | INFO: Extracting primitive: daguanlou_tile
12:12:54 | INFO: Primitives created: 1
12:12:54 | INFO: Extracting primitive: daguanlou_tiledark
12:12:54 | INFO: Primitives created: 1
12:12:54 | INFO: Extracting primitive: daguanlou_tilelight
12:12:54 | INFO: Primitives created: 1
12:12:54 | INFO: Extracting primitive: daguanlou_wood
12:12:54 | INFO: Primitives created: 1
12:12:54 | INFO: Finished glTF 2.0 export in 2.0774052143096924 s

REFERENCE PLACE daguanlou
12:12:55 | INFO: Starting glTF 2.0 export
12:12:55 | INFO: Extracting primitive: longcuian_bark
12:12:55 | INFO: Primitives created: 1
12:12:55 | INFO: Extracting primitive: longcuian_canopy
12:12:55 | INFO: Primitives created: 1
12:12:55 | INFO: Extracting primitive: longcuian_canopy_light
12:12:55 | INFO: Primitives created: 1
12:12:55 | INFO: Extracting primitive: longcuian_canopy_shadow
12:12:55 | INFO: Primitives created: 1
12:12:55 | INFO: Extracting primitive: longcuian_ceramic
12:12:55 | INFO: Primitives created: 1
12:12:55 | INFO: Extracting primitive: longcuian_darkwood
12:12:55 | INFO: Primitives created: 1
12:12:55 | INFO: Extracting primitive: longcuian_flower
12:12:55 | INFO: Primitives created: 1
12:12:55 | INFO: Extracting primitive: longcuian_paper
12:12:55 | INFO: Primitives created: 1
12:12:55 | INFO: Extracting primitive: longcuian_paving
12:12:55 | INFO: Primitives created: 1
12:12:55 | INFO: Extracting primitive: longcuian_plaster
12:12:55 | INFO: Primitives created: 1
12:12:55 | INFO: Extracting primitive: longcuian_roof
12:12:55 | INFO: Primitives created: 1
12:12:55 | INFO: Extracting primitive: longcuian_screen
12:12:55 | INFO: Primitives created: 1
12:12:55 | INFO: Extracting primitive: longcuian_stone
12:12:55 | INFO: Primitives created: 1
12:12:55 | INFO: Extracting primitive: longcuian_tile
12:12:55 | INFO: Primitives created: 1
12:12:55 | INFO: Extracting primitive: longcuian_tiledark
12:12:55 | INFO: Primitives created: 1
12:12:55 | INFO: Extracting primitive: longcuian_tilelight
12:12:55 | INFO: Primitives created: 1
12:12:55 | INFO: Extracting primitive: longcuian_wood
12:12:55 | INFO: Primitives created: 1
12:12:55 | INFO: Finished glTF 2.0 export in 0.13610267639160156 s

12:12:55 | INFO: Starting glTF 2.0 export
12:12:55 | INFO: Extracting primitive: longcuian_bark
12:12:55 | INFO: Primitives created: 1
12:12:55 | INFO: Extracting primitive: longcuian_canopy
12:12:55 | INFO: Primitives created: 1
12:12:55 | INFO: Extracting primitive: longcuian_canopy_light
12:12:55 | INFO: Primitives created: 1
12:12:55 | INFO: Extracting primitive: longcuian_canopy_shadow
12:12:55 | INFO: Primitives created: 1
12:12:55 | INFO: Extracting primitive: longcuian_ceramic
12:12:55 | INFO: Primitives created: 1
12:12:55 | INFO: Extracting primitive: longcuian_darkwood
12:12:55 | INFO: Primitives created: 1
12:12:55 | INFO: Extracting primitive: longcuian_flower
12:12:55 | INFO: Primitives created: 1
12:12:55 | INFO: Extracting primitive: longcuian_paper
12:12:55 | INFO: Primitives created: 1
12:12:55 | INFO: Extracting primitive: longcuian_paving
12:12:55 | INFO: Primitives created: 1
12:12:55 | INFO: Extracting primitive: longcuian_plaster
12:12:55 | INFO: Primitives created: 1
12:12:55 | INFO: Extracting primitive: longcuian_roof
12:12:55 | INFO: Primitives created: 1
12:12:55 | INFO: Extracting primitive: longcuian_screen
12:12:55 | INFO: Primitives created: 1
12:12:55 | INFO: Extracting primitive: longcuian_stone
12:12:55 | INFO: Primitives created: 1
12:12:55 | INFO: Extracting primitive: longcuian_tile
12:12:55 | INFO: Primitives created: 1
12:12:56 | INFO: Extracting primitive: longcuian_tiledark
12:12:56 | INFO: Primitives created: 1
12:12:56 | INFO: Extracting primitive: longcuian_tilelight
12:12:56 | INFO: Primitives created: 1
12:12:56 | INFO: Extracting primitive: longcuian_wood
12:12:56 | INFO: Primitives created: 1
12:12:56 | INFO: Finished glTF 2.0 export in 0.21408843994140625 s

REFERENCE PLACE longcuian
12:12:56 | INFO: Starting glTF 2.0 export
12:12:56 | INFO: Extracting primitive: nuanxiangwu_bark
12:12:56 | INFO: Primitives created: 1
12:12:56 | INFO: Extracting primitive: nuanxiangwu_ceramic
12:12:56 | INFO: Primitives created: 1
12:12:56 | INFO: Extracting primitive: nuanxiangwu_creamflower
12:12:56 | INFO: Primitives created: 1
12:12:56 | INFO: Extracting primitive: nuanxiangwu_darkwood
12:12:56 | INFO: Primitives created: 1
12:12:56 | INFO: Extracting primitive: nuanxiangwu_paper
12:12:56 | INFO: Primitives created: 1
12:12:56 | INFO: Extracting primitive: nuanxiangwu_paving
12:12:56 | INFO: Primitives created: 1
12:12:56 | INFO: Extracting primitive: nuanxiangwu_plaster
12:12:56 | INFO: Primitives created: 1
12:12:56 | INFO: Extracting primitive: nuanxiangwu_roof
12:12:56 | INFO: Primitives created: 1
12:12:56 | INFO: Extracting primitive: nuanxiangwu_screen
12:12:56 | INFO: Primitives created: 1
12:12:56 | INFO: Extracting primitive: nuanxiangwu_silk
12:12:56 | INFO: Primitives created: 1
12:12:56 | INFO: Extracting primitive: nuanxiangwu_stone
12:12:56 | INFO: Primitives created: 1
12:12:56 | INFO: Extracting primitive: nuanxiangwu_tile
12:12:56 | INFO: Primitives created: 1
12:12:56 | INFO: Extracting primitive: nuanxiangwu_tiledark
12:12:56 | INFO: Primitives created: 1
12:12:56 | INFO: Extracting primitive: nuanxiangwu_tilelight
12:12:56 | INFO: Primitives created: 1
12:12:56 | INFO: Extracting primitive: nuanxiangwu_wood
12:12:56 | INFO: Primitives created: 1
12:12:56 | INFO: Finished glTF 2.0 export in 0.12550878524780273 s

12:12:56 | INFO: Starting glTF 2.0 export
12:12:56 | INFO: Extracting primitive: nuanxiangwu_bark
12:12:56 | INFO: Primitives created: 1
12:12:56 | INFO: Extracting primitive: nuanxiangwu_ceramic
12:12:56 | INFO: Primitives created: 1
12:12:56 | INFO: Extracting primitive: nuanxiangwu_creamflower
12:12:56 | INFO: Primitives created: 1
12:12:56 | INFO: Extracting primitive: nuanxiangwu_darkwood
12:12:56 | INFO: Primitives created: 1
12:12:56 | INFO: Extracting primitive: nuanxiangwu_paper
12:12:56 | INFO: Primitives created: 1
12:12:56 | INFO: Extracting primitive: nuanxiangwu_paving
12:12:56 | INFO: Primitives created: 1
12:12:56 | INFO: Extracting primitive: nuanxiangwu_plaster
12:12:56 | INFO: Primitives created: 1
12:12:56 | INFO: Extracting primitive: nuanxiangwu_roof
12:12:56 | INFO: Primitives created: 1
12:12:56 | INFO: Extracting primitive: nuanxiangwu_screen
12:12:56 | INFO: Primitives created: 1
12:12:56 | INFO: Extracting primitive: nuanxiangwu_silk
12:12:56 | INFO: Primitives created: 1
12:12:56 | INFO: Extracting primitive: nuanxiangwu_stone
12:12:56 | INFO: Primitives created: 1
12:12:56 | INFO: Extracting primitive: nuanxiangwu_tile
12:12:56 | INFO: Primitives created: 1
12:12:56 | INFO: Extracting primitive: nuanxiangwu_tiledark
12:12:56 | INFO: Primitives created: 1
12:12:56 | INFO: Extracting primitive: nuanxiangwu_tilelight
12:12:56 | INFO: Primitives created: 1
12:12:56 | INFO: Extracting primitive: nuanxiangwu_wood
12:12:56 | INFO: Primitives created: 1
12:12:56 | INFO: Finished glTF 2.0 export in 0.18849587440490723 s

REFERENCE PLACE nuanxiangwu
Info: Saved as "daguanyuan_master.blend"
12:13:05 | INFO: Starting glTF 2.0 export
12:13:05 | INFO: Extracting primitive: daguanyuan_gate_darkwood.001
12:13:05 | INFO: Primitives created: 1
12:13:05 | INFO: Extracting primitive: daguanyuan_gate_paper
12:13:05 | INFO: Primitives created: 1
12:13:05 | INFO: Extracting primitive: daguanyuan_gate_paving.001
12:13:05 | INFO: Primitives created: 1
12:13:05 | INFO: Extracting primitive: daguanyuan_gate_plaster.001
12:13:05 | INFO: Primitives created: 1
12:13:05 | INFO: Extracting primitive: daguanyuan_gate_roof.001
12:13:05 | INFO: Primitives created: 1
12:13:05 | INFO: Extracting primitive: daguanyuan_gate_stone.001
12:13:05 | INFO: Primitives created: 1
12:13:05 | INFO: Extracting primitive: daguanyuan_gate_tile.001
12:13:05 | INFO: Primitives created: 1
12:13:05 | INFO: Extracting primitive: daguanyuan_gate_tiledark.001
12:13:05 | INFO: Primitives created: 1
12:13:05 | INFO: Extracting primitive: daguanyuan_gate_tilelight.001
12:13:05 | INFO: Primitives created: 1
12:13:05 | INFO: Extracting primitive: daguanyuan_gate_wood.001
12:13:05 | INFO: Primitives created: 1
12:13:05 | INFO: Extracting primitive: qujingtongyou_bark
12:13:05 | INFO: Primitives created: 1
12:13:05 | INFO: Extracting primitive: qujingtongyou_canopy
12:13:05 | INFO: Primitives created: 1
12:13:05 | INFO: Extracting primitive: qujingtongyou_canopy_light
12:13:05 | INFO: Primitives created: 1
12:13:05 | INFO: Extracting primitive: qujingtongyou_canopy_shadow
12:13:05 | INFO: Primitives created: 1
12:13:05 | INFO: Extracting primitive: qujingtongyou_moss
12:13:05 | INFO: Primitives created: 1
12:13:05 | INFO: Extracting primitive: qujingtongyou_stone.001
12:13:05 | INFO: Primitives created: 1
12:13:05 | INFO: Extracting primitive: xiaoxiangguan_bamboo
12:13:05 | INFO: Primitives created: 1
12:13:05 | INFO: Extracting primitive: xiaoxiangguan_bark
12:13:05 | INFO: Primitives created: 1
12:13:05 | INFO: Extracting primitive: xiaoxiangguan_creamflower
12:13:05 | INFO: Primitives created: 1
12:13:05 | INFO: Extracting primitive: xiaoxiangguan_darkwood
12:13:05 | INFO: Primitives created: 1
12:13:05 | INFO: Extracting primitive: xiaoxiangguan_earth
12:13:05 | INFO: Primitives created: 1
12:13:05 | INFO: Extracting primitive: xiaoxiangguan_gold
12:13:05 | INFO: Primitives created: 1
12:13:05 | INFO: Extracting primitive: xiaoxiangguan_lantern
12:13:05 | INFO: Primitives created: 1
12:13:05 | INFO: Extracting primitive: xiaoxiangguan_leaf
12:13:05 | INFO: Primitives created: 1
12:13:05 | INFO: Extracting primitive: xiaoxiangguan_leafdark
12:13:05 | INFO: Primitives created: 1
12:13:06 | INFO: Extracting primitive: xiaoxiangguan_lightleaf
12:13:06 | INFO: Primitives created: 1
12:13:06 | INFO: Extracting primitive: xiaoxiangguan_moss.001
12:13:06 | INFO: Primitives created: 1
12:13:06 | INFO: Extracting primitive: xiaoxiangguan_paper
12:13:06 | INFO: Primitives created: 1
12:13:06 | INFO: Extracting primitive: xiaoxiangguan_paving.001
12:13:06 | INFO: Primitives created: 1
12:13:06 | INFO: Extracting primitive: xiaoxiangguan_plaster
12:13:06 | INFO: Primitives created: 1
12:13:06 | INFO: Extracting primitive: xiaoxiangguan_roof
12:13:06 | INFO: Primitives created: 1
12:13:06 | INFO: Extracting primitive: xiaoxiangguan_silk.001
12:13:06 | INFO: Primitives created: 1
12:13:06 | INFO: Extracting primitive: xiaoxiangguan_stone
12:13:06 | INFO: Primitives created: 1
12:13:06 | INFO: Extracting primitive: xiaoxiangguan_tile
12:13:06 | INFO: Primitives created: 1
12:13:06 | INFO: Extracting primitive: xiaoxiangguan_tiledark.001
12:13:06 | INFO: Primitives created: 1
12:13:06 | INFO: Extracting primitive: xiaoxiangguan_tilelight.001
12:13:06 | INFO: Primitives created: 1
12:13:06 | INFO: Extracting primitive: xiaoxiangguan_water.001
12:13:06 | INFO: Primitives created: 1
12:13:06 | INFO: Extracting primitive: xiaoxiangguan_wood
12:13:06 | INFO: Primitives created: 1
12:13:06 | INFO: Extracting primitive: yihongyuan_bamboo.001
12:13:06 | INFO: Primitives created: 1
12:13:06 | INFO: Extracting primitive: yihongyuan_bark
12:13:06 | INFO: Primitives created: 1
12:13:06 | INFO: Extracting primitive: yihongyuan_darkwood.001
12:13:06 | INFO: Primitives created: 1
12:13:06 | INFO: Extracting primitive: yihongyuan_earth.001
12:13:06 | INFO: Primitives created: 1
12:13:06 | INFO: Extracting primitive: yihongyuan_flower.001
12:13:06 | INFO: Primitives created: 1
12:13:06 | INFO: Extracting primitive: yihongyuan_gold
12:13:06 | INFO: Primitives created: 1
12:13:06 | INFO: Extracting primitive: yihongyuan_lantern
12:13:06 | INFO: Primitives created: 1
12:13:06 | INFO: Extracting primitive: yihongyuan_leaf.001
12:13:06 | INFO: Primitives created: 1
12:13:06 | INFO: Extracting primitive: yihongyuan_leafdark
12:13:06 | INFO: Primitives created: 1
12:13:06 | INFO: Extracting primitive: yihongyuan_lightleaf.001
12:13:06 | INFO: Primitives created: 1
12:13:06 | INFO: Extracting primitive: yihongyuan_moss.001
12:13:06 | INFO: Primitives created: 1
12:13:06 | INFO: Extracting primitive: yihongyuan_paper.001
12:13:06 | INFO: Primitives created: 1
12:13:06 | INFO: Extracting primitive: yihongyuan_paving.001
12:13:06 | INFO: Primitives created: 1
12:13:06 | INFO: Extracting primitive: yihongyuan_plaster.001
12:13:06 | INFO: Primitives created: 1
12:13:06 | INFO: Extracting primitive: yihongyuan_roof.001
12:13:06 | INFO: Primitives created: 1
12:13:06 | INFO: Extracting primitive: yihongyuan_screen.001
12:13:06 | INFO: Primitives created: 1
12:13:06 | INFO: Extracting primitive: yihongyuan_silk.001
12:13:06 | INFO: Primitives created: 1
12:13:06 | INFO: Extracting primitive: yihongyuan_stone.001
12:13:06 | INFO: Primitives created: 1
12:13:06 | INFO: Extracting primitive: yihongyuan_tile.001
12:13:06 | INFO: Primitives created: 1
12:13:06 | INFO: Extracting primitive: yihongyuan_tiledark.001
12:13:06 | INFO: Primitives created: 1
12:13:06 | INFO: Extracting primitive: yihongyuan_tilelight.001
12:13:06 | INFO: Primitives created: 1
12:13:06 | INFO: Extracting primitive: yihongyuan_wood.001
12:13:06 | INFO: Primitives created: 1
12:13:06 | INFO: Extracting primitive: hengwuyuan_clay.001
12:13:06 | INFO: Primitives created: 1
12:13:06 | INFO: Extracting primitive: hengwuyuan_creamflower.001
12:13:06 | INFO: Primitives created: 1
12:13:06 | INFO: Extracting primitive: hengwuyuan_darkwood.001
12:13:06 | INFO: Primitives created: 1
12:13:06 | INFO: Extracting primitive: hengwuyuan_earth.001
12:13:06 | INFO: Primitives created: 1
12:13:06 | INFO: Extracting primitive: hengwuyuan_gold
12:13:06 | INFO: Primitives created: 1
12:13:06 | INFO: Extracting primitive: hengwuyuan_lantern
12:13:06 | INFO: Primitives created: 1
12:13:06 | INFO: Extracting primitive: hengwuyuan_leaf.001
12:13:06 | INFO: Primitives created: 1
12:13:06 | INFO: Extracting primitive: hengwuyuan_leafdark.001
12:13:06 | INFO: Primitives created: 1
12:13:06 | INFO: Extracting primitive: hengwuyuan_lightleaf.001
12:13:06 | INFO: Primitives created: 1
12:13:06 | INFO: Extracting primitive: hengwuyuan_moss.001
12:13:06 | INFO: Primitives created: 1
12:13:06 | INFO: Extracting primitive: hengwuyuan_paper.001
12:13:06 | INFO: Primitives created: 1
12:13:06 | INFO: Extracting primitive: hengwuyuan_paving.001
12:13:06 | INFO: Primitives created: 1
12:13:06 | INFO: Extracting primitive: hengwuyuan_plaster.001
12:13:06 | INFO: Primitives created: 1
12:13:06 | INFO: Extracting primitive: hengwuyuan_roof.001
12:13:06 | INFO: Primitives created: 1
12:13:06 | INFO: Extracting primitive: hengwuyuan_screen.001
12:13:06 | INFO: Primitives created: 1
12:13:06 | INFO: Extracting primitive: hengwuyuan_stone.001
12:13:06 | INFO: Primitives created: 1
12:13:06 | INFO: Extracting primitive: hengwuyuan_tile.001
12:13:06 | INFO: Primitives created: 1
12:13:06 | INFO: Extracting primitive: hengwuyuan_tiledark.001
12:13:06 | INFO: Primitives created: 1
12:13:06 | INFO: Extracting primitive: hengwuyuan_tilelight.001
12:13:06 | INFO: Primitives created: 1
12:13:06 | INFO: Extracting primitive: hengwuyuan_wood.001
12:13:06 | INFO: Primitives created: 1
12:13:06 | INFO: Extracting primitive: qiushuangzhai_ceramic.001
12:13:06 | INFO: Primitives created: 1
12:13:06 | INFO: Extracting primitive: qiushuangzhai_creamflower.001
12:13:06 | INFO: Primitives created: 1
12:13:06 | INFO: Extracting primitive: qiushuangzhai_darkwood.001
12:13:06 | INFO: Primitives created: 1
12:13:06 | INFO: Extracting primitive: qiushuangzhai_earth.001
12:13:06 | INFO: Primitives created: 1
12:13:06 | INFO: Extracting primitive: qiushuangzhai_gold
12:13:06 | INFO: Primitives created: 1
12:13:06 | INFO: Extracting primitive: qiushuangzhai_lantern
12:13:06 | INFO: Primitives created: 1
12:13:06 | INFO: Extracting primitive: qiushuangzhai_leaf
12:13:06 | INFO: Primitives created: 1
12:13:06 | INFO: Extracting primitive: qiushuangzhai_leafdark.001
12:13:06 | INFO: Primitives created: 1
12:13:06 | INFO: Extracting primitive: qiushuangzhai_marble.001
12:13:06 | INFO: Primitives created: 1
12:13:06 | INFO: Extracting primitive: qiushuangzhai_moss.001
12:13:06 | INFO: Primitives created: 1
12:13:06 | INFO: Extracting primitive: qiushuangzhai_paper.001
12:13:06 | INFO: Primitives created: 1
12:13:06 | INFO: Extracting primitive: qiushuangzhai_paving.001
12:13:06 | INFO: Primitives created: 1
12:13:06 | INFO: Extracting primitive: qiushuangzhai_plaster.001
12:13:06 | INFO: Primitives created: 1
12:13:06 | INFO: Extracting primitive: qiushuangzhai_roof.001
12:13:06 | INFO: Primitives created: 1
12:13:06 | INFO: Extracting primitive: qiushuangzhai_silk.001
12:13:06 | INFO: Primitives created: 1
12:13:06 | INFO: Extracting primitive: qiushuangzhai_stone.001
12:13:06 | INFO: Primitives created: 1
12:13:06 | INFO: Extracting primitive: qiushuangzhai_tile.001
12:13:06 | INFO: Primitives created: 1
12:13:06 | INFO: Extracting primitive: qiushuangzhai_tiledark.001
12:13:06 | INFO: Primitives created: 1
12:13:06 | INFO: Extracting primitive: qiushuangzhai_tilelight.001
12:13:06 | INFO: Primitives created: 1
12:13:06 | INFO: Extracting primitive: qiushuangzhai_wood.001
12:13:06 | INFO: Primitives created: 1
12:13:06 | INFO: Extracting primitive: daoxiangcun_bark
12:13:06 | INFO: Primitives created: 1
12:13:06 | INFO: Extracting primitive: daoxiangcun_clay.001
12:13:06 | INFO: Primitives created: 1
12:13:06 | INFO: Extracting primitive: daoxiangcun_creamflower.001
12:13:06 | INFO: Primitives created: 1
12:13:06 | INFO: Extracting primitive: daoxiangcun_darkwood.001
12:13:06 | INFO: Primitives created: 1
12:13:06 | INFO: Extracting primitive: daoxiangcun_flower.001
12:13:06 | INFO: Primitives created: 1
12:13:06 | INFO: Extracting primitive: daoxiangcun_lightleaf.001
12:13:06 | INFO: Primitives created: 1
12:13:06 | INFO: Extracting primitive: daoxiangcun_paving.001
12:13:06 | INFO: Primitives created: 1
12:13:06 | INFO: Extracting primitive: daoxiangcun_screen.001
12:13:06 | INFO: Primitives created: 1
12:13:06 | INFO: Extracting primitive: daoxiangcun_stone.001
12:13:06 | INFO: Primitives created: 1
12:13:06 | INFO: Extracting primitive: daoxiangcun_thatch.001
12:13:06 | INFO: Primitives created: 1
12:13:06 | INFO: Extracting primitive: daoxiangcun_wood.001
12:13:06 | INFO: Primitives created: 1
12:13:06 | INFO: Extracting primitive: ouxiangxie_darkwood.001
12:13:06 | INFO: Primitives created: 1
12:13:06 | INFO: Extracting primitive: ouxiangxie_paper
12:13:06 | INFO: Primitives created: 1
12:13:06 | INFO: Extracting primitive: ouxiangxie_roof.001
12:13:06 | INFO: Primitives created: 1
12:13:06 | INFO: Extracting primitive: ouxiangxie_screen
12:13:06 | INFO: Primitives created: 1
12:13:06 | INFO: Extracting primitive: ouxiangxie_stone.001
12:13:06 | INFO: Primitives created: 1
12:13:06 | INFO: Extracting primitive: ouxiangxie_tile.001
12:13:06 | INFO: Primitives created: 1
12:13:06 | INFO: Extracting primitive: ouxiangxie_tiledark.001
12:13:06 | INFO: Primitives created: 1
12:13:06 | INFO: Extracting primitive: ouxiangxie_tilelight.001
12:13:06 | INFO: Primitives created: 1
12:13:06 | INFO: Extracting primitive: ouxiangxie_wood.001
12:13:06 | INFO: Primitives created: 1
12:13:06 | INFO: Extracting primitive: dicuiting_darkwood
12:13:06 | INFO: Primitives created: 1
12:13:06 | INFO: Extracting primitive: dicuiting_gold
12:13:06 | INFO: Primitives created: 1
12:13:06 | INFO: Extracting primitive: dicuiting_lantern
12:13:06 | INFO: Primitives created: 1
12:13:06 | INFO: Extracting primitive: dicuiting_roof.001
12:13:06 | INFO: Primitives created: 1
12:13:06 | INFO: Extracting primitive: dicuiting_stone.001
12:13:06 | INFO: Primitives created: 1
12:13:07 | INFO: Extracting primitive: dicuiting_tile.001
12:13:07 | INFO: Primitives created: 1
12:13:07 | INFO: Extracting primitive: dicuiting_tiledark
12:13:07 | INFO: Primitives created: 1
12:13:07 | INFO: Extracting primitive: dicuiting_tilelight
12:13:07 | INFO: Primitives created: 1
12:13:07 | INFO: Extracting primitive: dicuiting_wood.001
12:13:07 | INFO: Primitives created: 1
12:13:07 | INFO: Extracting primitive: luxuean_bamboo.001
12:13:07 | INFO: Primitives created: 1
12:13:07 | INFO: Extracting primitive: luxuean_clay.001
12:13:07 | INFO: Primitives created: 1
12:13:07 | INFO: Extracting primitive: luxuean_lightleaf.001
12:13:07 | INFO: Primitives created: 1
12:13:07 | INFO: Extracting primitive: luxuean_paving.001
12:13:07 | INFO: Primitives created: 1
12:13:07 | INFO: Extracting primitive: luxuean_stone.001
12:13:07 | INFO: Primitives created: 1
12:13:07 | INFO: Extracting primitive: luxuean_thatch.001
12:13:07 | INFO: Primitives created: 1
12:13:07 | INFO: Extracting primitive: luxuean_wood.001
12:13:07 | INFO: Primitives created: 1
12:13:07 | INFO: Extracting primitive: tubishanzhuang_bark
12:13:07 | INFO: Primitives created: 1
12:13:07 | INFO: Extracting primitive: tubishanzhuang_canopy
12:13:07 | INFO: Primitives created: 1
12:13:07 | INFO: Extracting primitive: tubishanzhuang_canopy_light
12:13:07 | INFO: Primitives created: 1
12:13:07 | INFO: Extracting primitive: tubishanzhuang_canopy_shadow
12:13:07 | INFO: Primitives created: 1
12:13:07 | INFO: Extracting primitive: tubishanzhuang_darkwood.001
12:13:07 | INFO: Primitives created: 1
12:13:07 | INFO: Extracting primitive: tubishanzhuang_paper
12:13:07 | INFO: Primitives created: 1
12:13:07 | INFO: Extracting primitive: tubishanzhuang_paving.001
12:13:07 | INFO: Primitives created: 1
12:13:07 | INFO: Extracting primitive: tubishanzhuang_plaster.001
12:13:07 | INFO: Primitives created: 1
12:13:07 | INFO: Extracting primitive: tubishanzhuang_roof.001
12:13:07 | INFO: Primitives created: 1
12:13:07 | INFO: Extracting primitive: tubishanzhuang_stone.001
12:13:07 | INFO: Primitives created: 1
12:13:07 | INFO: Extracting primitive: tubishanzhuang_tile.001
12:13:07 | INFO: Primitives created: 1
12:13:07 | INFO: Extracting primitive: tubishanzhuang_tiledark.001
12:13:07 | INFO: Primitives created: 1
12:13:07 | INFO: Extracting primitive: tubishanzhuang_tilelight.001
12:13:07 | INFO: Primitives created: 1
12:13:07 | INFO: Extracting primitive: tubishanzhuang_wood.001
12:13:07 | INFO: Primitives created: 1
12:13:07 | INFO: Extracting primitive: aojingxiguan_bark
12:13:07 | INFO: Primitives created: 1
12:13:07 | INFO: Extracting primitive: aojingxiguan_canopy
12:13:07 | INFO: Primitives created: 1
12:13:07 | INFO: Extracting primitive: aojingxiguan_canopy_light
12:13:07 | INFO: Primitives created: 1
12:13:07 | INFO: Extracting primitive: aojingxiguan_canopy_shadow
12:13:07 | INFO: Primitives created: 1
12:13:07 | INFO: Extracting primitive: aojingxiguan_darkwood.001
12:13:07 | INFO: Primitives created: 1
12:13:07 | INFO: Extracting primitive: aojingxiguan_paper
12:13:07 | INFO: Primitives created: 1
12:13:07 | INFO: Extracting primitive: aojingxiguan_paving.001
12:13:07 | INFO: Primitives created: 1
12:13:07 | INFO: Extracting primitive: aojingxiguan_plaster.001
12:13:07 | INFO: Primitives created: 1
12:13:07 | INFO: Extracting primitive: aojingxiguan_roof.001
12:13:07 | INFO: Primitives created: 1
12:13:07 | INFO: Extracting primitive: aojingxiguan_stone.001
12:13:07 | INFO: Primitives created: 1
12:13:07 | INFO: Extracting primitive: aojingxiguan_tile.001
12:13:07 | INFO: Primitives created: 1
12:13:07 | INFO: Extracting primitive: aojingxiguan_tiledark.001
12:13:07 | INFO: Primitives created: 1
12:13:07 | INFO: Extracting primitive: aojingxiguan_tilelight.001
12:13:07 | INFO: Primitives created: 1
12:13:07 | INFO: Extracting primitive: aojingxiguan_wood.001
12:13:07 | INFO: Primitives created: 1
12:13:07 | INFO: Extracting primitive: daguanlou_bark
12:13:07 | INFO: Primitives created: 1
12:13:07 | INFO: Extracting primitive: daguanlou_canopy
12:13:07 | INFO: Primitives created: 1
12:13:07 | INFO: Extracting primitive: daguanlou_canopy_light
12:13:07 | INFO: Primitives created: 1
12:13:07 | INFO: Extracting primitive: daguanlou_canopy_shadow
12:13:07 | INFO: Primitives created: 1
12:13:07 | INFO: Extracting primitive: daguanlou_ceramic
12:13:07 | INFO: Primitives created: 1
12:13:07 | INFO: Extracting primitive: daguanlou_darkwood
12:13:07 | INFO: Primitives created: 1
12:13:07 | INFO: Extracting primitive: daguanlou_gold
12:13:07 | INFO: Primitives created: 1
12:13:07 | INFO: Extracting primitive: daguanlou_lantern
12:13:07 | INFO: Primitives created: 1
12:13:07 | INFO: Extracting primitive: daguanlou_paper
12:13:07 | INFO: Primitives created: 1
12:13:07 | INFO: Extracting primitive: daguanlou_paving
12:13:07 | INFO: Primitives created: 1
12:13:07 | INFO: Extracting primitive: daguanlou_plaster
12:13:07 | INFO: Primitives created: 1
12:13:07 | INFO: Extracting primitive: daguanlou_roof
12:13:07 | INFO: Primitives created: 1
12:13:07 | INFO: Extracting primitive: daguanlou_screen
12:13:07 | INFO: Primitives created: 1
12:13:07 | INFO: Extracting primitive: daguanlou_stone
12:13:07 | INFO: Primitives created: 1
12:13:08 | INFO: Extracting primitive: daguanlou_tile
12:13:08 | INFO: Primitives created: 1
12:13:08 | INFO: Extracting primitive: daguanlou_tiledark
12:13:08 | INFO: Primitives created: 1
12:13:08 | INFO: Extracting primitive: daguanlou_tilelight
12:13:08 | INFO: Primitives created: 1
12:13:08 | INFO: Extracting primitive: daguanlou_wood
12:13:08 | INFO: Primitives created: 1
12:13:08 | INFO: Extracting primitive: longcuian_bark
12:13:08 | INFO: Primitives created: 1
12:13:08 | INFO: Extracting primitive: longcuian_canopy
12:13:08 | INFO: Primitives created: 1
12:13:08 | INFO: Extracting primitive: longcuian_canopy_light
12:13:08 | INFO: Primitives created: 1
12:13:08 | INFO: Extracting primitive: longcuian_canopy_shadow
12:13:08 | INFO: Primitives created: 1
12:13:08 | INFO: Extracting primitive: longcuian_ceramic
12:13:08 | INFO: Primitives created: 1
12:13:08 | INFO: Extracting primitive: longcuian_darkwood
12:13:08 | INFO: Primitives created: 1
12:13:09 | INFO: Extracting primitive: longcuian_flower
12:13:09 | INFO: Primitives created: 1
12:13:09 | INFO: Extracting primitive: longcuian_paper
12:13:09 | INFO: Primitives created: 1
12:13:09 | INFO: Extracting primitive: longcuian_paving
12:13:09 | INFO: Primitives created: 1
12:13:09 | INFO: Extracting primitive: longcuian_plaster
12:13:09 | INFO: Primitives created: 1
12:13:09 | INFO: Extracting primitive: longcuian_roof
12:13:09 | INFO: Primitives created: 1
12:13:09 | INFO: Extracting primitive: longcuian_screen
12:13:09 | INFO: Primitives created: 1
12:13:09 | INFO: Extracting primitive: longcuian_stone
12:13:09 | INFO: Primitives created: 1
12:13:09 | INFO: Extracting primitive: longcuian_tile
12:13:09 | INFO: Primitives created: 1
12:13:09 | INFO: Extracting primitive: longcuian_tiledark
12:13:09 | INFO: Primitives created: 1
12:13:09 | INFO: Extracting primitive: longcuian_tilelight
12:13:09 | INFO: Primitives created: 1
12:13:09 | INFO: Extracting primitive: longcuian_wood
12:13:09 | INFO: Primitives created: 1
12:13:09 | INFO: Extracting primitive: nuanxiangwu_bark
12:13:09 | INFO: Primitives created: 1
12:13:09 | INFO: Extracting primitive: nuanxiangwu_ceramic
12:13:09 | INFO: Primitives created: 1
12:13:09 | INFO: Extracting primitive: nuanxiangwu_creamflower
12:13:09 | INFO: Primitives created: 1
12:13:09 | INFO: Extracting primitive: nuanxiangwu_darkwood
12:13:09 | INFO: Primitives created: 1
12:13:09 | INFO: Extracting primitive: nuanxiangwu_paper
12:13:09 | INFO: Primitives created: 1
12:13:09 | INFO: Extracting primitive: nuanxiangwu_paving
12:13:09 | INFO: Primitives created: 1
12:13:09 | INFO: Extracting primitive: nuanxiangwu_plaster
12:13:09 | INFO: Primitives created: 1
12:13:09 | INFO: Extracting primitive: nuanxiangwu_roof
12:13:09 | INFO: Primitives created: 1
12:13:09 | INFO: Extracting primitive: nuanxiangwu_screen
12:13:09 | INFO: Primitives created: 1
12:13:09 | INFO: Extracting primitive: nuanxiangwu_silk
12:13:09 | INFO: Primitives created: 1
12:13:09 | INFO: Extracting primitive: nuanxiangwu_stone
12:13:09 | INFO: Primitives created: 1
12:13:09 | INFO: Extracting primitive: nuanxiangwu_tile
12:13:09 | INFO: Primitives created: 1
12:13:09 | INFO: Extracting primitive: nuanxiangwu_tiledark
12:13:09 | INFO: Primitives created: 1
12:13:09 | INFO: Extracting primitive: nuanxiangwu_tilelight
12:13:09 | INFO: Primitives created: 1
12:13:09 | INFO: Extracting primitive: nuanxiangwu_wood
12:13:09 | INFO: Primitives created: 1
12:13:09 | INFO: Extracting primitive: landscape_earth.001
12:13:09 | INFO: Primitives created: 1
12:13:09 | INFO: Extracting primitive: landscape_stone.001
12:13:09 | INFO: Primitives created: 1
12:13:09 | INFO: Extracting primitive: landscape_leafdark
12:13:09 | INFO: Primitives created: 1
12:13:09 | INFO: Extracting primitive: landscape_leaf
12:13:09 | INFO: Primitives created: 1
12:13:09 | INFO: Extracting primitive: landscape_moss
12:13:09 | INFO: Primitives created: 1
12:13:09 | INFO: Extracting primitive: landscape_bark
12:13:09 | INFO: Primitives created: 1
12:13:10 | INFO: Extracting primitive: landscape_bamboo.001
12:13:10 | INFO: Primitives created: 1
12:13:10 | INFO: Extracting primitive: landscape_canopy_light
12:13:10 | INFO: Primitives created: 1
12:13:10 | INFO: Extracting primitive: landscape_creamflower.001
12:13:10 | INFO: Primitives created: 1
12:13:10 | INFO: Extracting primitive: landscape_flower.001
12:13:10 | INFO: Primitives created: 1
12:13:10 | INFO: Extracting primitive: landscape_plaster
12:13:10 | INFO: Primitives created: 1
12:13:10 | INFO: Extracting primitive: landscape_roof
12:13:10 | INFO: Primitives created: 1
12:13:10 | INFO: Extracting primitive: landscape_tile
12:13:10 | INFO: Primitives created: 1
12:13:10 | INFO: Extracting primitive: landscape_paving
12:13:11 | INFO: Primitives created: 1
12:13:11 | INFO: Extracting primitive: landscape_wood.001
12:13:11 | INFO: Primitives created: 1
12:13:11 | INFO: Extracting primitive: landscape_tiledark
12:13:11 | INFO: Primitives created: 1
12:13:11 | INFO: Extracting primitive: landscape_tilelight
12:13:11 | INFO: Primitives created: 1
12:13:11 | INFO: Extracting primitive: landscape_darkwood
12:13:11 | INFO: Primitives created: 1
12:13:11 | INFO: Extracting primitive: landscape_lantern
12:13:11 | INFO: Primitives created: 1
12:13:11 | INFO: Extracting primitive: landscape_gold
12:13:11 | INFO: Primitives created: 1
12:13:11 | INFO: Extracting primitive: landscape_lightleaf.001
12:13:11 | INFO: Primitives created: 1
12:13:11 | INFO: Finished glTF 2.0 export in 5.838773250579834 s
WARN (bke.modifier): C:\Users\blender\git\blender-v450\blender.git\source\blender\blenkernel\intern\modifier.cc:425 BKE_modifier_set_error: Object: "xiaoxiangguan_water.001", Modifier: "Mobile_Overview", Modifier requires more than 3 input faces

12:13:35 | INFO: Starting glTF 2.0 export
12:13:35 | WARNING: Mesh Mobile_daguanyuan_gate is not valid, and may be exported wrongly
12:13:35 | INFO: Extracting primitive: Mobile_daguanyuan_gate
12:13:35 | INFO: Primitives created: 1
12:13:35 | INFO: Extracting primitive: Mobile_qujingtongyou
12:13:35 | INFO: Primitives created: 1
12:13:35 | WARNING: Mesh Mobile_xiaoxiangguan is not valid, and may be exported wrongly
12:13:35 | INFO: Extracting primitive: Mobile_xiaoxiangguan
12:13:35 | INFO: Primitives created: 1
12:13:35 | INFO: Extracting primitive: xiaoxiangguan_lantern
12:13:35 | INFO: Primitives created: 1
12:13:35 | WARNING: Mesh Mobile_yihongyuan is not valid, and may be exported wrongly
12:13:35 | INFO: Extracting primitive: Mobile_yihongyuan
12:13:35 | INFO: Primitives created: 1
12:13:35 | INFO: Extracting primitive: yihongyuan_lantern
12:13:35 | INFO: Primitives created: 1
12:13:35 | INFO: Extracting primitive: hengwuyuan_lantern
12:13:35 | INFO: Primitives created: 1
12:13:35 | WARNING: Mesh Mobile_hengwuyuan is not valid, and may be exported wrongly
12:13:35 | INFO: Extracting primitive: Mobile_hengwuyuan
12:13:35 | INFO: Primitives created: 1
12:13:35 | WARNING: Mesh Mobile_qiushuangzhai is not valid, and may be exported wrongly
12:13:35 | INFO: Extracting primitive: Mobile_qiushuangzhai
12:13:35 | INFO: Primitives created: 1
12:13:35 | INFO: Extracting primitive: qiushuangzhai_lantern
12:13:35 | INFO: Primitives created: 1
12:13:35 | WARNING: Mesh Mobile_daoxiangcun is not valid, and may be exported wrongly
12:13:35 | INFO: Extracting primitive: Mobile_daoxiangcun
12:13:35 | INFO: Primitives created: 1
12:13:35 | WARNING: Mesh Mobile_ouxiangxie is not valid, and may be exported wrongly
12:13:35 | INFO: Extracting primitive: Mobile_ouxiangxie
12:13:35 | INFO: Primitives created: 1
12:13:35 | INFO: Extracting primitive: dicuiting_lantern
12:13:35 | INFO: Primitives created: 1
12:13:35 | WARNING: Mesh Mobile_dicuiting is not valid, and may be exported wrongly
12:13:35 | INFO: Extracting primitive: Mobile_dicuiting
12:13:35 | INFO: Primitives created: 1
12:13:35 | WARNING: Mesh Mobile_luxuean is not valid, and may be exported wrongly
12:13:35 | INFO: Extracting primitive: Mobile_luxuean
12:13:35 | INFO: Primitives created: 1
12:13:35 | WARNING: Mesh Mobile_tubishanzhuang is not valid, and may be exported wrongly
12:13:35 | INFO: Extracting primitive: Mobile_tubishanzhuang
12:13:35 | INFO: Primitives created: 1
12:13:35 | WARNING: Mesh Mobile_aojingxiguan is not valid, and may be exported wrongly
12:13:35 | INFO: Extracting primitive: Mobile_aojingxiguan
12:13:35 | INFO: Primitives created: 1
12:13:35 | INFO: Extracting primitive: daguanlou_lantern
12:13:35 | INFO: Primitives created: 1
12:13:35 | WARNING: Mesh Mobile_daguanlou is not valid, and may be exported wrongly
12:13:35 | INFO: Extracting primitive: Mobile_daguanlou
12:13:35 | INFO: Primitives created: 1
12:13:35 | WARNING: Mesh Mobile_longcuian is not valid, and may be exported wrongly
12:13:35 | INFO: Extracting primitive: Mobile_longcuian
12:13:35 | INFO: Primitives created: 1
12:13:35 | WARNING: Mesh Mobile_nuanxiangwu is not valid, and may be exported wrongly
12:13:35 | INFO: Extracting primitive: Mobile_nuanxiangwu
12:13:35 | INFO: Primitives created: 1
12:13:35 | INFO: Extracting primitive: landscape_lantern
12:13:35 | INFO: Primitives created: 1
12:13:35 | WARNING: Mesh Mobile_landscape is not valid, and may be exported wrongly
12:13:35 | INFO: Extracting primitive: Mobile_landscape
12:13:35 | INFO: Primitives created: 1
12:13:35 | INFO: Finished glTF 2.0 export in 0.35047197341918945 s

REFERENCE WORLD COMPLETE 271
Blender 4.5.9 LTS (hash 8bf95cbd38d1 built 2026-04-21 01:33:45)
Read blend: "D:\Users\Lenovo\Desktop\大观园\blender\daguanyuan_master.blend"

Blender quit
