
> daguanyuan-rumeng@1.0.0 models:build
> node scripts/pipeline.mjs models

11:57:13 | INFO: Data are loaded, start creating Blender stuff
11:57:13 | INFO: Blender create Mesh node island_trees_01_blockout_cleaned
11:57:14 | INFO: glTF import finished in 1.68s
INFO Draco mesh compression is available, use library at D:\Users\Lenovo\Desktop\大观园\.tools\blender-4.5.9-windows-x64\4.5\scripts\addons_core\io_scene_gltf2\extern_draco.dll
11:57:15 | INFO: Starting glTF 2.0 export
11:57:15 | INFO: Extracting primitive: Reference_Tree_Prototype_trunk.005
11:57:16 | WARNING: More than one shader node tex image used for a texture. The resulting glTF sampler will behave like the first shader node tex image.
11:57:16 | INFO: Primitives created: 2
11:57:16 | INFO: Finished glTF 2.0 export in 0.06850814819335938 s

11:57:16 | INFO: Starting glTF 2.0 export
11:57:16 | INFO: Extracting primitive: Reference_Tree_Mobile_trunk
11:57:16 | WARNING: More than one shader node tex image used for a texture. The resulting glTF sampler will behave like the first shader node tex image.
11:57:16 | INFO: Primitives created: 2
11:57:16 | INFO: Finished glTF 2.0 export in 0.012171030044555664 s

CANOPY LOD 10173
11:57:16 | INFO: Data are loaded, start creating Blender stuff
11:57:16 | INFO: Blender create Mesh node Plane.001
11:57:17 | INFO: glTF import finished in 1.21s
Warning: No mesh data to join
11:57:38 | INFO: Starting glTF 2.0 export
11:57:38 | INFO: Extracting primitive: daguanyuan_gate_darkwood
11:57:38 | INFO: Primitives created: 1
11:57:38 | INFO: Extracting primitive: daguanyuan_gate_paper.001
11:57:38 | INFO: Primitives created: 1
11:57:38 | INFO: Extracting primitive: daguanyuan_gate_paving
11:57:39 | INFO: Primitives created: 1
11:57:39 | INFO: Extracting primitive: daguanyuan_gate_plaster
11:57:39 | INFO: Primitives created: 1
11:57:39 | INFO: Extracting primitive: daguanyuan_gate_roof
11:57:39 | INFO: Primitives created: 1
11:57:39 | INFO: Extracting primitive: daguanyuan_gate_stone
11:57:39 | INFO: Primitives created: 1
11:57:39 | INFO: Extracting primitive: daguanyuan_gate_tile
11:57:39 | INFO: Primitives created: 1
11:57:39 | INFO: Extracting primitive: daguanyuan_gate_tiledark
11:57:39 | INFO: Primitives created: 1
11:57:39 | INFO: Extracting primitive: daguanyuan_gate_tilelight
11:57:39 | INFO: Primitives created: 1
11:57:39 | INFO: Extracting primitive: daguanyuan_gate_wood
11:57:39 | INFO: Primitives created: 1
11:57:39 | INFO: Finished glTF 2.0 export in 0.11298727989196777 s

11:57:39 | INFO: Starting glTF 2.0 export
11:57:39 | INFO: Extracting primitive: daguanyuan_gate_darkwood
11:57:39 | INFO: Primitives created: 1
11:57:39 | INFO: Extracting primitive: daguanyuan_gate_paper.001
11:57:39 | INFO: Primitives created: 1
11:57:39 | INFO: Extracting primitive: daguanyuan_gate_paving
11:57:39 | INFO: Primitives created: 1
11:57:39 | INFO: Extracting primitive: daguanyuan_gate_plaster
11:57:39 | INFO: Primitives created: 1
11:57:39 | INFO: Extracting primitive: daguanyuan_gate_roof
11:57:39 | INFO: Primitives created: 1
11:57:39 | INFO: Extracting primitive: daguanyuan_gate_stone
11:57:39 | INFO: Primitives created: 1
11:57:39 | INFO: Extracting primitive: daguanyuan_gate_tile
11:57:39 | INFO: Primitives created: 1
11:57:39 | INFO: Extracting primitive: daguanyuan_gate_tiledark
11:57:39 | INFO: Primitives created: 1
11:57:39 | INFO: Extracting primitive: daguanyuan_gate_tilelight
11:57:39 | INFO: Primitives created: 1
11:57:39 | INFO: Extracting primitive: daguanyuan_gate_wood
11:57:39 | INFO: Primitives created: 1
11:57:39 | INFO: Finished glTF 2.0 export in 0.09595251083374023 s

REFERENCE PLACE daguanyuan_gate
11:57:39 | INFO: Starting glTF 2.0 export
11:57:39 | INFO: Extracting primitive: qujingtongyou_bark.001
11:57:39 | INFO: Primitives created: 1
11:57:39 | INFO: Extracting primitive: qujingtongyou_canopy.001
11:57:39 | INFO: Primitives created: 1
11:57:39 | INFO: Extracting primitive: qujingtongyou_canopy_light.001
11:57:39 | INFO: Primitives created: 1
11:57:39 | INFO: Extracting primitive: qujingtongyou_canopy_shadow.001
11:57:39 | INFO: Primitives created: 1
11:57:39 | INFO: Extracting primitive: qujingtongyou_moss.001
11:57:39 | INFO: Primitives created: 1
11:57:39 | INFO: Extracting primitive: qujingtongyou_stone
11:57:39 | INFO: Primitives created: 1
11:57:39 | INFO: Finished glTF 2.0 export in 0.02418684959411621 s

11:57:39 | INFO: Starting glTF 2.0 export
11:57:39 | INFO: Extracting primitive: qujingtongyou_bark.001
11:57:39 | INFO: Primitives created: 1
11:57:39 | INFO: Extracting primitive: qujingtongyou_canopy.001
11:57:39 | INFO: Primitives created: 1
11:57:39 | INFO: Extracting primitive: qujingtongyou_canopy_light.001
11:57:39 | INFO: Primitives created: 1
11:57:39 | INFO: Extracting primitive: qujingtongyou_canopy_shadow.001
11:57:39 | INFO: Primitives created: 1
11:57:39 | INFO: Extracting primitive: qujingtongyou_moss.001
11:57:39 | INFO: Primitives created: 1
11:57:39 | INFO: Extracting primitive: qujingtongyou_stone
11:57:39 | INFO: Primitives created: 1
11:57:39 | INFO: Finished glTF 2.0 export in 0.03399968147277832 s

REFERENCE PLACE qujingtongyou
11:57:41 | INFO: Starting glTF 2.0 export
11:57:41 | INFO: Extracting primitive: xiaoxiangguan_bamboo.001
11:57:41 | INFO: Primitives created: 1
11:57:41 | INFO: Extracting primitive: xiaoxiangguan_bark.001
11:57:41 | INFO: Primitives created: 1
11:57:41 | INFO: Extracting primitive: xiaoxiangguan_creamflower.001
11:57:41 | INFO: Primitives created: 1
11:57:41 | INFO: Extracting primitive: xiaoxiangguan_darkwood.001
11:57:41 | INFO: Primitives created: 1
11:57:41 | INFO: Extracting primitive: xiaoxiangguan_earth.001
11:57:41 | INFO: Primitives created: 1
11:57:41 | INFO: Extracting primitive: xiaoxiangguan_gold.001
11:57:41 | INFO: Primitives created: 1
11:57:41 | INFO: Extracting primitive: xiaoxiangguan_lantern.001
11:57:41 | INFO: Primitives created: 1
11:57:41 | INFO: Extracting primitive: xiaoxiangguan_leaf.001
11:57:41 | INFO: Primitives created: 1
11:57:41 | INFO: Extracting primitive: xiaoxiangguan_leafdark.001
11:57:41 | INFO: Primitives created: 1
11:57:41 | INFO: Extracting primitive: xiaoxiangguan_lightleaf.001
11:57:41 | INFO: Primitives created: 1
11:57:41 | INFO: Extracting primitive: xiaoxiangguan_moss
11:57:41 | INFO: Primitives created: 1
11:57:41 | INFO: Extracting primitive: xiaoxiangguan_paper.001
11:57:41 | INFO: Primitives created: 1
11:57:41 | INFO: Extracting primitive: xiaoxiangguan_paving
11:57:41 | INFO: Primitives created: 1
11:57:41 | INFO: Extracting primitive: xiaoxiangguan_plaster.001
11:57:41 | INFO: Primitives created: 1
11:57:41 | INFO: Extracting primitive: xiaoxiangguan_roof.001
11:57:41 | INFO: Primitives created: 1
11:57:41 | INFO: Extracting primitive: xiaoxiangguan_silk
11:57:41 | INFO: Primitives created: 1
11:57:41 | INFO: Extracting primitive: xiaoxiangguan_stone.001
11:57:41 | INFO: Primitives created: 1
11:57:41 | INFO: Extracting primitive: xiaoxiangguan_tile.001
11:57:41 | INFO: Primitives created: 1
11:57:41 | INFO: Extracting primitive: xiaoxiangguan_tiledark
11:57:41 | INFO: Primitives created: 1
11:57:41 | INFO: Extracting primitive: xiaoxiangguan_tilelight
11:57:41 | INFO: Primitives created: 1
11:57:41 | INFO: Extracting primitive: xiaoxiangguan_water
11:57:41 | INFO: Primitives created: 1
11:57:41 | INFO: Extracting primitive: xiaoxiangguan_wood.001
11:57:41 | INFO: Primitives created: 1
11:57:41 | INFO: Finished glTF 2.0 export in 0.3526341915130615 s

11:57:41 | INFO: Starting glTF 2.0 export
11:57:42 | INFO: Extracting primitive: xiaoxiangguan_bamboo.001
11:57:42 | INFO: Primitives created: 1
11:57:42 | INFO: Extracting primitive: xiaoxiangguan_bark.001
11:57:42 | INFO: Primitives created: 1
11:57:42 | INFO: Extracting primitive: xiaoxiangguan_creamflower.001
11:57:42 | INFO: Primitives created: 1
11:57:42 | INFO: Extracting primitive: xiaoxiangguan_darkwood.001
11:57:42 | INFO: Primitives created: 1
11:57:42 | INFO: Extracting primitive: xiaoxiangguan_earth.001
11:57:42 | INFO: Primitives created: 1
11:57:42 | INFO: Extracting primitive: xiaoxiangguan_gold.001
11:57:42 | INFO: Primitives created: 1
11:57:42 | INFO: Extracting primitive: xiaoxiangguan_lantern.001
11:57:42 | INFO: Primitives created: 1
11:57:42 | INFO: Extracting primitive: xiaoxiangguan_leaf.001
11:57:42 | INFO: Primitives created: 1
11:57:42 | INFO: Extracting primitive: xiaoxiangguan_leafdark.001
11:57:42 | INFO: Primitives created: 1
11:57:42 | INFO: Extracting primitive: xiaoxiangguan_lightleaf.001
11:57:42 | INFO: Primitives created: 1
11:57:42 | INFO: Extracting primitive: xiaoxiangguan_moss
11:57:42 | INFO: Primitives created: 1
11:57:42 | INFO: Extracting primitive: xiaoxiangguan_paper.001
11:57:42 | INFO: Primitives created: 1
11:57:42 | INFO: Extracting primitive: xiaoxiangguan_paving
11:57:42 | INFO: Primitives created: 1
11:57:42 | INFO: Extracting primitive: xiaoxiangguan_plaster.001
11:57:42 | INFO: Primitives created: 1
11:57:42 | INFO: Extracting primitive: xiaoxiangguan_roof.001
11:57:42 | INFO: Primitives created: 1
11:57:42 | INFO: Extracting primitive: xiaoxiangguan_silk
11:57:42 | INFO: Primitives created: 1
11:57:42 | INFO: Extracting primitive: xiaoxiangguan_stone.001
11:57:42 | INFO: Primitives created: 1
11:57:42 | INFO: Extracting primitive: xiaoxiangguan_tile.001
11:57:42 | INFO: Primitives created: 1
11:57:42 | INFO: Extracting primitive: xiaoxiangguan_tiledark
11:57:42 | INFO: Primitives created: 1
11:57:42 | INFO: Extracting primitive: xiaoxiangguan_tilelight
11:57:42 | INFO: Primitives created: 1
11:57:42 | INFO: Extracting primitive: xiaoxiangguan_water
11:57:42 | INFO: Primitives created: 1
11:57:42 | INFO: Extracting primitive: xiaoxiangguan_wood.001
11:57:42 | INFO: Primitives created: 1
11:57:42 | INFO: Finished glTF 2.0 export in 0.6320877075195312 s

REFERENCE PLACE xiaoxiangguan
11:57:43 | INFO: Starting glTF 2.0 export
11:57:43 | INFO: Extracting primitive: yihongyuan_bamboo
11:57:43 | INFO: Primitives created: 1
11:57:43 | INFO: Extracting primitive: yihongyuan_bark.001
11:57:43 | INFO: Primitives created: 1
11:57:43 | INFO: Extracting primitive: yihongyuan_darkwood
11:57:43 | INFO: Primitives created: 1
11:57:43 | INFO: Extracting primitive: yihongyuan_earth
11:57:43 | INFO: Primitives created: 1
11:57:43 | INFO: Extracting primitive: yihongyuan_flower
11:57:43 | INFO: Primitives created: 1
11:57:43 | INFO: Extracting primitive: yihongyuan_gold.001
11:57:43 | INFO: Primitives created: 1
11:57:43 | INFO: Extracting primitive: yihongyuan_lantern.001
11:57:43 | INFO: Primitives created: 1
11:57:43 | INFO: Extracting primitive: yihongyuan_leaf
11:57:43 | INFO: Primitives created: 1
11:57:43 | INFO: Extracting primitive: yihongyuan_leafdark.001
11:57:43 | INFO: Primitives created: 1
11:57:43 | INFO: Extracting primitive: yihongyuan_lightleaf
11:57:43 | INFO: Primitives created: 1
11:57:43 | INFO: Extracting primitive: yihongyuan_moss
11:57:43 | INFO: Primitives created: 1
11:57:43 | INFO: Extracting primitive: yihongyuan_paper
11:57:43 | INFO: Primitives created: 1
11:57:43 | INFO: Extracting primitive: yihongyuan_paving
11:57:43 | INFO: Primitives created: 1
11:57:43 | INFO: Extracting primitive: yihongyuan_plaster
11:57:43 | INFO: Primitives created: 1
11:57:43 | INFO: Extracting primitive: yihongyuan_roof
11:57:43 | INFO: Primitives created: 1
11:57:43 | INFO: Extracting primitive: yihongyuan_screen
11:57:43 | INFO: Primitives created: 1
11:57:43 | INFO: Extracting primitive: yihongyuan_silk
11:57:43 | INFO: Primitives created: 1
11:57:43 | INFO: Extracting primitive: yihongyuan_stone
11:57:43 | INFO: Primitives created: 1
11:57:43 | INFO: Extracting primitive: yihongyuan_tile
11:57:43 | INFO: Primitives created: 1
11:57:43 | INFO: Extracting primitive: yihongyuan_tiledark
11:57:43 | INFO: Primitives created: 1
11:57:43 | INFO: Extracting primitive: yihongyuan_tilelight
11:57:43 | INFO: Primitives created: 1
11:57:43 | INFO: Extracting primitive: yihongyuan_wood
11:57:43 | INFO: Primitives created: 1
11:57:43 | INFO: Finished glTF 2.0 export in 0.22188282012939453 s

11:57:43 | INFO: Starting glTF 2.0 export
11:57:43 | INFO: Extracting primitive: yihongyuan_bamboo
11:57:43 | INFO: Primitives created: 1
11:57:43 | INFO: Extracting primitive: yihongyuan_bark.001
11:57:43 | INFO: Primitives created: 1
11:57:43 | INFO: Extracting primitive: yihongyuan_darkwood
11:57:43 | INFO: Primitives created: 1
11:57:43 | INFO: Extracting primitive: yihongyuan_earth
11:57:43 | INFO: Primitives created: 1
11:57:43 | INFO: Extracting primitive: yihongyuan_flower
11:57:43 | INFO: Primitives created: 1
11:57:43 | INFO: Extracting primitive: yihongyuan_gold.001
11:57:43 | INFO: Primitives created: 1
11:57:43 | INFO: Extracting primitive: yihongyuan_lantern.001
11:57:43 | INFO: Primitives created: 1
11:57:43 | INFO: Extracting primitive: yihongyuan_leaf
11:57:43 | INFO: Primitives created: 1
11:57:43 | INFO: Extracting primitive: yihongyuan_leafdark.001
11:57:43 | INFO: Primitives created: 1
11:57:43 | INFO: Extracting primitive: yihongyuan_lightleaf
11:57:43 | INFO: Primitives created: 1
11:57:43 | INFO: Extracting primitive: yihongyuan_moss
11:57:43 | INFO: Primitives created: 1
11:57:43 | INFO: Extracting primitive: yihongyuan_paper
11:57:43 | INFO: Primitives created: 1
11:57:43 | INFO: Extracting primitive: yihongyuan_paving
11:57:43 | INFO: Primitives created: 1
11:57:43 | INFO: Extracting primitive: yihongyuan_plaster
11:57:43 | INFO: Primitives created: 1
11:57:43 | INFO: Extracting primitive: yihongyuan_roof
11:57:43 | INFO: Primitives created: 1
11:57:43 | INFO: Extracting primitive: yihongyuan_screen
11:57:43 | INFO: Primitives created: 1
11:57:43 | INFO: Extracting primitive: yihongyuan_silk
11:57:43 | INFO: Primitives created: 1
11:57:43 | INFO: Extracting primitive: yihongyuan_stone
11:57:43 | INFO: Primitives created: 1
11:57:44 | INFO: Extracting primitive: yihongyuan_tile
11:57:44 | INFO: Primitives created: 1
11:57:44 | INFO: Extracting primitive: yihongyuan_tiledark
11:57:44 | INFO: Primitives created: 1
11:57:44 | INFO: Extracting primitive: yihongyuan_tilelight
11:57:44 | INFO: Primitives created: 1
11:57:44 | INFO: Extracting primitive: yihongyuan_wood
11:57:44 | INFO: Primitives created: 1
11:57:44 | INFO: Finished glTF 2.0 export in 0.3086893558502197 s

REFERENCE PLACE yihongyuan
11:57:44 | INFO: Starting glTF 2.0 export
11:57:44 | INFO: Extracting primitive: hengwuyuan_clay
11:57:44 | INFO: Primitives created: 1
11:57:44 | INFO: Extracting primitive: hengwuyuan_creamflower
11:57:44 | INFO: Primitives created: 1
11:57:44 | INFO: Extracting primitive: hengwuyuan_darkwood
11:57:44 | INFO: Primitives created: 1
11:57:44 | INFO: Extracting primitive: hengwuyuan_earth
11:57:44 | INFO: Primitives created: 1
11:57:44 | INFO: Extracting primitive: hengwuyuan_gold.001
11:57:44 | INFO: Primitives created: 1
11:57:44 | INFO: Extracting primitive: hengwuyuan_lantern.001
11:57:44 | INFO: Primitives created: 1
11:57:44 | INFO: Extracting primitive: hengwuyuan_leaf
11:57:44 | INFO: Primitives created: 1
11:57:44 | INFO: Extracting primitive: hengwuyuan_leafdark
11:57:44 | INFO: Primitives created: 1
11:57:44 | INFO: Extracting primitive: hengwuyuan_lightleaf
11:57:44 | INFO: Primitives created: 1
11:57:44 | INFO: Extracting primitive: hengwuyuan_moss
11:57:44 | INFO: Primitives created: 1
11:57:44 | INFO: Extracting primitive: hengwuyuan_paper
11:57:44 | INFO: Primitives created: 1
11:57:44 | INFO: Extracting primitive: hengwuyuan_paving
11:57:44 | INFO: Primitives created: 1
11:57:44 | INFO: Extracting primitive: hengwuyuan_plaster
11:57:44 | INFO: Primitives created: 1
11:57:44 | INFO: Extracting primitive: hengwuyuan_roof
11:57:44 | INFO: Primitives created: 1
11:57:44 | INFO: Extracting primitive: hengwuyuan_screen
11:57:44 | INFO: Primitives created: 1
11:57:44 | INFO: Extracting primitive: hengwuyuan_stone
11:57:44 | INFO: Primitives created: 1
11:57:44 | INFO: Extracting primitive: hengwuyuan_tile
11:57:45 | INFO: Primitives created: 1
11:57:45 | INFO: Extracting primitive: hengwuyuan_tiledark
11:57:45 | INFO: Primitives created: 1
11:57:45 | INFO: Extracting primitive: hengwuyuan_tilelight
11:57:45 | INFO: Primitives created: 1
11:57:45 | INFO: Extracting primitive: hengwuyuan_wood
11:57:45 | INFO: Primitives created: 1
11:57:45 | INFO: Finished glTF 2.0 export in 0.16010069847106934 s

11:57:45 | INFO: Starting glTF 2.0 export
11:57:45 | INFO: Extracting primitive: hengwuyuan_clay
11:57:45 | INFO: Primitives created: 1
11:57:45 | INFO: Extracting primitive: hengwuyuan_creamflower
11:57:45 | INFO: Primitives created: 1
11:57:45 | INFO: Extracting primitive: hengwuyuan_darkwood
11:57:45 | INFO: Primitives created: 1
11:57:45 | INFO: Extracting primitive: hengwuyuan_earth
11:57:45 | INFO: Primitives created: 1
11:57:45 | INFO: Extracting primitive: hengwuyuan_gold.001
11:57:45 | INFO: Primitives created: 1
11:57:45 | INFO: Extracting primitive: hengwuyuan_lantern.001
11:57:45 | INFO: Primitives created: 1
11:57:45 | INFO: Extracting primitive: hengwuyuan_leaf
11:57:45 | INFO: Primitives created: 1
11:57:45 | INFO: Extracting primitive: hengwuyuan_leafdark
11:57:45 | INFO: Primitives created: 1
11:57:45 | INFO: Extracting primitive: hengwuyuan_lightleaf
11:57:45 | INFO: Primitives created: 1
11:57:45 | INFO: Extracting primitive: hengwuyuan_moss
11:57:45 | INFO: Primitives created: 1
11:57:45 | INFO: Extracting primitive: hengwuyuan_paper
11:57:45 | INFO: Primitives created: 1
11:57:45 | INFO: Extracting primitive: hengwuyuan_paving
11:57:45 | INFO: Primitives created: 1
11:57:45 | INFO: Extracting primitive: hengwuyuan_plaster
11:57:45 | INFO: Primitives created: 1
11:57:45 | INFO: Extracting primitive: hengwuyuan_roof
11:57:45 | INFO: Primitives created: 1
11:57:45 | INFO: Extracting primitive: hengwuyuan_screen
11:57:45 | INFO: Primitives created: 1
11:57:45 | INFO: Extracting primitive: hengwuyuan_stone
11:57:45 | INFO: Primitives created: 1
11:57:45 | INFO: Extracting primitive: hengwuyuan_tile
11:57:45 | INFO: Primitives created: 1
11:57:45 | INFO: Extracting primitive: hengwuyuan_tiledark
11:57:45 | INFO: Primitives created: 1
11:57:45 | INFO: Extracting primitive: hengwuyuan_tilelight
11:57:45 | INFO: Primitives created: 1
11:57:45 | INFO: Extracting primitive: hengwuyuan_wood
11:57:45 | INFO: Primitives created: 1
11:57:45 | INFO: Finished glTF 2.0 export in 0.24667787551879883 s

REFERENCE PLACE hengwuyuan
11:57:45 | INFO: Starting glTF 2.0 export
11:57:45 | INFO: Extracting primitive: qiushuangzhai_ceramic
11:57:45 | INFO: Primitives created: 1
11:57:45 | INFO: Extracting primitive: qiushuangzhai_creamflower
11:57:45 | INFO: Primitives created: 1
11:57:45 | INFO: Extracting primitive: qiushuangzhai_darkwood
11:57:45 | INFO: Primitives created: 1
11:57:45 | INFO: Extracting primitive: qiushuangzhai_earth
11:57:45 | INFO: Primitives created: 1
11:57:45 | INFO: Extracting primitive: qiushuangzhai_gold.001
11:57:45 | INFO: Primitives created: 1
11:57:45 | INFO: Extracting primitive: qiushuangzhai_lantern.001
11:57:45 | INFO: Primitives created: 1
11:57:45 | INFO: Extracting primitive: qiushuangzhai_leaf.001
11:57:45 | INFO: Primitives created: 1
11:57:45 | INFO: Extracting primitive: qiushuangzhai_leafdark
11:57:45 | INFO: Primitives created: 1
11:57:45 | INFO: Extracting primitive: qiushuangzhai_marble
11:57:45 | INFO: Primitives created: 1
11:57:45 | INFO: Extracting primitive: qiushuangzhai_moss
11:57:45 | INFO: Primitives created: 1
11:57:45 | INFO: Extracting primitive: qiushuangzhai_paper
11:57:45 | INFO: Primitives created: 1
11:57:45 | INFO: Extracting primitive: qiushuangzhai_paving
11:57:45 | INFO: Primitives created: 1
11:57:45 | INFO: Extracting primitive: qiushuangzhai_plaster
11:57:45 | INFO: Primitives created: 1
11:57:45 | INFO: Extracting primitive: qiushuangzhai_roof
11:57:45 | INFO: Primitives created: 1
11:57:45 | INFO: Extracting primitive: qiushuangzhai_silk
11:57:45 | INFO: Primitives created: 1
11:57:45 | INFO: Extracting primitive: qiushuangzhai_stone
11:57:45 | INFO: Primitives created: 1
11:57:45 | INFO: Extracting primitive: qiushuangzhai_tile
11:57:45 | INFO: Primitives created: 1
11:57:45 | INFO: Extracting primitive: qiushuangzhai_tiledark
11:57:45 | INFO: Primitives created: 1
11:57:45 | INFO: Extracting primitive: qiushuangzhai_tilelight
11:57:45 | INFO: Primitives created: 1
11:57:45 | INFO: Extracting primitive: qiushuangzhai_wood
11:57:45 | INFO: Primitives created: 1
11:57:45 | INFO: Finished glTF 2.0 export in 0.12694120407104492 s

11:57:46 | INFO: Starting glTF 2.0 export
11:57:46 | INFO: Extracting primitive: qiushuangzhai_ceramic
11:57:46 | INFO: Primitives created: 1
11:57:46 | INFO: Extracting primitive: qiushuangzhai_creamflower
11:57:46 | INFO: Primitives created: 1
11:57:46 | INFO: Extracting primitive: qiushuangzhai_darkwood
11:57:46 | INFO: Primitives created: 1
11:57:46 | INFO: Extracting primitive: qiushuangzhai_earth
11:57:46 | INFO: Primitives created: 1
11:57:46 | INFO: Extracting primitive: qiushuangzhai_gold.001
11:57:46 | INFO: Primitives created: 1
11:57:46 | INFO: Extracting primitive: qiushuangzhai_lantern.001
11:57:46 | INFO: Primitives created: 1
11:57:46 | INFO: Extracting primitive: qiushuangzhai_leaf.001
11:57:46 | INFO: Primitives created: 1
11:57:46 | INFO: Extracting primitive: qiushuangzhai_leafdark
11:57:46 | INFO: Primitives created: 1
11:57:46 | INFO: Extracting primitive: qiushuangzhai_marble
11:57:46 | INFO: Primitives created: 1
11:57:46 | INFO: Extracting primitive: qiushuangzhai_moss
11:57:46 | INFO: Primitives created: 1
11:57:46 | INFO: Extracting primitive: qiushuangzhai_paper
11:57:46 | INFO: Primitives created: 1
11:57:46 | INFO: Extracting primitive: qiushuangzhai_paving
11:57:46 | INFO: Primitives created: 1
11:57:46 | INFO: Extracting primitive: qiushuangzhai_plaster
11:57:46 | INFO: Primitives created: 1
11:57:46 | INFO: Extracting primitive: qiushuangzhai_roof
11:57:46 | INFO: Primitives created: 1
11:57:46 | INFO: Extracting primitive: qiushuangzhai_silk
11:57:46 | INFO: Primitives created: 1
11:57:46 | INFO: Extracting primitive: qiushuangzhai_stone
11:57:46 | INFO: Primitives created: 1
11:57:46 | INFO: Extracting primitive: qiushuangzhai_tile
11:57:46 | INFO: Primitives created: 1
11:57:46 | INFO: Extracting primitive: qiushuangzhai_tiledark
11:57:46 | INFO: Primitives created: 1
11:57:46 | INFO: Extracting primitive: qiushuangzhai_tilelight
11:57:46 | INFO: Primitives created: 1
11:57:46 | INFO: Extracting primitive: qiushuangzhai_wood
11:57:46 | INFO: Primitives created: 1
11:57:46 | INFO: Finished glTF 2.0 export in 0.20619893074035645 s

REFERENCE PLACE qiushuangzhai
11:57:46 | INFO: Starting glTF 2.0 export
11:57:46 | INFO: Extracting primitive: daoxiangcun_bark.001
11:57:46 | INFO: Primitives created: 1
11:57:46 | INFO: Extracting primitive: daoxiangcun_clay
11:57:46 | INFO: Primitives created: 1
11:57:46 | INFO: Extracting primitive: daoxiangcun_creamflower
11:57:46 | INFO: Primitives created: 1
11:57:46 | INFO: Extracting primitive: daoxiangcun_darkwood
11:57:46 | INFO: Primitives created: 1
11:57:46 | INFO: Extracting primitive: daoxiangcun_flower
11:57:46 | INFO: Primitives created: 1
11:57:46 | INFO: Extracting primitive: daoxiangcun_lightleaf
11:57:46 | INFO: Primitives created: 1
11:57:46 | INFO: Extracting primitive: daoxiangcun_paving
11:57:46 | INFO: Primitives created: 1
11:57:46 | INFO: Extracting primitive: daoxiangcun_screen
11:57:46 | INFO: Primitives created: 1
11:57:46 | INFO: Extracting primitive: daoxiangcun_stone
11:57:46 | INFO: Primitives created: 1
11:57:46 | INFO: Extracting primitive: daoxiangcun_thatch
11:57:46 | INFO: Primitives created: 1
11:57:46 | INFO: Extracting primitive: daoxiangcun_wood
11:57:46 | INFO: Primitives created: 1
11:57:46 | INFO: Finished glTF 2.0 export in 0.06688261032104492 s

11:57:46 | INFO: Starting glTF 2.0 export
11:57:46 | INFO: Extracting primitive: daoxiangcun_bark.001
11:57:46 | INFO: Primitives created: 1
11:57:46 | INFO: Extracting primitive: daoxiangcun_clay
11:57:46 | INFO: Primitives created: 1
11:57:46 | INFO: Extracting primitive: daoxiangcun_creamflower
11:57:46 | INFO: Primitives created: 1
11:57:46 | INFO: Extracting primitive: daoxiangcun_darkwood
11:57:46 | INFO: Primitives created: 1
11:57:46 | INFO: Extracting primitive: daoxiangcun_flower
11:57:46 | INFO: Primitives created: 1
11:57:46 | INFO: Extracting primitive: daoxiangcun_lightleaf
11:57:46 | INFO: Primitives created: 1
11:57:46 | INFO: Extracting primitive: daoxiangcun_paving
11:57:46 | INFO: Primitives created: 1
11:57:46 | INFO: Extracting primitive: daoxiangcun_screen
11:57:46 | INFO: Primitives created: 1
11:57:46 | INFO: Extracting primitive: daoxiangcun_stone
11:57:46 | INFO: Primitives created: 1
11:57:46 | INFO: Extracting primitive: daoxiangcun_thatch
11:57:46 | INFO: Primitives created: 1
11:57:46 | INFO: Extracting primitive: daoxiangcun_wood
11:57:46 | INFO: Primitives created: 1
11:57:46 | INFO: Finished glTF 2.0 export in 0.09354019165039062 s

REFERENCE PLACE daoxiangcun
11:57:47 | INFO: Starting glTF 2.0 export
11:57:47 | INFO: Extracting primitive: ouxiangxie_darkwood
11:57:47 | INFO: Primitives created: 1
11:57:47 | INFO: Extracting primitive: ouxiangxie_paper.001
11:57:47 | INFO: Primitives created: 1
11:57:47 | INFO: Extracting primitive: ouxiangxie_roof
11:57:47 | INFO: Primitives created: 1
11:57:47 | INFO: Extracting primitive: ouxiangxie_screen.001
11:57:47 | INFO: Primitives created: 1
11:57:47 | INFO: Extracting primitive: ouxiangxie_stone
11:57:47 | INFO: Primitives created: 1
11:57:47 | INFO: Extracting primitive: ouxiangxie_tile
11:57:47 | INFO: Primitives created: 1
11:57:47 | INFO: Extracting primitive: ouxiangxie_tiledark
11:57:47 | INFO: Primitives created: 1
11:57:47 | INFO: Extracting primitive: ouxiangxie_tilelight
11:57:47 | INFO: Primitives created: 1
11:57:47 | INFO: Extracting primitive: ouxiangxie_wood
11:57:47 | INFO: Primitives created: 1
11:57:47 | INFO: Finished glTF 2.0 export in 0.055774688720703125 s

11:57:47 | INFO: Starting glTF 2.0 export
11:57:47 | INFO: Extracting primitive: ouxiangxie_darkwood
11:57:47 | INFO: Primitives created: 1
11:57:47 | INFO: Extracting primitive: ouxiangxie_paper.001
11:57:47 | INFO: Primitives created: 1
11:57:47 | INFO: Extracting primitive: ouxiangxie_roof
11:57:47 | INFO: Primitives created: 1
11:57:47 | INFO: Extracting primitive: ouxiangxie_screen.001
11:57:47 | INFO: Primitives created: 1
11:57:47 | INFO: Extracting primitive: ouxiangxie_stone
11:57:47 | INFO: Primitives created: 1
11:57:47 | INFO: Extracting primitive: ouxiangxie_tile
11:57:47 | INFO: Primitives created: 1
11:57:47 | INFO: Extracting primitive: ouxiangxie_tiledark
11:57:47 | INFO: Primitives created: 1
11:57:47 | INFO: Extracting primitive: ouxiangxie_tilelight
11:57:47 | INFO: Primitives created: 1
11:57:47 | INFO: Extracting primitive: ouxiangxie_wood
11:57:47 | INFO: Primitives created: 1
11:57:47 | INFO: Finished glTF 2.0 export in 0.08003640174865723 s

REFERENCE PLACE ouxiangxie
11:57:47 | INFO: Starting glTF 2.0 export
11:57:47 | INFO: Extracting primitive: dicuiting_darkwood.001
11:57:47 | INFO: Primitives created: 1
11:57:47 | INFO: Extracting primitive: dicuiting_gold.001
11:57:47 | INFO: Primitives created: 1
11:57:47 | INFO: Extracting primitive: dicuiting_lantern.001
11:57:47 | INFO: Primitives created: 1
11:57:47 | INFO: Extracting primitive: dicuiting_roof
11:57:47 | INFO: Primitives created: 1
11:57:47 | INFO: Extracting primitive: dicuiting_stone
11:57:47 | INFO: Primitives created: 1
11:57:47 | INFO: Extracting primitive: dicuiting_tile
11:57:47 | INFO: Primitives created: 1
11:57:47 | INFO: Extracting primitive: dicuiting_tiledark.001
11:57:47 | INFO: Primitives created: 1
11:57:47 | INFO: Extracting primitive: dicuiting_tilelight.001
11:57:47 | INFO: Primitives created: 1
11:57:47 | INFO: Extracting primitive: dicuiting_wood
11:57:47 | INFO: Primitives created: 1
11:57:47 | INFO: Finished glTF 2.0 export in 0.03627777099609375 s

11:57:47 | INFO: Starting glTF 2.0 export
11:57:47 | INFO: Extracting primitive: dicuiting_darkwood.001
11:57:47 | INFO: Primitives created: 1
11:57:47 | INFO: Extracting primitive: dicuiting_gold.001
11:57:47 | INFO: Primitives created: 1
11:57:47 | INFO: Extracting primitive: dicuiting_lantern.001
11:57:47 | INFO: Primitives created: 1
11:57:47 | INFO: Extracting primitive: dicuiting_roof
11:57:47 | INFO: Primitives created: 1
11:57:47 | INFO: Extracting primitive: dicuiting_stone
11:57:47 | INFO: Primitives created: 1
11:57:47 | INFO: Extracting primitive: dicuiting_tile
11:57:47 | INFO: Primitives created: 1
11:57:47 | INFO: Extracting primitive: dicuiting_tiledark.001
11:57:47 | INFO: Primitives created: 1
11:57:47 | INFO: Extracting primitive: dicuiting_tilelight.001
11:57:47 | INFO: Primitives created: 1
11:57:47 | INFO: Extracting primitive: dicuiting_wood
11:57:47 | INFO: Primitives created: 1
11:57:47 | INFO: Finished glTF 2.0 export in 0.04645943641662598 s

REFERENCE PLACE dicuiting
11:57:47 | INFO: Starting glTF 2.0 export
11:57:47 | INFO: Extracting primitive: luxuean_bamboo
11:57:47 | INFO: Primitives created: 1
11:57:47 | INFO: Extracting primitive: luxuean_clay
11:57:47 | INFO: Primitives created: 1
11:57:47 | INFO: Extracting primitive: luxuean_lightleaf
11:57:47 | INFO: Primitives created: 1
11:57:47 | INFO: Extracting primitive: luxuean_paving
11:57:47 | INFO: Primitives created: 1
11:57:47 | INFO: Extracting primitive: luxuean_stone
11:57:47 | INFO: Primitives created: 1
11:57:47 | INFO: Extracting primitive: luxuean_thatch
11:57:47 | INFO: Primitives created: 1
11:57:47 | INFO: Extracting primitive: luxuean_wood
11:57:47 | INFO: Primitives created: 1
11:57:47 | INFO: Finished glTF 2.0 export in 0.02602863311767578 s

11:57:47 | INFO: Starting glTF 2.0 export
11:57:47 | INFO: Extracting primitive: luxuean_bamboo
11:57:47 | INFO: Primitives created: 1
11:57:47 | INFO: Extracting primitive: luxuean_clay
11:57:47 | INFO: Primitives created: 1
11:57:47 | INFO: Extracting primitive: luxuean_lightleaf
11:57:47 | INFO: Primitives created: 1
11:57:47 | INFO: Extracting primitive: luxuean_paving
11:57:47 | INFO: Primitives created: 1
11:57:47 | INFO: Extracting primitive: luxuean_stone
11:57:47 | INFO: Primitives created: 1
11:57:47 | INFO: Extracting primitive: luxuean_thatch
11:57:47 | INFO: Primitives created: 1
11:57:47 | INFO: Extracting primitive: luxuean_wood
11:57:47 | INFO: Primitives created: 1
11:57:47 | INFO: Finished glTF 2.0 export in 0.02900099754333496 s

REFERENCE PLACE luxuean
11:57:47 | INFO: Starting glTF 2.0 export
11:57:47 | INFO: Extracting primitive: tubishanzhuang_bark.001
11:57:47 | INFO: Primitives created: 1
11:57:47 | INFO: Extracting primitive: tubishanzhuang_canopy.001
11:57:47 | INFO: Primitives created: 1
11:57:47 | INFO: Extracting primitive: tubishanzhuang_canopy_light.001
11:57:47 | INFO: Primitives created: 1
11:57:47 | INFO: Extracting primitive: tubishanzhuang_canopy_shadow.001
11:57:47 | INFO: Primitives created: 1
11:57:47 | INFO: Extracting primitive: tubishanzhuang_darkwood
11:57:47 | INFO: Primitives created: 1
11:57:47 | INFO: Extracting primitive: tubishanzhuang_paper.001
11:57:47 | INFO: Primitives created: 1
11:57:47 | INFO: Extracting primitive: tubishanzhuang_paving
11:57:47 | INFO: Primitives created: 1
11:57:47 | INFO: Extracting primitive: tubishanzhuang_plaster
11:57:47 | INFO: Primitives created: 1
11:57:47 | INFO: Extracting primitive: tubishanzhuang_roof
11:57:47 | INFO: Primitives created: 1
11:57:47 | INFO: Extracting primitive: tubishanzhuang_stone
11:57:47 | INFO: Primitives created: 1
11:57:47 | INFO: Extracting primitive: tubishanzhuang_tile
11:57:47 | INFO: Primitives created: 1
11:57:47 | INFO: Extracting primitive: tubishanzhuang_tiledark
11:57:47 | INFO: Primitives created: 1
11:57:47 | INFO: Extracting primitive: tubishanzhuang_tilelight
11:57:47 | INFO: Primitives created: 1
11:57:47 | INFO: Extracting primitive: tubishanzhuang_wood
11:57:47 | INFO: Primitives created: 1
11:57:47 | INFO: Finished glTF 2.0 export in 0.07605099678039551 s

11:57:48 | INFO: Starting glTF 2.0 export
11:57:48 | INFO: Extracting primitive: tubishanzhuang_bark.001
11:57:48 | INFO: Primitives created: 1
11:57:48 | INFO: Extracting primitive: tubishanzhuang_canopy.001
11:57:48 | INFO: Primitives created: 1
11:57:48 | INFO: Extracting primitive: tubishanzhuang_canopy_light.001
11:57:48 | INFO: Primitives created: 1
11:57:48 | INFO: Extracting primitive: tubishanzhuang_canopy_shadow.001
11:57:48 | INFO: Primitives created: 1
11:57:48 | INFO: Extracting primitive: tubishanzhuang_darkwood
11:57:48 | INFO: Primitives created: 1
11:57:48 | INFO: Extracting primitive: tubishanzhuang_paper.001
11:57:48 | INFO: Primitives created: 1
11:57:48 | INFO: Extracting primitive: tubishanzhuang_paving
11:57:48 | INFO: Primitives created: 1
11:57:48 | INFO: Extracting primitive: tubishanzhuang_plaster
11:57:48 | INFO: Primitives created: 1
11:57:48 | INFO: Extracting primitive: tubishanzhuang_roof
11:57:48 | INFO: Primitives created: 1
11:57:48 | INFO: Extracting primitive: tubishanzhuang_stone
11:57:48 | INFO: Primitives created: 1
11:57:48 | INFO: Extracting primitive: tubishanzhuang_tile
11:57:48 | INFO: Primitives created: 1
11:57:48 | INFO: Extracting primitive: tubishanzhuang_tiledark
11:57:48 | INFO: Primitives created: 1
11:57:48 | INFO: Extracting primitive: tubishanzhuang_tilelight
11:57:48 | INFO: Primitives created: 1
11:57:48 | INFO: Extracting primitive: tubishanzhuang_wood
11:57:48 | INFO: Primitives created: 1
11:57:48 | INFO: Finished glTF 2.0 export in 0.12420010566711426 s

REFERENCE PLACE tubishanzhuang
11:57:48 | INFO: Starting glTF 2.0 export
11:57:48 | INFO: Extracting primitive: aojingxiguan_bark.001
11:57:48 | INFO: Primitives created: 1
11:57:48 | INFO: Extracting primitive: aojingxiguan_canopy.001
11:57:48 | INFO: Primitives created: 1
11:57:48 | INFO: Extracting primitive: aojingxiguan_canopy_light.001
11:57:48 | INFO: Primitives created: 1
11:57:48 | INFO: Extracting primitive: aojingxiguan_canopy_shadow.001
11:57:48 | INFO: Primitives created: 1
11:57:48 | INFO: Extracting primitive: aojingxiguan_darkwood
11:57:48 | INFO: Primitives created: 1
11:57:48 | INFO: Extracting primitive: aojingxiguan_paper.001
11:57:48 | INFO: Primitives created: 1
11:57:48 | INFO: Extracting primitive: aojingxiguan_paving
11:57:48 | INFO: Primitives created: 1
11:57:48 | INFO: Extracting primitive: aojingxiguan_plaster
11:57:48 | INFO: Primitives created: 1
11:57:48 | INFO: Extracting primitive: aojingxiguan_roof
11:57:48 | INFO: Primitives created: 1
11:57:48 | INFO: Extracting primitive: aojingxiguan_stone
11:57:48 | INFO: Primitives created: 1
11:57:48 | INFO: Extracting primitive: aojingxiguan_tile
11:57:48 | INFO: Primitives created: 1
11:57:48 | INFO: Extracting primitive: aojingxiguan_tiledark
11:57:48 | INFO: Primitives created: 1
11:57:48 | INFO: Extracting primitive: aojingxiguan_tilelight
11:57:48 | INFO: Primitives created: 1
11:57:48 | INFO: Extracting primitive: aojingxiguan_wood
11:57:48 | INFO: Primitives created: 1
11:57:48 | INFO: Finished glTF 2.0 export in 0.07400655746459961 s

11:57:48 | INFO: Starting glTF 2.0 export
11:57:48 | INFO: Extracting primitive: aojingxiguan_bark.001
11:57:48 | INFO: Primitives created: 1
11:57:48 | INFO: Extracting primitive: aojingxiguan_canopy.001
11:57:48 | INFO: Primitives created: 1
11:57:48 | INFO: Extracting primitive: aojingxiguan_canopy_light.001
11:57:48 | INFO: Primitives created: 1
11:57:48 | INFO: Extracting primitive: aojingxiguan_canopy_shadow.001
11:57:48 | INFO: Primitives created: 1
11:57:48 | INFO: Extracting primitive: aojingxiguan_darkwood
11:57:48 | INFO: Primitives created: 1
11:57:48 | INFO: Extracting primitive: aojingxiguan_paper.001
11:57:48 | INFO: Primitives created: 1
11:57:48 | INFO: Extracting primitive: aojingxiguan_paving
11:57:48 | INFO: Primitives created: 1
11:57:48 | INFO: Extracting primitive: aojingxiguan_plaster
11:57:48 | INFO: Primitives created: 1
11:57:48 | INFO: Extracting primitive: aojingxiguan_roof
11:57:48 | INFO: Primitives created: 1
11:57:48 | INFO: Extracting primitive: aojingxiguan_stone
11:57:48 | INFO: Primitives created: 1
11:57:48 | INFO: Extracting primitive: aojingxiguan_tile
11:57:48 | INFO: Primitives created: 1
11:57:48 | INFO: Extracting primitive: aojingxiguan_tiledark
11:57:48 | INFO: Primitives created: 1
11:57:48 | INFO: Extracting primitive: aojingxiguan_tilelight
11:57:48 | INFO: Primitives created: 1
11:57:48 | INFO: Extracting primitive: aojingxiguan_wood
11:57:48 | INFO: Primitives created: 1
11:57:48 | INFO: Finished glTF 2.0 export in 0.11495661735534668 s

REFERENCE PLACE aojingxiguan
11:57:53 | INFO: Starting glTF 2.0 export
11:57:53 | INFO: Extracting primitive: daguanlou_bark.001
11:57:53 | INFO: Primitives created: 1
11:57:53 | INFO: Extracting primitive: daguanlou_canopy.001
11:57:53 | INFO: Primitives created: 1
11:57:53 | INFO: Extracting primitive: daguanlou_canopy_light.001
11:57:53 | INFO: Primitives created: 1
11:57:53 | INFO: Extracting primitive: daguanlou_canopy_shadow.001
11:57:53 | INFO: Primitives created: 1
11:57:53 | INFO: Extracting primitive: daguanlou_ceramic.001
11:57:53 | INFO: Primitives created: 1
11:57:53 | INFO: Extracting primitive: daguanlou_darkwood.001
11:57:53 | INFO: Primitives created: 1
11:57:53 | INFO: Extracting primitive: daguanlou_gold.001
11:57:53 | INFO: Primitives created: 1
11:57:53 | INFO: Extracting primitive: daguanlou_lantern.001
11:57:53 | INFO: Primitives created: 1
11:57:53 | INFO: Extracting primitive: daguanlou_paper.001
11:57:53 | INFO: Primitives created: 1
11:57:53 | INFO: Extracting primitive: daguanlou_paving.001
11:57:53 | INFO: Primitives created: 1
11:57:53 | INFO: Extracting primitive: daguanlou_plaster.001
11:57:53 | INFO: Primitives created: 1
11:57:53 | INFO: Extracting primitive: daguanlou_roof.001
11:57:53 | INFO: Primitives created: 1
11:57:53 | INFO: Extracting primitive: daguanlou_screen.001
11:57:53 | INFO: Primitives created: 1
11:57:53 | INFO: Extracting primitive: daguanlou_stone.001
11:57:53 | INFO: Primitives created: 1
11:57:53 | INFO: Extracting primitive: daguanlou_tile.001
11:57:53 | INFO: Primitives created: 1
11:57:53 | INFO: Extracting primitive: daguanlou_tiledark.001
11:57:53 | INFO: Primitives created: 1
11:57:53 | INFO: Extracting primitive: daguanlou_tilelight.001
11:57:53 | INFO: Primitives created: 1
11:57:53 | INFO: Extracting primitive: daguanlou_wood.001
11:57:53 | INFO: Primitives created: 1
11:57:54 | INFO: Finished glTF 2.0 export in 0.8782975673675537 s

11:57:54 | INFO: Starting glTF 2.0 export
11:57:54 | INFO: Extracting primitive: daguanlou_bark.001
11:57:54 | INFO: Primitives created: 1
11:57:54 | INFO: Extracting primitive: daguanlou_canopy.001
11:57:54 | INFO: Primitives created: 1
11:57:54 | INFO: Extracting primitive: daguanlou_canopy_light.001
11:57:54 | INFO: Primitives created: 1
11:57:54 | INFO: Extracting primitive: daguanlou_canopy_shadow.001
11:57:54 | INFO: Primitives created: 1
11:57:54 | INFO: Extracting primitive: daguanlou_ceramic.001
11:57:54 | INFO: Primitives created: 1
11:57:54 | INFO: Extracting primitive: daguanlou_darkwood.001
11:57:54 | INFO: Primitives created: 1
11:57:54 | INFO: Extracting primitive: daguanlou_gold.001
11:57:54 | INFO: Primitives created: 1
11:57:55 | INFO: Extracting primitive: daguanlou_lantern.001
11:57:55 | INFO: Primitives created: 1
11:57:55 | INFO: Extracting primitive: daguanlou_paper.001
11:57:55 | INFO: Primitives created: 1
11:57:55 | INFO: Extracting primitive: daguanlou_paving.001
11:57:55 | INFO: Primitives created: 1
11:57:55 | INFO: Extracting primitive: daguanlou_plaster.001
11:57:55 | INFO: Primitives created: 1
11:57:55 | INFO: Extracting primitive: daguanlou_roof.001
11:57:55 | INFO: Primitives created: 1
11:57:55 | INFO: Extracting primitive: daguanlou_screen.001
11:57:55 | INFO: Primitives created: 1
11:57:55 | INFO: Extracting primitive: daguanlou_stone.001
11:57:55 | INFO: Primitives created: 1
11:57:55 | INFO: Extracting primitive: daguanlou_tile.001
11:57:55 | INFO: Primitives created: 1
11:57:56 | INFO: Extracting primitive: daguanlou_tiledark.001
11:57:56 | INFO: Primitives created: 1
11:57:56 | INFO: Extracting primitive: daguanlou_tilelight.001
11:57:56 | INFO: Primitives created: 1
11:57:56 | INFO: Extracting primitive: daguanlou_wood.001
11:57:56 | INFO: Primitives created: 1
11:57:56 | INFO: Finished glTF 2.0 export in 1.767207384109497 s

REFERENCE PLACE daguanlou
11:57:57 | INFO: Starting glTF 2.0 export
11:57:57 | INFO: Extracting primitive: longcuian_bark.001
11:57:57 | INFO: Primitives created: 1
11:57:57 | INFO: Extracting primitive: longcuian_canopy.001
11:57:57 | INFO: Primitives created: 1
11:57:57 | INFO: Extracting primitive: longcuian_canopy_light.001
11:57:57 | INFO: Primitives created: 1
11:57:57 | INFO: Extracting primitive: longcuian_canopy_shadow.001
11:57:57 | INFO: Primitives created: 1
11:57:57 | INFO: Extracting primitive: longcuian_ceramic.001
11:57:57 | INFO: Primitives created: 1
11:57:57 | INFO: Extracting primitive: longcuian_darkwood.001
11:57:57 | INFO: Primitives created: 1
11:57:57 | INFO: Extracting primitive: longcuian_flower.001
11:57:57 | INFO: Primitives created: 1
11:57:57 | INFO: Extracting primitive: longcuian_paper.001
11:57:57 | INFO: Primitives created: 1
11:57:57 | INFO: Extracting primitive: longcuian_paving.001
11:57:57 | INFO: Primitives created: 1
11:57:57 | INFO: Extracting primitive: longcuian_plaster.001
11:57:57 | INFO: Primitives created: 1
11:57:57 | INFO: Extracting primitive: longcuian_roof.001
11:57:57 | INFO: Primitives created: 1
11:57:57 | INFO: Extracting primitive: longcuian_screen.001
11:57:57 | INFO: Primitives created: 1
11:57:57 | INFO: Extracting primitive: longcuian_stone.001
11:57:57 | INFO: Primitives created: 1
11:57:57 | INFO: Extracting primitive: longcuian_tile.001
11:57:57 | INFO: Primitives created: 1
11:57:57 | INFO: Extracting primitive: longcuian_tiledark.001
11:57:57 | INFO: Primitives created: 1
11:57:57 | INFO: Extracting primitive: longcuian_tilelight.001
11:57:57 | INFO: Primitives created: 1
11:57:57 | INFO: Extracting primitive: longcuian_wood.001
11:57:57 | INFO: Primitives created: 1
11:57:57 | INFO: Finished glTF 2.0 export in 0.1703476905822754 s

11:57:57 | INFO: Starting glTF 2.0 export
11:57:57 | INFO: Extracting primitive: longcuian_bark.001
11:57:57 | INFO: Primitives created: 1
11:57:57 | INFO: Extracting primitive: longcuian_canopy.001
11:57:57 | INFO: Primitives created: 1
11:57:57 | INFO: Extracting primitive: longcuian_canopy_light.001
11:57:57 | INFO: Primitives created: 1
11:57:57 | INFO: Extracting primitive: longcuian_canopy_shadow.001
11:57:57 | INFO: Primitives created: 1
11:57:57 | INFO: Extracting primitive: longcuian_ceramic.001
11:57:57 | INFO: Primitives created: 1
11:57:57 | INFO: Extracting primitive: longcuian_darkwood.001
11:57:57 | INFO: Primitives created: 1
11:57:57 | INFO: Extracting primitive: longcuian_flower.001
11:57:57 | INFO: Primitives created: 1
11:57:57 | INFO: Extracting primitive: longcuian_paper.001
11:57:57 | INFO: Primitives created: 1
11:57:57 | INFO: Extracting primitive: longcuian_paving.001
11:57:57 | INFO: Primitives created: 1
11:57:57 | INFO: Extracting primitive: longcuian_plaster.001
11:57:57 | INFO: Primitives created: 1
11:57:57 | INFO: Extracting primitive: longcuian_roof.001
11:57:57 | INFO: Primitives created: 1
11:57:57 | INFO: Extracting primitive: longcuian_screen.001
11:57:57 | INFO: Primitives created: 1
11:57:57 | INFO: Extracting primitive: longcuian_stone.001
11:57:57 | INFO: Primitives created: 1
11:57:57 | INFO: Extracting primitive: longcuian_tile.001
11:57:57 | INFO: Primitives created: 1
11:57:57 | INFO: Extracting primitive: longcuian_tiledark.001
11:57:57 | INFO: Primitives created: 1
11:57:57 | INFO: Extracting primitive: longcuian_tilelight.001
11:57:57 | INFO: Primitives created: 1
11:57:57 | INFO: Extracting primitive: longcuian_wood.001
11:57:57 | INFO: Primitives created: 1
11:57:57 | INFO: Finished glTF 2.0 export in 0.24113869667053223 s

REFERENCE PLACE longcuian
11:57:58 | INFO: Starting glTF 2.0 export
11:57:58 | INFO: Extracting primitive: nuanxiangwu_bark.001
11:57:58 | INFO: Primitives created: 1
11:57:58 | INFO: Extracting primitive: nuanxiangwu_ceramic.001
11:57:58 | INFO: Primitives created: 1
11:57:58 | INFO: Extracting primitive: nuanxiangwu_creamflower.001
11:57:58 | INFO: Primitives created: 1
11:57:58 | INFO: Extracting primitive: nuanxiangwu_darkwood.001
11:57:58 | INFO: Primitives created: 1
11:57:58 | INFO: Extracting primitive: nuanxiangwu_paper.001
11:57:58 | INFO: Primitives created: 1
11:57:58 | INFO: Extracting primitive: nuanxiangwu_paving.001
11:57:58 | INFO: Primitives created: 1
11:57:58 | INFO: Extracting primitive: nuanxiangwu_plaster.001
11:57:58 | INFO: Primitives created: 1
11:57:58 | INFO: Extracting primitive: nuanxiangwu_roof.001
11:57:58 | INFO: Primitives created: 1
11:57:58 | INFO: Extracting primitive: nuanxiangwu_screen.001
11:57:58 | INFO: Primitives created: 1
11:57:58 | INFO: Extracting primitive: nuanxiangwu_silk.001
11:57:58 | INFO: Primitives created: 1
11:57:58 | INFO: Extracting primitive: nuanxiangwu_stone.001
11:57:58 | INFO: Primitives created: 1
11:57:58 | INFO: Extracting primitive: nuanxiangwu_tile.001
11:57:58 | INFO: Primitives created: 1
11:57:58 | INFO: Extracting primitive: nuanxiangwu_tiledark.001
11:57:58 | INFO: Primitives created: 1
11:57:58 | INFO: Extracting primitive: nuanxiangwu_tilelight.001
11:57:58 | INFO: Primitives created: 1
11:57:58 | INFO: Extracting primitive: nuanxiangwu_wood.001
11:57:58 | INFO: Primitives created: 1
11:57:58 | INFO: Finished glTF 2.0 export in 0.1121375560760498 s

11:57:58 | INFO: Starting glTF 2.0 export
11:57:58 | INFO: Extracting primitive: nuanxiangwu_bark.001
11:57:58 | INFO: Primitives created: 1
11:57:58 | INFO: Extracting primitive: nuanxiangwu_ceramic.001
11:57:58 | INFO: Primitives created: 1
11:57:58 | INFO: Extracting primitive: nuanxiangwu_creamflower.001
11:57:58 | INFO: Primitives created: 1
11:57:58 | INFO: Extracting primitive: nuanxiangwu_darkwood.001
11:57:58 | INFO: Primitives created: 1
11:57:58 | INFO: Extracting primitive: nuanxiangwu_paper.001
11:57:58 | INFO: Primitives created: 1
11:57:58 | INFO: Extracting primitive: nuanxiangwu_paving.001
11:57:58 | INFO: Primitives created: 1
11:57:58 | INFO: Extracting primitive: nuanxiangwu_plaster.001
11:57:58 | INFO: Primitives created: 1
11:57:58 | INFO: Extracting primitive: nuanxiangwu_roof.001
11:57:58 | INFO: Primitives created: 1
11:57:58 | INFO: Extracting primitive: nuanxiangwu_screen.001
11:57:58 | INFO: Primitives created: 1
11:57:58 | INFO: Extracting primitive: nuanxiangwu_silk.001
11:57:58 | INFO: Primitives created: 1
11:57:58 | INFO: Extracting primitive: nuanxiangwu_stone.001
11:57:58 | INFO: Primitives created: 1
11:57:58 | INFO: Extracting primitive: nuanxiangwu_tile.001
11:57:58 | INFO: Primitives created: 1
11:57:58 | INFO: Extracting primitive: nuanxiangwu_tiledark.001
11:57:58 | INFO: Primitives created: 1
11:57:58 | INFO: Extracting primitive: nuanxiangwu_tilelight.001
11:57:58 | INFO: Primitives created: 1
11:57:58 | INFO: Extracting primitive: nuanxiangwu_wood.001
11:57:58 | INFO: Primitives created: 1
11:57:58 | INFO: Finished glTF 2.0 export in 0.1900789737701416 s

REFERENCE PLACE nuanxiangwu
Info: Saved as "daguanyuan_master.blend"
11:58:07 | INFO: Starting glTF 2.0 export
11:58:07 | INFO: Extracting primitive: daguanyuan_gate_darkwood
11:58:07 | INFO: Primitives created: 1
11:58:07 | INFO: Extracting primitive: daguanyuan_gate_paper.001
11:58:07 | INFO: Primitives created: 1
11:58:07 | INFO: Extracting primitive: daguanyuan_gate_paving
11:58:07 | INFO: Primitives created: 1
11:58:07 | INFO: Extracting primitive: daguanyuan_gate_plaster
11:58:07 | INFO: Primitives created: 1
11:58:07 | INFO: Extracting primitive: daguanyuan_gate_roof
11:58:07 | INFO: Primitives created: 1
11:58:07 | INFO: Extracting primitive: daguanyuan_gate_stone
11:58:07 | INFO: Primitives created: 1
11:58:07 | INFO: Extracting primitive: daguanyuan_gate_tile
11:58:07 | INFO: Primitives created: 1
11:58:07 | INFO: Extracting primitive: daguanyuan_gate_tiledark
11:58:07 | INFO: Primitives created: 1
11:58:07 | INFO: Extracting primitive: daguanyuan_gate_tilelight
11:58:07 | INFO: Primitives created: 1
11:58:07 | INFO: Extracting primitive: daguanyuan_gate_wood
11:58:07 | INFO: Primitives created: 1
11:58:07 | INFO: Extracting primitive: qujingtongyou_bark.001
11:58:07 | INFO: Primitives created: 1
11:58:07 | INFO: Extracting primitive: qujingtongyou_canopy.001
11:58:07 | INFO: Primitives created: 1
11:58:07 | INFO: Extracting primitive: qujingtongyou_canopy_light.001
11:58:07 | INFO: Primitives created: 1
11:58:07 | INFO: Extracting primitive: qujingtongyou_canopy_shadow.001
11:58:07 | INFO: Primitives created: 1
11:58:07 | INFO: Extracting primitive: qujingtongyou_moss.001
11:58:07 | INFO: Primitives created: 1
11:58:07 | INFO: Extracting primitive: qujingtongyou_stone
11:58:07 | INFO: Primitives created: 1
11:58:07 | INFO: Extracting primitive: xiaoxiangguan_bamboo.001
11:58:07 | INFO: Primitives created: 1
11:58:07 | INFO: Extracting primitive: xiaoxiangguan_bark.001
11:58:07 | INFO: Primitives created: 1
11:58:07 | INFO: Extracting primitive: xiaoxiangguan_creamflower.001
11:58:07 | INFO: Primitives created: 1
11:58:07 | INFO: Extracting primitive: xiaoxiangguan_darkwood.001
11:58:07 | INFO: Primitives created: 1
11:58:07 | INFO: Extracting primitive: xiaoxiangguan_earth.001
11:58:07 | INFO: Primitives created: 1
11:58:07 | INFO: Extracting primitive: xiaoxiangguan_gold.001
11:58:07 | INFO: Primitives created: 1
11:58:07 | INFO: Extracting primitive: xiaoxiangguan_lantern.001
11:58:07 | INFO: Primitives created: 1
11:58:07 | INFO: Extracting primitive: xiaoxiangguan_leaf.001
11:58:07 | INFO: Primitives created: 1
11:58:07 | INFO: Extracting primitive: xiaoxiangguan_leafdark.001
11:58:07 | INFO: Primitives created: 1
11:58:07 | INFO: Extracting primitive: xiaoxiangguan_lightleaf.001
11:58:07 | INFO: Primitives created: 1
11:58:07 | INFO: Extracting primitive: xiaoxiangguan_moss
11:58:07 | INFO: Primitives created: 1
11:58:07 | INFO: Extracting primitive: xiaoxiangguan_paper.001
11:58:07 | INFO: Primitives created: 1
11:58:07 | INFO: Extracting primitive: xiaoxiangguan_paving
11:58:07 | INFO: Primitives created: 1
11:58:07 | INFO: Extracting primitive: xiaoxiangguan_plaster.001
11:58:07 | INFO: Primitives created: 1
11:58:07 | INFO: Extracting primitive: xiaoxiangguan_roof.001
11:58:07 | INFO: Primitives created: 1
11:58:07 | INFO: Extracting primitive: xiaoxiangguan_silk
11:58:07 | INFO: Primitives created: 1
11:58:07 | INFO: Extracting primitive: xiaoxiangguan_stone.001
11:58:07 | INFO: Primitives created: 1
11:58:07 | INFO: Extracting primitive: xiaoxiangguan_tile.001
11:58:07 | INFO: Primitives created: 1
11:58:07 | INFO: Extracting primitive: xiaoxiangguan_tiledark
11:58:07 | INFO: Primitives created: 1
11:58:07 | INFO: Extracting primitive: xiaoxiangguan_tilelight
11:58:07 | INFO: Primitives created: 1
11:58:07 | INFO: Extracting primitive: xiaoxiangguan_water
11:58:07 | INFO: Primitives created: 1
11:58:07 | INFO: Extracting primitive: xiaoxiangguan_wood.001
11:58:07 | INFO: Primitives created: 1
11:58:07 | INFO: Extracting primitive: yihongyuan_bamboo
11:58:07 | INFO: Primitives created: 1
11:58:07 | INFO: Extracting primitive: yihongyuan_bark.001
11:58:07 | INFO: Primitives created: 1
11:58:07 | INFO: Extracting primitive: yihongyuan_darkwood
11:58:07 | INFO: Primitives created: 1
11:58:07 | INFO: Extracting primitive: yihongyuan_earth
11:58:07 | INFO: Primitives created: 1
11:58:07 | INFO: Extracting primitive: yihongyuan_flower
11:58:07 | INFO: Primitives created: 1
11:58:07 | INFO: Extracting primitive: yihongyuan_gold.001
11:58:07 | INFO: Primitives created: 1
11:58:07 | INFO: Extracting primitive: yihongyuan_lantern.001
11:58:07 | INFO: Primitives created: 1
11:58:07 | INFO: Extracting primitive: yihongyuan_leaf
11:58:07 | INFO: Primitives created: 1
11:58:07 | INFO: Extracting primitive: yihongyuan_leafdark.001
11:58:07 | INFO: Primitives created: 1
11:58:07 | INFO: Extracting primitive: yihongyuan_lightleaf
11:58:07 | INFO: Primitives created: 1
11:58:07 | INFO: Extracting primitive: yihongyuan_moss
11:58:07 | INFO: Primitives created: 1
11:58:07 | INFO: Extracting primitive: yihongyuan_paper
11:58:07 | INFO: Primitives created: 1
11:58:07 | INFO: Extracting primitive: yihongyuan_paving
11:58:07 | INFO: Primitives created: 1
11:58:07 | INFO: Extracting primitive: yihongyuan_plaster
11:58:07 | INFO: Primitives created: 1
11:58:07 | INFO: Extracting primitive: yihongyuan_roof
11:58:07 | INFO: Primitives created: 1
11:58:07 | INFO: Extracting primitive: yihongyuan_screen
11:58:07 | INFO: Primitives created: 1
11:58:07 | INFO: Extracting primitive: yihongyuan_silk
11:58:07 | INFO: Primitives created: 1
11:58:07 | INFO: Extracting primitive: yihongyuan_stone
11:58:07 | INFO: Primitives created: 1
11:58:07 | INFO: Extracting primitive: yihongyuan_tile
11:58:07 | INFO: Primitives created: 1
11:58:07 | INFO: Extracting primitive: yihongyuan_tiledark
11:58:07 | INFO: Primitives created: 1
11:58:07 | INFO: Extracting primitive: yihongyuan_tilelight
11:58:07 | INFO: Primitives created: 1
11:58:07 | INFO: Extracting primitive: yihongyuan_wood
11:58:07 | INFO: Primitives created: 1
11:58:08 | INFO: Extracting primitive: hengwuyuan_clay
11:58:08 | INFO: Primitives created: 1
11:58:08 | INFO: Extracting primitive: hengwuyuan_creamflower
11:58:08 | INFO: Primitives created: 1
11:58:08 | INFO: Extracting primitive: hengwuyuan_darkwood
11:58:08 | INFO: Primitives created: 1
11:58:08 | INFO: Extracting primitive: hengwuyuan_earth
11:58:08 | INFO: Primitives created: 1
11:58:08 | INFO: Extracting primitive: hengwuyuan_gold.001
11:58:08 | INFO: Primitives created: 1
11:58:08 | INFO: Extracting primitive: hengwuyuan_lantern.001
11:58:08 | INFO: Primitives created: 1
11:58:08 | INFO: Extracting primitive: hengwuyuan_leaf
11:58:08 | INFO: Primitives created: 1
11:58:08 | INFO: Extracting primitive: hengwuyuan_leafdark
11:58:08 | INFO: Primitives created: 1
11:58:08 | INFO: Extracting primitive: hengwuyuan_lightleaf
11:58:08 | INFO: Primitives created: 1
11:58:08 | INFO: Extracting primitive: hengwuyuan_moss
11:58:08 | INFO: Primitives created: 1
11:58:08 | INFO: Extracting primitive: hengwuyuan_paper
11:58:08 | INFO: Primitives created: 1
11:58:08 | INFO: Extracting primitive: hengwuyuan_paving
11:58:08 | INFO: Primitives created: 1
11:58:08 | INFO: Extracting primitive: hengwuyuan_plaster
11:58:08 | INFO: Primitives created: 1
11:58:08 | INFO: Extracting primitive: hengwuyuan_roof
11:58:08 | INFO: Primitives created: 1
11:58:08 | INFO: Extracting primitive: hengwuyuan_screen
11:58:08 | INFO: Primitives created: 1
11:58:08 | INFO: Extracting primitive: hengwuyuan_stone
11:58:08 | INFO: Primitives created: 1
11:58:08 | INFO: Extracting primitive: hengwuyuan_tile
11:58:08 | INFO: Primitives created: 1
11:58:08 | INFO: Extracting primitive: hengwuyuan_tiledark
11:58:08 | INFO: Primitives created: 1
11:58:08 | INFO: Extracting primitive: hengwuyuan_tilelight
11:58:08 | INFO: Primitives created: 1
11:58:08 | INFO: Extracting primitive: hengwuyuan_wood
11:58:08 | INFO: Primitives created: 1
11:58:08 | INFO: Extracting primitive: qiushuangzhai_ceramic
11:58:08 | INFO: Primitives created: 1
11:58:08 | INFO: Extracting primitive: qiushuangzhai_creamflower
11:58:08 | INFO: Primitives created: 1
11:58:08 | INFO: Extracting primitive: qiushuangzhai_darkwood
11:58:08 | INFO: Primitives created: 1
11:58:08 | INFO: Extracting primitive: qiushuangzhai_earth
11:58:08 | INFO: Primitives created: 1
11:58:08 | INFO: Extracting primitive: qiushuangzhai_gold.001
11:58:08 | INFO: Primitives created: 1
11:58:08 | INFO: Extracting primitive: qiushuangzhai_lantern.001
11:58:08 | INFO: Primitives created: 1
11:58:08 | INFO: Extracting primitive: qiushuangzhai_leaf.001
11:58:08 | INFO: Primitives created: 1
11:58:08 | INFO: Extracting primitive: qiushuangzhai_leafdark
11:58:08 | INFO: Primitives created: 1
11:58:08 | INFO: Extracting primitive: qiushuangzhai_marble
11:58:08 | INFO: Primitives created: 1
11:58:08 | INFO: Extracting primitive: qiushuangzhai_moss
11:58:08 | INFO: Primitives created: 1
11:58:08 | INFO: Extracting primitive: qiushuangzhai_paper
11:58:08 | INFO: Primitives created: 1
11:58:08 | INFO: Extracting primitive: qiushuangzhai_paving
11:58:08 | INFO: Primitives created: 1
11:58:08 | INFO: Extracting primitive: qiushuangzhai_plaster
11:58:08 | INFO: Primitives created: 1
11:58:08 | INFO: Extracting primitive: qiushuangzhai_roof
11:58:08 | INFO: Primitives created: 1
11:58:08 | INFO: Extracting primitive: qiushuangzhai_silk
11:58:08 | INFO: Primitives created: 1
11:58:08 | INFO: Extracting primitive: qiushuangzhai_stone
11:58:08 | INFO: Primitives created: 1
11:58:08 | INFO: Extracting primitive: qiushuangzhai_tile
11:58:08 | INFO: Primitives created: 1
11:58:08 | INFO: Extracting primitive: qiushuangzhai_tiledark
11:58:08 | INFO: Primitives created: 1
11:58:08 | INFO: Extracting primitive: qiushuangzhai_tilelight
11:58:08 | INFO: Primitives created: 1
11:58:08 | INFO: Extracting primitive: qiushuangzhai_wood
11:58:08 | INFO: Primitives created: 1
11:58:08 | INFO: Extracting primitive: daoxiangcun_bark.001
11:58:08 | INFO: Primitives created: 1
11:58:08 | INFO: Extracting primitive: daoxiangcun_clay
11:58:08 | INFO: Primitives created: 1
11:58:08 | INFO: Extracting primitive: daoxiangcun_creamflower
11:58:08 | INFO: Primitives created: 1
11:58:08 | INFO: Extracting primitive: daoxiangcun_darkwood
11:58:08 | INFO: Primitives created: 1
11:58:08 | INFO: Extracting primitive: daoxiangcun_flower
11:58:08 | INFO: Primitives created: 1
11:58:08 | INFO: Extracting primitive: daoxiangcun_lightleaf
11:58:08 | INFO: Primitives created: 1
11:58:08 | INFO: Extracting primitive: daoxiangcun_paving
11:58:08 | INFO: Primitives created: 1
11:58:08 | INFO: Extracting primitive: daoxiangcun_screen
11:58:08 | INFO: Primitives created: 1
11:58:08 | INFO: Extracting primitive: daoxiangcun_stone
11:58:08 | INFO: Primitives created: 1
11:58:08 | INFO: Extracting primitive: daoxiangcun_thatch
11:58:08 | INFO: Primitives created: 1
11:58:08 | INFO: Extracting primitive: daoxiangcun_wood
11:58:08 | INFO: Primitives created: 1
11:58:08 | INFO: Extracting primitive: ouxiangxie_darkwood
11:58:08 | INFO: Primitives created: 1
11:58:08 | INFO: Extracting primitive: ouxiangxie_paper.001
11:58:08 | INFO: Primitives created: 1
11:58:08 | INFO: Extracting primitive: ouxiangxie_roof
11:58:08 | INFO: Primitives created: 1
11:58:08 | INFO: Extracting primitive: ouxiangxie_screen.001
11:58:08 | INFO: Primitives created: 1
11:58:08 | INFO: Extracting primitive: ouxiangxie_stone
11:58:08 | INFO: Primitives created: 1
11:58:08 | INFO: Extracting primitive: ouxiangxie_tile
11:58:08 | INFO: Primitives created: 1
11:58:08 | INFO: Extracting primitive: ouxiangxie_tiledark
11:58:08 | INFO: Primitives created: 1
11:58:08 | INFO: Extracting primitive: ouxiangxie_tilelight
11:58:08 | INFO: Primitives created: 1
11:58:08 | INFO: Extracting primitive: ouxiangxie_wood
11:58:08 | INFO: Primitives created: 1
11:58:08 | INFO: Extracting primitive: dicuiting_darkwood.001
11:58:08 | INFO: Primitives created: 1
11:58:08 | INFO: Extracting primitive: dicuiting_gold.001
11:58:08 | INFO: Primitives created: 1
11:58:08 | INFO: Extracting primitive: dicuiting_lantern.001
11:58:08 | INFO: Primitives created: 1
11:58:08 | INFO: Extracting primitive: dicuiting_roof
11:58:08 | INFO: Primitives created: 1
11:58:08 | INFO: Extracting primitive: dicuiting_stone
11:58:08 | INFO: Primitives created: 1
11:58:08 | INFO: Extracting primitive: dicuiting_tile
11:58:08 | INFO: Primitives created: 1
11:58:08 | INFO: Extracting primitive: dicuiting_tiledark.001
11:58:08 | INFO: Primitives created: 1
11:58:08 | INFO: Extracting primitive: dicuiting_tilelight.001
11:58:08 | INFO: Primitives created: 1
11:58:08 | INFO: Extracting primitive: dicuiting_wood
11:58:08 | INFO: Primitives created: 1
11:58:08 | INFO: Extracting primitive: luxuean_bamboo
11:58:08 | INFO: Primitives created: 1
11:58:08 | INFO: Extracting primitive: luxuean_clay
11:58:08 | INFO: Primitives created: 1
11:58:08 | INFO: Extracting primitive: luxuean_lightleaf
11:58:08 | INFO: Primitives created: 1
11:58:08 | INFO: Extracting primitive: luxuean_paving
11:58:08 | INFO: Primitives created: 1
11:58:08 | INFO: Extracting primitive: luxuean_stone
11:58:08 | INFO: Primitives created: 1
11:58:08 | INFO: Extracting primitive: luxuean_thatch
11:58:08 | INFO: Primitives created: 1
11:58:08 | INFO: Extracting primitive: luxuean_wood
11:58:08 | INFO: Primitives created: 1
11:58:08 | INFO: Extracting primitive: tubishanzhuang_bark.001
11:58:08 | INFO: Primitives created: 1
11:58:08 | INFO: Extracting primitive: tubishanzhuang_canopy.001
11:58:08 | INFO: Primitives created: 1
11:58:08 | INFO: Extracting primitive: tubishanzhuang_canopy_light.001
11:58:08 | INFO: Primitives created: 1
11:58:08 | INFO: Extracting primitive: tubishanzhuang_canopy_shadow.001
11:58:08 | INFO: Primitives created: 1
11:58:08 | INFO: Extracting primitive: tubishanzhuang_darkwood
11:58:08 | INFO: Primitives created: 1
11:58:08 | INFO: Extracting primitive: tubishanzhuang_paper.001
11:58:08 | INFO: Primitives created: 1
11:58:08 | INFO: Extracting primitive: tubishanzhuang_paving
11:58:08 | INFO: Primitives created: 1
11:58:08 | INFO: Extracting primitive: tubishanzhuang_plaster
11:58:08 | INFO: Primitives created: 1
11:58:08 | INFO: Extracting primitive: tubishanzhuang_roof
11:58:08 | INFO: Primitives created: 1
11:58:08 | INFO: Extracting primitive: tubishanzhuang_stone
11:58:08 | INFO: Primitives created: 1
11:58:08 | INFO: Extracting primitive: tubishanzhuang_tile
11:58:08 | INFO: Primitives created: 1
11:58:08 | INFO: Extracting primitive: tubishanzhuang_tiledark
11:58:08 | INFO: Primitives created: 1
11:58:08 | INFO: Extracting primitive: tubishanzhuang_tilelight
11:58:08 | INFO: Primitives created: 1
11:58:08 | INFO: Extracting primitive: tubishanzhuang_wood
11:58:08 | INFO: Primitives created: 1
11:58:08 | INFO: Extracting primitive: aojingxiguan_bark.001
11:58:08 | INFO: Primitives created: 1
11:58:08 | INFO: Extracting primitive: aojingxiguan_canopy.001
11:58:08 | INFO: Primitives created: 1
11:58:08 | INFO: Extracting primitive: aojingxiguan_canopy_light.001
11:58:08 | INFO: Primitives created: 1
11:58:08 | INFO: Extracting primitive: aojingxiguan_canopy_shadow.001
11:58:08 | INFO: Primitives created: 1
11:58:08 | INFO: Extracting primitive: aojingxiguan_darkwood
11:58:08 | INFO: Primitives created: 1
11:58:08 | INFO: Extracting primitive: aojingxiguan_paper.001
11:58:08 | INFO: Primitives created: 1
11:58:08 | INFO: Extracting primitive: aojingxiguan_paving
11:58:08 | INFO: Primitives created: 1
11:58:08 | INFO: Extracting primitive: aojingxiguan_plaster
11:58:08 | INFO: Primitives created: 1
11:58:08 | INFO: Extracting primitive: aojingxiguan_roof
11:58:08 | INFO: Primitives created: 1
11:58:08 | INFO: Extracting primitive: aojingxiguan_stone
11:58:08 | INFO: Primitives created: 1
11:58:08 | INFO: Extracting primitive: aojingxiguan_tile
11:58:08 | INFO: Primitives created: 1
11:58:08 | INFO: Extracting primitive: aojingxiguan_tiledark
11:58:08 | INFO: Primitives created: 1
11:58:08 | INFO: Extracting primitive: aojingxiguan_tilelight
11:58:08 | INFO: Primitives created: 1
11:58:08 | INFO: Extracting primitive: aojingxiguan_wood
11:58:08 | INFO: Primitives created: 1
11:58:08 | INFO: Extracting primitive: daguanlou_bark.001
11:58:08 | INFO: Primitives created: 1
11:58:08 | INFO: Extracting primitive: daguanlou_canopy.001
11:58:08 | INFO: Primitives created: 1
11:58:08 | INFO: Extracting primitive: daguanlou_canopy_light.001
11:58:08 | INFO: Primitives created: 1
11:58:08 | INFO: Extracting primitive: daguanlou_canopy_shadow.001
11:58:08 | INFO: Primitives created: 1
11:58:08 | INFO: Extracting primitive: daguanlou_ceramic.001
11:58:08 | INFO: Primitives created: 1
11:58:08 | INFO: Extracting primitive: daguanlou_darkwood.001
11:58:08 | INFO: Primitives created: 1
11:58:08 | INFO: Extracting primitive: daguanlou_gold.001
11:58:08 | INFO: Primitives created: 1
11:58:08 | INFO: Extracting primitive: daguanlou_lantern.001
11:58:08 | INFO: Primitives created: 1
11:58:08 | INFO: Extracting primitive: daguanlou_paper.001
11:58:08 | INFO: Primitives created: 1
11:58:08 | INFO: Extracting primitive: daguanlou_paving.001
11:58:08 | INFO: Primitives created: 1
11:58:08 | INFO: Extracting primitive: daguanlou_plaster.001
11:58:08 | INFO: Primitives created: 1
11:58:08 | INFO: Extracting primitive: daguanlou_roof.001
11:58:08 | INFO: Primitives created: 1
11:58:08 | INFO: Extracting primitive: daguanlou_screen.001
11:58:08 | INFO: Primitives created: 1
11:58:08 | INFO: Extracting primitive: daguanlou_stone.001
11:58:08 | INFO: Primitives created: 1
11:58:10 | INFO: Extracting primitive: daguanlou_tile.001
11:58:10 | INFO: Primitives created: 1
11:58:10 | INFO: Extracting primitive: daguanlou_tiledark.001
11:58:10 | INFO: Primitives created: 1
11:58:10 | INFO: Extracting primitive: daguanlou_tilelight.001
11:58:10 | INFO: Primitives created: 1
11:58:11 | INFO: Extracting primitive: daguanlou_wood.001
11:58:11 | INFO: Primitives created: 1
11:58:11 | INFO: Extracting primitive: longcuian_bark.001
11:58:11 | INFO: Primitives created: 1
11:58:11 | INFO: Extracting primitive: longcuian_canopy.001
11:58:11 | INFO: Primitives created: 1
11:58:11 | INFO: Extracting primitive: longcuian_canopy_light.001
11:58:11 | INFO: Primitives created: 1
11:58:11 | INFO: Extracting primitive: longcuian_canopy_shadow.001
11:58:11 | INFO: Primitives created: 1
11:58:11 | INFO: Extracting primitive: longcuian_ceramic.001
11:58:11 | INFO: Primitives created: 1
11:58:11 | INFO: Extracting primitive: longcuian_darkwood.001
11:58:11 | INFO: Primitives created: 1
11:58:11 | INFO: Extracting primitive: longcuian_flower.001
11:58:11 | INFO: Primitives created: 1
11:58:11 | INFO: Extracting primitive: longcuian_paper.001
11:58:11 | INFO: Primitives created: 1
11:58:11 | INFO: Extracting primitive: longcuian_paving.001
11:58:11 | INFO: Primitives created: 1
11:58:11 | INFO: Extracting primitive: longcuian_plaster.001
11:58:11 | INFO: Primitives created: 1
11:58:11 | INFO: Extracting primitive: longcuian_roof.001
11:58:11 | INFO: Primitives created: 1
11:58:11 | INFO: Extracting primitive: longcuian_screen.001
11:58:11 | INFO: Primitives created: 1
11:58:11 | INFO: Extracting primitive: longcuian_stone.001
11:58:11 | INFO: Primitives created: 1
11:58:11 | INFO: Extracting primitive: longcuian_tile.001
11:58:11 | INFO: Primitives created: 1
11:58:11 | INFO: Extracting primitive: longcuian_tiledark.001
11:58:11 | INFO: Primitives created: 1
11:58:11 | INFO: Extracting primitive: longcuian_tilelight.001
11:58:11 | INFO: Primitives created: 1
11:58:11 | INFO: Extracting primitive: longcuian_wood.001
11:58:11 | INFO: Primitives created: 1
11:58:11 | INFO: Extracting primitive: nuanxiangwu_bark.001
11:58:11 | INFO: Primitives created: 1
11:58:11 | INFO: Extracting primitive: nuanxiangwu_ceramic.001
11:58:11 | INFO: Primitives created: 1
11:58:11 | INFO: Extracting primitive: nuanxiangwu_creamflower.001
11:58:11 | INFO: Primitives created: 1
11:58:11 | INFO: Extracting primitive: nuanxiangwu_darkwood.001
11:58:11 | INFO: Primitives created: 1
11:58:11 | INFO: Extracting primitive: nuanxiangwu_paper.001
11:58:11 | INFO: Primitives created: 1
11:58:11 | INFO: Extracting primitive: nuanxiangwu_paving.001
11:58:11 | INFO: Primitives created: 1
11:58:11 | INFO: Extracting primitive: nuanxiangwu_plaster.001
11:58:11 | INFO: Primitives created: 1
11:58:11 | INFO: Extracting primitive: nuanxiangwu_roof.001
11:58:11 | INFO: Primitives created: 1
11:58:11 | INFO: Extracting primitive: nuanxiangwu_screen.001
11:58:11 | INFO: Primitives created: 1
11:58:11 | INFO: Extracting primitive: nuanxiangwu_silk.001
11:58:11 | INFO: Primitives created: 1
11:58:11 | INFO: Extracting primitive: nuanxiangwu_stone.001
11:58:11 | INFO: Primitives created: 1
11:58:11 | INFO: Extracting primitive: nuanxiangwu_tile.001
11:58:11 | INFO: Primitives created: 1
11:58:11 | INFO: Extracting primitive: nuanxiangwu_tiledark.001
11:58:11 | INFO: Primitives created: 1
11:58:11 | INFO: Extracting primitive: nuanxiangwu_tilelight.001
11:58:11 | INFO: Primitives created: 1
11:58:11 | INFO: Extracting primitive: nuanxiangwu_wood.001
11:58:11 | INFO: Primitives created: 1
11:58:11 | INFO: Extracting primitive: landscape_earth
11:58:11 | INFO: Primitives created: 1
11:58:11 | INFO: Extracting primitive: landscape_stone
11:58:11 | INFO: Primitives created: 1
11:58:11 | INFO: Extracting primitive: landscape_leafdark.001
11:58:12 | INFO: Primitives created: 1
11:58:12 | INFO: Extracting primitive: landscape_leaf.001
11:58:12 | INFO: Primitives created: 1
11:58:12 | INFO: Extracting primitive: landscape_moss.001
11:58:12 | INFO: Primitives created: 1
11:58:12 | INFO: Extracting primitive: landscape_bark.001
11:58:12 | INFO: Primitives created: 1
11:58:12 | INFO: Extracting primitive: landscape_bamboo
11:58:12 | INFO: Primitives created: 1
11:58:12 | INFO: Extracting primitive: landscape_canopy_light.001
11:58:12 | INFO: Primitives created: 1
11:58:12 | INFO: Extracting primitive: landscape_creamflower
11:58:12 | INFO: Primitives created: 1
11:58:12 | INFO: Extracting primitive: landscape_flower
11:58:12 | INFO: Primitives created: 1
11:58:12 | INFO: Extracting primitive: landscape_plaster.001
11:58:12 | INFO: Primitives created: 1
11:58:12 | INFO: Extracting primitive: landscape_roof.001
11:58:12 | INFO: Primitives created: 1
11:58:13 | INFO: Extracting primitive: landscape_tile.001
11:58:13 | INFO: Primitives created: 1
11:58:13 | INFO: Extracting primitive: landscape_paving.001
11:58:13 | INFO: Primitives created: 1
11:58:13 | INFO: Extracting primitive: landscape_wood
11:58:13 | INFO: Primitives created: 1
11:58:13 | INFO: Extracting primitive: landscape_tiledark.001
11:58:13 | INFO: Primitives created: 1
11:58:13 | INFO: Extracting primitive: landscape_tilelight.001
11:58:13 | INFO: Primitives created: 1
11:58:13 | INFO: Extracting primitive: landscape_darkwood.001
11:58:13 | INFO: Primitives created: 1
11:58:13 | INFO: Extracting primitive: landscape_lantern.001
11:58:13 | INFO: Primitives created: 1
11:58:13 | INFO: Extracting primitive: landscape_gold.001
11:58:13 | INFO: Primitives created: 1
11:58:13 | INFO: Extracting primitive: landscape_lightleaf
11:58:13 | INFO: Primitives created: 1
11:58:13 | INFO: Finished glTF 2.0 export in 6.891903638839722 s
WARN (bke.modifier): C:\Users\blender\git\blender-v450\blender.git\source\blender\blenkernel\intern\modifier.cc:425 BKE_modifier_set_error: Object: "xiaoxiangguan_water", Modifier: "Mobile_Overview", Modifier requires more than 3 input faces

11:58:29 | INFO: Starting glTF 2.0 export
11:58:29 | WARNING: Mesh Mobile_daguanyuan_gate is not valid, and may be exported wrongly
11:58:29 | INFO: Extracting primitive: Mobile_daguanyuan_gate
11:58:29 | INFO: Primitives created: 1
11:58:29 | INFO: Extracting primitive: Mobile_qujingtongyou
11:58:29 | INFO: Primitives created: 1
11:58:29 | WARNING: Mesh Mobile_xiaoxiangguan is not valid, and may be exported wrongly
11:58:29 | INFO: Extracting primitive: Mobile_xiaoxiangguan
11:58:29 | INFO: Primitives created: 1
11:58:29 | INFO: Extracting primitive: xiaoxiangguan_lantern.001
11:58:29 | INFO: Primitives created: 1
11:58:29 | WARNING: Mesh Mobile_yihongyuan is not valid, and may be exported wrongly
11:58:29 | INFO: Extracting primitive: Mobile_yihongyuan
11:58:29 | INFO: Primitives created: 1
11:58:29 | INFO: Extracting primitive: yihongyuan_lantern.001
11:58:29 | INFO: Primitives created: 1
11:58:29 | INFO: Extracting primitive: hengwuyuan_lantern.001
11:58:29 | INFO: Primitives created: 1
11:58:29 | WARNING: Mesh Mobile_hengwuyuan is not valid, and may be exported wrongly
11:58:29 | INFO: Extracting primitive: Mobile_hengwuyuan
11:58:29 | INFO: Primitives created: 1
11:58:29 | WARNING: Mesh Mobile_qiushuangzhai is not valid, and may be exported wrongly
11:58:29 | INFO: Extracting primitive: Mobile_qiushuangzhai
11:58:29 | INFO: Primitives created: 1
11:58:29 | INFO: Extracting primitive: qiushuangzhai_lantern.001
11:58:29 | INFO: Primitives created: 1
11:58:29 | WARNING: Mesh Mobile_daoxiangcun is not valid, and may be exported wrongly
11:58:29 | INFO: Extracting primitive: Mobile_daoxiangcun
11:58:29 | INFO: Primitives created: 1
11:58:29 | WARNING: Mesh Mobile_ouxiangxie is not valid, and may be exported wrongly
11:58:29 | INFO: Extracting primitive: Mobile_ouxiangxie
11:58:29 | INFO: Primitives created: 1
11:58:29 | INFO: Extracting primitive: dicuiting_lantern.001
11:58:29 | INFO: Primitives created: 1
11:58:29 | WARNING: Mesh Mobile_dicuiting is not valid, and may be exported wrongly
11:58:29 | INFO: Extracting primitive: Mobile_dicuiting
11:58:29 | INFO: Primitives created: 1
11:58:29 | WARNING: Mesh Mobile_luxuean is not valid, and may be exported wrongly
11:58:29 | INFO: Extracting primitive: Mobile_luxuean
11:58:29 | INFO: Primitives created: 1
11:58:29 | WARNING: Mesh Mobile_tubishanzhuang is not valid, and may be exported wrongly
11:58:29 | INFO: Extracting primitive: Mobile_tubishanzhuang
11:58:29 | INFO: Primitives created: 1
11:58:29 | WARNING: Mesh Mobile_aojingxiguan is not valid, and may be exported wrongly
11:58:29 | INFO: Extracting primitive: Mobile_aojingxiguan
11:58:29 | INFO: Primitives created: 1
11:58:29 | INFO: Extracting primitive: daguanlou_lantern.001
11:58:29 | INFO: Primitives created: 1
11:58:29 | WARNING: Mesh Mobile_daguanlou is not valid, and may be exported wrongly
11:58:29 | INFO: Extracting primitive: Mobile_daguanlou
11:58:29 | INFO: Primitives created: 1
11:58:29 | WARNING: Mesh Mobile_longcuian is not valid, and may be exported wrongly
11:58:29 | INFO: Extracting primitive: Mobile_longcuian
11:58:29 | INFO: Primitives created: 1
11:58:29 | WARNING: Mesh Mobile_nuanxiangwu is not valid, and may be exported wrongly
11:58:29 | INFO: Extracting primitive: Mobile_nuanxiangwu
11:58:29 | INFO: Primitives created: 1
11:58:29 | INFO: Extracting primitive: landscape_lantern.001
11:58:29 | INFO: Primitives created: 1
11:58:29 | WARNING: Mesh Mobile_landscape is not valid, and may be exported wrongly
11:58:29 | INFO: Extracting primitive: Mobile_landscape
11:58:29 | INFO: Primitives created: 1
11:58:29 | INFO: Finished glTF 2.0 export in 0.30808115005493164 s

REFERENCE WORLD COMPLETE 271
Blender 4.5.9 LTS (hash 8bf95cbd38d1 built 2026-04-21 01:33:45)
Read blend: "D:\Users\Lenovo\Desktop\大观园\blender\daguanyuan_master.blend"

Blender quit
