
> daguanyuan-rumeng@1.0.0 models:build
> node scripts/pipeline.mjs models

11:47:13 | INFO: Data are loaded, start creating Blender stuff
11:47:13 | INFO: Blender create Mesh node island_trees_01_blockout_cleaned
11:47:14 | INFO: glTF import finished in 1.52s
INFO Draco mesh compression is available, use library at D:\Users\Lenovo\Desktop\大观园\.tools\blender-4.5.9-windows-x64\4.5\scripts\addons_core\io_scene_gltf2\extern_draco.dll
11:47:15 | INFO: Starting glTF 2.0 export
11:47:15 | INFO: Extracting primitive: Reference_Tree_Prototype_trunk.003
11:47:15 | WARNING: More than one shader node tex image used for a texture. The resulting glTF sampler will behave like the first shader node tex image.
11:47:15 | INFO: Primitives created: 2
11:47:15 | INFO: Finished glTF 2.0 export in 0.06546688079833984 s

11:47:16 | INFO: Starting glTF 2.0 export
11:47:16 | INFO: Extracting primitive: Reference_Tree_Mobile_trunk
11:47:16 | WARNING: More than one shader node tex image used for a texture. The resulting glTF sampler will behave like the first shader node tex image.
11:47:16 | INFO: Primitives created: 2
11:47:16 | INFO: Finished glTF 2.0 export in 0.013568401336669922 s

CANOPY LOD 10173
11:47:16 | INFO: Data are loaded, start creating Blender stuff
11:47:16 | INFO: Blender create Mesh node Plane.001
11:47:17 | INFO: glTF import finished in 1.22s
Warning: No mesh data to join
11:47:39 | INFO: Starting glTF 2.0 export
11:47:39 | INFO: Extracting primitive: daguanyuan_gate_darkwood
11:47:39 | INFO: Primitives created: 1
11:47:39 | INFO: Extracting primitive: daguanyuan_gate_paper.001
11:47:39 | INFO: Primitives created: 1
11:47:39 | INFO: Extracting primitive: daguanyuan_gate_paving
11:47:39 | INFO: Primitives created: 1
11:47:39 | INFO: Extracting primitive: daguanyuan_gate_plaster
11:47:39 | INFO: Primitives created: 1
11:47:39 | INFO: Extracting primitive: daguanyuan_gate_roof
11:47:39 | INFO: Primitives created: 1
11:47:39 | INFO: Extracting primitive: daguanyuan_gate_stone
11:47:39 | INFO: Primitives created: 1
11:47:39 | INFO: Extracting primitive: daguanyuan_gate_tile
11:47:39 | INFO: Primitives created: 1
11:47:39 | INFO: Extracting primitive: daguanyuan_gate_tiledark
11:47:39 | INFO: Primitives created: 1
11:47:39 | INFO: Extracting primitive: daguanyuan_gate_tilelight
11:47:39 | INFO: Primitives created: 1
11:47:39 | INFO: Extracting primitive: daguanyuan_gate_wood
11:47:39 | INFO: Primitives created: 1
11:47:39 | INFO: Finished glTF 2.0 export in 0.11244082450866699 s

11:47:39 | INFO: Starting glTF 2.0 export
11:47:39 | INFO: Extracting primitive: daguanyuan_gate_darkwood
11:47:39 | INFO: Primitives created: 1
11:47:39 | INFO: Extracting primitive: daguanyuan_gate_paper.001
11:47:39 | INFO: Primitives created: 1
11:47:39 | INFO: Extracting primitive: daguanyuan_gate_paving
11:47:39 | INFO: Primitives created: 1
11:47:39 | INFO: Extracting primitive: daguanyuan_gate_plaster
11:47:39 | INFO: Primitives created: 1
11:47:39 | INFO: Extracting primitive: daguanyuan_gate_roof
11:47:39 | INFO: Primitives created: 1
11:47:39 | INFO: Extracting primitive: daguanyuan_gate_stone
11:47:39 | INFO: Primitives created: 1
11:47:39 | INFO: Extracting primitive: daguanyuan_gate_tile
11:47:39 | INFO: Primitives created: 1
11:47:39 | INFO: Extracting primitive: daguanyuan_gate_tiledark
11:47:39 | INFO: Primitives created: 1
11:47:39 | INFO: Extracting primitive: daguanyuan_gate_tilelight
11:47:39 | INFO: Primitives created: 1
11:47:39 | INFO: Extracting primitive: daguanyuan_gate_wood
11:47:39 | INFO: Primitives created: 1
11:47:39 | INFO: Finished glTF 2.0 export in 0.1384413242340088 s

REFERENCE PLACE daguanyuan_gate
11:47:39 | INFO: Starting glTF 2.0 export
11:47:39 | INFO: Extracting primitive: qujingtongyou_bark.001
11:47:39 | INFO: Primitives created: 1
11:47:39 | INFO: Extracting primitive: qujingtongyou_canopy.001
11:47:39 | INFO: Primitives created: 1
11:47:39 | INFO: Extracting primitive: qujingtongyou_canopy_light.001
11:47:39 | INFO: Primitives created: 1
11:47:39 | INFO: Extracting primitive: qujingtongyou_canopy_shadow.001
11:47:39 | INFO: Primitives created: 1
11:47:39 | INFO: Extracting primitive: qujingtongyou_moss.001
11:47:39 | INFO: Primitives created: 1
11:47:39 | INFO: Extracting primitive: qujingtongyou_stone
11:47:39 | INFO: Primitives created: 1
11:47:39 | INFO: Finished glTF 2.0 export in 0.030000686645507812 s

11:47:39 | INFO: Starting glTF 2.0 export
11:47:39 | INFO: Extracting primitive: qujingtongyou_bark.001
11:47:39 | INFO: Primitives created: 1
11:47:39 | INFO: Extracting primitive: qujingtongyou_canopy.001
11:47:39 | INFO: Primitives created: 1
11:47:39 | INFO: Extracting primitive: qujingtongyou_canopy_light.001
11:47:39 | INFO: Primitives created: 1
11:47:39 | INFO: Extracting primitive: qujingtongyou_canopy_shadow.001
11:47:39 | INFO: Primitives created: 1
11:47:39 | INFO: Extracting primitive: qujingtongyou_moss.001
11:47:39 | INFO: Primitives created: 1
11:47:39 | INFO: Extracting primitive: qujingtongyou_stone
11:47:39 | INFO: Primitives created: 1
11:47:39 | INFO: Finished glTF 2.0 export in 0.03684639930725098 s

REFERENCE PLACE qujingtongyou
11:47:41 | INFO: Starting glTF 2.0 export
11:47:41 | INFO: Extracting primitive: xiaoxiangguan_bamboo.001
11:47:41 | INFO: Primitives created: 1
11:47:41 | INFO: Extracting primitive: xiaoxiangguan_bark.001
11:47:41 | INFO: Primitives created: 1
11:47:41 | INFO: Extracting primitive: xiaoxiangguan_creamflower.001
11:47:41 | INFO: Primitives created: 1
11:47:41 | INFO: Extracting primitive: xiaoxiangguan_darkwood.001
11:47:41 | INFO: Primitives created: 1
11:47:41 | INFO: Extracting primitive: xiaoxiangguan_earth.001
11:47:41 | INFO: Primitives created: 1
11:47:41 | INFO: Extracting primitive: xiaoxiangguan_gold.001
11:47:41 | INFO: Primitives created: 1
11:47:41 | INFO: Extracting primitive: xiaoxiangguan_lantern.001
11:47:41 | INFO: Primitives created: 1
11:47:41 | INFO: Extracting primitive: xiaoxiangguan_leaf.001
11:47:41 | INFO: Primitives created: 1
11:47:41 | INFO: Extracting primitive: xiaoxiangguan_leafdark.001
11:47:41 | INFO: Primitives created: 1
11:47:41 | INFO: Extracting primitive: xiaoxiangguan_lightleaf.001
11:47:41 | INFO: Primitives created: 1
11:47:41 | INFO: Extracting primitive: xiaoxiangguan_moss
11:47:41 | INFO: Primitives created: 1
11:47:41 | INFO: Extracting primitive: xiaoxiangguan_paper.001
11:47:41 | INFO: Primitives created: 1
11:47:41 | INFO: Extracting primitive: xiaoxiangguan_paving
11:47:41 | INFO: Primitives created: 1
11:47:41 | INFO: Extracting primitive: xiaoxiangguan_plaster.001
11:47:41 | INFO: Primitives created: 1
11:47:41 | INFO: Extracting primitive: xiaoxiangguan_roof.001
11:47:41 | INFO: Primitives created: 1
11:47:41 | INFO: Extracting primitive: xiaoxiangguan_silk
11:47:41 | INFO: Primitives created: 1
11:47:41 | INFO: Extracting primitive: xiaoxiangguan_stone.001
11:47:41 | INFO: Primitives created: 1
11:47:41 | INFO: Extracting primitive: xiaoxiangguan_tile.001
11:47:41 | INFO: Primitives created: 1
11:47:41 | INFO: Extracting primitive: xiaoxiangguan_tiledark
11:47:41 | INFO: Primitives created: 1
11:47:41 | INFO: Extracting primitive: xiaoxiangguan_tilelight
11:47:41 | INFO: Primitives created: 1
11:47:41 | INFO: Extracting primitive: xiaoxiangguan_water
11:47:41 | INFO: Primitives created: 1
11:47:41 | INFO: Extracting primitive: xiaoxiangguan_wood.001
11:47:41 | INFO: Primitives created: 1
11:47:41 | INFO: Finished glTF 2.0 export in 0.3766815662384033 s

11:47:42 | INFO: Starting glTF 2.0 export
11:47:42 | INFO: Extracting primitive: xiaoxiangguan_bamboo.001
11:47:42 | INFO: Primitives created: 1
11:47:42 | INFO: Extracting primitive: xiaoxiangguan_bark.001
11:47:42 | INFO: Primitives created: 1
11:47:42 | INFO: Extracting primitive: xiaoxiangguan_creamflower.001
11:47:42 | INFO: Primitives created: 1
11:47:42 | INFO: Extracting primitive: xiaoxiangguan_darkwood.001
11:47:42 | INFO: Primitives created: 1
11:47:42 | INFO: Extracting primitive: xiaoxiangguan_earth.001
11:47:42 | INFO: Primitives created: 1
11:47:42 | INFO: Extracting primitive: xiaoxiangguan_gold.001
11:47:42 | INFO: Primitives created: 1
11:47:42 | INFO: Extracting primitive: xiaoxiangguan_lantern.001
11:47:42 | INFO: Primitives created: 1
11:47:42 | INFO: Extracting primitive: xiaoxiangguan_leaf.001
11:47:42 | INFO: Primitives created: 1
11:47:42 | INFO: Extracting primitive: xiaoxiangguan_leafdark.001
11:47:42 | INFO: Primitives created: 1
11:47:42 | INFO: Extracting primitive: xiaoxiangguan_lightleaf.001
11:47:42 | INFO: Primitives created: 1
11:47:42 | INFO: Extracting primitive: xiaoxiangguan_moss
11:47:42 | INFO: Primitives created: 1
11:47:42 | INFO: Extracting primitive: xiaoxiangguan_paper.001
11:47:42 | INFO: Primitives created: 1
11:47:42 | INFO: Extracting primitive: xiaoxiangguan_paving
11:47:42 | INFO: Primitives created: 1
11:47:42 | INFO: Extracting primitive: xiaoxiangguan_plaster.001
11:47:42 | INFO: Primitives created: 1
11:47:42 | INFO: Extracting primitive: xiaoxiangguan_roof.001
11:47:42 | INFO: Primitives created: 1
11:47:42 | INFO: Extracting primitive: xiaoxiangguan_silk
11:47:42 | INFO: Primitives created: 1
11:47:42 | INFO: Extracting primitive: xiaoxiangguan_stone.001
11:47:42 | INFO: Primitives created: 1
11:47:42 | INFO: Extracting primitive: xiaoxiangguan_tile.001
11:47:42 | INFO: Primitives created: 1
11:47:42 | INFO: Extracting primitive: xiaoxiangguan_tiledark
11:47:42 | INFO: Primitives created: 1
11:47:42 | INFO: Extracting primitive: xiaoxiangguan_tilelight
11:47:42 | INFO: Primitives created: 1
11:47:42 | INFO: Extracting primitive: xiaoxiangguan_water
11:47:42 | INFO: Primitives created: 1
11:47:42 | INFO: Extracting primitive: xiaoxiangguan_wood.001
11:47:42 | INFO: Primitives created: 1
11:47:42 | INFO: Finished glTF 2.0 export in 0.6209917068481445 s

REFERENCE PLACE xiaoxiangguan
11:47:43 | INFO: Starting glTF 2.0 export
11:47:43 | INFO: Extracting primitive: yihongyuan_bamboo
11:47:43 | INFO: Primitives created: 1
11:47:43 | INFO: Extracting primitive: yihongyuan_bark.001
11:47:43 | INFO: Primitives created: 1
11:47:43 | INFO: Extracting primitive: yihongyuan_darkwood
11:47:43 | INFO: Primitives created: 1
11:47:43 | INFO: Extracting primitive: yihongyuan_earth
11:47:43 | INFO: Primitives created: 1
11:47:43 | INFO: Extracting primitive: yihongyuan_flower
11:47:43 | INFO: Primitives created: 1
11:47:43 | INFO: Extracting primitive: yihongyuan_gold.001
11:47:43 | INFO: Primitives created: 1
11:47:43 | INFO: Extracting primitive: yihongyuan_lantern.001
11:47:43 | INFO: Primitives created: 1
11:47:43 | INFO: Extracting primitive: yihongyuan_leaf
11:47:43 | INFO: Primitives created: 1
11:47:43 | INFO: Extracting primitive: yihongyuan_leafdark.001
11:47:43 | INFO: Primitives created: 1
11:47:43 | INFO: Extracting primitive: yihongyuan_lightleaf
11:47:43 | INFO: Primitives created: 1
11:47:43 | INFO: Extracting primitive: yihongyuan_moss
11:47:43 | INFO: Primitives created: 1
11:47:43 | INFO: Extracting primitive: yihongyuan_paper
11:47:43 | INFO: Primitives created: 1
11:47:43 | INFO: Extracting primitive: yihongyuan_paving
11:47:43 | INFO: Primitives created: 1
11:47:43 | INFO: Extracting primitive: yihongyuan_plaster
11:47:43 | INFO: Primitives created: 1
11:47:43 | INFO: Extracting primitive: yihongyuan_roof
11:47:43 | INFO: Primitives created: 1
11:47:43 | INFO: Extracting primitive: yihongyuan_screen
11:47:43 | INFO: Primitives created: 1
11:47:43 | INFO: Extracting primitive: yihongyuan_silk
11:47:43 | INFO: Primitives created: 1
11:47:43 | INFO: Extracting primitive: yihongyuan_stone
11:47:43 | INFO: Primitives created: 1
11:47:43 | INFO: Extracting primitive: yihongyuan_tile
11:47:43 | INFO: Primitives created: 1
11:47:43 | INFO: Extracting primitive: yihongyuan_tiledark
11:47:43 | INFO: Primitives created: 1
11:47:43 | INFO: Extracting primitive: yihongyuan_tilelight
11:47:43 | INFO: Primitives created: 1
11:47:43 | INFO: Extracting primitive: yihongyuan_wood
11:47:43 | INFO: Primitives created: 1
11:47:43 | INFO: Finished glTF 2.0 export in 0.24147486686706543 s

11:47:44 | INFO: Starting glTF 2.0 export
11:47:44 | INFO: Extracting primitive: yihongyuan_bamboo
11:47:44 | INFO: Primitives created: 1
11:47:44 | INFO: Extracting primitive: yihongyuan_bark.001
11:47:44 | INFO: Primitives created: 1
11:47:44 | INFO: Extracting primitive: yihongyuan_darkwood
11:47:44 | INFO: Primitives created: 1
11:47:44 | INFO: Extracting primitive: yihongyuan_earth
11:47:44 | INFO: Primitives created: 1
11:47:44 | INFO: Extracting primitive: yihongyuan_flower
11:47:44 | INFO: Primitives created: 1
11:47:44 | INFO: Extracting primitive: yihongyuan_gold.001
11:47:44 | INFO: Primitives created: 1
11:47:44 | INFO: Extracting primitive: yihongyuan_lantern.001
11:47:44 | INFO: Primitives created: 1
11:47:44 | INFO: Extracting primitive: yihongyuan_leaf
11:47:44 | INFO: Primitives created: 1
11:47:44 | INFO: Extracting primitive: yihongyuan_leafdark.001
11:47:44 | INFO: Primitives created: 1
11:47:44 | INFO: Extracting primitive: yihongyuan_lightleaf
11:47:44 | INFO: Primitives created: 1
11:47:44 | INFO: Extracting primitive: yihongyuan_moss
11:47:44 | INFO: Primitives created: 1
11:47:44 | INFO: Extracting primitive: yihongyuan_paper
11:47:44 | INFO: Primitives created: 1
11:47:44 | INFO: Extracting primitive: yihongyuan_paving
11:47:44 | INFO: Primitives created: 1
11:47:44 | INFO: Extracting primitive: yihongyuan_plaster
11:47:44 | INFO: Primitives created: 1
11:47:44 | INFO: Extracting primitive: yihongyuan_roof
11:47:44 | INFO: Primitives created: 1
11:47:44 | INFO: Extracting primitive: yihongyuan_screen
11:47:44 | INFO: Primitives created: 1
11:47:44 | INFO: Extracting primitive: yihongyuan_silk
11:47:44 | INFO: Primitives created: 1
11:47:44 | INFO: Extracting primitive: yihongyuan_stone
11:47:44 | INFO: Primitives created: 1
11:47:44 | INFO: Extracting primitive: yihongyuan_tile
11:47:44 | INFO: Primitives created: 1
11:47:44 | INFO: Extracting primitive: yihongyuan_tiledark
11:47:44 | INFO: Primitives created: 1
11:47:44 | INFO: Extracting primitive: yihongyuan_tilelight
11:47:44 | INFO: Primitives created: 1
11:47:44 | INFO: Extracting primitive: yihongyuan_wood
11:47:44 | INFO: Primitives created: 1
11:47:44 | INFO: Finished glTF 2.0 export in 0.3487727642059326 s

REFERENCE PLACE yihongyuan
11:47:45 | INFO: Starting glTF 2.0 export
11:47:45 | INFO: Extracting primitive: hengwuyuan_clay
11:47:45 | INFO: Primitives created: 1
11:47:45 | INFO: Extracting primitive: hengwuyuan_creamflower
11:47:45 | INFO: Primitives created: 1
11:47:45 | INFO: Extracting primitive: hengwuyuan_darkwood
11:47:45 | INFO: Primitives created: 1
11:47:45 | INFO: Extracting primitive: hengwuyuan_earth
11:47:45 | INFO: Primitives created: 1
11:47:45 | INFO: Extracting primitive: hengwuyuan_gold.001
11:47:45 | INFO: Primitives created: 1
11:47:45 | INFO: Extracting primitive: hengwuyuan_lantern.001
11:47:45 | INFO: Primitives created: 1
11:47:45 | INFO: Extracting primitive: hengwuyuan_leaf
11:47:45 | INFO: Primitives created: 1
11:47:45 | INFO: Extracting primitive: hengwuyuan_leafdark
11:47:45 | INFO: Primitives created: 1
11:47:45 | INFO: Extracting primitive: hengwuyuan_lightleaf
11:47:45 | INFO: Primitives created: 1
11:47:45 | INFO: Extracting primitive: hengwuyuan_moss
11:47:45 | INFO: Primitives created: 1
11:47:45 | INFO: Extracting primitive: hengwuyuan_paper
11:47:45 | INFO: Primitives created: 1
11:47:45 | INFO: Extracting primitive: hengwuyuan_paving
11:47:45 | INFO: Primitives created: 1
11:47:45 | INFO: Extracting primitive: hengwuyuan_plaster
11:47:45 | INFO: Primitives created: 1
11:47:45 | INFO: Extracting primitive: hengwuyuan_roof
11:47:45 | INFO: Primitives created: 1
11:47:45 | INFO: Extracting primitive: hengwuyuan_screen
11:47:45 | INFO: Primitives created: 1
11:47:45 | INFO: Extracting primitive: hengwuyuan_stone
11:47:45 | INFO: Primitives created: 1
11:47:45 | INFO: Extracting primitive: hengwuyuan_tile
11:47:45 | INFO: Primitives created: 1
11:47:45 | INFO: Extracting primitive: hengwuyuan_tiledark
11:47:45 | INFO: Primitives created: 1
11:47:45 | INFO: Extracting primitive: hengwuyuan_tilelight
11:47:45 | INFO: Primitives created: 1
11:47:45 | INFO: Extracting primitive: hengwuyuan_wood
11:47:45 | INFO: Primitives created: 1
11:47:45 | INFO: Finished glTF 2.0 export in 0.15402960777282715 s

11:47:45 | INFO: Starting glTF 2.0 export
11:47:45 | INFO: Extracting primitive: hengwuyuan_clay
11:47:45 | INFO: Primitives created: 1
11:47:45 | INFO: Extracting primitive: hengwuyuan_creamflower
11:47:45 | INFO: Primitives created: 1
11:47:45 | INFO: Extracting primitive: hengwuyuan_darkwood
11:47:45 | INFO: Primitives created: 1
11:47:45 | INFO: Extracting primitive: hengwuyuan_earth
11:47:45 | INFO: Primitives created: 1
11:47:45 | INFO: Extracting primitive: hengwuyuan_gold.001
11:47:45 | INFO: Primitives created: 1
11:47:45 | INFO: Extracting primitive: hengwuyuan_lantern.001
11:47:45 | INFO: Primitives created: 1
11:47:45 | INFO: Extracting primitive: hengwuyuan_leaf
11:47:45 | INFO: Primitives created: 1
11:47:45 | INFO: Extracting primitive: hengwuyuan_leafdark
11:47:45 | INFO: Primitives created: 1
11:47:45 | INFO: Extracting primitive: hengwuyuan_lightleaf
11:47:45 | INFO: Primitives created: 1
11:47:45 | INFO: Extracting primitive: hengwuyuan_moss
11:47:45 | INFO: Primitives created: 1
11:47:45 | INFO: Extracting primitive: hengwuyuan_paper
11:47:45 | INFO: Primitives created: 1
11:47:45 | INFO: Extracting primitive: hengwuyuan_paving
11:47:45 | INFO: Primitives created: 1
11:47:45 | INFO: Extracting primitive: hengwuyuan_plaster
11:47:45 | INFO: Primitives created: 1
11:47:45 | INFO: Extracting primitive: hengwuyuan_roof
11:47:45 | INFO: Primitives created: 1
11:47:45 | INFO: Extracting primitive: hengwuyuan_screen
11:47:45 | INFO: Primitives created: 1
11:47:45 | INFO: Extracting primitive: hengwuyuan_stone
11:47:45 | INFO: Primitives created: 1
11:47:45 | INFO: Extracting primitive: hengwuyuan_tile
11:47:45 | INFO: Primitives created: 1
11:47:45 | INFO: Extracting primitive: hengwuyuan_tiledark
11:47:45 | INFO: Primitives created: 1
11:47:45 | INFO: Extracting primitive: hengwuyuan_tilelight
11:47:45 | INFO: Primitives created: 1
11:47:45 | INFO: Extracting primitive: hengwuyuan_wood
11:47:45 | INFO: Primitives created: 1
11:47:45 | INFO: Finished glTF 2.0 export in 0.24315667152404785 s

REFERENCE PLACE hengwuyuan
11:47:46 | INFO: Starting glTF 2.0 export
11:47:46 | INFO: Extracting primitive: qiushuangzhai_ceramic
11:47:46 | INFO: Primitives created: 1
11:47:46 | INFO: Extracting primitive: qiushuangzhai_creamflower
11:47:46 | INFO: Primitives created: 1
11:47:46 | INFO: Extracting primitive: qiushuangzhai_darkwood
11:47:46 | INFO: Primitives created: 1
11:47:46 | INFO: Extracting primitive: qiushuangzhai_earth
11:47:46 | INFO: Primitives created: 1
11:47:46 | INFO: Extracting primitive: qiushuangzhai_gold.001
11:47:46 | INFO: Primitives created: 1
11:47:46 | INFO: Extracting primitive: qiushuangzhai_lantern.001
11:47:46 | INFO: Primitives created: 1
11:47:46 | INFO: Extracting primitive: qiushuangzhai_leaf.001
11:47:46 | INFO: Primitives created: 1
11:47:46 | INFO: Extracting primitive: qiushuangzhai_leafdark
11:47:46 | INFO: Primitives created: 1
11:47:46 | INFO: Extracting primitive: qiushuangzhai_marble
11:47:46 | INFO: Primitives created: 1
11:47:46 | INFO: Extracting primitive: qiushuangzhai_moss
11:47:46 | INFO: Primitives created: 1
11:47:46 | INFO: Extracting primitive: qiushuangzhai_paper
11:47:46 | INFO: Primitives created: 1
11:47:46 | INFO: Extracting primitive: qiushuangzhai_paving
11:47:46 | INFO: Primitives created: 1
11:47:46 | INFO: Extracting primitive: qiushuangzhai_plaster
11:47:46 | INFO: Primitives created: 1
11:47:46 | INFO: Extracting primitive: qiushuangzhai_roof
11:47:46 | INFO: Primitives created: 1
11:47:46 | INFO: Extracting primitive: qiushuangzhai_silk
11:47:46 | INFO: Primitives created: 1
11:47:46 | INFO: Extracting primitive: qiushuangzhai_stone
11:47:46 | INFO: Primitives created: 1
11:47:46 | INFO: Extracting primitive: qiushuangzhai_tile
11:47:46 | INFO: Primitives created: 1
11:47:46 | INFO: Extracting primitive: qiushuangzhai_tiledark
11:47:46 | INFO: Primitives created: 1
11:47:46 | INFO: Extracting primitive: qiushuangzhai_tilelight
11:47:46 | INFO: Primitives created: 1
11:47:46 | INFO: Extracting primitive: qiushuangzhai_wood
11:47:46 | INFO: Primitives created: 1
11:47:46 | INFO: Finished glTF 2.0 export in 0.1356351375579834 s

11:47:46 | INFO: Starting glTF 2.0 export
11:47:46 | INFO: Extracting primitive: qiushuangzhai_ceramic
11:47:46 | INFO: Primitives created: 1
11:47:46 | INFO: Extracting primitive: qiushuangzhai_creamflower
11:47:46 | INFO: Primitives created: 1
11:47:46 | INFO: Extracting primitive: qiushuangzhai_darkwood
11:47:46 | INFO: Primitives created: 1
11:47:46 | INFO: Extracting primitive: qiushuangzhai_earth
11:47:46 | INFO: Primitives created: 1
11:47:46 | INFO: Extracting primitive: qiushuangzhai_gold.001
11:47:46 | INFO: Primitives created: 1
11:47:46 | INFO: Extracting primitive: qiushuangzhai_lantern.001
11:47:46 | INFO: Primitives created: 1
11:47:46 | INFO: Extracting primitive: qiushuangzhai_leaf.001
11:47:46 | INFO: Primitives created: 1
11:47:46 | INFO: Extracting primitive: qiushuangzhai_leafdark
11:47:46 | INFO: Primitives created: 1
11:47:46 | INFO: Extracting primitive: qiushuangzhai_marble
11:47:46 | INFO: Primitives created: 1
11:47:46 | INFO: Extracting primitive: qiushuangzhai_moss
11:47:46 | INFO: Primitives created: 1
11:47:46 | INFO: Extracting primitive: qiushuangzhai_paper
11:47:46 | INFO: Primitives created: 1
11:47:46 | INFO: Extracting primitive: qiushuangzhai_paving
11:47:46 | INFO: Primitives created: 1
11:47:46 | INFO: Extracting primitive: qiushuangzhai_plaster
11:47:46 | INFO: Primitives created: 1
11:47:46 | INFO: Extracting primitive: qiushuangzhai_roof
11:47:46 | INFO: Primitives created: 1
11:47:46 | INFO: Extracting primitive: qiushuangzhai_silk
11:47:46 | INFO: Primitives created: 1
11:47:46 | INFO: Extracting primitive: qiushuangzhai_stone
11:47:46 | INFO: Primitives created: 1
11:47:46 | INFO: Extracting primitive: qiushuangzhai_tile
11:47:46 | INFO: Primitives created: 1
11:47:46 | INFO: Extracting primitive: qiushuangzhai_tiledark
11:47:46 | INFO: Primitives created: 1
11:47:46 | INFO: Extracting primitive: qiushuangzhai_tilelight
11:47:46 | INFO: Primitives created: 1
11:47:46 | INFO: Extracting primitive: qiushuangzhai_wood
11:47:46 | INFO: Primitives created: 1
11:47:46 | INFO: Finished glTF 2.0 export in 0.18694210052490234 s

REFERENCE PLACE qiushuangzhai
11:47:46 | INFO: Starting glTF 2.0 export
11:47:46 | INFO: Extracting primitive: daoxiangcun_bark.001
11:47:46 | INFO: Primitives created: 1
11:47:46 | INFO: Extracting primitive: daoxiangcun_clay
11:47:46 | INFO: Primitives created: 1
11:47:46 | INFO: Extracting primitive: daoxiangcun_creamflower
11:47:46 | INFO: Primitives created: 1
11:47:46 | INFO: Extracting primitive: daoxiangcun_darkwood
11:47:46 | INFO: Primitives created: 1
11:47:46 | INFO: Extracting primitive: daoxiangcun_flower
11:47:46 | INFO: Primitives created: 1
11:47:46 | INFO: Extracting primitive: daoxiangcun_lightleaf
11:47:46 | INFO: Primitives created: 1
11:47:46 | INFO: Extracting primitive: daoxiangcun_paving
11:47:46 | INFO: Primitives created: 1
11:47:46 | INFO: Extracting primitive: daoxiangcun_screen
11:47:46 | INFO: Primitives created: 1
11:47:46 | INFO: Extracting primitive: daoxiangcun_stone
11:47:46 | INFO: Primitives created: 1
11:47:46 | INFO: Extracting primitive: daoxiangcun_thatch
11:47:46 | INFO: Primitives created: 1
11:47:46 | INFO: Extracting primitive: daoxiangcun_wood
11:47:46 | INFO: Primitives created: 1
11:47:46 | INFO: Finished glTF 2.0 export in 0.07416820526123047 s

11:47:47 | INFO: Starting glTF 2.0 export
11:47:47 | INFO: Extracting primitive: daoxiangcun_bark.001
11:47:47 | INFO: Primitives created: 1
11:47:47 | INFO: Extracting primitive: daoxiangcun_clay
11:47:47 | INFO: Primitives created: 1
11:47:47 | INFO: Extracting primitive: daoxiangcun_creamflower
11:47:47 | INFO: Primitives created: 1
11:47:47 | INFO: Extracting primitive: daoxiangcun_darkwood
11:47:47 | INFO: Primitives created: 1
11:47:47 | INFO: Extracting primitive: daoxiangcun_flower
11:47:47 | INFO: Primitives created: 1
11:47:47 | INFO: Extracting primitive: daoxiangcun_lightleaf
11:47:47 | INFO: Primitives created: 1
11:47:47 | INFO: Extracting primitive: daoxiangcun_paving
11:47:47 | INFO: Primitives created: 1
11:47:47 | INFO: Extracting primitive: daoxiangcun_screen
11:47:47 | INFO: Primitives created: 1
11:47:47 | INFO: Extracting primitive: daoxiangcun_stone
11:47:47 | INFO: Primitives created: 1
11:47:47 | INFO: Extracting primitive: daoxiangcun_thatch
11:47:47 | INFO: Primitives created: 1
11:47:47 | INFO: Extracting primitive: daoxiangcun_wood
11:47:47 | INFO: Primitives created: 1
11:47:47 | INFO: Finished glTF 2.0 export in 0.10464119911193848 s

REFERENCE PLACE daoxiangcun
11:47:47 | INFO: Starting glTF 2.0 export
11:47:47 | INFO: Extracting primitive: ouxiangxie_darkwood
11:47:47 | INFO: Primitives created: 1
11:47:47 | INFO: Extracting primitive: ouxiangxie_paper.001
11:47:47 | INFO: Primitives created: 1
11:47:47 | INFO: Extracting primitive: ouxiangxie_roof
11:47:47 | INFO: Primitives created: 1
11:47:47 | INFO: Extracting primitive: ouxiangxie_screen.001
11:47:47 | INFO: Primitives created: 1
11:47:47 | INFO: Extracting primitive: ouxiangxie_stone
11:47:47 | INFO: Primitives created: 1
11:47:47 | INFO: Extracting primitive: ouxiangxie_tile
11:47:47 | INFO: Primitives created: 1
11:47:47 | INFO: Extracting primitive: ouxiangxie_tiledark
11:47:47 | INFO: Primitives created: 1
11:47:47 | INFO: Extracting primitive: ouxiangxie_tilelight
11:47:47 | INFO: Primitives created: 1
11:47:47 | INFO: Extracting primitive: ouxiangxie_wood
11:47:47 | INFO: Primitives created: 1
11:47:47 | INFO: Finished glTF 2.0 export in 0.06152701377868652 s

11:47:47 | INFO: Starting glTF 2.0 export
11:47:47 | INFO: Extracting primitive: ouxiangxie_darkwood
11:47:47 | INFO: Primitives created: 1
11:47:47 | INFO: Extracting primitive: ouxiangxie_paper.001
11:47:47 | INFO: Primitives created: 1
11:47:47 | INFO: Extracting primitive: ouxiangxie_roof
11:47:47 | INFO: Primitives created: 1
11:47:47 | INFO: Extracting primitive: ouxiangxie_screen.001
11:47:47 | INFO: Primitives created: 1
11:47:47 | INFO: Extracting primitive: ouxiangxie_stone
11:47:47 | INFO: Primitives created: 1
11:47:47 | INFO: Extracting primitive: ouxiangxie_tile
11:47:47 | INFO: Primitives created: 1
11:47:47 | INFO: Extracting primitive: ouxiangxie_tiledark
11:47:47 | INFO: Primitives created: 1
11:47:47 | INFO: Extracting primitive: ouxiangxie_tilelight
11:47:47 | INFO: Primitives created: 1
11:47:47 | INFO: Extracting primitive: ouxiangxie_wood
11:47:47 | INFO: Primitives created: 1
11:47:47 | INFO: Finished glTF 2.0 export in 0.0930182933807373 s

REFERENCE PLACE ouxiangxie
11:47:47 | INFO: Starting glTF 2.0 export
11:47:47 | INFO: Extracting primitive: dicuiting_darkwood.001
11:47:47 | INFO: Primitives created: 1
11:47:47 | INFO: Extracting primitive: dicuiting_gold.001
11:47:47 | INFO: Primitives created: 1
11:47:47 | INFO: Extracting primitive: dicuiting_lantern.001
11:47:47 | INFO: Primitives created: 1
11:47:47 | INFO: Extracting primitive: dicuiting_roof
11:47:47 | INFO: Primitives created: 1
11:47:47 | INFO: Extracting primitive: dicuiting_stone
11:47:47 | INFO: Primitives created: 1
11:47:47 | INFO: Extracting primitive: dicuiting_tile
11:47:47 | INFO: Primitives created: 1
11:47:47 | INFO: Extracting primitive: dicuiting_tiledark.001
11:47:47 | INFO: Primitives created: 1
11:47:47 | INFO: Extracting primitive: dicuiting_tilelight.001
11:47:47 | INFO: Primitives created: 1
11:47:47 | INFO: Extracting primitive: dicuiting_wood
11:47:47 | INFO: Primitives created: 1
11:47:47 | INFO: Finished glTF 2.0 export in 0.03755903244018555 s

11:47:47 | INFO: Starting glTF 2.0 export
11:47:47 | INFO: Extracting primitive: dicuiting_darkwood.001
11:47:47 | INFO: Primitives created: 1
11:47:47 | INFO: Extracting primitive: dicuiting_gold.001
11:47:47 | INFO: Primitives created: 1
11:47:47 | INFO: Extracting primitive: dicuiting_lantern.001
11:47:47 | INFO: Primitives created: 1
11:47:47 | INFO: Extracting primitive: dicuiting_roof
11:47:47 | INFO: Primitives created: 1
11:47:47 | INFO: Extracting primitive: dicuiting_stone
11:47:47 | INFO: Primitives created: 1
11:47:47 | INFO: Extracting primitive: dicuiting_tile
11:47:47 | INFO: Primitives created: 1
11:47:47 | INFO: Extracting primitive: dicuiting_tiledark.001
11:47:47 | INFO: Primitives created: 1
11:47:47 | INFO: Extracting primitive: dicuiting_tilelight.001
11:47:47 | INFO: Primitives created: 1
11:47:47 | INFO: Extracting primitive: dicuiting_wood
11:47:47 | INFO: Primitives created: 1
11:47:47 | INFO: Finished glTF 2.0 export in 0.054247379302978516 s

REFERENCE PLACE dicuiting
11:47:47 | INFO: Starting glTF 2.0 export
11:47:47 | INFO: Extracting primitive: luxuean_bamboo
11:47:47 | INFO: Primitives created: 1
11:47:47 | INFO: Extracting primitive: luxuean_clay
11:47:47 | INFO: Primitives created: 1
11:47:47 | INFO: Extracting primitive: luxuean_lightleaf
11:47:47 | INFO: Primitives created: 1
11:47:47 | INFO: Extracting primitive: luxuean_paving
11:47:47 | INFO: Primitives created: 1
11:47:47 | INFO: Extracting primitive: luxuean_stone
11:47:47 | INFO: Primitives created: 1
11:47:47 | INFO: Extracting primitive: luxuean_thatch
11:47:47 | INFO: Primitives created: 1
11:47:47 | INFO: Extracting primitive: luxuean_wood
11:47:47 | INFO: Primitives created: 1
11:47:47 | INFO: Finished glTF 2.0 export in 0.03081822395324707 s

11:47:47 | INFO: Starting glTF 2.0 export
11:47:47 | INFO: Extracting primitive: luxuean_bamboo
11:47:47 | INFO: Primitives created: 1
11:47:47 | INFO: Extracting primitive: luxuean_clay
11:47:47 | INFO: Primitives created: 1
11:47:47 | INFO: Extracting primitive: luxuean_lightleaf
11:47:47 | INFO: Primitives created: 1
11:47:47 | INFO: Extracting primitive: luxuean_paving
11:47:47 | INFO: Primitives created: 1
11:47:47 | INFO: Extracting primitive: luxuean_stone
11:47:47 | INFO: Primitives created: 1
11:47:47 | INFO: Extracting primitive: luxuean_thatch
11:47:47 | INFO: Primitives created: 1
11:47:47 | INFO: Extracting primitive: luxuean_wood
11:47:47 | INFO: Primitives created: 1
11:47:47 | INFO: Finished glTF 2.0 export in 0.029483556747436523 s

REFERENCE PLACE luxuean
11:47:48 | INFO: Starting glTF 2.0 export
11:47:48 | INFO: Extracting primitive: tubishanzhuang_bark.001
11:47:48 | INFO: Primitives created: 1
11:47:48 | INFO: Extracting primitive: tubishanzhuang_canopy.001
11:47:48 | INFO: Primitives created: 1
11:47:48 | INFO: Extracting primitive: tubishanzhuang_canopy_light.001
11:47:48 | INFO: Primitives created: 1
11:47:48 | INFO: Extracting primitive: tubishanzhuang_canopy_shadow.001
11:47:48 | INFO: Primitives created: 1
11:47:48 | INFO: Extracting primitive: tubishanzhuang_darkwood
11:47:48 | INFO: Primitives created: 1
11:47:48 | INFO: Extracting primitive: tubishanzhuang_paper.001
11:47:48 | INFO: Primitives created: 1
11:47:48 | INFO: Extracting primitive: tubishanzhuang_paving
11:47:48 | INFO: Primitives created: 1
11:47:48 | INFO: Extracting primitive: tubishanzhuang_plaster
11:47:48 | INFO: Primitives created: 1
11:47:48 | INFO: Extracting primitive: tubishanzhuang_roof
11:47:48 | INFO: Primitives created: 1
11:47:48 | INFO: Extracting primitive: tubishanzhuang_stone
11:47:48 | INFO: Primitives created: 1
11:47:48 | INFO: Extracting primitive: tubishanzhuang_tile
11:47:48 | INFO: Primitives created: 1
11:47:48 | INFO: Extracting primitive: tubishanzhuang_tiledark
11:47:48 | INFO: Primitives created: 1
11:47:48 | INFO: Extracting primitive: tubishanzhuang_tilelight
11:47:48 | INFO: Primitives created: 1
11:47:48 | INFO: Extracting primitive: tubishanzhuang_wood
11:47:48 | INFO: Primitives created: 1
11:47:48 | INFO: Finished glTF 2.0 export in 0.07962560653686523 s

11:47:48 | INFO: Starting glTF 2.0 export
11:47:48 | INFO: Extracting primitive: tubishanzhuang_bark.001
11:47:48 | INFO: Primitives created: 1
11:47:48 | INFO: Extracting primitive: tubishanzhuang_canopy.001
11:47:48 | INFO: Primitives created: 1
11:47:48 | INFO: Extracting primitive: tubishanzhuang_canopy_light.001
11:47:48 | INFO: Primitives created: 1
11:47:48 | INFO: Extracting primitive: tubishanzhuang_canopy_shadow.001
11:47:48 | INFO: Primitives created: 1
11:47:48 | INFO: Extracting primitive: tubishanzhuang_darkwood
11:47:48 | INFO: Primitives created: 1
11:47:48 | INFO: Extracting primitive: tubishanzhuang_paper.001
11:47:48 | INFO: Primitives created: 1
11:47:48 | INFO: Extracting primitive: tubishanzhuang_paving
11:47:48 | INFO: Primitives created: 1
11:47:48 | INFO: Extracting primitive: tubishanzhuang_plaster
11:47:48 | INFO: Primitives created: 1
11:47:48 | INFO: Extracting primitive: tubishanzhuang_roof
11:47:48 | INFO: Primitives created: 1
11:47:48 | INFO: Extracting primitive: tubishanzhuang_stone
11:47:48 | INFO: Primitives created: 1
11:47:48 | INFO: Extracting primitive: tubishanzhuang_tile
11:47:48 | INFO: Primitives created: 1
11:47:48 | INFO: Extracting primitive: tubishanzhuang_tiledark
11:47:48 | INFO: Primitives created: 1
11:47:48 | INFO: Extracting primitive: tubishanzhuang_tilelight
11:47:48 | INFO: Primitives created: 1
11:47:48 | INFO: Extracting primitive: tubishanzhuang_wood
11:47:48 | INFO: Primitives created: 1
11:47:48 | INFO: Finished glTF 2.0 export in 0.13759422302246094 s

REFERENCE PLACE tubishanzhuang
11:47:48 | INFO: Starting glTF 2.0 export
11:47:48 | INFO: Extracting primitive: aojingxiguan_bark.001
11:47:48 | INFO: Primitives created: 1
11:47:48 | INFO: Extracting primitive: aojingxiguan_canopy.001
11:47:48 | INFO: Primitives created: 1
11:47:48 | INFO: Extracting primitive: aojingxiguan_canopy_light.001
11:47:48 | INFO: Primitives created: 1
11:47:48 | INFO: Extracting primitive: aojingxiguan_canopy_shadow.001
11:47:48 | INFO: Primitives created: 1
11:47:48 | INFO: Extracting primitive: aojingxiguan_darkwood
11:47:48 | INFO: Primitives created: 1
11:47:48 | INFO: Extracting primitive: aojingxiguan_paper.001
11:47:48 | INFO: Primitives created: 1
11:47:48 | INFO: Extracting primitive: aojingxiguan_paving
11:47:48 | INFO: Primitives created: 1
11:47:48 | INFO: Extracting primitive: aojingxiguan_plaster
11:47:48 | INFO: Primitives created: 1
11:47:48 | INFO: Extracting primitive: aojingxiguan_roof
11:47:48 | INFO: Primitives created: 1
11:47:48 | INFO: Extracting primitive: aojingxiguan_stone
11:47:48 | INFO: Primitives created: 1
11:47:48 | INFO: Extracting primitive: aojingxiguan_tile
11:47:48 | INFO: Primitives created: 1
11:47:48 | INFO: Extracting primitive: aojingxiguan_tiledark
11:47:48 | INFO: Primitives created: 1
11:47:48 | INFO: Extracting primitive: aojingxiguan_tilelight
11:47:48 | INFO: Primitives created: 1
11:47:48 | INFO: Extracting primitive: aojingxiguan_wood
11:47:48 | INFO: Primitives created: 1
11:47:48 | INFO: Finished glTF 2.0 export in 0.07327961921691895 s

11:47:48 | INFO: Starting glTF 2.0 export
11:47:48 | INFO: Extracting primitive: aojingxiguan_bark.001
11:47:48 | INFO: Primitives created: 1
11:47:48 | INFO: Extracting primitive: aojingxiguan_canopy.001
11:47:48 | INFO: Primitives created: 1
11:47:48 | INFO: Extracting primitive: aojingxiguan_canopy_light.001
11:47:48 | INFO: Primitives created: 1
11:47:48 | INFO: Extracting primitive: aojingxiguan_canopy_shadow.001
11:47:48 | INFO: Primitives created: 1
11:47:48 | INFO: Extracting primitive: aojingxiguan_darkwood
11:47:48 | INFO: Primitives created: 1
11:47:48 | INFO: Extracting primitive: aojingxiguan_paper.001
11:47:48 | INFO: Primitives created: 1
11:47:48 | INFO: Extracting primitive: aojingxiguan_paving
11:47:48 | INFO: Primitives created: 1
11:47:48 | INFO: Extracting primitive: aojingxiguan_plaster
11:47:48 | INFO: Primitives created: 1
11:47:48 | INFO: Extracting primitive: aojingxiguan_roof
11:47:48 | INFO: Primitives created: 1
11:47:48 | INFO: Extracting primitive: aojingxiguan_stone
11:47:48 | INFO: Primitives created: 1
11:47:48 | INFO: Extracting primitive: aojingxiguan_tile
11:47:49 | INFO: Primitives created: 1
11:47:49 | INFO: Extracting primitive: aojingxiguan_tiledark
11:47:49 | INFO: Primitives created: 1
11:47:49 | INFO: Extracting primitive: aojingxiguan_tilelight
11:47:49 | INFO: Primitives created: 1
11:47:49 | INFO: Extracting primitive: aojingxiguan_wood
11:47:49 | INFO: Primitives created: 1
11:47:49 | INFO: Finished glTF 2.0 export in 0.09990596771240234 s

REFERENCE PLACE aojingxiguan
11:47:53 | INFO: Starting glTF 2.0 export
11:47:53 | INFO: Extracting primitive: daguanlou_bark.001
11:47:53 | INFO: Primitives created: 1
11:47:53 | INFO: Extracting primitive: daguanlou_canopy.001
11:47:53 | INFO: Primitives created: 1
11:47:53 | INFO: Extracting primitive: daguanlou_canopy_light.001
11:47:53 | INFO: Primitives created: 1
11:47:53 | INFO: Extracting primitive: daguanlou_canopy_shadow.001
11:47:53 | INFO: Primitives created: 1
11:47:53 | INFO: Extracting primitive: daguanlou_ceramic.001
11:47:53 | INFO: Primitives created: 1
11:47:53 | INFO: Extracting primitive: daguanlou_darkwood.001
11:47:53 | INFO: Primitives created: 1
11:47:53 | INFO: Extracting primitive: daguanlou_gold.001
11:47:53 | INFO: Primitives created: 1
11:47:53 | INFO: Extracting primitive: daguanlou_lantern.001
11:47:53 | INFO: Primitives created: 1
11:47:53 | INFO: Extracting primitive: daguanlou_paper.001
11:47:53 | INFO: Primitives created: 1
11:47:53 | INFO: Extracting primitive: daguanlou_paving.001
11:47:53 | INFO: Primitives created: 1
11:47:53 | INFO: Extracting primitive: daguanlou_plaster.001
11:47:53 | INFO: Primitives created: 1
11:47:53 | INFO: Extracting primitive: daguanlou_roof.001
11:47:53 | INFO: Primitives created: 1
11:47:53 | INFO: Extracting primitive: daguanlou_screen.001
11:47:53 | INFO: Primitives created: 1
11:47:53 | INFO: Extracting primitive: daguanlou_stone.001
11:47:53 | INFO: Primitives created: 1
11:47:53 | INFO: Extracting primitive: daguanlou_tile.001
11:47:54 | INFO: Primitives created: 1
11:47:54 | INFO: Extracting primitive: daguanlou_tiledark.001
11:47:54 | INFO: Primitives created: 1
11:47:54 | INFO: Extracting primitive: daguanlou_tilelight.001
11:47:54 | INFO: Primitives created: 1
11:47:54 | INFO: Extracting primitive: daguanlou_wood.001
11:47:54 | INFO: Primitives created: 1
11:47:54 | INFO: Finished glTF 2.0 export in 0.8106780052185059 s

11:47:55 | INFO: Starting glTF 2.0 export
11:47:55 | INFO: Extracting primitive: daguanlou_bark.001
11:47:55 | INFO: Primitives created: 1
11:47:55 | INFO: Extracting primitive: daguanlou_canopy.001
11:47:55 | INFO: Primitives created: 1
11:47:55 | INFO: Extracting primitive: daguanlou_canopy_light.001
11:47:55 | INFO: Primitives created: 1
11:47:55 | INFO: Extracting primitive: daguanlou_canopy_shadow.001
11:47:55 | INFO: Primitives created: 1
11:47:55 | INFO: Extracting primitive: daguanlou_ceramic.001
11:47:55 | INFO: Primitives created: 1
11:47:55 | INFO: Extracting primitive: daguanlou_darkwood.001
11:47:55 | INFO: Primitives created: 1
11:47:55 | INFO: Extracting primitive: daguanlou_gold.001
11:47:55 | INFO: Primitives created: 1
11:47:55 | INFO: Extracting primitive: daguanlou_lantern.001
11:47:55 | INFO: Primitives created: 1
11:47:55 | INFO: Extracting primitive: daguanlou_paper.001
11:47:55 | INFO: Primitives created: 1
11:47:55 | INFO: Extracting primitive: daguanlou_paving.001
11:47:55 | INFO: Primitives created: 1
11:47:55 | INFO: Extracting primitive: daguanlou_plaster.001
11:47:55 | INFO: Primitives created: 1
11:47:55 | INFO: Extracting primitive: daguanlou_roof.001
11:47:55 | INFO: Primitives created: 1
11:47:55 | INFO: Extracting primitive: daguanlou_screen.001
11:47:55 | INFO: Primitives created: 1
11:47:55 | INFO: Extracting primitive: daguanlou_stone.001
11:47:55 | INFO: Primitives created: 1
11:47:56 | INFO: Extracting primitive: daguanlou_tile.001
11:47:56 | INFO: Primitives created: 1
11:47:56 | INFO: Extracting primitive: daguanlou_tiledark.001
11:47:56 | INFO: Primitives created: 1
11:47:57 | INFO: Extracting primitive: daguanlou_tilelight.001
11:47:57 | INFO: Primitives created: 1
11:47:57 | INFO: Extracting primitive: daguanlou_wood.001
11:47:57 | INFO: Primitives created: 1
11:47:57 | INFO: Finished glTF 2.0 export in 1.9667911529541016 s

REFERENCE PLACE daguanlou
11:47:57 | INFO: Starting glTF 2.0 export
11:47:57 | INFO: Extracting primitive: longcuian_bark.001
11:47:57 | INFO: Primitives created: 1
11:47:57 | INFO: Extracting primitive: longcuian_canopy.001
11:47:57 | INFO: Primitives created: 1
11:47:57 | INFO: Extracting primitive: longcuian_canopy_light.001
11:47:57 | INFO: Primitives created: 1
11:47:57 | INFO: Extracting primitive: longcuian_canopy_shadow.001
11:47:57 | INFO: Primitives created: 1
11:47:57 | INFO: Extracting primitive: longcuian_ceramic.001
11:47:57 | INFO: Primitives created: 1
11:47:57 | INFO: Extracting primitive: longcuian_darkwood.001
11:47:57 | INFO: Primitives created: 1
11:47:57 | INFO: Extracting primitive: longcuian_flower.001
11:47:57 | INFO: Primitives created: 1
11:47:57 | INFO: Extracting primitive: longcuian_paper.001
11:47:57 | INFO: Primitives created: 1
11:47:57 | INFO: Extracting primitive: longcuian_paving.001
11:47:57 | INFO: Primitives created: 1
11:47:57 | INFO: Extracting primitive: longcuian_plaster.001
11:47:57 | INFO: Primitives created: 1
11:47:57 | INFO: Extracting primitive: longcuian_roof.001
11:47:57 | INFO: Primitives created: 1
11:47:57 | INFO: Extracting primitive: longcuian_screen.001
11:47:57 | INFO: Primitives created: 1
11:47:57 | INFO: Extracting primitive: longcuian_stone.001
11:47:57 | INFO: Primitives created: 1
11:47:57 | INFO: Extracting primitive: longcuian_tile.001
11:47:58 | INFO: Primitives created: 1
11:47:58 | INFO: Extracting primitive: longcuian_tiledark.001
11:47:58 | INFO: Primitives created: 1
11:47:58 | INFO: Extracting primitive: longcuian_tilelight.001
11:47:58 | INFO: Primitives created: 1
11:47:58 | INFO: Extracting primitive: longcuian_wood.001
11:47:58 | INFO: Primitives created: 1
11:47:58 | INFO: Finished glTF 2.0 export in 0.14946198463439941 s

11:47:58 | INFO: Starting glTF 2.0 export
11:47:58 | INFO: Extracting primitive: longcuian_bark.001
11:47:58 | INFO: Primitives created: 1
11:47:58 | INFO: Extracting primitive: longcuian_canopy.001
11:47:58 | INFO: Primitives created: 1
11:47:58 | INFO: Extracting primitive: longcuian_canopy_light.001
11:47:58 | INFO: Primitives created: 1
11:47:58 | INFO: Extracting primitive: longcuian_canopy_shadow.001
11:47:58 | INFO: Primitives created: 1
11:47:58 | INFO: Extracting primitive: longcuian_ceramic.001
11:47:58 | INFO: Primitives created: 1
11:47:58 | INFO: Extracting primitive: longcuian_darkwood.001
11:47:58 | INFO: Primitives created: 1
11:47:58 | INFO: Extracting primitive: longcuian_flower.001
11:47:58 | INFO: Primitives created: 1
11:47:58 | INFO: Extracting primitive: longcuian_paper.001
11:47:58 | INFO: Primitives created: 1
11:47:58 | INFO: Extracting primitive: longcuian_paving.001
11:47:58 | INFO: Primitives created: 1
11:47:58 | INFO: Extracting primitive: longcuian_plaster.001
11:47:58 | INFO: Primitives created: 1
11:47:58 | INFO: Extracting primitive: longcuian_roof.001
11:47:58 | INFO: Primitives created: 1
11:47:58 | INFO: Extracting primitive: longcuian_screen.001
11:47:58 | INFO: Primitives created: 1
11:47:58 | INFO: Extracting primitive: longcuian_stone.001
11:47:58 | INFO: Primitives created: 1
11:47:58 | INFO: Extracting primitive: longcuian_tile.001
11:47:58 | INFO: Primitives created: 1
11:47:58 | INFO: Extracting primitive: longcuian_tiledark.001
11:47:58 | INFO: Primitives created: 1
11:47:58 | INFO: Extracting primitive: longcuian_tilelight.001
11:47:58 | INFO: Primitives created: 1
11:47:58 | INFO: Extracting primitive: longcuian_wood.001
11:47:58 | INFO: Primitives created: 1
11:47:58 | INFO: Finished glTF 2.0 export in 0.21094298362731934 s

REFERENCE PLACE longcuian
11:47:58 | INFO: Starting glTF 2.0 export
11:47:58 | INFO: Extracting primitive: nuanxiangwu_bark.001
11:47:58 | INFO: Primitives created: 1
11:47:58 | INFO: Extracting primitive: nuanxiangwu_ceramic.001
11:47:58 | INFO: Primitives created: 1
11:47:58 | INFO: Extracting primitive: nuanxiangwu_creamflower.001
11:47:58 | INFO: Primitives created: 1
11:47:58 | INFO: Extracting primitive: nuanxiangwu_darkwood.001
11:47:58 | INFO: Primitives created: 1
11:47:58 | INFO: Extracting primitive: nuanxiangwu_paper.001
11:47:58 | INFO: Primitives created: 1
11:47:58 | INFO: Extracting primitive: nuanxiangwu_paving.001
11:47:58 | INFO: Primitives created: 1
11:47:58 | INFO: Extracting primitive: nuanxiangwu_plaster.001
11:47:58 | INFO: Primitives created: 1
11:47:58 | INFO: Extracting primitive: nuanxiangwu_roof.001
11:47:58 | INFO: Primitives created: 1
11:47:58 | INFO: Extracting primitive: nuanxiangwu_screen.001
11:47:58 | INFO: Primitives created: 1
11:47:58 | INFO: Extracting primitive: nuanxiangwu_silk.001
11:47:58 | INFO: Primitives created: 1
11:47:58 | INFO: Extracting primitive: nuanxiangwu_stone.001
11:47:58 | INFO: Primitives created: 1
11:47:58 | INFO: Extracting primitive: nuanxiangwu_tile.001
11:47:58 | INFO: Primitives created: 1
11:47:58 | INFO: Extracting primitive: nuanxiangwu_tiledark.001
11:47:58 | INFO: Primitives created: 1
11:47:58 | INFO: Extracting primitive: nuanxiangwu_tilelight.001
11:47:58 | INFO: Primitives created: 1
11:47:58 | INFO: Extracting primitive: nuanxiangwu_wood.001
11:47:58 | INFO: Primitives created: 1
11:47:59 | INFO: Finished glTF 2.0 export in 0.10810303688049316 s

11:47:59 | INFO: Starting glTF 2.0 export
11:47:59 | INFO: Extracting primitive: nuanxiangwu_bark.001
11:47:59 | INFO: Primitives created: 1
11:47:59 | INFO: Extracting primitive: nuanxiangwu_ceramic.001
11:47:59 | INFO: Primitives created: 1
11:47:59 | INFO: Extracting primitive: nuanxiangwu_creamflower.001
11:47:59 | INFO: Primitives created: 1
11:47:59 | INFO: Extracting primitive: nuanxiangwu_darkwood.001
11:47:59 | INFO: Primitives created: 1
11:47:59 | INFO: Extracting primitive: nuanxiangwu_paper.001
11:47:59 | INFO: Primitives created: 1
11:47:59 | INFO: Extracting primitive: nuanxiangwu_paving.001
11:47:59 | INFO: Primitives created: 1
11:47:59 | INFO: Extracting primitive: nuanxiangwu_plaster.001
11:47:59 | INFO: Primitives created: 1
11:47:59 | INFO: Extracting primitive: nuanxiangwu_roof.001
11:47:59 | INFO: Primitives created: 1
11:47:59 | INFO: Extracting primitive: nuanxiangwu_screen.001
11:47:59 | INFO: Primitives created: 1
11:47:59 | INFO: Extracting primitive: nuanxiangwu_silk.001
11:47:59 | INFO: Primitives created: 1
11:47:59 | INFO: Extracting primitive: nuanxiangwu_stone.001
11:47:59 | INFO: Primitives created: 1
11:47:59 | INFO: Extracting primitive: nuanxiangwu_tile.001
11:47:59 | INFO: Primitives created: 1
11:47:59 | INFO: Extracting primitive: nuanxiangwu_tiledark.001
11:47:59 | INFO: Primitives created: 1
11:47:59 | INFO: Extracting primitive: nuanxiangwu_tilelight.001
11:47:59 | INFO: Primitives created: 1
11:47:59 | INFO: Extracting primitive: nuanxiangwu_wood.001
11:47:59 | INFO: Primitives created: 1
11:47:59 | INFO: Finished glTF 2.0 export in 0.16435956954956055 s

REFERENCE PLACE nuanxiangwu
Info: Saved as "daguanyuan_master.blend"
11:48:07 | INFO: Starting glTF 2.0 export
11:48:07 | INFO: Extracting primitive: daguanyuan_gate_darkwood
11:48:07 | INFO: Primitives created: 1
11:48:07 | INFO: Extracting primitive: daguanyuan_gate_paper.001
11:48:07 | INFO: Primitives created: 1
11:48:07 | INFO: Extracting primitive: daguanyuan_gate_paving
11:48:07 | INFO: Primitives created: 1
11:48:07 | INFO: Extracting primitive: daguanyuan_gate_plaster
11:48:07 | INFO: Primitives created: 1
11:48:07 | INFO: Extracting primitive: daguanyuan_gate_roof
11:48:07 | INFO: Primitives created: 1
11:48:07 | INFO: Extracting primitive: daguanyuan_gate_stone
11:48:07 | INFO: Primitives created: 1
11:48:07 | INFO: Extracting primitive: daguanyuan_gate_tile
11:48:07 | INFO: Primitives created: 1
11:48:07 | INFO: Extracting primitive: daguanyuan_gate_tiledark
11:48:07 | INFO: Primitives created: 1
11:48:07 | INFO: Extracting primitive: daguanyuan_gate_tilelight
11:48:07 | INFO: Primitives created: 1
11:48:07 | INFO: Extracting primitive: daguanyuan_gate_wood
11:48:07 | INFO: Primitives created: 1
11:48:07 | INFO: Extracting primitive: qujingtongyou_bark.001
11:48:07 | INFO: Primitives created: 1
11:48:07 | INFO: Extracting primitive: qujingtongyou_canopy.001
11:48:07 | INFO: Primitives created: 1
11:48:07 | INFO: Extracting primitive: qujingtongyou_canopy_light.001
11:48:07 | INFO: Primitives created: 1
11:48:07 | INFO: Extracting primitive: qujingtongyou_canopy_shadow.001
11:48:07 | INFO: Primitives created: 1
11:48:07 | INFO: Extracting primitive: qujingtongyou_moss.001
11:48:07 | INFO: Primitives created: 1
11:48:07 | INFO: Extracting primitive: qujingtongyou_stone
11:48:07 | INFO: Primitives created: 1
11:48:07 | INFO: Extracting primitive: xiaoxiangguan_bamboo.001
11:48:07 | INFO: Primitives created: 1
11:48:07 | INFO: Extracting primitive: xiaoxiangguan_bark.001
11:48:07 | INFO: Primitives created: 1
11:48:07 | INFO: Extracting primitive: xiaoxiangguan_creamflower.001
11:48:07 | INFO: Primitives created: 1
11:48:07 | INFO: Extracting primitive: xiaoxiangguan_darkwood.001
11:48:07 | INFO: Primitives created: 1
11:48:07 | INFO: Extracting primitive: xiaoxiangguan_earth.001
11:48:07 | INFO: Primitives created: 1
11:48:07 | INFO: Extracting primitive: xiaoxiangguan_gold.001
11:48:07 | INFO: Primitives created: 1
11:48:07 | INFO: Extracting primitive: xiaoxiangguan_lantern.001
11:48:07 | INFO: Primitives created: 1
11:48:07 | INFO: Extracting primitive: xiaoxiangguan_leaf.001
11:48:07 | INFO: Primitives created: 1
11:48:07 | INFO: Extracting primitive: xiaoxiangguan_leafdark.001
11:48:07 | INFO: Primitives created: 1
11:48:07 | INFO: Extracting primitive: xiaoxiangguan_lightleaf.001
11:48:07 | INFO: Primitives created: 1
11:48:07 | INFO: Extracting primitive: xiaoxiangguan_moss
11:48:07 | INFO: Primitives created: 1
11:48:07 | INFO: Extracting primitive: xiaoxiangguan_paper.001
11:48:07 | INFO: Primitives created: 1
11:48:07 | INFO: Extracting primitive: xiaoxiangguan_paving
11:48:07 | INFO: Primitives created: 1
11:48:07 | INFO: Extracting primitive: xiaoxiangguan_plaster.001
11:48:07 | INFO: Primitives created: 1
11:48:07 | INFO: Extracting primitive: xiaoxiangguan_roof.001
11:48:07 | INFO: Primitives created: 1
11:48:07 | INFO: Extracting primitive: xiaoxiangguan_silk
11:48:07 | INFO: Primitives created: 1
11:48:07 | INFO: Extracting primitive: xiaoxiangguan_stone.001
11:48:07 | INFO: Primitives created: 1
11:48:07 | INFO: Extracting primitive: xiaoxiangguan_tile.001
11:48:07 | INFO: Primitives created: 1
11:48:07 | INFO: Extracting primitive: xiaoxiangguan_tiledark
11:48:07 | INFO: Primitives created: 1
11:48:07 | INFO: Extracting primitive: xiaoxiangguan_tilelight
11:48:07 | INFO: Primitives created: 1
11:48:07 | INFO: Extracting primitive: xiaoxiangguan_water
11:48:07 | INFO: Primitives created: 1
11:48:07 | INFO: Extracting primitive: xiaoxiangguan_wood.001
11:48:07 | INFO: Primitives created: 1
11:48:07 | INFO: Extracting primitive: yihongyuan_bamboo
11:48:07 | INFO: Primitives created: 1
11:48:07 | INFO: Extracting primitive: yihongyuan_bark.001
11:48:07 | INFO: Primitives created: 1
11:48:07 | INFO: Extracting primitive: yihongyuan_darkwood
11:48:07 | INFO: Primitives created: 1
11:48:07 | INFO: Extracting primitive: yihongyuan_earth
11:48:07 | INFO: Primitives created: 1
11:48:07 | INFO: Extracting primitive: yihongyuan_flower
11:48:07 | INFO: Primitives created: 1
11:48:07 | INFO: Extracting primitive: yihongyuan_gold.001
11:48:07 | INFO: Primitives created: 1
11:48:07 | INFO: Extracting primitive: yihongyuan_lantern.001
11:48:07 | INFO: Primitives created: 1
11:48:07 | INFO: Extracting primitive: yihongyuan_leaf
11:48:07 | INFO: Primitives created: 1
11:48:07 | INFO: Extracting primitive: yihongyuan_leafdark.001
11:48:07 | INFO: Primitives created: 1
11:48:07 | INFO: Extracting primitive: yihongyuan_lightleaf
11:48:07 | INFO: Primitives created: 1
11:48:07 | INFO: Extracting primitive: yihongyuan_moss
11:48:07 | INFO: Primitives created: 1
11:48:07 | INFO: Extracting primitive: yihongyuan_paper
11:48:07 | INFO: Primitives created: 1
11:48:07 | INFO: Extracting primitive: yihongyuan_paving
11:48:07 | INFO: Primitives created: 1
11:48:07 | INFO: Extracting primitive: yihongyuan_plaster
11:48:07 | INFO: Primitives created: 1
11:48:07 | INFO: Extracting primitive: yihongyuan_roof
11:48:07 | INFO: Primitives created: 1
11:48:07 | INFO: Extracting primitive: yihongyuan_screen
11:48:07 | INFO: Primitives created: 1
11:48:07 | INFO: Extracting primitive: yihongyuan_silk
11:48:07 | INFO: Primitives created: 1
11:48:07 | INFO: Extracting primitive: yihongyuan_stone
11:48:07 | INFO: Primitives created: 1
11:48:07 | INFO: Extracting primitive: yihongyuan_tile
11:48:07 | INFO: Primitives created: 1
11:48:08 | INFO: Extracting primitive: yihongyuan_tiledark
11:48:08 | INFO: Primitives created: 1
11:48:08 | INFO: Extracting primitive: yihongyuan_tilelight
11:48:08 | INFO: Primitives created: 1
11:48:08 | INFO: Extracting primitive: yihongyuan_wood
11:48:08 | INFO: Primitives created: 1
11:48:08 | INFO: Extracting primitive: hengwuyuan_clay
11:48:08 | INFO: Primitives created: 1
11:48:08 | INFO: Extracting primitive: hengwuyuan_creamflower
11:48:08 | INFO: Primitives created: 1
11:48:08 | INFO: Extracting primitive: hengwuyuan_darkwood
11:48:08 | INFO: Primitives created: 1
11:48:08 | INFO: Extracting primitive: hengwuyuan_earth
11:48:08 | INFO: Primitives created: 1
11:48:08 | INFO: Extracting primitive: hengwuyuan_gold.001
11:48:08 | INFO: Primitives created: 1
11:48:08 | INFO: Extracting primitive: hengwuyuan_lantern.001
11:48:08 | INFO: Primitives created: 1
11:48:08 | INFO: Extracting primitive: hengwuyuan_leaf
11:48:08 | INFO: Primitives created: 1
11:48:08 | INFO: Extracting primitive: hengwuyuan_leafdark
11:48:08 | INFO: Primitives created: 1
11:48:08 | INFO: Extracting primitive: hengwuyuan_lightleaf
11:48:08 | INFO: Primitives created: 1
11:48:08 | INFO: Extracting primitive: hengwuyuan_moss
11:48:08 | INFO: Primitives created: 1
11:48:08 | INFO: Extracting primitive: hengwuyuan_paper
11:48:08 | INFO: Primitives created: 1
11:48:08 | INFO: Extracting primitive: hengwuyuan_paving
11:48:08 | INFO: Primitives created: 1
11:48:08 | INFO: Extracting primitive: hengwuyuan_plaster
11:48:08 | INFO: Primitives created: 1
11:48:08 | INFO: Extracting primitive: hengwuyuan_roof
11:48:08 | INFO: Primitives created: 1
11:48:08 | INFO: Extracting primitive: hengwuyuan_screen
11:48:08 | INFO: Primitives created: 1
11:48:08 | INFO: Extracting primitive: hengwuyuan_stone
11:48:08 | INFO: Primitives created: 1
11:48:08 | INFO: Extracting primitive: hengwuyuan_tile
11:48:08 | INFO: Primitives created: 1
11:48:08 | INFO: Extracting primitive: hengwuyuan_tiledark
11:48:08 | INFO: Primitives created: 1
11:48:08 | INFO: Extracting primitive: hengwuyuan_tilelight
11:48:08 | INFO: Primitives created: 1
11:48:08 | INFO: Extracting primitive: hengwuyuan_wood
11:48:08 | INFO: Primitives created: 1
11:48:08 | INFO: Extracting primitive: qiushuangzhai_ceramic
11:48:08 | INFO: Primitives created: 1
11:48:08 | INFO: Extracting primitive: qiushuangzhai_creamflower
11:48:08 | INFO: Primitives created: 1
11:48:08 | INFO: Extracting primitive: qiushuangzhai_darkwood
11:48:08 | INFO: Primitives created: 1
11:48:08 | INFO: Extracting primitive: qiushuangzhai_earth
11:48:08 | INFO: Primitives created: 1
11:48:08 | INFO: Extracting primitive: qiushuangzhai_gold.001
11:48:08 | INFO: Primitives created: 1
11:48:08 | INFO: Extracting primitive: qiushuangzhai_lantern.001
11:48:08 | INFO: Primitives created: 1
11:48:08 | INFO: Extracting primitive: qiushuangzhai_leaf.001
11:48:08 | INFO: Primitives created: 1
11:48:08 | INFO: Extracting primitive: qiushuangzhai_leafdark
11:48:08 | INFO: Primitives created: 1
11:48:08 | INFO: Extracting primitive: qiushuangzhai_marble
11:48:08 | INFO: Primitives created: 1
11:48:08 | INFO: Extracting primitive: qiushuangzhai_moss
11:48:08 | INFO: Primitives created: 1
11:48:08 | INFO: Extracting primitive: qiushuangzhai_paper
11:48:08 | INFO: Primitives created: 1
11:48:08 | INFO: Extracting primitive: qiushuangzhai_paving
11:48:08 | INFO: Primitives created: 1
11:48:08 | INFO: Extracting primitive: qiushuangzhai_plaster
11:48:08 | INFO: Primitives created: 1
11:48:08 | INFO: Extracting primitive: qiushuangzhai_roof
11:48:08 | INFO: Primitives created: 1
11:48:08 | INFO: Extracting primitive: qiushuangzhai_silk
11:48:08 | INFO: Primitives created: 1
11:48:08 | INFO: Extracting primitive: qiushuangzhai_stone
11:48:08 | INFO: Primitives created: 1
11:48:08 | INFO: Extracting primitive: qiushuangzhai_tile
11:48:08 | INFO: Primitives created: 1
11:48:08 | INFO: Extracting primitive: qiushuangzhai_tiledark
11:48:08 | INFO: Primitives created: 1
11:48:08 | INFO: Extracting primitive: qiushuangzhai_tilelight
11:48:08 | INFO: Primitives created: 1
11:48:08 | INFO: Extracting primitive: qiushuangzhai_wood
11:48:08 | INFO: Primitives created: 1
11:48:08 | INFO: Extracting primitive: daoxiangcun_bark.001
11:48:08 | INFO: Primitives created: 1
11:48:08 | INFO: Extracting primitive: daoxiangcun_clay
11:48:08 | INFO: Primitives created: 1
11:48:08 | INFO: Extracting primitive: daoxiangcun_creamflower
11:48:08 | INFO: Primitives created: 1
11:48:08 | INFO: Extracting primitive: daoxiangcun_darkwood
11:48:08 | INFO: Primitives created: 1
11:48:08 | INFO: Extracting primitive: daoxiangcun_flower
11:48:08 | INFO: Primitives created: 1
11:48:08 | INFO: Extracting primitive: daoxiangcun_lightleaf
11:48:08 | INFO: Primitives created: 1
11:48:08 | INFO: Extracting primitive: daoxiangcun_paving
11:48:08 | INFO: Primitives created: 1
11:48:08 | INFO: Extracting primitive: daoxiangcun_screen
11:48:08 | INFO: Primitives created: 1
11:48:08 | INFO: Extracting primitive: daoxiangcun_stone
11:48:08 | INFO: Primitives created: 1
11:48:08 | INFO: Extracting primitive: daoxiangcun_thatch
11:48:08 | INFO: Primitives created: 1
11:48:08 | INFO: Extracting primitive: daoxiangcun_wood
11:48:08 | INFO: Primitives created: 1
11:48:08 | INFO: Extracting primitive: ouxiangxie_darkwood
11:48:08 | INFO: Primitives created: 1
11:48:08 | INFO: Extracting primitive: ouxiangxie_paper.001
11:48:08 | INFO: Primitives created: 1
11:48:08 | INFO: Extracting primitive: ouxiangxie_roof
11:48:08 | INFO: Primitives created: 1
11:48:08 | INFO: Extracting primitive: ouxiangxie_screen.001
11:48:08 | INFO: Primitives created: 1
11:48:08 | INFO: Extracting primitive: ouxiangxie_stone
11:48:08 | INFO: Primitives created: 1
11:48:08 | INFO: Extracting primitive: ouxiangxie_tile
11:48:08 | INFO: Primitives created: 1
11:48:08 | INFO: Extracting primitive: ouxiangxie_tiledark
11:48:08 | INFO: Primitives created: 1
11:48:08 | INFO: Extracting primitive: ouxiangxie_tilelight
11:48:08 | INFO: Primitives created: 1
11:48:08 | INFO: Extracting primitive: ouxiangxie_wood
11:48:08 | INFO: Primitives created: 1
11:48:08 | INFO: Extracting primitive: dicuiting_darkwood.001
11:48:08 | INFO: Primitives created: 1
11:48:08 | INFO: Extracting primitive: dicuiting_gold.001
11:48:08 | INFO: Primitives created: 1
11:48:08 | INFO: Extracting primitive: dicuiting_lantern.001
11:48:08 | INFO: Primitives created: 1
11:48:08 | INFO: Extracting primitive: dicuiting_roof
11:48:08 | INFO: Primitives created: 1
11:48:08 | INFO: Extracting primitive: dicuiting_stone
11:48:08 | INFO: Primitives created: 1
11:48:08 | INFO: Extracting primitive: dicuiting_tile
11:48:08 | INFO: Primitives created: 1
11:48:08 | INFO: Extracting primitive: dicuiting_tiledark.001
11:48:08 | INFO: Primitives created: 1
11:48:08 | INFO: Extracting primitive: dicuiting_tilelight.001
11:48:08 | INFO: Primitives created: 1
11:48:08 | INFO: Extracting primitive: dicuiting_wood
11:48:08 | INFO: Primitives created: 1
11:48:08 | INFO: Extracting primitive: luxuean_bamboo
11:48:08 | INFO: Primitives created: 1
11:48:08 | INFO: Extracting primitive: luxuean_clay
11:48:08 | INFO: Primitives created: 1
11:48:08 | INFO: Extracting primitive: luxuean_lightleaf
11:48:08 | INFO: Primitives created: 1
11:48:08 | INFO: Extracting primitive: luxuean_paving
11:48:08 | INFO: Primitives created: 1
11:48:08 | INFO: Extracting primitive: luxuean_stone
11:48:08 | INFO: Primitives created: 1
11:48:08 | INFO: Extracting primitive: luxuean_thatch
11:48:08 | INFO: Primitives created: 1
11:48:08 | INFO: Extracting primitive: luxuean_wood
11:48:08 | INFO: Primitives created: 1
11:48:08 | INFO: Extracting primitive: tubishanzhuang_bark.001
11:48:08 | INFO: Primitives created: 1
11:48:08 | INFO: Extracting primitive: tubishanzhuang_canopy.001
11:48:08 | INFO: Primitives created: 1
11:48:08 | INFO: Extracting primitive: tubishanzhuang_canopy_light.001
11:48:08 | INFO: Primitives created: 1
11:48:08 | INFO: Extracting primitive: tubishanzhuang_canopy_shadow.001
11:48:08 | INFO: Primitives created: 1
11:48:08 | INFO: Extracting primitive: tubishanzhuang_darkwood
11:48:08 | INFO: Primitives created: 1
11:48:08 | INFO: Extracting primitive: tubishanzhuang_paper.001
11:48:08 | INFO: Primitives created: 1
11:48:08 | INFO: Extracting primitive: tubishanzhuang_paving
11:48:08 | INFO: Primitives created: 1
11:48:08 | INFO: Extracting primitive: tubishanzhuang_plaster
11:48:08 | INFO: Primitives created: 1
11:48:08 | INFO: Extracting primitive: tubishanzhuang_roof
11:48:08 | INFO: Primitives created: 1
11:48:08 | INFO: Extracting primitive: tubishanzhuang_stone
11:48:08 | INFO: Primitives created: 1
11:48:08 | INFO: Extracting primitive: tubishanzhuang_tile
11:48:08 | INFO: Primitives created: 1
11:48:08 | INFO: Extracting primitive: tubishanzhuang_tiledark
11:48:08 | INFO: Primitives created: 1
11:48:08 | INFO: Extracting primitive: tubishanzhuang_tilelight
11:48:08 | INFO: Primitives created: 1
11:48:08 | INFO: Extracting primitive: tubishanzhuang_wood
11:48:08 | INFO: Primitives created: 1
11:48:08 | INFO: Extracting primitive: aojingxiguan_bark.001
11:48:08 | INFO: Primitives created: 1
11:48:08 | INFO: Extracting primitive: aojingxiguan_canopy.001
11:48:08 | INFO: Primitives created: 1
11:48:08 | INFO: Extracting primitive: aojingxiguan_canopy_light.001
11:48:08 | INFO: Primitives created: 1
11:48:08 | INFO: Extracting primitive: aojingxiguan_canopy_shadow.001
11:48:08 | INFO: Primitives created: 1
11:48:08 | INFO: Extracting primitive: aojingxiguan_darkwood
11:48:08 | INFO: Primitives created: 1
11:48:08 | INFO: Extracting primitive: aojingxiguan_paper.001
11:48:08 | INFO: Primitives created: 1
11:48:08 | INFO: Extracting primitive: aojingxiguan_paving
11:48:08 | INFO: Primitives created: 1
11:48:08 | INFO: Extracting primitive: aojingxiguan_plaster
11:48:08 | INFO: Primitives created: 1
11:48:08 | INFO: Extracting primitive: aojingxiguan_roof
11:48:08 | INFO: Primitives created: 1
11:48:08 | INFO: Extracting primitive: aojingxiguan_stone
11:48:08 | INFO: Primitives created: 1
11:48:08 | INFO: Extracting primitive: aojingxiguan_tile
11:48:08 | INFO: Primitives created: 1
11:48:08 | INFO: Extracting primitive: aojingxiguan_tiledark
11:48:08 | INFO: Primitives created: 1
11:48:08 | INFO: Extracting primitive: aojingxiguan_tilelight
11:48:08 | INFO: Primitives created: 1
11:48:08 | INFO: Extracting primitive: aojingxiguan_wood
11:48:08 | INFO: Primitives created: 1
11:48:08 | INFO: Extracting primitive: daguanlou_bark.001
11:48:08 | INFO: Primitives created: 1
11:48:08 | INFO: Extracting primitive: daguanlou_canopy.001
11:48:08 | INFO: Primitives created: 1
11:48:08 | INFO: Extracting primitive: daguanlou_canopy_light.001
11:48:08 | INFO: Primitives created: 1
11:48:08 | INFO: Extracting primitive: daguanlou_canopy_shadow.001
11:48:08 | INFO: Primitives created: 1
11:48:08 | INFO: Extracting primitive: daguanlou_ceramic.001
11:48:08 | INFO: Primitives created: 1
11:48:08 | INFO: Extracting primitive: daguanlou_darkwood.001
11:48:08 | INFO: Primitives created: 1
11:48:08 | INFO: Extracting primitive: daguanlou_gold.001
11:48:08 | INFO: Primitives created: 1
11:48:08 | INFO: Extracting primitive: daguanlou_lantern.001
11:48:08 | INFO: Primitives created: 1
11:48:08 | INFO: Extracting primitive: daguanlou_paper.001
11:48:08 | INFO: Primitives created: 1
11:48:08 | INFO: Extracting primitive: daguanlou_paving.001
11:48:08 | INFO: Primitives created: 1
11:48:08 | INFO: Extracting primitive: daguanlou_plaster.001
11:48:08 | INFO: Primitives created: 1
11:48:08 | INFO: Extracting primitive: daguanlou_roof.001
11:48:08 | INFO: Primitives created: 1
11:48:08 | INFO: Extracting primitive: daguanlou_screen.001
11:48:08 | INFO: Primitives created: 1
11:48:08 | INFO: Extracting primitive: daguanlou_stone.001
11:48:08 | INFO: Primitives created: 1
11:48:09 | INFO: Extracting primitive: daguanlou_tile.001
11:48:09 | INFO: Primitives created: 1
11:48:10 | INFO: Extracting primitive: daguanlou_tiledark.001
11:48:10 | INFO: Primitives created: 1
11:48:10 | INFO: Extracting primitive: daguanlou_tilelight.001
11:48:10 | INFO: Primitives created: 1
11:48:10 | INFO: Extracting primitive: daguanlou_wood.001
11:48:10 | INFO: Primitives created: 1
11:48:10 | INFO: Extracting primitive: longcuian_bark.001
11:48:10 | INFO: Primitives created: 1
11:48:10 | INFO: Extracting primitive: longcuian_canopy.001
11:48:10 | INFO: Primitives created: 1
11:48:10 | INFO: Extracting primitive: longcuian_canopy_light.001
11:48:10 | INFO: Primitives created: 1
11:48:10 | INFO: Extracting primitive: longcuian_canopy_shadow.001
11:48:10 | INFO: Primitives created: 1
11:48:10 | INFO: Extracting primitive: longcuian_ceramic.001
11:48:10 | INFO: Primitives created: 1
11:48:10 | INFO: Extracting primitive: longcuian_darkwood.001
11:48:10 | INFO: Primitives created: 1
11:48:10 | INFO: Extracting primitive: longcuian_flower.001
11:48:10 | INFO: Primitives created: 1
11:48:10 | INFO: Extracting primitive: longcuian_paper.001
11:48:10 | INFO: Primitives created: 1
11:48:10 | INFO: Extracting primitive: longcuian_paving.001
11:48:10 | INFO: Primitives created: 1
11:48:10 | INFO: Extracting primitive: longcuian_plaster.001
11:48:10 | INFO: Primitives created: 1
11:48:10 | INFO: Extracting primitive: longcuian_roof.001
11:48:10 | INFO: Primitives created: 1
11:48:10 | INFO: Extracting primitive: longcuian_screen.001
11:48:10 | INFO: Primitives created: 1
11:48:10 | INFO: Extracting primitive: longcuian_stone.001
11:48:10 | INFO: Primitives created: 1
11:48:10 | INFO: Extracting primitive: longcuian_tile.001
11:48:10 | INFO: Primitives created: 1
11:48:10 | INFO: Extracting primitive: longcuian_tiledark.001
11:48:10 | INFO: Primitives created: 1
11:48:10 | INFO: Extracting primitive: longcuian_tilelight.001
11:48:10 | INFO: Primitives created: 1
11:48:10 | INFO: Extracting primitive: longcuian_wood.001
11:48:10 | INFO: Primitives created: 1
11:48:10 | INFO: Extracting primitive: nuanxiangwu_bark.001
11:48:10 | INFO: Primitives created: 1
11:48:10 | INFO: Extracting primitive: nuanxiangwu_ceramic.001
11:48:10 | INFO: Primitives created: 1
11:48:10 | INFO: Extracting primitive: nuanxiangwu_creamflower.001
11:48:10 | INFO: Primitives created: 1
11:48:10 | INFO: Extracting primitive: nuanxiangwu_darkwood.001
11:48:10 | INFO: Primitives created: 1
11:48:10 | INFO: Extracting primitive: nuanxiangwu_paper.001
11:48:10 | INFO: Primitives created: 1
11:48:10 | INFO: Extracting primitive: nuanxiangwu_paving.001
11:48:10 | INFO: Primitives created: 1
11:48:10 | INFO: Extracting primitive: nuanxiangwu_plaster.001
11:48:10 | INFO: Primitives created: 1
11:48:10 | INFO: Extracting primitive: nuanxiangwu_roof.001
11:48:10 | INFO: Primitives created: 1
11:48:10 | INFO: Extracting primitive: nuanxiangwu_screen.001
11:48:10 | INFO: Primitives created: 1
11:48:10 | INFO: Extracting primitive: nuanxiangwu_silk.001
11:48:10 | INFO: Primitives created: 1
11:48:10 | INFO: Extracting primitive: nuanxiangwu_stone.001
11:48:10 | INFO: Primitives created: 1
11:48:10 | INFO: Extracting primitive: nuanxiangwu_tile.001
11:48:10 | INFO: Primitives created: 1
11:48:10 | INFO: Extracting primitive: nuanxiangwu_tiledark.001
11:48:10 | INFO: Primitives created: 1
11:48:10 | INFO: Extracting primitive: nuanxiangwu_tilelight.001
11:48:10 | INFO: Primitives created: 1
11:48:10 | INFO: Extracting primitive: nuanxiangwu_wood.001
11:48:10 | INFO: Primitives created: 1
11:48:10 | INFO: Extracting primitive: landscape_earth
11:48:10 | INFO: Primitives created: 1
11:48:11 | INFO: Extracting primitive: landscape_stone
11:48:11 | INFO: Primitives created: 1
11:48:11 | INFO: Extracting primitive: landscape_leafdark.001
11:48:11 | INFO: Primitives created: 1
11:48:11 | INFO: Extracting primitive: landscape_leaf.001
11:48:11 | INFO: Primitives created: 1
11:48:11 | INFO: Extracting primitive: landscape_moss.001
11:48:11 | INFO: Primitives created: 1
11:48:11 | INFO: Extracting primitive: landscape_bark.001
11:48:11 | INFO: Primitives created: 1
11:48:11 | INFO: Extracting primitive: landscape_bamboo
11:48:11 | INFO: Primitives created: 1
11:48:11 | INFO: Extracting primitive: landscape_canopy_light.001
11:48:11 | INFO: Primitives created: 1
11:48:12 | INFO: Extracting primitive: landscape_creamflower
11:48:12 | INFO: Primitives created: 1
11:48:12 | INFO: Extracting primitive: landscape_flower
11:48:12 | INFO: Primitives created: 1
11:48:12 | INFO: Extracting primitive: landscape_plaster.001
11:48:12 | INFO: Primitives created: 1
11:48:12 | INFO: Extracting primitive: landscape_roof.001
11:48:12 | INFO: Primitives created: 1
11:48:12 | INFO: Extracting primitive: landscape_tile.001
11:48:12 | INFO: Primitives created: 1
11:48:12 | INFO: Extracting primitive: landscape_paving.001
11:48:12 | INFO: Primitives created: 1
11:48:12 | INFO: Extracting primitive: landscape_wood
11:48:12 | INFO: Primitives created: 1
11:48:12 | INFO: Extracting primitive: landscape_tiledark.001
11:48:12 | INFO: Primitives created: 1
11:48:12 | INFO: Extracting primitive: landscape_tilelight.001
11:48:12 | INFO: Primitives created: 1
11:48:12 | INFO: Extracting primitive: landscape_darkwood.001
11:48:12 | INFO: Primitives created: 1
11:48:12 | INFO: Extracting primitive: landscape_lantern.001
11:48:12 | INFO: Primitives created: 1
11:48:12 | INFO: Extracting primitive: landscape_gold.001
11:48:12 | INFO: Primitives created: 1
11:48:12 | INFO: Extracting primitive: landscape_lightleaf
11:48:12 | INFO: Primitives created: 1
11:48:13 | INFO: Finished glTF 2.0 export in 5.925210952758789 s
WARN (bke.modifier): C:\Users\blender\git\blender-v450\blender.git\source\blender\blenkernel\intern\modifier.cc:425 BKE_modifier_set_error: Object: "xiaoxiangguan_water", Modifier: "Mobile_Overview", Modifier requires more than 3 input faces

11:48:27 | INFO: Starting glTF 2.0 export
11:48:27 | WARNING: Mesh Mobile_daguanyuan_gate is not valid, and may be exported wrongly
11:48:27 | INFO: Extracting primitive: Mobile_daguanyuan_gate
11:48:27 | INFO: Primitives created: 1
11:48:27 | INFO: Extracting primitive: Mobile_qujingtongyou
11:48:27 | INFO: Primitives created: 1
11:48:27 | WARNING: Mesh Mobile_xiaoxiangguan is not valid, and may be exported wrongly
11:48:27 | INFO: Extracting primitive: Mobile_xiaoxiangguan
11:48:27 | INFO: Primitives created: 1
11:48:27 | INFO: Extracting primitive: xiaoxiangguan_lantern.001
11:48:27 | INFO: Primitives created: 1
11:48:27 | WARNING: Mesh Mobile_yihongyuan is not valid, and may be exported wrongly
11:48:27 | INFO: Extracting primitive: Mobile_yihongyuan
11:48:27 | INFO: Primitives created: 1
11:48:27 | INFO: Extracting primitive: yihongyuan_lantern.001
11:48:27 | INFO: Primitives created: 1
11:48:27 | INFO: Extracting primitive: hengwuyuan_lantern.001
11:48:27 | INFO: Primitives created: 1
11:48:27 | WARNING: Mesh Mobile_hengwuyuan is not valid, and may be exported wrongly
11:48:27 | INFO: Extracting primitive: Mobile_hengwuyuan
11:48:27 | INFO: Primitives created: 1
11:48:27 | WARNING: Mesh Mobile_qiushuangzhai is not valid, and may be exported wrongly
11:48:27 | INFO: Extracting primitive: Mobile_qiushuangzhai
11:48:27 | INFO: Primitives created: 1
11:48:27 | INFO: Extracting primitive: qiushuangzhai_lantern.001
11:48:27 | INFO: Primitives created: 1
11:48:27 | WARNING: Mesh Mobile_daoxiangcun is not valid, and may be exported wrongly
11:48:27 | INFO: Extracting primitive: Mobile_daoxiangcun
11:48:27 | INFO: Primitives created: 1
11:48:27 | WARNING: Mesh Mobile_ouxiangxie is not valid, and may be exported wrongly
11:48:27 | INFO: Extracting primitive: Mobile_ouxiangxie
11:48:27 | INFO: Primitives created: 1
11:48:27 | INFO: Extracting primitive: dicuiting_lantern.001
11:48:27 | INFO: Primitives created: 1
11:48:27 | WARNING: Mesh Mobile_dicuiting is not valid, and may be exported wrongly
11:48:27 | INFO: Extracting primitive: Mobile_dicuiting
11:48:27 | INFO: Primitives created: 1
11:48:27 | WARNING: Mesh Mobile_luxuean is not valid, and may be exported wrongly
11:48:27 | INFO: Extracting primitive: Mobile_luxuean
11:48:27 | INFO: Primitives created: 1
11:48:27 | WARNING: Mesh Mobile_tubishanzhuang is not valid, and may be exported wrongly
11:48:27 | INFO: Extracting primitive: Mobile_tubishanzhuang
11:48:27 | INFO: Primitives created: 1
11:48:27 | WARNING: Mesh Mobile_aojingxiguan is not valid, and may be exported wrongly
11:48:27 | INFO: Extracting primitive: Mobile_aojingxiguan
11:48:27 | INFO: Primitives created: 1
11:48:27 | INFO: Extracting primitive: daguanlou_lantern.001
11:48:27 | INFO: Primitives created: 1
11:48:27 | WARNING: Mesh Mobile_daguanlou is not valid, and may be exported wrongly
11:48:27 | INFO: Extracting primitive: Mobile_daguanlou
11:48:27 | INFO: Primitives created: 1
11:48:27 | WARNING: Mesh Mobile_longcuian is not valid, and may be exported wrongly
11:48:27 | INFO: Extracting primitive: Mobile_longcuian
11:48:27 | INFO: Primitives created: 1
11:48:27 | WARNING: Mesh Mobile_nuanxiangwu is not valid, and may be exported wrongly
11:48:27 | INFO: Extracting primitive: Mobile_nuanxiangwu
11:48:27 | INFO: Primitives created: 1
11:48:27 | INFO: Extracting primitive: landscape_lantern.001
11:48:27 | INFO: Primitives created: 1
11:48:27 | WARNING: Mesh Mobile_landscape is not valid, and may be exported wrongly
11:48:27 | INFO: Extracting primitive: Mobile_landscape
11:48:27 | INFO: Primitives created: 1
11:48:27 | INFO: Finished glTF 2.0 export in 0.3057279586791992 s

REFERENCE WORLD COMPLETE 271
Blender 4.5.9 LTS (hash 8bf95cbd38d1 built 2026-04-21 01:33:45)
Read blend: "D:\Users\Lenovo\Desktop\大观园\blender\daguanyuan_master.blend"

Blender quit
