
> daguanyuan-rumeng@1.0.0 models:build
> node scripts/pipeline.mjs models

12:56:25 | INFO: Data are loaded, start creating Blender stuff
12:56:25 | INFO: Blender create Mesh node island_trees_01_blockout_cleaned
12:56:27 | INFO: glTF import finished in 1.50s
INFO Draco mesh compression is available, use library at D:\Users\Lenovo\Desktop\大观园\.tools\blender-4.5.9-windows-x64\4.5\scripts\addons_core\io_scene_gltf2\extern_draco.dll
12:56:28 | INFO: Starting glTF 2.0 export
12:56:28 | INFO: Extracting primitive: Reference_Tree_Prototype_trunk.009
12:56:28 | WARNING: More than one shader node tex image used for a texture. The resulting glTF sampler will behave like the first shader node tex image.
12:56:28 | INFO: Primitives created: 2
12:56:28 | INFO: Finished glTF 2.0 export in 0.06519699096679688 s

12:56:28 | INFO: Starting glTF 2.0 export
12:56:28 | INFO: Extracting primitive: Reference_Tree_Mobile_trunk
12:56:28 | WARNING: More than one shader node tex image used for a texture. The resulting glTF sampler will behave like the first shader node tex image.
12:56:28 | INFO: Primitives created: 2
12:56:28 | INFO: Finished glTF 2.0 export in 0.015164852142333984 s

CANOPY LOD 10173
12:56:28 | INFO: Data are loaded, start creating Blender stuff
12:56:28 | INFO: Blender create Mesh node Plane.001
12:56:30 | INFO: glTF import finished in 1.16s
Warning: No mesh data to join
12:56:51 | INFO: Starting glTF 2.0 export
12:56:51 | INFO: Extracting primitive: daguanyuan_gate_bookcloth
12:56:51 | INFO: Primitives created: 1
12:56:51 | INFO: Extracting primitive: daguanyuan_gate_darkwood
12:56:51 | INFO: Primitives created: 1
12:56:51 | INFO: Extracting primitive: daguanyuan_gate_ink
12:56:51 | INFO: Primitives created: 1
12:56:51 | INFO: Extracting primitive: daguanyuan_gate_limestone
12:56:51 | INFO: Primitives created: 1
12:56:51 | INFO: Extracting primitive: daguanyuan_gate_paper.001
12:56:51 | INFO: Primitives created: 1
12:56:51 | INFO: Extracting primitive: daguanyuan_gate_paving
12:56:51 | INFO: Primitives created: 1
12:56:51 | INFO: Extracting primitive: daguanyuan_gate_plaster
12:56:51 | INFO: Primitives created: 1
12:56:51 | INFO: Extracting primitive: daguanyuan_gate_roof
12:56:51 | INFO: Primitives created: 1
12:56:51 | INFO: Extracting primitive: daguanyuan_gate_stone
12:56:51 | INFO: Primitives created: 1
12:56:51 | INFO: Extracting primitive: daguanyuan_gate_tile
12:56:51 | INFO: Primitives created: 1
12:56:51 | INFO: Extracting primitive: daguanyuan_gate_tiledark
12:56:51 | INFO: Primitives created: 1
12:56:51 | INFO: Extracting primitive: daguanyuan_gate_tilelight
12:56:51 | INFO: Primitives created: 1
12:56:51 | INFO: Extracting primitive: daguanyuan_gate_wood
12:56:51 | INFO: Primitives created: 1
12:56:51 | INFO: Finished glTF 2.0 export in 0.14058947563171387 s

12:56:51 | INFO: Starting glTF 2.0 export
12:56:51 | INFO: Extracting primitive: daguanyuan_gate_bookcloth
12:56:51 | INFO: Primitives created: 1
12:56:51 | INFO: Extracting primitive: daguanyuan_gate_darkwood
12:56:51 | INFO: Primitives created: 1
12:56:51 | INFO: Extracting primitive: daguanyuan_gate_ink
12:56:51 | INFO: Primitives created: 1
12:56:51 | INFO: Extracting primitive: daguanyuan_gate_limestone
12:56:51 | INFO: Primitives created: 1
12:56:51 | INFO: Extracting primitive: daguanyuan_gate_paper.001
12:56:51 | INFO: Primitives created: 1
12:56:51 | INFO: Extracting primitive: daguanyuan_gate_paving
12:56:51 | INFO: Primitives created: 1
12:56:51 | INFO: Extracting primitive: daguanyuan_gate_plaster
12:56:51 | INFO: Primitives created: 1
12:56:51 | INFO: Extracting primitive: daguanyuan_gate_roof
12:56:51 | INFO: Primitives created: 1
12:56:51 | INFO: Extracting primitive: daguanyuan_gate_stone
12:56:51 | INFO: Primitives created: 1
12:56:51 | INFO: Extracting primitive: daguanyuan_gate_tile
12:56:51 | INFO: Primitives created: 1
12:56:51 | INFO: Extracting primitive: daguanyuan_gate_tiledark
12:56:51 | INFO: Primitives created: 1
12:56:51 | INFO: Extracting primitive: daguanyuan_gate_tilelight
12:56:51 | INFO: Primitives created: 1
12:56:51 | INFO: Extracting primitive: daguanyuan_gate_wood
12:56:51 | INFO: Primitives created: 1
12:56:51 | INFO: Finished glTF 2.0 export in 0.10952448844909668 s

REFERENCE PLACE daguanyuan_gate
12:56:51 | INFO: Starting glTF 2.0 export
12:56:51 | INFO: Extracting primitive: qujingtongyou_bark.001
12:56:51 | INFO: Primitives created: 1
12:56:51 | INFO: Extracting primitive: qujingtongyou_canopy.001
12:56:51 | INFO: Primitives created: 1
12:56:51 | INFO: Extracting primitive: qujingtongyou_canopy_light.001
12:56:51 | INFO: Primitives created: 1
12:56:51 | INFO: Extracting primitive: qujingtongyou_canopy_shadow.001
12:56:51 | INFO: Primitives created: 1
12:56:51 | INFO: Extracting primitive: qujingtongyou_limestone
12:56:51 | INFO: Primitives created: 1
12:56:51 | INFO: Extracting primitive: qujingtongyou_moss.001
12:56:51 | INFO: Primitives created: 1
12:56:51 | INFO: Extracting primitive: qujingtongyou_stone
12:56:51 | INFO: Primitives created: 1
12:56:51 | INFO: Finished glTF 2.0 export in 0.030056476593017578 s

12:56:51 | INFO: Starting glTF 2.0 export
12:56:51 | INFO: Extracting primitive: qujingtongyou_bark.001
12:56:51 | INFO: Primitives created: 1
12:56:51 | INFO: Extracting primitive: qujingtongyou_canopy.001
12:56:51 | INFO: Primitives created: 1
12:56:51 | INFO: Extracting primitive: qujingtongyou_canopy_light.001
12:56:51 | INFO: Primitives created: 1
12:56:51 | INFO: Extracting primitive: qujingtongyou_canopy_shadow.001
12:56:51 | INFO: Primitives created: 1
12:56:51 | INFO: Extracting primitive: qujingtongyou_limestone
12:56:51 | INFO: Primitives created: 1
12:56:51 | INFO: Extracting primitive: qujingtongyou_moss.001
12:56:51 | INFO: Primitives created: 1
12:56:51 | INFO: Extracting primitive: qujingtongyou_stone
12:56:51 | INFO: Primitives created: 1
12:56:51 | INFO: Finished glTF 2.0 export in 0.039435386657714844 s

REFERENCE PLACE qujingtongyou
12:56:53 | INFO: Starting glTF 2.0 export
12:56:53 | INFO: Extracting primitive: xiaoxiangguan_bamboo.001
12:56:54 | INFO: Primitives created: 1
12:56:54 | INFO: Extracting primitive: xiaoxiangguan_bark.001
12:56:54 | INFO: Primitives created: 1
12:56:54 | INFO: Extracting primitive: xiaoxiangguan_bookcloth
12:56:54 | INFO: Primitives created: 1
12:56:54 | INFO: Extracting primitive: xiaoxiangguan_bookcover
12:56:54 | INFO: Primitives created: 1
12:56:54 | INFO: Extracting primitive: xiaoxiangguan_ceramic
12:56:54 | INFO: Primitives created: 1
12:56:54 | INFO: Extracting primitive: xiaoxiangguan_creamflower.001
12:56:54 | INFO: Primitives created: 1
12:56:54 | INFO: Extracting primitive: xiaoxiangguan_darkwood.001
12:56:54 | INFO: Primitives created: 1
12:56:54 | INFO: Extracting primitive: xiaoxiangguan_earth.001
12:56:54 | INFO: Primitives created: 1
12:56:54 | INFO: Extracting primitive: xiaoxiangguan_gold.001
12:56:54 | INFO: Primitives created: 1
12:56:54 | INFO: Extracting primitive: xiaoxiangguan_ink
12:56:54 | INFO: Primitives created: 1
12:56:54 | INFO: Extracting primitive: xiaoxiangguan_ivory
12:56:54 | INFO: Primitives created: 1
12:56:54 | INFO: Extracting primitive: xiaoxiangguan_lantern.001
12:56:54 | INFO: Primitives created: 1
12:56:54 | INFO: Extracting primitive: xiaoxiangguan_leaf.001
12:56:54 | INFO: Primitives created: 1
12:56:54 | INFO: Extracting primitive: xiaoxiangguan_leafdark.001
12:56:54 | INFO: Primitives created: 1
12:56:54 | INFO: Extracting primitive: xiaoxiangguan_lightleaf.001
12:56:54 | INFO: Primitives created: 1
12:56:54 | INFO: Extracting primitive: xiaoxiangguan_limestone
12:56:54 | INFO: Primitives created: 1
12:56:54 | INFO: Extracting primitive: xiaoxiangguan_moss
12:56:54 | INFO: Primitives created: 1
12:56:54 | INFO: Extracting primitive: xiaoxiangguan_paper.001
12:56:54 | INFO: Primitives created: 1
12:56:54 | INFO: Extracting primitive: xiaoxiangguan_paving
12:56:54 | INFO: Primitives created: 1
12:56:54 | INFO: Extracting primitive: xiaoxiangguan_plaster.001
12:56:54 | INFO: Primitives created: 1
12:56:54 | INFO: Extracting primitive: xiaoxiangguan_roof.001
12:56:54 | INFO: Primitives created: 1
12:56:54 | INFO: Extracting primitive: xiaoxiangguan_silk
12:56:54 | INFO: Primitives created: 1
12:56:54 | INFO: Extracting primitive: xiaoxiangguan_stone.001
12:56:54 | INFO: Primitives created: 1
12:56:54 | INFO: Extracting primitive: xiaoxiangguan_tile.001
12:56:54 | INFO: Primitives created: 1
12:56:54 | INFO: Extracting primitive: xiaoxiangguan_tiledark
12:56:54 | INFO: Primitives created: 1
12:56:54 | INFO: Extracting primitive: xiaoxiangguan_tilelight
12:56:54 | INFO: Primitives created: 1
12:56:54 | INFO: Extracting primitive: xiaoxiangguan_water
12:56:54 | INFO: Primitives created: 1
12:56:54 | INFO: Extracting primitive: xiaoxiangguan_wood.001
12:56:54 | INFO: Primitives created: 1
12:56:54 | INFO: Finished glTF 2.0 export in 0.33937525749206543 s

12:56:54 | INFO: Starting glTF 2.0 export
12:56:54 | INFO: Extracting primitive: xiaoxiangguan_bamboo.001
12:56:54 | INFO: Primitives created: 1
12:56:54 | INFO: Extracting primitive: xiaoxiangguan_bark.001
12:56:54 | INFO: Primitives created: 1
12:56:54 | INFO: Extracting primitive: xiaoxiangguan_bookcloth
12:56:54 | INFO: Primitives created: 1
12:56:54 | INFO: Extracting primitive: xiaoxiangguan_bookcover
12:56:54 | INFO: Primitives created: 1
12:56:54 | INFO: Extracting primitive: xiaoxiangguan_ceramic
12:56:54 | INFO: Primitives created: 1
12:56:54 | INFO: Extracting primitive: xiaoxiangguan_creamflower.001
12:56:54 | INFO: Primitives created: 1
12:56:54 | INFO: Extracting primitive: xiaoxiangguan_darkwood.001
12:56:54 | INFO: Primitives created: 1
12:56:54 | INFO: Extracting primitive: xiaoxiangguan_earth.001
12:56:54 | INFO: Primitives created: 1
12:56:54 | INFO: Extracting primitive: xiaoxiangguan_gold.001
12:56:54 | INFO: Primitives created: 1
12:56:54 | INFO: Extracting primitive: xiaoxiangguan_ink
12:56:54 | INFO: Primitives created: 1
12:56:54 | INFO: Extracting primitive: xiaoxiangguan_ivory
12:56:54 | INFO: Primitives created: 1
12:56:54 | INFO: Extracting primitive: xiaoxiangguan_lantern.001
12:56:54 | INFO: Primitives created: 1
12:56:54 | INFO: Extracting primitive: xiaoxiangguan_leaf.001
12:56:54 | INFO: Primitives created: 1
12:56:54 | INFO: Extracting primitive: xiaoxiangguan_leafdark.001
12:56:54 | INFO: Primitives created: 1
12:56:54 | INFO: Extracting primitive: xiaoxiangguan_lightleaf.001
12:56:54 | INFO: Primitives created: 1
12:56:54 | INFO: Extracting primitive: xiaoxiangguan_limestone
12:56:54 | INFO: Primitives created: 1
12:56:54 | INFO: Extracting primitive: xiaoxiangguan_moss
12:56:54 | INFO: Primitives created: 1
12:56:54 | INFO: Extracting primitive: xiaoxiangguan_paper.001
12:56:54 | INFO: Primitives created: 1
12:56:54 | INFO: Extracting primitive: xiaoxiangguan_paving
12:56:54 | INFO: Primitives created: 1
12:56:54 | INFO: Extracting primitive: xiaoxiangguan_plaster.001
12:56:54 | INFO: Primitives created: 1
12:56:54 | INFO: Extracting primitive: xiaoxiangguan_roof.001
12:56:54 | INFO: Primitives created: 1
12:56:54 | INFO: Extracting primitive: xiaoxiangguan_silk
12:56:54 | INFO: Primitives created: 1
12:56:54 | INFO: Extracting primitive: xiaoxiangguan_stone.001
12:56:54 | INFO: Primitives created: 1
12:56:54 | INFO: Extracting primitive: xiaoxiangguan_tile.001
12:56:54 | INFO: Primitives created: 1
12:56:54 | INFO: Extracting primitive: xiaoxiangguan_tiledark
12:56:54 | INFO: Primitives created: 1
12:56:54 | INFO: Extracting primitive: xiaoxiangguan_tilelight
12:56:54 | INFO: Primitives created: 1
12:56:54 | INFO: Extracting primitive: xiaoxiangguan_water
12:56:54 | INFO: Primitives created: 1
12:56:54 | INFO: Extracting primitive: xiaoxiangguan_wood.001
12:56:54 | INFO: Primitives created: 1
12:56:55 | INFO: Finished glTF 2.0 export in 0.5579845905303955 s

REFERENCE PLACE xiaoxiangguan
12:56:56 | INFO: Starting glTF 2.0 export
12:56:56 | INFO: Extracting primitive: yihongyuan_bamboo
12:56:56 | INFO: Primitives created: 1
12:56:56 | INFO: Extracting primitive: yihongyuan_bark.001
12:56:56 | INFO: Primitives created: 1
12:56:56 | INFO: Extracting primitive: yihongyuan_bookcloth
12:56:56 | INFO: Primitives created: 1
12:56:56 | INFO: Extracting primitive: yihongyuan_bookcover
12:56:56 | INFO: Primitives created: 1
12:56:56 | INFO: Extracting primitive: yihongyuan_ceramic
12:56:56 | INFO: Primitives created: 1
12:56:56 | INFO: Extracting primitive: yihongyuan_darkwood
12:56:56 | INFO: Primitives created: 1
12:56:56 | INFO: Extracting primitive: yihongyuan_earth
12:56:56 | INFO: Primitives created: 1
12:56:56 | INFO: Extracting primitive: yihongyuan_flower
12:56:56 | INFO: Primitives created: 1
12:56:56 | INFO: Extracting primitive: yihongyuan_gold.001
12:56:56 | INFO: Primitives created: 1
12:56:56 | INFO: Extracting primitive: yihongyuan_ink
12:56:56 | INFO: Primitives created: 1
12:56:56 | INFO: Extracting primitive: yihongyuan_ivory
12:56:56 | INFO: Primitives created: 1
12:56:56 | INFO: Extracting primitive: yihongyuan_lantern.001
12:56:56 | INFO: Primitives created: 1
12:56:56 | INFO: Extracting primitive: yihongyuan_leaf
12:56:56 | INFO: Primitives created: 1
12:56:56 | INFO: Extracting primitive: yihongyuan_leafdark.001
12:56:56 | INFO: Primitives created: 1
12:56:56 | INFO: Extracting primitive: yihongyuan_lightleaf
12:56:56 | INFO: Primitives created: 1
12:56:56 | INFO: Extracting primitive: yihongyuan_limestone
12:56:56 | INFO: Primitives created: 1
12:56:56 | INFO: Extracting primitive: yihongyuan_moss
12:56:56 | INFO: Primitives created: 1
12:56:56 | INFO: Extracting primitive: yihongyuan_paper
12:56:56 | INFO: Primitives created: 1
12:56:56 | INFO: Extracting primitive: yihongyuan_paving
12:56:56 | INFO: Primitives created: 1
12:56:56 | INFO: Extracting primitive: yihongyuan_plaster
12:56:56 | INFO: Primitives created: 1
12:56:56 | INFO: Extracting primitive: yihongyuan_roof
12:56:56 | INFO: Primitives created: 1
12:56:56 | INFO: Extracting primitive: yihongyuan_screen
12:56:56 | INFO: Primitives created: 1
12:56:56 | INFO: Extracting primitive: yihongyuan_silk
12:56:56 | INFO: Primitives created: 1
12:56:56 | INFO: Extracting primitive: yihongyuan_stone
12:56:56 | INFO: Primitives created: 1
12:56:56 | INFO: Extracting primitive: yihongyuan_tile
12:56:56 | INFO: Primitives created: 1
12:56:56 | INFO: Extracting primitive: yihongyuan_tiledark
12:56:56 | INFO: Primitives created: 1
12:56:56 | INFO: Extracting primitive: yihongyuan_tilelight
12:56:56 | INFO: Primitives created: 1
12:56:56 | INFO: Extracting primitive: yihongyuan_wood
12:56:56 | INFO: Primitives created: 1
12:56:56 | INFO: Finished glTF 2.0 export in 0.19901609420776367 s

12:56:56 | INFO: Starting glTF 2.0 export
12:56:56 | INFO: Extracting primitive: yihongyuan_bamboo
12:56:56 | INFO: Primitives created: 1
12:56:56 | INFO: Extracting primitive: yihongyuan_bark.001
12:56:56 | INFO: Primitives created: 1
12:56:56 | INFO: Extracting primitive: yihongyuan_bookcloth
12:56:56 | INFO: Primitives created: 1
12:56:56 | INFO: Extracting primitive: yihongyuan_bookcover
12:56:56 | INFO: Primitives created: 1
12:56:56 | INFO: Extracting primitive: yihongyuan_ceramic
12:56:56 | INFO: Primitives created: 1
12:56:56 | INFO: Extracting primitive: yihongyuan_darkwood
12:56:56 | INFO: Primitives created: 1
12:56:56 | INFO: Extracting primitive: yihongyuan_earth
12:56:56 | INFO: Primitives created: 1
12:56:56 | INFO: Extracting primitive: yihongyuan_flower
12:56:56 | INFO: Primitives created: 1
12:56:56 | INFO: Extracting primitive: yihongyuan_gold.001
12:56:56 | INFO: Primitives created: 1
12:56:56 | INFO: Extracting primitive: yihongyuan_ink
12:56:56 | INFO: Primitives created: 1
12:56:56 | INFO: Extracting primitive: yihongyuan_ivory
12:56:56 | INFO: Primitives created: 1
12:56:56 | INFO: Extracting primitive: yihongyuan_lantern.001
12:56:56 | INFO: Primitives created: 1
12:56:56 | INFO: Extracting primitive: yihongyuan_leaf
12:56:56 | INFO: Primitives created: 1
12:56:56 | INFO: Extracting primitive: yihongyuan_leafdark.001
12:56:56 | INFO: Primitives created: 1
12:56:56 | INFO: Extracting primitive: yihongyuan_lightleaf
12:56:56 | INFO: Primitives created: 1
12:56:56 | INFO: Extracting primitive: yihongyuan_limestone
12:56:56 | INFO: Primitives created: 1
12:56:56 | INFO: Extracting primitive: yihongyuan_moss
12:56:56 | INFO: Primitives created: 1
12:56:56 | INFO: Extracting primitive: yihongyuan_paper
12:56:56 | INFO: Primitives created: 1
12:56:56 | INFO: Extracting primitive: yihongyuan_paving
12:56:56 | INFO: Primitives created: 1
12:56:56 | INFO: Extracting primitive: yihongyuan_plaster
12:56:56 | INFO: Primitives created: 1
12:56:56 | INFO: Extracting primitive: yihongyuan_roof
12:56:56 | INFO: Primitives created: 1
12:56:56 | INFO: Extracting primitive: yihongyuan_screen
12:56:56 | INFO: Primitives created: 1
12:56:56 | INFO: Extracting primitive: yihongyuan_silk
12:56:56 | INFO: Primitives created: 1
12:56:56 | INFO: Extracting primitive: yihongyuan_stone
12:56:56 | INFO: Primitives created: 1
12:56:56 | INFO: Extracting primitive: yihongyuan_tile
12:56:56 | INFO: Primitives created: 1
12:56:56 | INFO: Extracting primitive: yihongyuan_tiledark
12:56:56 | INFO: Primitives created: 1
12:56:56 | INFO: Extracting primitive: yihongyuan_tilelight
12:56:56 | INFO: Primitives created: 1
12:56:56 | INFO: Extracting primitive: yihongyuan_wood
12:56:56 | INFO: Primitives created: 1
12:56:56 | INFO: Finished glTF 2.0 export in 0.3939511775970459 s

REFERENCE PLACE yihongyuan
12:56:57 | INFO: Starting glTF 2.0 export
12:56:57 | INFO: Extracting primitive: hengwuyuan_bamboo
12:56:57 | INFO: Primitives created: 1
12:56:57 | INFO: Extracting primitive: hengwuyuan_bookcloth
12:56:57 | INFO: Primitives created: 1
12:56:57 | INFO: Extracting primitive: hengwuyuan_bookcover
12:56:57 | INFO: Primitives created: 1
12:56:57 | INFO: Extracting primitive: hengwuyuan_ceramic
12:56:57 | INFO: Primitives created: 1
12:56:57 | INFO: Extracting primitive: hengwuyuan_clay
12:56:57 | INFO: Primitives created: 1
12:56:57 | INFO: Extracting primitive: hengwuyuan_creamflower
12:56:57 | INFO: Primitives created: 1
12:56:57 | INFO: Extracting primitive: hengwuyuan_darkwood
12:56:57 | INFO: Primitives created: 1
12:56:57 | INFO: Extracting primitive: hengwuyuan_earth
12:56:57 | INFO: Primitives created: 1
12:56:57 | INFO: Extracting primitive: hengwuyuan_gold.001
12:56:57 | INFO: Primitives created: 1
12:56:57 | INFO: Extracting primitive: hengwuyuan_ink
12:56:57 | INFO: Primitives created: 1
12:56:57 | INFO: Extracting primitive: hengwuyuan_ivory
12:56:57 | INFO: Primitives created: 1
12:56:57 | INFO: Extracting primitive: hengwuyuan_lantern.001
12:56:57 | INFO: Primitives created: 1
12:56:57 | INFO: Extracting primitive: hengwuyuan_leaf
12:56:57 | INFO: Primitives created: 1
12:56:57 | INFO: Extracting primitive: hengwuyuan_leafdark
12:56:57 | INFO: Primitives created: 1
12:56:57 | INFO: Extracting primitive: hengwuyuan_lightleaf
12:56:57 | INFO: Primitives created: 1
12:56:57 | INFO: Extracting primitive: hengwuyuan_limestone
12:56:57 | INFO: Primitives created: 1
12:56:57 | INFO: Extracting primitive: hengwuyuan_moss
12:56:57 | INFO: Primitives created: 1
12:56:57 | INFO: Extracting primitive: hengwuyuan_paper
12:56:57 | INFO: Primitives created: 1
12:56:57 | INFO: Extracting primitive: hengwuyuan_paving
12:56:57 | INFO: Primitives created: 1
12:56:57 | INFO: Extracting primitive: hengwuyuan_plaster
12:56:57 | INFO: Primitives created: 1
12:56:57 | INFO: Extracting primitive: hengwuyuan_roof
12:56:57 | INFO: Primitives created: 1
12:56:57 | INFO: Extracting primitive: hengwuyuan_screen
12:56:57 | INFO: Primitives created: 1
12:56:57 | INFO: Extracting primitive: hengwuyuan_stone
12:56:57 | INFO: Primitives created: 1
12:56:57 | INFO: Extracting primitive: hengwuyuan_tile
12:56:57 | INFO: Primitives created: 1
12:56:57 | INFO: Extracting primitive: hengwuyuan_tiledark
12:56:57 | INFO: Primitives created: 1
12:56:57 | INFO: Extracting primitive: hengwuyuan_tilelight
12:56:57 | INFO: Primitives created: 1
12:56:57 | INFO: Extracting primitive: hengwuyuan_wood
12:56:57 | INFO: Primitives created: 1
12:56:57 | INFO: Finished glTF 2.0 export in 0.19895648956298828 s

12:56:57 | INFO: Starting glTF 2.0 export
12:56:57 | INFO: Extracting primitive: hengwuyuan_bamboo
12:56:57 | INFO: Primitives created: 1
12:56:57 | INFO: Extracting primitive: hengwuyuan_bookcloth
12:56:57 | INFO: Primitives created: 1
12:56:57 | INFO: Extracting primitive: hengwuyuan_bookcover
12:56:57 | INFO: Primitives created: 1
12:56:57 | INFO: Extracting primitive: hengwuyuan_ceramic
12:56:57 | INFO: Primitives created: 1
12:56:57 | INFO: Extracting primitive: hengwuyuan_clay
12:56:57 | INFO: Primitives created: 1
12:56:57 | INFO: Extracting primitive: hengwuyuan_creamflower
12:56:57 | INFO: Primitives created: 1
12:56:57 | INFO: Extracting primitive: hengwuyuan_darkwood
12:56:57 | INFO: Primitives created: 1
12:56:57 | INFO: Extracting primitive: hengwuyuan_earth
12:56:57 | INFO: Primitives created: 1
12:56:57 | INFO: Extracting primitive: hengwuyuan_gold.001
12:56:57 | INFO: Primitives created: 1
12:56:57 | INFO: Extracting primitive: hengwuyuan_ink
12:56:57 | INFO: Primitives created: 1
12:56:57 | INFO: Extracting primitive: hengwuyuan_ivory
12:56:57 | INFO: Primitives created: 1
12:56:57 | INFO: Extracting primitive: hengwuyuan_lantern.001
12:56:57 | INFO: Primitives created: 1
12:56:57 | INFO: Extracting primitive: hengwuyuan_leaf
12:56:57 | INFO: Primitives created: 1
12:56:57 | INFO: Extracting primitive: hengwuyuan_leafdark
12:56:57 | INFO: Primitives created: 1
12:56:57 | INFO: Extracting primitive: hengwuyuan_lightleaf
12:56:57 | INFO: Primitives created: 1
12:56:57 | INFO: Extracting primitive: hengwuyuan_limestone
12:56:57 | INFO: Primitives created: 1
12:56:57 | INFO: Extracting primitive: hengwuyuan_moss
12:56:57 | INFO: Primitives created: 1
12:56:57 | INFO: Extracting primitive: hengwuyuan_paper
12:56:57 | INFO: Primitives created: 1
12:56:57 | INFO: Extracting primitive: hengwuyuan_paving
12:56:57 | INFO: Primitives created: 1
12:56:57 | INFO: Extracting primitive: hengwuyuan_plaster
12:56:57 | INFO: Primitives created: 1
12:56:57 | INFO: Extracting primitive: hengwuyuan_roof
12:56:57 | INFO: Primitives created: 1
12:56:57 | INFO: Extracting primitive: hengwuyuan_screen
12:56:57 | INFO: Primitives created: 1
12:56:57 | INFO: Extracting primitive: hengwuyuan_stone
12:56:57 | INFO: Primitives created: 1
12:56:58 | INFO: Extracting primitive: hengwuyuan_tile
12:56:58 | INFO: Primitives created: 1
12:56:58 | INFO: Extracting primitive: hengwuyuan_tiledark
12:56:58 | INFO: Primitives created: 1
12:56:58 | INFO: Extracting primitive: hengwuyuan_tilelight
12:56:58 | INFO: Primitives created: 1
12:56:58 | INFO: Extracting primitive: hengwuyuan_wood
12:56:58 | INFO: Primitives created: 1
12:56:58 | INFO: Finished glTF 2.0 export in 0.3088388442993164 s

REFERENCE PLACE hengwuyuan
12:56:58 | INFO: Starting glTF 2.0 export
12:56:58 | INFO: Extracting primitive: qiushuangzhai_bamboo
12:56:58 | INFO: Primitives created: 1
12:56:58 | INFO: Extracting primitive: qiushuangzhai_bookcloth
12:56:58 | INFO: Primitives created: 1
12:56:58 | INFO: Extracting primitive: qiushuangzhai_bookcover
12:56:58 | INFO: Primitives created: 1
12:56:58 | INFO: Extracting primitive: qiushuangzhai_ceramic
12:56:58 | INFO: Primitives created: 1
12:56:58 | INFO: Extracting primitive: qiushuangzhai_creamflower
12:56:58 | INFO: Primitives created: 1
12:56:58 | INFO: Extracting primitive: qiushuangzhai_darkwood
12:56:58 | INFO: Primitives created: 1
12:56:58 | INFO: Extracting primitive: qiushuangzhai_earth
12:56:58 | INFO: Primitives created: 1
12:56:58 | INFO: Extracting primitive: qiushuangzhai_gold.001
12:56:58 | INFO: Primitives created: 1
12:56:58 | INFO: Extracting primitive: qiushuangzhai_ink
12:56:58 | INFO: Primitives created: 1
12:56:58 | INFO: Extracting primitive: qiushuangzhai_ivory
12:56:58 | INFO: Primitives created: 1
12:56:58 | INFO: Extracting primitive: qiushuangzhai_lantern.001
12:56:58 | INFO: Primitives created: 1
12:56:58 | INFO: Extracting primitive: qiushuangzhai_leaf.001
12:56:58 | INFO: Primitives created: 1
12:56:58 | INFO: Extracting primitive: qiushuangzhai_leafdark
12:56:58 | INFO: Primitives created: 1
12:56:58 | INFO: Extracting primitive: qiushuangzhai_marble
12:56:58 | INFO: Primitives created: 1
12:56:58 | INFO: Extracting primitive: qiushuangzhai_moss
12:56:58 | INFO: Primitives created: 1
12:56:58 | INFO: Extracting primitive: qiushuangzhai_paper
12:56:58 | INFO: Primitives created: 1
12:56:58 | INFO: Extracting primitive: qiushuangzhai_paving
12:56:58 | INFO: Primitives created: 1
12:56:58 | INFO: Extracting primitive: qiushuangzhai_plaster
12:56:58 | INFO: Primitives created: 1
12:56:58 | INFO: Extracting primitive: qiushuangzhai_roof
12:56:58 | INFO: Primitives created: 1
12:56:58 | INFO: Extracting primitive: qiushuangzhai_silk
12:56:58 | INFO: Primitives created: 1
12:56:58 | INFO: Extracting primitive: qiushuangzhai_stone
12:56:58 | INFO: Primitives created: 1
12:56:58 | INFO: Extracting primitive: qiushuangzhai_tile
12:56:58 | INFO: Primitives created: 1
12:56:58 | INFO: Extracting primitive: qiushuangzhai_tiledark
12:56:58 | INFO: Primitives created: 1
12:56:58 | INFO: Extracting primitive: qiushuangzhai_tilelight
12:56:58 | INFO: Primitives created: 1
12:56:58 | INFO: Extracting primitive: qiushuangzhai_wood
12:56:58 | INFO: Primitives created: 1
12:56:58 | INFO: Finished glTF 2.0 export in 0.12929916381835938 s

12:56:58 | INFO: Starting glTF 2.0 export
12:56:58 | INFO: Extracting primitive: qiushuangzhai_bamboo
12:56:58 | INFO: Primitives created: 1
12:56:58 | INFO: Extracting primitive: qiushuangzhai_bookcloth
12:56:58 | INFO: Primitives created: 1
12:56:58 | INFO: Extracting primitive: qiushuangzhai_bookcover
12:56:58 | INFO: Primitives created: 1
12:56:58 | INFO: Extracting primitive: qiushuangzhai_ceramic
12:56:58 | INFO: Primitives created: 1
12:56:58 | INFO: Extracting primitive: qiushuangzhai_creamflower
12:56:58 | INFO: Primitives created: 1
12:56:58 | INFO: Extracting primitive: qiushuangzhai_darkwood
12:56:58 | INFO: Primitives created: 1
12:56:58 | INFO: Extracting primitive: qiushuangzhai_earth
12:56:58 | INFO: Primitives created: 1
12:56:58 | INFO: Extracting primitive: qiushuangzhai_gold.001
12:56:58 | INFO: Primitives created: 1
12:56:58 | INFO: Extracting primitive: qiushuangzhai_ink
12:56:58 | INFO: Primitives created: 1
12:56:58 | INFO: Extracting primitive: qiushuangzhai_ivory
12:56:58 | INFO: Primitives created: 1
12:56:58 | INFO: Extracting primitive: qiushuangzhai_lantern.001
12:56:58 | INFO: Primitives created: 1
12:56:58 | INFO: Extracting primitive: qiushuangzhai_leaf.001
12:56:58 | INFO: Primitives created: 1
12:56:58 | INFO: Extracting primitive: qiushuangzhai_leafdark
12:56:58 | INFO: Primitives created: 1
12:56:58 | INFO: Extracting primitive: qiushuangzhai_marble
12:56:58 | INFO: Primitives created: 1
12:56:58 | INFO: Extracting primitive: qiushuangzhai_moss
12:56:58 | INFO: Primitives created: 1
12:56:58 | INFO: Extracting primitive: qiushuangzhai_paper
12:56:58 | INFO: Primitives created: 1
12:56:58 | INFO: Extracting primitive: qiushuangzhai_paving
12:56:58 | INFO: Primitives created: 1
12:56:58 | INFO: Extracting primitive: qiushuangzhai_plaster
12:56:58 | INFO: Primitives created: 1
12:56:58 | INFO: Extracting primitive: qiushuangzhai_roof
12:56:58 | INFO: Primitives created: 1
12:56:58 | INFO: Extracting primitive: qiushuangzhai_silk
12:56:58 | INFO: Primitives created: 1
12:56:58 | INFO: Extracting primitive: qiushuangzhai_stone
12:56:58 | INFO: Primitives created: 1
12:56:58 | INFO: Extracting primitive: qiushuangzhai_tile
12:56:59 | INFO: Primitives created: 1
12:56:59 | INFO: Extracting primitive: qiushuangzhai_tiledark
12:56:59 | INFO: Primitives created: 1
12:56:59 | INFO: Extracting primitive: qiushuangzhai_tilelight
12:56:59 | INFO: Primitives created: 1
12:56:59 | INFO: Extracting primitive: qiushuangzhai_wood
12:56:59 | INFO: Primitives created: 1
12:56:59 | INFO: Finished glTF 2.0 export in 0.18733477592468262 s

REFERENCE PLACE qiushuangzhai
12:56:59 | INFO: Starting glTF 2.0 export
12:56:59 | INFO: Extracting primitive: daoxiangcun_bark.001
12:56:59 | INFO: Primitives created: 1
12:56:59 | INFO: Extracting primitive: daoxiangcun_clay
12:56:59 | INFO: Primitives created: 1
12:56:59 | INFO: Extracting primitive: daoxiangcun_creamflower
12:56:59 | INFO: Primitives created: 1
12:56:59 | INFO: Extracting primitive: daoxiangcun_darkwood
12:56:59 | INFO: Primitives created: 1
12:56:59 | INFO: Extracting primitive: daoxiangcun_flower
12:56:59 | INFO: Primitives created: 1
12:56:59 | INFO: Extracting primitive: daoxiangcun_lightleaf
12:56:59 | INFO: Primitives created: 1
12:56:59 | INFO: Extracting primitive: daoxiangcun_paving
12:56:59 | INFO: Primitives created: 1
12:56:59 | INFO: Extracting primitive: daoxiangcun_screen
12:56:59 | INFO: Primitives created: 1
12:56:59 | INFO: Extracting primitive: daoxiangcun_stone
12:56:59 | INFO: Primitives created: 1
12:56:59 | INFO: Extracting primitive: daoxiangcun_thatch
12:56:59 | INFO: Primitives created: 1
12:56:59 | INFO: Extracting primitive: daoxiangcun_wood
12:56:59 | INFO: Primitives created: 1
12:56:59 | INFO: Finished glTF 2.0 export in 0.06473827362060547 s

12:56:59 | INFO: Starting glTF 2.0 export
12:56:59 | INFO: Extracting primitive: daoxiangcun_bark.001
12:56:59 | INFO: Primitives created: 1
12:56:59 | INFO: Extracting primitive: daoxiangcun_clay
12:56:59 | INFO: Primitives created: 1
12:56:59 | INFO: Extracting primitive: daoxiangcun_creamflower
12:56:59 | INFO: Primitives created: 1
12:56:59 | INFO: Extracting primitive: daoxiangcun_darkwood
12:56:59 | INFO: Primitives created: 1
12:56:59 | INFO: Extracting primitive: daoxiangcun_flower
12:56:59 | INFO: Primitives created: 1
12:56:59 | INFO: Extracting primitive: daoxiangcun_lightleaf
12:56:59 | INFO: Primitives created: 1
12:56:59 | INFO: Extracting primitive: daoxiangcun_paving
12:56:59 | INFO: Primitives created: 1
12:56:59 | INFO: Extracting primitive: daoxiangcun_screen
12:56:59 | INFO: Primitives created: 1
12:56:59 | INFO: Extracting primitive: daoxiangcun_stone
12:56:59 | INFO: Primitives created: 1
12:56:59 | INFO: Extracting primitive: daoxiangcun_thatch
12:56:59 | INFO: Primitives created: 1
12:56:59 | INFO: Extracting primitive: daoxiangcun_wood
12:56:59 | INFO: Primitives created: 1
12:56:59 | INFO: Finished glTF 2.0 export in 0.08866286277770996 s

REFERENCE PLACE daoxiangcun
12:56:59 | INFO: Starting glTF 2.0 export
12:56:59 | INFO: Extracting primitive: ouxiangxie_bamboo
12:56:59 | INFO: Primitives created: 1
12:56:59 | INFO: Extracting primitive: ouxiangxie_bookcloth
12:56:59 | INFO: Primitives created: 1
12:56:59 | INFO: Extracting primitive: ouxiangxie_bookcover
12:56:59 | INFO: Primitives created: 1
12:56:59 | INFO: Extracting primitive: ouxiangxie_ceramic
12:56:59 | INFO: Primitives created: 1
12:56:59 | INFO: Extracting primitive: ouxiangxie_darkwood
12:56:59 | INFO: Primitives created: 1
12:56:59 | INFO: Extracting primitive: ouxiangxie_ink
12:56:59 | INFO: Primitives created: 1
12:56:59 | INFO: Extracting primitive: ouxiangxie_ivory
12:56:59 | INFO: Primitives created: 1
12:56:59 | INFO: Extracting primitive: ouxiangxie_paper.001
12:56:59 | INFO: Primitives created: 1
12:56:59 | INFO: Extracting primitive: ouxiangxie_roof
12:56:59 | INFO: Primitives created: 1
12:56:59 | INFO: Extracting primitive: ouxiangxie_screen.001
12:56:59 | INFO: Primitives created: 1
12:56:59 | INFO: Extracting primitive: ouxiangxie_stone
12:56:59 | INFO: Primitives created: 1
12:56:59 | INFO: Extracting primitive: ouxiangxie_tile
12:56:59 | INFO: Primitives created: 1
12:56:59 | INFO: Extracting primitive: ouxiangxie_tiledark
12:56:59 | INFO: Primitives created: 1
12:56:59 | INFO: Extracting primitive: ouxiangxie_tilelight
12:56:59 | INFO: Primitives created: 1
12:56:59 | INFO: Extracting primitive: ouxiangxie_wood
12:57:00 | INFO: Primitives created: 1
12:57:00 | INFO: Finished glTF 2.0 export in 0.06769061088562012 s

12:57:00 | INFO: Starting glTF 2.0 export
12:57:00 | INFO: Extracting primitive: ouxiangxie_bamboo
12:57:00 | INFO: Primitives created: 1
12:57:00 | INFO: Extracting primitive: ouxiangxie_bookcloth
12:57:00 | INFO: Primitives created: 1
12:57:00 | INFO: Extracting primitive: ouxiangxie_bookcover
12:57:00 | INFO: Primitives created: 1
12:57:00 | INFO: Extracting primitive: ouxiangxie_ceramic
12:57:00 | INFO: Primitives created: 1
12:57:00 | INFO: Extracting primitive: ouxiangxie_darkwood
12:57:00 | INFO: Primitives created: 1
12:57:00 | INFO: Extracting primitive: ouxiangxie_ink
12:57:00 | INFO: Primitives created: 1
12:57:00 | INFO: Extracting primitive: ouxiangxie_ivory
12:57:00 | INFO: Primitives created: 1
12:57:00 | INFO: Extracting primitive: ouxiangxie_paper.001
12:57:00 | INFO: Primitives created: 1
12:57:00 | INFO: Extracting primitive: ouxiangxie_roof
12:57:00 | INFO: Primitives created: 1
12:57:00 | INFO: Extracting primitive: ouxiangxie_screen.001
12:57:00 | INFO: Primitives created: 1
12:57:00 | INFO: Extracting primitive: ouxiangxie_stone
12:57:00 | INFO: Primitives created: 1
12:57:00 | INFO: Extracting primitive: ouxiangxie_tile
12:57:00 | INFO: Primitives created: 1
12:57:00 | INFO: Extracting primitive: ouxiangxie_tiledark
12:57:00 | INFO: Primitives created: 1
12:57:00 | INFO: Extracting primitive: ouxiangxie_tilelight
12:57:00 | INFO: Primitives created: 1
12:57:00 | INFO: Extracting primitive: ouxiangxie_wood
12:57:00 | INFO: Primitives created: 1
12:57:00 | INFO: Finished glTF 2.0 export in 0.10813617706298828 s

REFERENCE PLACE ouxiangxie
12:57:00 | INFO: Starting glTF 2.0 export
12:57:00 | INFO: Extracting primitive: dicuiting_darkwood.001
12:57:00 | INFO: Primitives created: 1
12:57:00 | INFO: Extracting primitive: dicuiting_gold.001
12:57:00 | INFO: Primitives created: 1
12:57:00 | INFO: Extracting primitive: dicuiting_lantern.001
12:57:00 | INFO: Primitives created: 1
12:57:00 | INFO: Extracting primitive: dicuiting_roof
12:57:00 | INFO: Primitives created: 1
12:57:00 | INFO: Extracting primitive: dicuiting_stone
12:57:00 | INFO: Primitives created: 1
12:57:00 | INFO: Extracting primitive: dicuiting_tile
12:57:00 | INFO: Primitives created: 1
12:57:00 | INFO: Extracting primitive: dicuiting_tiledark.001
12:57:00 | INFO: Primitives created: 1
12:57:00 | INFO: Extracting primitive: dicuiting_tilelight.001
12:57:00 | INFO: Primitives created: 1
12:57:00 | INFO: Extracting primitive: dicuiting_wood
12:57:00 | INFO: Primitives created: 1
12:57:00 | INFO: Finished glTF 2.0 export in 0.04201173782348633 s

12:57:00 | INFO: Starting glTF 2.0 export
12:57:00 | INFO: Extracting primitive: dicuiting_darkwood.001
12:57:00 | INFO: Primitives created: 1
12:57:00 | INFO: Extracting primitive: dicuiting_gold.001
12:57:00 | INFO: Primitives created: 1
12:57:00 | INFO: Extracting primitive: dicuiting_lantern.001
12:57:00 | INFO: Primitives created: 1
12:57:00 | INFO: Extracting primitive: dicuiting_roof
12:57:00 | INFO: Primitives created: 1
12:57:00 | INFO: Extracting primitive: dicuiting_stone
12:57:00 | INFO: Primitives created: 1
12:57:00 | INFO: Extracting primitive: dicuiting_tile
12:57:00 | INFO: Primitives created: 1
12:57:00 | INFO: Extracting primitive: dicuiting_tiledark.001
12:57:00 | INFO: Primitives created: 1
12:57:00 | INFO: Extracting primitive: dicuiting_tilelight.001
12:57:00 | INFO: Primitives created: 1
12:57:00 | INFO: Extracting primitive: dicuiting_wood
12:57:00 | INFO: Primitives created: 1
12:57:00 | INFO: Finished glTF 2.0 export in 0.0532834529876709 s

REFERENCE PLACE dicuiting
12:57:00 | INFO: Starting glTF 2.0 export
12:57:00 | INFO: Extracting primitive: luxuean_bamboo
12:57:00 | INFO: Primitives created: 1
12:57:00 | INFO: Extracting primitive: luxuean_clay
12:57:00 | INFO: Primitives created: 1
12:57:00 | INFO: Extracting primitive: luxuean_lightleaf
12:57:00 | INFO: Primitives created: 1
12:57:00 | INFO: Extracting primitive: luxuean_paving
12:57:00 | INFO: Primitives created: 1
12:57:00 | INFO: Extracting primitive: luxuean_stone
12:57:00 | INFO: Primitives created: 1
12:57:00 | INFO: Extracting primitive: luxuean_thatch
12:57:00 | INFO: Primitives created: 1
12:57:00 | INFO: Extracting primitive: luxuean_wood
12:57:00 | INFO: Primitives created: 1
12:57:00 | INFO: Finished glTF 2.0 export in 0.030003786087036133 s

12:57:00 | INFO: Starting glTF 2.0 export
12:57:00 | INFO: Extracting primitive: luxuean_bamboo
12:57:00 | INFO: Primitives created: 1
12:57:00 | INFO: Extracting primitive: luxuean_clay
12:57:00 | INFO: Primitives created: 1
12:57:00 | INFO: Extracting primitive: luxuean_lightleaf
12:57:00 | INFO: Primitives created: 1
12:57:00 | INFO: Extracting primitive: luxuean_paving
12:57:00 | INFO: Primitives created: 1
12:57:00 | INFO: Extracting primitive: luxuean_stone
12:57:00 | INFO: Primitives created: 1
12:57:00 | INFO: Extracting primitive: luxuean_thatch
12:57:00 | INFO: Primitives created: 1
12:57:00 | INFO: Extracting primitive: luxuean_wood
12:57:00 | INFO: Primitives created: 1
12:57:00 | INFO: Finished glTF 2.0 export in 0.03151249885559082 s

REFERENCE PLACE luxuean
12:57:00 | INFO: Starting glTF 2.0 export
12:57:00 | INFO: Extracting primitive: tubishanzhuang_bark.001
12:57:00 | INFO: Primitives created: 1
12:57:00 | INFO: Extracting primitive: tubishanzhuang_bookcloth
12:57:00 | INFO: Primitives created: 1
12:57:00 | INFO: Extracting primitive: tubishanzhuang_canopy.001
12:57:00 | INFO: Primitives created: 1
12:57:00 | INFO: Extracting primitive: tubishanzhuang_canopy_light.001
12:57:00 | INFO: Primitives created: 1
12:57:00 | INFO: Extracting primitive: tubishanzhuang_canopy_shadow.001
12:57:00 | INFO: Primitives created: 1
12:57:00 | INFO: Extracting primitive: tubishanzhuang_darkwood
12:57:00 | INFO: Primitives created: 1
12:57:00 | INFO: Extracting primitive: tubishanzhuang_ink
12:57:00 | INFO: Primitives created: 1
12:57:00 | INFO: Extracting primitive: tubishanzhuang_paper.001
12:57:00 | INFO: Primitives created: 1
12:57:00 | INFO: Extracting primitive: tubishanzhuang_paving
12:57:00 | INFO: Primitives created: 1
12:57:00 | INFO: Extracting primitive: tubishanzhuang_plaster
12:57:00 | INFO: Primitives created: 1
12:57:00 | INFO: Extracting primitive: tubishanzhuang_roof
12:57:00 | INFO: Primitives created: 1
12:57:00 | INFO: Extracting primitive: tubishanzhuang_stone
12:57:00 | INFO: Primitives created: 1
12:57:00 | INFO: Extracting primitive: tubishanzhuang_tile
12:57:00 | INFO: Primitives created: 1
12:57:00 | INFO: Extracting primitive: tubishanzhuang_tiledark
12:57:00 | INFO: Primitives created: 1
12:57:00 | INFO: Extracting primitive: tubishanzhuang_tilelight
12:57:00 | INFO: Primitives created: 1
12:57:00 | INFO: Extracting primitive: tubishanzhuang_wood
12:57:00 | INFO: Primitives created: 1
12:57:01 | INFO: Finished glTF 2.0 export in 0.09170079231262207 s

12:57:01 | INFO: Starting glTF 2.0 export
12:57:01 | INFO: Extracting primitive: tubishanzhuang_bark.001
12:57:01 | INFO: Primitives created: 1
12:57:01 | INFO: Extracting primitive: tubishanzhuang_bookcloth
12:57:01 | INFO: Primitives created: 1
12:57:01 | INFO: Extracting primitive: tubishanzhuang_canopy.001
12:57:01 | INFO: Primitives created: 1
12:57:01 | INFO: Extracting primitive: tubishanzhuang_canopy_light.001
12:57:01 | INFO: Primitives created: 1
12:57:01 | INFO: Extracting primitive: tubishanzhuang_canopy_shadow.001
12:57:01 | INFO: Primitives created: 1
12:57:01 | INFO: Extracting primitive: tubishanzhuang_darkwood
12:57:01 | INFO: Primitives created: 1
12:57:01 | INFO: Extracting primitive: tubishanzhuang_ink
12:57:01 | INFO: Primitives created: 1
12:57:01 | INFO: Extracting primitive: tubishanzhuang_paper.001
12:57:01 | INFO: Primitives created: 1
12:57:01 | INFO: Extracting primitive: tubishanzhuang_paving
12:57:01 | INFO: Primitives created: 1
12:57:01 | INFO: Extracting primitive: tubishanzhuang_plaster
12:57:01 | INFO: Primitives created: 1
12:57:01 | INFO: Extracting primitive: tubishanzhuang_roof
12:57:01 | INFO: Primitives created: 1
12:57:01 | INFO: Extracting primitive: tubishanzhuang_stone
12:57:01 | INFO: Primitives created: 1
12:57:01 | INFO: Extracting primitive: tubishanzhuang_tile
12:57:01 | INFO: Primitives created: 1
12:57:01 | INFO: Extracting primitive: tubishanzhuang_tiledark
12:57:01 | INFO: Primitives created: 1
12:57:01 | INFO: Extracting primitive: tubishanzhuang_tilelight
12:57:01 | INFO: Primitives created: 1
12:57:01 | INFO: Extracting primitive: tubishanzhuang_wood
12:57:01 | INFO: Primitives created: 1
12:57:01 | INFO: Finished glTF 2.0 export in 0.13051104545593262 s

REFERENCE PLACE tubishanzhuang
12:57:01 | INFO: Starting glTF 2.0 export
12:57:01 | INFO: Extracting primitive: aojingxiguan_bark.001
12:57:01 | INFO: Primitives created: 1
12:57:01 | INFO: Extracting primitive: aojingxiguan_bookcloth
12:57:01 | INFO: Primitives created: 1
12:57:01 | INFO: Extracting primitive: aojingxiguan_canopy.001
12:57:01 | INFO: Primitives created: 1
12:57:01 | INFO: Extracting primitive: aojingxiguan_canopy_light.001
12:57:01 | INFO: Primitives created: 1
12:57:01 | INFO: Extracting primitive: aojingxiguan_canopy_shadow.001
12:57:01 | INFO: Primitives created: 1
12:57:01 | INFO: Extracting primitive: aojingxiguan_darkwood
12:57:01 | INFO: Primitives created: 1
12:57:01 | INFO: Extracting primitive: aojingxiguan_ink
12:57:01 | INFO: Primitives created: 1
12:57:01 | INFO: Extracting primitive: aojingxiguan_paper.001
12:57:01 | INFO: Primitives created: 1
12:57:01 | INFO: Extracting primitive: aojingxiguan_paving
12:57:01 | INFO: Primitives created: 1
12:57:01 | INFO: Extracting primitive: aojingxiguan_plaster
12:57:01 | INFO: Primitives created: 1
12:57:01 | INFO: Extracting primitive: aojingxiguan_roof
12:57:01 | INFO: Primitives created: 1
12:57:01 | INFO: Extracting primitive: aojingxiguan_stone
12:57:01 | INFO: Primitives created: 1
12:57:01 | INFO: Extracting primitive: aojingxiguan_tile
12:57:01 | INFO: Primitives created: 1
12:57:01 | INFO: Extracting primitive: aojingxiguan_tiledark
12:57:01 | INFO: Primitives created: 1
12:57:01 | INFO: Extracting primitive: aojingxiguan_tilelight
12:57:01 | INFO: Primitives created: 1
12:57:01 | INFO: Extracting primitive: aojingxiguan_wood
12:57:01 | INFO: Primitives created: 1
12:57:01 | INFO: Finished glTF 2.0 export in 0.08867311477661133 s

12:57:01 | INFO: Starting glTF 2.0 export
12:57:01 | INFO: Extracting primitive: aojingxiguan_bark.001
12:57:01 | INFO: Primitives created: 1
12:57:01 | INFO: Extracting primitive: aojingxiguan_bookcloth
12:57:01 | INFO: Primitives created: 1
12:57:01 | INFO: Extracting primitive: aojingxiguan_canopy.001
12:57:01 | INFO: Primitives created: 1
12:57:01 | INFO: Extracting primitive: aojingxiguan_canopy_light.001
12:57:01 | INFO: Primitives created: 1
12:57:01 | INFO: Extracting primitive: aojingxiguan_canopy_shadow.001
12:57:01 | INFO: Primitives created: 1
12:57:01 | INFO: Extracting primitive: aojingxiguan_darkwood
12:57:01 | INFO: Primitives created: 1
12:57:01 | INFO: Extracting primitive: aojingxiguan_ink
12:57:01 | INFO: Primitives created: 1
12:57:01 | INFO: Extracting primitive: aojingxiguan_paper.001
12:57:01 | INFO: Primitives created: 1
12:57:01 | INFO: Extracting primitive: aojingxiguan_paving
12:57:01 | INFO: Primitives created: 1
12:57:01 | INFO: Extracting primitive: aojingxiguan_plaster
12:57:01 | INFO: Primitives created: 1
12:57:01 | INFO: Extracting primitive: aojingxiguan_roof
12:57:01 | INFO: Primitives created: 1
12:57:01 | INFO: Extracting primitive: aojingxiguan_stone
12:57:01 | INFO: Primitives created: 1
12:57:01 | INFO: Extracting primitive: aojingxiguan_tile
12:57:01 | INFO: Primitives created: 1
12:57:01 | INFO: Extracting primitive: aojingxiguan_tiledark
12:57:01 | INFO: Primitives created: 1
12:57:01 | INFO: Extracting primitive: aojingxiguan_tilelight
12:57:01 | INFO: Primitives created: 1
12:57:01 | INFO: Extracting primitive: aojingxiguan_wood
12:57:01 | INFO: Primitives created: 1
12:57:01 | INFO: Finished glTF 2.0 export in 0.1359868049621582 s

REFERENCE PLACE aojingxiguan
12:57:06 | INFO: Starting glTF 2.0 export
12:57:06 | INFO: Extracting primitive: daguanlou_bamboo
12:57:06 | INFO: Primitives created: 1
12:57:06 | INFO: Extracting primitive: daguanlou_bark.001
12:57:06 | INFO: Primitives created: 1
12:57:06 | INFO: Extracting primitive: daguanlou_bookcloth
12:57:06 | INFO: Primitives created: 1
12:57:06 | INFO: Extracting primitive: daguanlou_bookcover
12:57:06 | INFO: Primitives created: 1
12:57:06 | INFO: Extracting primitive: daguanlou_canopy.001
12:57:06 | INFO: Primitives created: 1
12:57:06 | INFO: Extracting primitive: daguanlou_canopy_light.001
12:57:06 | INFO: Primitives created: 1
12:57:06 | INFO: Extracting primitive: daguanlou_canopy_shadow.001
12:57:06 | INFO: Primitives created: 1
12:57:06 | INFO: Extracting primitive: daguanlou_ceramic.001
12:57:06 | INFO: Primitives created: 1
12:57:06 | INFO: Extracting primitive: daguanlou_darkwood.001
12:57:06 | INFO: Primitives created: 1
12:57:06 | INFO: Extracting primitive: daguanlou_gold.001
12:57:06 | INFO: Primitives created: 1
12:57:06 | INFO: Extracting primitive: daguanlou_ink
12:57:06 | INFO: Primitives created: 1
12:57:06 | INFO: Extracting primitive: daguanlou_ivory
12:57:06 | INFO: Primitives created: 1
12:57:06 | INFO: Extracting primitive: daguanlou_lantern.001
12:57:06 | INFO: Primitives created: 1
12:57:06 | INFO: Extracting primitive: daguanlou_paper.001
12:57:06 | INFO: Primitives created: 1
12:57:06 | INFO: Extracting primitive: daguanlou_paving.001
12:57:06 | INFO: Primitives created: 1
12:57:06 | INFO: Extracting primitive: daguanlou_plaster.001
12:57:06 | INFO: Primitives created: 1
12:57:06 | INFO: Extracting primitive: daguanlou_roof.001
12:57:06 | INFO: Primitives created: 1
12:57:06 | INFO: Extracting primitive: daguanlou_screen.001
12:57:06 | INFO: Primitives created: 1
12:57:06 | INFO: Extracting primitive: daguanlou_stone.001
12:57:06 | INFO: Primitives created: 1
12:57:06 | INFO: Extracting primitive: daguanlou_tile.001
12:57:07 | INFO: Primitives created: 1
12:57:07 | INFO: Extracting primitive: daguanlou_tiledark.001
12:57:07 | INFO: Primitives created: 1
12:57:07 | INFO: Extracting primitive: daguanlou_tilelight.001
12:57:07 | INFO: Primitives created: 1
12:57:07 | INFO: Extracting primitive: daguanlou_wood.001
12:57:07 | INFO: Primitives created: 1
12:57:07 | INFO: Finished glTF 2.0 export in 0.836665153503418 s

12:57:08 | INFO: Starting glTF 2.0 export
12:57:08 | INFO: Extracting primitive: daguanlou_bamboo
12:57:08 | INFO: Primitives created: 1
12:57:08 | INFO: Extracting primitive: daguanlou_bark.001
12:57:08 | INFO: Primitives created: 1
12:57:08 | INFO: Extracting primitive: daguanlou_bookcloth
12:57:08 | INFO: Primitives created: 1
12:57:08 | INFO: Extracting primitive: daguanlou_bookcover
12:57:08 | INFO: Primitives created: 1
12:57:08 | INFO: Extracting primitive: daguanlou_canopy.001
12:57:08 | INFO: Primitives created: 1
12:57:08 | INFO: Extracting primitive: daguanlou_canopy_light.001
12:57:08 | INFO: Primitives created: 1
12:57:08 | INFO: Extracting primitive: daguanlou_canopy_shadow.001
12:57:08 | INFO: Primitives created: 1
12:57:08 | INFO: Extracting primitive: daguanlou_ceramic.001
12:57:08 | INFO: Primitives created: 1
12:57:08 | INFO: Extracting primitive: daguanlou_darkwood.001
12:57:08 | INFO: Primitives created: 1
12:57:08 | INFO: Extracting primitive: daguanlou_gold.001
12:57:08 | INFO: Primitives created: 1
12:57:08 | INFO: Extracting primitive: daguanlou_ink
12:57:08 | INFO: Primitives created: 1
12:57:08 | INFO: Extracting primitive: daguanlou_ivory
12:57:08 | INFO: Primitives created: 1
12:57:08 | INFO: Extracting primitive: daguanlou_lantern.001
12:57:08 | INFO: Primitives created: 1
12:57:08 | INFO: Extracting primitive: daguanlou_paper.001
12:57:08 | INFO: Primitives created: 1
12:57:08 | INFO: Extracting primitive: daguanlou_paving.001
12:57:08 | INFO: Primitives created: 1
12:57:08 | INFO: Extracting primitive: daguanlou_plaster.001
12:57:08 | INFO: Primitives created: 1
12:57:08 | INFO: Extracting primitive: daguanlou_roof.001
12:57:08 | INFO: Primitives created: 1
12:57:08 | INFO: Extracting primitive: daguanlou_screen.001
12:57:08 | INFO: Primitives created: 1
12:57:08 | INFO: Extracting primitive: daguanlou_stone.001
12:57:08 | INFO: Primitives created: 1
12:57:09 | INFO: Extracting primitive: daguanlou_tile.001
12:57:09 | INFO: Primitives created: 1
12:57:09 | INFO: Extracting primitive: daguanlou_tiledark.001
12:57:10 | INFO: Primitives created: 1
12:57:10 | INFO: Extracting primitive: daguanlou_tilelight.001
12:57:10 | INFO: Primitives created: 1
12:57:10 | INFO: Extracting primitive: daguanlou_wood.001
12:57:10 | INFO: Primitives created: 1
12:57:10 | INFO: Finished glTF 2.0 export in 1.8596513271331787 s

REFERENCE PLACE daguanlou
12:57:11 | INFO: Starting glTF 2.0 export
12:57:11 | INFO: Extracting primitive: longcuian_bamboo
12:57:11 | INFO: Primitives created: 1
12:57:11 | INFO: Extracting primitive: longcuian_bark.001
12:57:11 | INFO: Primitives created: 1
12:57:11 | INFO: Extracting primitive: longcuian_bookcloth
12:57:11 | INFO: Primitives created: 1
12:57:11 | INFO: Extracting primitive: longcuian_bookcover
12:57:11 | INFO: Primitives created: 1
12:57:11 | INFO: Extracting primitive: longcuian_canopy.001
12:57:11 | INFO: Primitives created: 1
12:57:11 | INFO: Extracting primitive: longcuian_canopy_light.001
12:57:11 | INFO: Primitives created: 1
12:57:11 | INFO: Extracting primitive: longcuian_canopy_shadow.001
12:57:11 | INFO: Primitives created: 1
12:57:11 | INFO: Extracting primitive: longcuian_ceramic.001
12:57:11 | INFO: Primitives created: 1
12:57:11 | INFO: Extracting primitive: longcuian_darkwood.001
12:57:11 | INFO: Primitives created: 1
12:57:11 | INFO: Extracting primitive: longcuian_flower.001
12:57:11 | INFO: Primitives created: 1
12:57:11 | INFO: Extracting primitive: longcuian_ink
12:57:11 | INFO: Primitives created: 1
12:57:11 | INFO: Extracting primitive: longcuian_ivory
12:57:11 | INFO: Primitives created: 1
12:57:11 | INFO: Extracting primitive: longcuian_paper.001
12:57:11 | INFO: Primitives created: 1
12:57:11 | INFO: Extracting primitive: longcuian_paving.001
12:57:11 | INFO: Primitives created: 1
12:57:11 | INFO: Extracting primitive: longcuian_plaster.001
12:57:11 | INFO: Primitives created: 1
12:57:11 | INFO: Extracting primitive: longcuian_roof.001
12:57:11 | INFO: Primitives created: 1
12:57:11 | INFO: Extracting primitive: longcuian_screen.001
12:57:11 | INFO: Primitives created: 1
12:57:11 | INFO: Extracting primitive: longcuian_stone.001
12:57:11 | INFO: Primitives created: 1
12:57:11 | INFO: Extracting primitive: longcuian_tile.001
12:57:11 | INFO: Primitives created: 1
12:57:11 | INFO: Extracting primitive: longcuian_tiledark.001
12:57:11 | INFO: Primitives created: 1
12:57:11 | INFO: Extracting primitive: longcuian_tilelight.001
12:57:11 | INFO: Primitives created: 1
12:57:11 | INFO: Extracting primitive: longcuian_wood.001
12:57:11 | INFO: Primitives created: 1
12:57:11 | INFO: Finished glTF 2.0 export in 0.14704179763793945 s

12:57:11 | INFO: Starting glTF 2.0 export
12:57:11 | INFO: Extracting primitive: longcuian_bamboo
12:57:11 | INFO: Primitives created: 1
12:57:11 | INFO: Extracting primitive: longcuian_bark.001
12:57:11 | INFO: Primitives created: 1
12:57:11 | INFO: Extracting primitive: longcuian_bookcloth
12:57:11 | INFO: Primitives created: 1
12:57:11 | INFO: Extracting primitive: longcuian_bookcover
12:57:11 | INFO: Primitives created: 1
12:57:11 | INFO: Extracting primitive: longcuian_canopy.001
12:57:11 | INFO: Primitives created: 1
12:57:11 | INFO: Extracting primitive: longcuian_canopy_light.001
12:57:11 | INFO: Primitives created: 1
12:57:11 | INFO: Extracting primitive: longcuian_canopy_shadow.001
12:57:11 | INFO: Primitives created: 1
12:57:11 | INFO: Extracting primitive: longcuian_ceramic.001
12:57:11 | INFO: Primitives created: 1
12:57:11 | INFO: Extracting primitive: longcuian_darkwood.001
12:57:11 | INFO: Primitives created: 1
12:57:11 | INFO: Extracting primitive: longcuian_flower.001
12:57:11 | INFO: Primitives created: 1
12:57:11 | INFO: Extracting primitive: longcuian_ink
12:57:11 | INFO: Primitives created: 1
12:57:11 | INFO: Extracting primitive: longcuian_ivory
12:57:11 | INFO: Primitives created: 1
12:57:11 | INFO: Extracting primitive: longcuian_paper.001
12:57:11 | INFO: Primitives created: 1
12:57:11 | INFO: Extracting primitive: longcuian_paving.001
12:57:11 | INFO: Primitives created: 1
12:57:11 | INFO: Extracting primitive: longcuian_plaster.001
12:57:11 | INFO: Primitives created: 1
12:57:11 | INFO: Extracting primitive: longcuian_roof.001
12:57:11 | INFO: Primitives created: 1
12:57:11 | INFO: Extracting primitive: longcuian_screen.001
12:57:11 | INFO: Primitives created: 1
12:57:11 | INFO: Extracting primitive: longcuian_stone.001
12:57:11 | INFO: Primitives created: 1
12:57:11 | INFO: Extracting primitive: longcuian_tile.001
12:57:11 | INFO: Primitives created: 1
12:57:11 | INFO: Extracting primitive: longcuian_tiledark.001
12:57:11 | INFO: Primitives created: 1
12:57:11 | INFO: Extracting primitive: longcuian_tilelight.001
12:57:11 | INFO: Primitives created: 1
12:57:11 | INFO: Extracting primitive: longcuian_wood.001
12:57:11 | INFO: Primitives created: 1
12:57:11 | INFO: Finished glTF 2.0 export in 0.2628498077392578 s

REFERENCE PLACE longcuian
12:57:12 | INFO: Starting glTF 2.0 export
12:57:12 | INFO: Extracting primitive: nuanxiangwu_bamboo
12:57:12 | INFO: Primitives created: 1
12:57:12 | INFO: Extracting primitive: nuanxiangwu_bark.001
12:57:12 | INFO: Primitives created: 1
12:57:12 | INFO: Extracting primitive: nuanxiangwu_bookcloth
12:57:12 | INFO: Primitives created: 1
12:57:12 | INFO: Extracting primitive: nuanxiangwu_bookcover
12:57:12 | INFO: Primitives created: 1
12:57:12 | INFO: Extracting primitive: nuanxiangwu_ceramic.001
12:57:12 | INFO: Primitives created: 1
12:57:12 | INFO: Extracting primitive: nuanxiangwu_creamflower.001
12:57:12 | INFO: Primitives created: 1
12:57:12 | INFO: Extracting primitive: nuanxiangwu_darkwood.001
12:57:12 | INFO: Primitives created: 1
12:57:12 | INFO: Extracting primitive: nuanxiangwu_ink
12:57:12 | INFO: Primitives created: 1
12:57:12 | INFO: Extracting primitive: nuanxiangwu_ivory
12:57:12 | INFO: Primitives created: 1
12:57:12 | INFO: Extracting primitive: nuanxiangwu_paper.001
12:57:12 | INFO: Primitives created: 1
12:57:12 | INFO: Extracting primitive: nuanxiangwu_paving.001
12:57:12 | INFO: Primitives created: 1
12:57:12 | INFO: Extracting primitive: nuanxiangwu_plaster.001
12:57:12 | INFO: Primitives created: 1
12:57:12 | INFO: Extracting primitive: nuanxiangwu_roof.001
12:57:12 | INFO: Primitives created: 1
12:57:12 | INFO: Extracting primitive: nuanxiangwu_screen.001
12:57:12 | INFO: Primitives created: 1
12:57:12 | INFO: Extracting primitive: nuanxiangwu_silk.001
12:57:12 | INFO: Primitives created: 1
12:57:12 | INFO: Extracting primitive: nuanxiangwu_stone.001
12:57:12 | INFO: Primitives created: 1
12:57:12 | INFO: Extracting primitive: nuanxiangwu_tile.001
12:57:12 | INFO: Primitives created: 1
12:57:12 | INFO: Extracting primitive: nuanxiangwu_tiledark.001
12:57:12 | INFO: Primitives created: 1
12:57:12 | INFO: Extracting primitive: nuanxiangwu_tilelight.001
12:57:12 | INFO: Primitives created: 1
12:57:12 | INFO: Extracting primitive: nuanxiangwu_wood.001
12:57:12 | INFO: Primitives created: 1
12:57:12 | INFO: Finished glTF 2.0 export in 0.13591742515563965 s

12:57:12 | INFO: Starting glTF 2.0 export
12:57:12 | INFO: Extracting primitive: nuanxiangwu_bamboo
12:57:12 | INFO: Primitives created: 1
12:57:12 | INFO: Extracting primitive: nuanxiangwu_bark.001
12:57:12 | INFO: Primitives created: 1
12:57:12 | INFO: Extracting primitive: nuanxiangwu_bookcloth
12:57:12 | INFO: Primitives created: 1
12:57:12 | INFO: Extracting primitive: nuanxiangwu_bookcover
12:57:12 | INFO: Primitives created: 1
12:57:12 | INFO: Extracting primitive: nuanxiangwu_ceramic.001
12:57:12 | INFO: Primitives created: 1
12:57:12 | INFO: Extracting primitive: nuanxiangwu_creamflower.001
12:57:12 | INFO: Primitives created: 1
12:57:12 | INFO: Extracting primitive: nuanxiangwu_darkwood.001
12:57:12 | INFO: Primitives created: 1
12:57:12 | INFO: Extracting primitive: nuanxiangwu_ink
12:57:12 | INFO: Primitives created: 1
12:57:12 | INFO: Extracting primitive: nuanxiangwu_ivory
12:57:12 | INFO: Primitives created: 1
12:57:12 | INFO: Extracting primitive: nuanxiangwu_paper.001
12:57:12 | INFO: Primitives created: 1
12:57:12 | INFO: Extracting primitive: nuanxiangwu_paving.001
12:57:12 | INFO: Primitives created: 1
12:57:12 | INFO: Extracting primitive: nuanxiangwu_plaster.001
12:57:12 | INFO: Primitives created: 1
12:57:12 | INFO: Extracting primitive: nuanxiangwu_roof.001
12:57:12 | INFO: Primitives created: 1
12:57:12 | INFO: Extracting primitive: nuanxiangwu_screen.001
12:57:12 | INFO: Primitives created: 1
12:57:12 | INFO: Extracting primitive: nuanxiangwu_silk.001
12:57:12 | INFO: Primitives created: 1
12:57:12 | INFO: Extracting primitive: nuanxiangwu_stone.001
12:57:12 | INFO: Primitives created: 1
12:57:12 | INFO: Extracting primitive: nuanxiangwu_tile.001
12:57:12 | INFO: Primitives created: 1
12:57:12 | INFO: Extracting primitive: nuanxiangwu_tiledark.001
12:57:12 | INFO: Primitives created: 1
12:57:12 | INFO: Extracting primitive: nuanxiangwu_tilelight.001
12:57:12 | INFO: Primitives created: 1
12:57:12 | INFO: Extracting primitive: nuanxiangwu_wood.001
12:57:12 | INFO: Primitives created: 1
12:57:12 | INFO: Finished glTF 2.0 export in 0.19578766822814941 s

REFERENCE PLACE nuanxiangwu
Info: Saved as "daguanyuan_master.blend"
12:57:24 | INFO: Starting glTF 2.0 export
12:57:24 | INFO: Extracting primitive: daguanyuan_gate_bookcloth
12:57:24 | INFO: Primitives created: 1
12:57:24 | INFO: Extracting primitive: daguanyuan_gate_darkwood
12:57:24 | INFO: Primitives created: 1
12:57:24 | INFO: Extracting primitive: daguanyuan_gate_ink
12:57:24 | INFO: Primitives created: 1
12:57:24 | INFO: Extracting primitive: daguanyuan_gate_limestone
12:57:24 | INFO: Primitives created: 1
12:57:24 | INFO: Extracting primitive: daguanyuan_gate_paper.001
12:57:24 | INFO: Primitives created: 1
12:57:24 | INFO: Extracting primitive: daguanyuan_gate_paving
12:57:24 | INFO: Primitives created: 1
12:57:24 | INFO: Extracting primitive: daguanyuan_gate_plaster
12:57:24 | INFO: Primitives created: 1
12:57:24 | INFO: Extracting primitive: daguanyuan_gate_roof
12:57:24 | INFO: Primitives created: 1
12:57:24 | INFO: Extracting primitive: daguanyuan_gate_stone
12:57:24 | INFO: Primitives created: 1
12:57:24 | INFO: Extracting primitive: daguanyuan_gate_tile
12:57:24 | INFO: Primitives created: 1
12:57:24 | INFO: Extracting primitive: daguanyuan_gate_tiledark
12:57:24 | INFO: Primitives created: 1
12:57:24 | INFO: Extracting primitive: daguanyuan_gate_tilelight
12:57:24 | INFO: Primitives created: 1
12:57:24 | INFO: Extracting primitive: daguanyuan_gate_wood
12:57:24 | INFO: Primitives created: 1
12:57:24 | INFO: Extracting primitive: qujingtongyou_bark.001
12:57:24 | INFO: Primitives created: 1
12:57:24 | INFO: Extracting primitive: qujingtongyou_canopy.001
12:57:24 | INFO: Primitives created: 1
12:57:24 | INFO: Extracting primitive: qujingtongyou_canopy_light.001
12:57:24 | INFO: Primitives created: 1
12:57:24 | INFO: Extracting primitive: qujingtongyou_canopy_shadow.001
12:57:24 | INFO: Primitives created: 1
12:57:24 | INFO: Extracting primitive: qujingtongyou_limestone
12:57:24 | INFO: Primitives created: 1
12:57:24 | INFO: Extracting primitive: qujingtongyou_moss.001
12:57:24 | INFO: Primitives created: 1
12:57:24 | INFO: Extracting primitive: qujingtongyou_stone
12:57:24 | INFO: Primitives created: 1
12:57:24 | INFO: Extracting primitive: xiaoxiangguan_bamboo.001
12:57:24 | INFO: Primitives created: 1
12:57:24 | INFO: Extracting primitive: xiaoxiangguan_bark.001
12:57:24 | INFO: Primitives created: 1
12:57:24 | INFO: Extracting primitive: xiaoxiangguan_bookcloth
12:57:24 | INFO: Primitives created: 1
12:57:24 | INFO: Extracting primitive: xiaoxiangguan_bookcover
12:57:24 | INFO: Primitives created: 1
12:57:24 | INFO: Extracting primitive: xiaoxiangguan_ceramic
12:57:24 | INFO: Primitives created: 1
12:57:24 | INFO: Extracting primitive: xiaoxiangguan_creamflower.001
12:57:24 | INFO: Primitives created: 1
12:57:24 | INFO: Extracting primitive: xiaoxiangguan_darkwood.001
12:57:24 | INFO: Primitives created: 1
12:57:24 | INFO: Extracting primitive: xiaoxiangguan_earth.001
12:57:24 | INFO: Primitives created: 1
12:57:24 | INFO: Extracting primitive: xiaoxiangguan_gold.001
12:57:24 | INFO: Primitives created: 1
12:57:24 | INFO: Extracting primitive: xiaoxiangguan_ink
12:57:24 | INFO: Primitives created: 1
12:57:24 | INFO: Extracting primitive: xiaoxiangguan_ivory
12:57:24 | INFO: Primitives created: 1
12:57:24 | INFO: Extracting primitive: xiaoxiangguan_lantern.001
12:57:24 | INFO: Primitives created: 1
12:57:25 | INFO: Extracting primitive: xiaoxiangguan_leaf.001
12:57:25 | INFO: Primitives created: 1
12:57:25 | INFO: Extracting primitive: xiaoxiangguan_leafdark.001
12:57:25 | INFO: Primitives created: 1
12:57:25 | INFO: Extracting primitive: xiaoxiangguan_lightleaf.001
12:57:25 | INFO: Primitives created: 1
12:57:25 | INFO: Extracting primitive: xiaoxiangguan_limestone
12:57:25 | INFO: Primitives created: 1
12:57:25 | INFO: Extracting primitive: xiaoxiangguan_moss
12:57:25 | INFO: Primitives created: 1
12:57:25 | INFO: Extracting primitive: xiaoxiangguan_paper.001
12:57:25 | INFO: Primitives created: 1
12:57:25 | INFO: Extracting primitive: xiaoxiangguan_paving
12:57:25 | INFO: Primitives created: 1
12:57:25 | INFO: Extracting primitive: xiaoxiangguan_plaster.001
12:57:25 | INFO: Primitives created: 1
12:57:25 | INFO: Extracting primitive: xiaoxiangguan_roof.001
12:57:25 | INFO: Primitives created: 1
12:57:25 | INFO: Extracting primitive: xiaoxiangguan_silk
12:57:25 | INFO: Primitives created: 1
12:57:25 | INFO: Extracting primitive: xiaoxiangguan_stone.001
12:57:25 | INFO: Primitives created: 1
12:57:25 | INFO: Extracting primitive: xiaoxiangguan_tile.001
12:57:25 | INFO: Primitives created: 1
12:57:25 | INFO: Extracting primitive: xiaoxiangguan_tiledark
12:57:25 | INFO: Primitives created: 1
12:57:25 | INFO: Extracting primitive: xiaoxiangguan_tilelight
12:57:25 | INFO: Primitives created: 1
12:57:25 | INFO: Extracting primitive: xiaoxiangguan_water
12:57:25 | INFO: Primitives created: 1
12:57:25 | INFO: Extracting primitive: xiaoxiangguan_wood.001
12:57:25 | INFO: Primitives created: 1
12:57:25 | INFO: Extracting primitive: yihongyuan_bamboo
12:57:25 | INFO: Primitives created: 1
12:57:25 | INFO: Extracting primitive: yihongyuan_bark.001
12:57:25 | INFO: Primitives created: 1
12:57:25 | INFO: Extracting primitive: yihongyuan_bookcloth
12:57:25 | INFO: Primitives created: 1
12:57:25 | INFO: Extracting primitive: yihongyuan_bookcover
12:57:25 | INFO: Primitives created: 1
12:57:25 | INFO: Extracting primitive: yihongyuan_ceramic
12:57:25 | INFO: Primitives created: 1
12:57:25 | INFO: Extracting primitive: yihongyuan_darkwood
12:57:25 | INFO: Primitives created: 1
12:57:25 | INFO: Extracting primitive: yihongyuan_earth
12:57:25 | INFO: Primitives created: 1
12:57:25 | INFO: Extracting primitive: yihongyuan_flower
12:57:25 | INFO: Primitives created: 1
12:57:25 | INFO: Extracting primitive: yihongyuan_gold.001
12:57:25 | INFO: Primitives created: 1
12:57:25 | INFO: Extracting primitive: yihongyuan_ink
12:57:25 | INFO: Primitives created: 1
12:57:25 | INFO: Extracting primitive: yihongyuan_ivory
12:57:25 | INFO: Primitives created: 1
12:57:25 | INFO: Extracting primitive: yihongyuan_lantern.001
12:57:25 | INFO: Primitives created: 1
12:57:25 | INFO: Extracting primitive: yihongyuan_leaf
12:57:25 | INFO: Primitives created: 1
12:57:25 | INFO: Extracting primitive: yihongyuan_leafdark.001
12:57:25 | INFO: Primitives created: 1
12:57:25 | INFO: Extracting primitive: yihongyuan_lightleaf
12:57:25 | INFO: Primitives created: 1
12:57:25 | INFO: Extracting primitive: yihongyuan_limestone
12:57:25 | INFO: Primitives created: 1
12:57:25 | INFO: Extracting primitive: yihongyuan_moss
12:57:25 | INFO: Primitives created: 1
12:57:25 | INFO: Extracting primitive: yihongyuan_paper
12:57:25 | INFO: Primitives created: 1
12:57:25 | INFO: Extracting primitive: yihongyuan_paving
12:57:25 | INFO: Primitives created: 1
12:57:25 | INFO: Extracting primitive: yihongyuan_plaster
12:57:25 | INFO: Primitives created: 1
12:57:25 | INFO: Extracting primitive: yihongyuan_roof
12:57:25 | INFO: Primitives created: 1
12:57:25 | INFO: Extracting primitive: yihongyuan_screen
12:57:25 | INFO: Primitives created: 1
12:57:25 | INFO: Extracting primitive: yihongyuan_silk
12:57:25 | INFO: Primitives created: 1
12:57:25 | INFO: Extracting primitive: yihongyuan_stone
12:57:25 | INFO: Primitives created: 1
12:57:25 | INFO: Extracting primitive: yihongyuan_tile
12:57:25 | INFO: Primitives created: 1
12:57:25 | INFO: Extracting primitive: yihongyuan_tiledark
12:57:25 | INFO: Primitives created: 1
12:57:25 | INFO: Extracting primitive: yihongyuan_tilelight
12:57:25 | INFO: Primitives created: 1
12:57:25 | INFO: Extracting primitive: yihongyuan_wood
12:57:25 | INFO: Primitives created: 1
12:57:25 | INFO: Extracting primitive: hengwuyuan_bamboo
12:57:25 | INFO: Primitives created: 1
12:57:25 | INFO: Extracting primitive: hengwuyuan_bookcloth
12:57:25 | INFO: Primitives created: 1
12:57:25 | INFO: Extracting primitive: hengwuyuan_bookcover
12:57:25 | INFO: Primitives created: 1
12:57:25 | INFO: Extracting primitive: hengwuyuan_ceramic
12:57:25 | INFO: Primitives created: 1
12:57:25 | INFO: Extracting primitive: hengwuyuan_clay
12:57:25 | INFO: Primitives created: 1
12:57:25 | INFO: Extracting primitive: hengwuyuan_creamflower
12:57:25 | INFO: Primitives created: 1
12:57:25 | INFO: Extracting primitive: hengwuyuan_darkwood
12:57:25 | INFO: Primitives created: 1
12:57:25 | INFO: Extracting primitive: hengwuyuan_earth
12:57:25 | INFO: Primitives created: 1
12:57:25 | INFO: Extracting primitive: hengwuyuan_gold.001
12:57:25 | INFO: Primitives created: 1
12:57:25 | INFO: Extracting primitive: hengwuyuan_ink
12:57:25 | INFO: Primitives created: 1
12:57:25 | INFO: Extracting primitive: hengwuyuan_ivory
12:57:25 | INFO: Primitives created: 1
12:57:25 | INFO: Extracting primitive: hengwuyuan_lantern.001
12:57:25 | INFO: Primitives created: 1
12:57:25 | INFO: Extracting primitive: hengwuyuan_leaf
12:57:25 | INFO: Primitives created: 1
12:57:25 | INFO: Extracting primitive: hengwuyuan_leafdark
12:57:25 | INFO: Primitives created: 1
12:57:25 | INFO: Extracting primitive: hengwuyuan_lightleaf
12:57:25 | INFO: Primitives created: 1
12:57:25 | INFO: Extracting primitive: hengwuyuan_limestone
12:57:25 | INFO: Primitives created: 1
12:57:25 | INFO: Extracting primitive: hengwuyuan_moss
12:57:25 | INFO: Primitives created: 1
12:57:25 | INFO: Extracting primitive: hengwuyuan_paper
12:57:25 | INFO: Primitives created: 1
12:57:25 | INFO: Extracting primitive: hengwuyuan_paving
12:57:25 | INFO: Primitives created: 1
12:57:25 | INFO: Extracting primitive: hengwuyuan_plaster
12:57:25 | INFO: Primitives created: 1
12:57:25 | INFO: Extracting primitive: hengwuyuan_roof
12:57:25 | INFO: Primitives created: 1
12:57:25 | INFO: Extracting primitive: hengwuyuan_screen
12:57:25 | INFO: Primitives created: 1
12:57:25 | INFO: Extracting primitive: hengwuyuan_stone
12:57:25 | INFO: Primitives created: 1
12:57:25 | INFO: Extracting primitive: hengwuyuan_tile
12:57:25 | INFO: Primitives created: 1
12:57:25 | INFO: Extracting primitive: hengwuyuan_tiledark
12:57:25 | INFO: Primitives created: 1
12:57:25 | INFO: Extracting primitive: hengwuyuan_tilelight
12:57:25 | INFO: Primitives created: 1
12:57:25 | INFO: Extracting primitive: hengwuyuan_wood
12:57:25 | INFO: Primitives created: 1
12:57:25 | INFO: Extracting primitive: qiushuangzhai_bamboo
12:57:25 | INFO: Primitives created: 1
12:57:25 | INFO: Extracting primitive: qiushuangzhai_bookcloth
12:57:25 | INFO: Primitives created: 1
12:57:25 | INFO: Extracting primitive: qiushuangzhai_bookcover
12:57:25 | INFO: Primitives created: 1
12:57:25 | INFO: Extracting primitive: qiushuangzhai_ceramic
12:57:25 | INFO: Primitives created: 1
12:57:25 | INFO: Extracting primitive: qiushuangzhai_creamflower
12:57:25 | INFO: Primitives created: 1
12:57:25 | INFO: Extracting primitive: qiushuangzhai_darkwood
12:57:25 | INFO: Primitives created: 1
12:57:25 | INFO: Extracting primitive: qiushuangzhai_earth
12:57:25 | INFO: Primitives created: 1
12:57:25 | INFO: Extracting primitive: qiushuangzhai_gold.001
12:57:25 | INFO: Primitives created: 1
12:57:25 | INFO: Extracting primitive: qiushuangzhai_ink
12:57:25 | INFO: Primitives created: 1
12:57:25 | INFO: Extracting primitive: qiushuangzhai_ivory
12:57:25 | INFO: Primitives created: 1
12:57:25 | INFO: Extracting primitive: qiushuangzhai_lantern.001
12:57:25 | INFO: Primitives created: 1
12:57:25 | INFO: Extracting primitive: qiushuangzhai_leaf.001
12:57:25 | INFO: Primitives created: 1
12:57:25 | INFO: Extracting primitive: qiushuangzhai_leafdark
12:57:25 | INFO: Primitives created: 1
12:57:25 | INFO: Extracting primitive: qiushuangzhai_marble
12:57:25 | INFO: Primitives created: 1
12:57:25 | INFO: Extracting primitive: qiushuangzhai_moss
12:57:25 | INFO: Primitives created: 1
12:57:25 | INFO: Extracting primitive: qiushuangzhai_paper
12:57:25 | INFO: Primitives created: 1
12:57:25 | INFO: Extracting primitive: qiushuangzhai_paving
12:57:25 | INFO: Primitives created: 1
12:57:25 | INFO: Extracting primitive: qiushuangzhai_plaster
12:57:25 | INFO: Primitives created: 1
12:57:25 | INFO: Extracting primitive: qiushuangzhai_roof
12:57:25 | INFO: Primitives created: 1
12:57:25 | INFO: Extracting primitive: qiushuangzhai_silk
12:57:25 | INFO: Primitives created: 1
12:57:25 | INFO: Extracting primitive: qiushuangzhai_stone
12:57:25 | INFO: Primitives created: 1
12:57:26 | INFO: Extracting primitive: qiushuangzhai_tile
12:57:26 | INFO: Primitives created: 1
12:57:26 | INFO: Extracting primitive: qiushuangzhai_tiledark
12:57:26 | INFO: Primitives created: 1
12:57:26 | INFO: Extracting primitive: qiushuangzhai_tilelight
12:57:26 | INFO: Primitives created: 1
12:57:26 | INFO: Extracting primitive: qiushuangzhai_wood
12:57:26 | INFO: Primitives created: 1
12:57:26 | INFO: Extracting primitive: daoxiangcun_bark.001
12:57:26 | INFO: Primitives created: 1
12:57:26 | INFO: Extracting primitive: daoxiangcun_clay
12:57:26 | INFO: Primitives created: 1
12:57:26 | INFO: Extracting primitive: daoxiangcun_creamflower
12:57:26 | INFO: Primitives created: 1
12:57:26 | INFO: Extracting primitive: daoxiangcun_darkwood
12:57:26 | INFO: Primitives created: 1
12:57:26 | INFO: Extracting primitive: daoxiangcun_flower
12:57:26 | INFO: Primitives created: 1
12:57:26 | INFO: Extracting primitive: daoxiangcun_lightleaf
12:57:26 | INFO: Primitives created: 1
12:57:26 | INFO: Extracting primitive: daoxiangcun_paving
12:57:26 | INFO: Primitives created: 1
12:57:26 | INFO: Extracting primitive: daoxiangcun_screen
12:57:26 | INFO: Primitives created: 1
12:57:26 | INFO: Extracting primitive: daoxiangcun_stone
12:57:26 | INFO: Primitives created: 1
12:57:26 | INFO: Extracting primitive: daoxiangcun_thatch
12:57:26 | INFO: Primitives created: 1
12:57:26 | INFO: Extracting primitive: daoxiangcun_wood
12:57:26 | INFO: Primitives created: 1
12:57:26 | INFO: Extracting primitive: ouxiangxie_bamboo
12:57:26 | INFO: Primitives created: 1
12:57:26 | INFO: Extracting primitive: ouxiangxie_bookcloth
12:57:26 | INFO: Primitives created: 1
12:57:26 | INFO: Extracting primitive: ouxiangxie_bookcover
12:57:26 | INFO: Primitives created: 1
12:57:26 | INFO: Extracting primitive: ouxiangxie_ceramic
12:57:26 | INFO: Primitives created: 1
12:57:26 | INFO: Extracting primitive: ouxiangxie_darkwood
12:57:26 | INFO: Primitives created: 1
12:57:26 | INFO: Extracting primitive: ouxiangxie_ink
12:57:26 | INFO: Primitives created: 1
12:57:26 | INFO: Extracting primitive: ouxiangxie_ivory
12:57:26 | INFO: Primitives created: 1
12:57:26 | INFO: Extracting primitive: ouxiangxie_paper.001
12:57:26 | INFO: Primitives created: 1
12:57:26 | INFO: Extracting primitive: ouxiangxie_roof
12:57:26 | INFO: Primitives created: 1
12:57:26 | INFO: Extracting primitive: ouxiangxie_screen.001
12:57:26 | INFO: Primitives created: 1
12:57:26 | INFO: Extracting primitive: ouxiangxie_stone
12:57:26 | INFO: Primitives created: 1
12:57:26 | INFO: Extracting primitive: ouxiangxie_tile
12:57:26 | INFO: Primitives created: 1
12:57:26 | INFO: Extracting primitive: ouxiangxie_tiledark
12:57:26 | INFO: Primitives created: 1
12:57:26 | INFO: Extracting primitive: ouxiangxie_tilelight
12:57:26 | INFO: Primitives created: 1
12:57:26 | INFO: Extracting primitive: ouxiangxie_wood
12:57:26 | INFO: Primitives created: 1
12:57:26 | INFO: Extracting primitive: dicuiting_darkwood.001
12:57:26 | INFO: Primitives created: 1
12:57:26 | INFO: Extracting primitive: dicuiting_gold.001
12:57:26 | INFO: Primitives created: 1
12:57:26 | INFO: Extracting primitive: dicuiting_lantern.001
12:57:26 | INFO: Primitives created: 1
12:57:26 | INFO: Extracting primitive: dicuiting_roof
12:57:26 | INFO: Primitives created: 1
12:57:26 | INFO: Extracting primitive: dicuiting_stone
12:57:26 | INFO: Primitives created: 1
12:57:26 | INFO: Extracting primitive: dicuiting_tile
12:57:26 | INFO: Primitives created: 1
12:57:26 | INFO: Extracting primitive: dicuiting_tiledark.001
12:57:26 | INFO: Primitives created: 1
12:57:26 | INFO: Extracting primitive: dicuiting_tilelight.001
12:57:26 | INFO: Primitives created: 1
12:57:26 | INFO: Extracting primitive: dicuiting_wood
12:57:26 | INFO: Primitives created: 1
12:57:26 | INFO: Extracting primitive: luxuean_bamboo
12:57:26 | INFO: Primitives created: 1
12:57:26 | INFO: Extracting primitive: luxuean_clay
12:57:26 | INFO: Primitives created: 1
12:57:26 | INFO: Extracting primitive: luxuean_lightleaf
12:57:26 | INFO: Primitives created: 1
12:57:26 | INFO: Extracting primitive: luxuean_paving
12:57:26 | INFO: Primitives created: 1
12:57:26 | INFO: Extracting primitive: luxuean_stone
12:57:26 | INFO: Primitives created: 1
12:57:26 | INFO: Extracting primitive: luxuean_thatch
12:57:26 | INFO: Primitives created: 1
12:57:26 | INFO: Extracting primitive: luxuean_wood
12:57:26 | INFO: Primitives created: 1
12:57:26 | INFO: Extracting primitive: tubishanzhuang_bark.001
12:57:26 | INFO: Primitives created: 1
12:57:26 | INFO: Extracting primitive: tubishanzhuang_bookcloth
12:57:26 | INFO: Primitives created: 1
12:57:26 | INFO: Extracting primitive: tubishanzhuang_canopy.001
12:57:26 | INFO: Primitives created: 1
12:57:26 | INFO: Extracting primitive: tubishanzhuang_canopy_light.001
12:57:26 | INFO: Primitives created: 1
12:57:26 | INFO: Extracting primitive: tubishanzhuang_canopy_shadow.001
12:57:26 | INFO: Primitives created: 1
12:57:26 | INFO: Extracting primitive: tubishanzhuang_darkwood
12:57:26 | INFO: Primitives created: 1
12:57:26 | INFO: Extracting primitive: tubishanzhuang_ink
12:57:26 | INFO: Primitives created: 1
12:57:26 | INFO: Extracting primitive: tubishanzhuang_paper.001
12:57:26 | INFO: Primitives created: 1
12:57:26 | INFO: Extracting primitive: tubishanzhuang_paving
12:57:26 | INFO: Primitives created: 1
12:57:26 | INFO: Extracting primitive: tubishanzhuang_plaster
12:57:26 | INFO: Primitives created: 1
12:57:26 | INFO: Extracting primitive: tubishanzhuang_roof
12:57:26 | INFO: Primitives created: 1
12:57:26 | INFO: Extracting primitive: tubishanzhuang_stone
12:57:26 | INFO: Primitives created: 1
12:57:26 | INFO: Extracting primitive: tubishanzhuang_tile
12:57:26 | INFO: Primitives created: 1
12:57:26 | INFO: Extracting primitive: tubishanzhuang_tiledark
12:57:26 | INFO: Primitives created: 1
12:57:26 | INFO: Extracting primitive: tubishanzhuang_tilelight
12:57:26 | INFO: Primitives created: 1
12:57:26 | INFO: Extracting primitive: tubishanzhuang_wood
12:57:26 | INFO: Primitives created: 1
12:57:26 | INFO: Extracting primitive: aojingxiguan_bark.001
12:57:26 | INFO: Primitives created: 1
12:57:26 | INFO: Extracting primitive: aojingxiguan_bookcloth
12:57:26 | INFO: Primitives created: 1
12:57:26 | INFO: Extracting primitive: aojingxiguan_canopy.001
12:57:26 | INFO: Primitives created: 1
12:57:26 | INFO: Extracting primitive: aojingxiguan_canopy_light.001
12:57:26 | INFO: Primitives created: 1
12:57:26 | INFO: Extracting primitive: aojingxiguan_canopy_shadow.001
12:57:26 | INFO: Primitives created: 1
12:57:26 | INFO: Extracting primitive: aojingxiguan_darkwood
12:57:26 | INFO: Primitives created: 1
12:57:26 | INFO: Extracting primitive: aojingxiguan_ink
12:57:26 | INFO: Primitives created: 1
12:57:26 | INFO: Extracting primitive: aojingxiguan_paper.001
12:57:26 | INFO: Primitives created: 1
12:57:26 | INFO: Extracting primitive: aojingxiguan_paving
12:57:26 | INFO: Primitives created: 1
12:57:26 | INFO: Extracting primitive: aojingxiguan_plaster
12:57:26 | INFO: Primitives created: 1
12:57:26 | INFO: Extracting primitive: aojingxiguan_roof
12:57:26 | INFO: Primitives created: 1
12:57:26 | INFO: Extracting primitive: aojingxiguan_stone
12:57:26 | INFO: Primitives created: 1
12:57:26 | INFO: Extracting primitive: aojingxiguan_tile
12:57:26 | INFO: Primitives created: 1
12:57:26 | INFO: Extracting primitive: aojingxiguan_tiledark
12:57:26 | INFO: Primitives created: 1
12:57:26 | INFO: Extracting primitive: aojingxiguan_tilelight
12:57:26 | INFO: Primitives created: 1
12:57:26 | INFO: Extracting primitive: aojingxiguan_wood
12:57:26 | INFO: Primitives created: 1
12:57:26 | INFO: Extracting primitive: daguanlou_bamboo
12:57:26 | INFO: Primitives created: 1
12:57:26 | INFO: Extracting primitive: daguanlou_bark.001
12:57:26 | INFO: Primitives created: 1
12:57:26 | INFO: Extracting primitive: daguanlou_bookcloth
12:57:26 | INFO: Primitives created: 1
12:57:26 | INFO: Extracting primitive: daguanlou_bookcover
12:57:26 | INFO: Primitives created: 1
12:57:26 | INFO: Extracting primitive: daguanlou_canopy.001
12:57:26 | INFO: Primitives created: 1
12:57:26 | INFO: Extracting primitive: daguanlou_canopy_light.001
12:57:26 | INFO: Primitives created: 1
12:57:26 | INFO: Extracting primitive: daguanlou_canopy_shadow.001
12:57:26 | INFO: Primitives created: 1
12:57:26 | INFO: Extracting primitive: daguanlou_ceramic.001
12:57:26 | INFO: Primitives created: 1
12:57:26 | INFO: Extracting primitive: daguanlou_darkwood.001
12:57:26 | INFO: Primitives created: 1
12:57:26 | INFO: Extracting primitive: daguanlou_gold.001
12:57:26 | INFO: Primitives created: 1
12:57:26 | INFO: Extracting primitive: daguanlou_ink
12:57:26 | INFO: Primitives created: 1
12:57:26 | INFO: Extracting primitive: daguanlou_ivory
12:57:26 | INFO: Primitives created: 1
12:57:26 | INFO: Extracting primitive: daguanlou_lantern.001
12:57:26 | INFO: Primitives created: 1
12:57:26 | INFO: Extracting primitive: daguanlou_paper.001
12:57:26 | INFO: Primitives created: 1
12:57:26 | INFO: Extracting primitive: daguanlou_paving.001
12:57:26 | INFO: Primitives created: 1
12:57:26 | INFO: Extracting primitive: daguanlou_plaster.001
12:57:26 | INFO: Primitives created: 1
12:57:26 | INFO: Extracting primitive: daguanlou_roof.001
12:57:26 | INFO: Primitives created: 1
12:57:26 | INFO: Extracting primitive: daguanlou_screen.001
12:57:26 | INFO: Primitives created: 1
12:57:26 | INFO: Extracting primitive: daguanlou_stone.001
12:57:26 | INFO: Primitives created: 1
12:57:27 | INFO: Extracting primitive: daguanlou_tile.001
12:57:27 | INFO: Primitives created: 1
12:57:28 | INFO: Extracting primitive: daguanlou_tiledark.001
12:57:28 | INFO: Primitives created: 1
12:57:28 | INFO: Extracting primitive: daguanlou_tilelight.001
12:57:28 | INFO: Primitives created: 1
12:57:28 | INFO: Extracting primitive: daguanlou_wood.001
12:57:28 | INFO: Primitives created: 1
12:57:28 | INFO: Extracting primitive: longcuian_bamboo
12:57:28 | INFO: Primitives created: 1
12:57:28 | INFO: Extracting primitive: longcuian_bark.001
12:57:28 | INFO: Primitives created: 1
12:57:28 | INFO: Extracting primitive: longcuian_bookcloth
12:57:28 | INFO: Primitives created: 1
12:57:28 | INFO: Extracting primitive: longcuian_bookcover
12:57:28 | INFO: Primitives created: 1
12:57:28 | INFO: Extracting primitive: longcuian_canopy.001
12:57:28 | INFO: Primitives created: 1
12:57:28 | INFO: Extracting primitive: longcuian_canopy_light.001
12:57:28 | INFO: Primitives created: 1
12:57:28 | INFO: Extracting primitive: longcuian_canopy_shadow.001
12:57:28 | INFO: Primitives created: 1
12:57:28 | INFO: Extracting primitive: longcuian_ceramic.001
12:57:28 | INFO: Primitives created: 1
12:57:28 | INFO: Extracting primitive: longcuian_darkwood.001
12:57:28 | INFO: Primitives created: 1
12:57:28 | INFO: Extracting primitive: longcuian_flower.001
12:57:28 | INFO: Primitives created: 1
12:57:28 | INFO: Extracting primitive: longcuian_ink
12:57:28 | INFO: Primitives created: 1
12:57:28 | INFO: Extracting primitive: longcuian_ivory
12:57:28 | INFO: Primitives created: 1
12:57:28 | INFO: Extracting primitive: longcuian_paper.001
12:57:28 | INFO: Primitives created: 1
12:57:28 | INFO: Extracting primitive: longcuian_paving.001
12:57:28 | INFO: Primitives created: 1
12:57:28 | INFO: Extracting primitive: longcuian_plaster.001
12:57:28 | INFO: Primitives created: 1
12:57:28 | INFO: Extracting primitive: longcuian_roof.001
12:57:28 | INFO: Primitives created: 1
12:57:28 | INFO: Extracting primitive: longcuian_screen.001
12:57:28 | INFO: Primitives created: 1
12:57:28 | INFO: Extracting primitive: longcuian_stone.001
12:57:28 | INFO: Primitives created: 1
12:57:28 | INFO: Extracting primitive: longcuian_tile.001
12:57:28 | INFO: Primitives created: 1
12:57:28 | INFO: Extracting primitive: longcuian_tiledark.001
12:57:28 | INFO: Primitives created: 1
12:57:28 | INFO: Extracting primitive: longcuian_tilelight.001
12:57:28 | INFO: Primitives created: 1
12:57:28 | INFO: Extracting primitive: longcuian_wood.001
12:57:28 | INFO: Primitives created: 1
12:57:28 | INFO: Extracting primitive: nuanxiangwu_bamboo
12:57:28 | INFO: Primitives created: 1
12:57:28 | INFO: Extracting primitive: nuanxiangwu_bark.001
12:57:28 | INFO: Primitives created: 1
12:57:28 | INFO: Extracting primitive: nuanxiangwu_bookcloth
12:57:28 | INFO: Primitives created: 1
12:57:28 | INFO: Extracting primitive: nuanxiangwu_bookcover
12:57:28 | INFO: Primitives created: 1
12:57:28 | INFO: Extracting primitive: nuanxiangwu_ceramic.001
12:57:28 | INFO: Primitives created: 1
12:57:28 | INFO: Extracting primitive: nuanxiangwu_creamflower.001
12:57:28 | INFO: Primitives created: 1
12:57:28 | INFO: Extracting primitive: nuanxiangwu_darkwood.001
12:57:28 | INFO: Primitives created: 1
12:57:28 | INFO: Extracting primitive: nuanxiangwu_ink
12:57:28 | INFO: Primitives created: 1
12:57:28 | INFO: Extracting primitive: nuanxiangwu_ivory
12:57:28 | INFO: Primitives created: 1
12:57:28 | INFO: Extracting primitive: nuanxiangwu_paper.001
12:57:28 | INFO: Primitives created: 1
12:57:28 | INFO: Extracting primitive: nuanxiangwu_paving.001
12:57:28 | INFO: Primitives created: 1
12:57:28 | INFO: Extracting primitive: nuanxiangwu_plaster.001
12:57:28 | INFO: Primitives created: 1
12:57:28 | INFO: Extracting primitive: nuanxiangwu_roof.001
12:57:28 | INFO: Primitives created: 1
12:57:28 | INFO: Extracting primitive: nuanxiangwu_screen.001
12:57:28 | INFO: Primitives created: 1
12:57:28 | INFO: Extracting primitive: nuanxiangwu_silk.001
12:57:28 | INFO: Primitives created: 1
12:57:28 | INFO: Extracting primitive: nuanxiangwu_stone.001
12:57:28 | INFO: Primitives created: 1
12:57:28 | INFO: Extracting primitive: nuanxiangwu_tile.001
12:57:28 | INFO: Primitives created: 1
12:57:28 | INFO: Extracting primitive: nuanxiangwu_tiledark.001
12:57:28 | INFO: Primitives created: 1
12:57:28 | INFO: Extracting primitive: nuanxiangwu_tilelight.001
12:57:28 | INFO: Primitives created: 1
12:57:28 | INFO: Extracting primitive: nuanxiangwu_wood.001
12:57:28 | INFO: Primitives created: 1
12:57:28 | INFO: Extracting primitive: landscape_earth
12:57:28 | INFO: Primitives created: 1
12:57:28 | INFO: Extracting primitive: landscape_stone
12:57:28 | INFO: Primitives created: 1
12:57:29 | INFO: Extracting primitive: landscape_limestone
12:57:29 | INFO: Primitives created: 1
12:57:29 | INFO: Extracting primitive: landscape_leafdark.001
12:57:29 | INFO: Primitives created: 1
12:57:29 | INFO: Extracting primitive: landscape_leaf.001
12:57:29 | INFO: Primitives created: 1
12:57:29 | INFO: Extracting primitive: landscape_moss.001
12:57:29 | INFO: Primitives created: 1
12:57:29 | INFO: Extracting primitive: landscape_bark.001
12:57:29 | INFO: Primitives created: 1
12:57:29 | INFO: Extracting primitive: landscape_bamboo
12:57:29 | INFO: Primitives created: 1
12:57:29 | INFO: Extracting primitive: landscape_canopy_light.001
12:57:29 | INFO: Primitives created: 1
12:57:29 | INFO: Extracting primitive: landscape_canopy_shadow
12:57:29 | INFO: Primitives created: 1
12:57:29 | INFO: Extracting primitive: landscape_canopy
12:57:29 | INFO: Primitives created: 1
12:57:30 | INFO: Extracting primitive: landscape_flower
12:57:30 | INFO: Primitives created: 1
12:57:30 | INFO: Extracting primitive: landscape_creamflower
12:57:30 | INFO: Primitives created: 1
12:57:30 | INFO: Extracting primitive: landscape_plaster.001
12:57:30 | INFO: Primitives created: 1
12:57:30 | INFO: Extracting primitive: landscape_roof.001
12:57:30 | INFO: Primitives created: 1
12:57:30 | INFO: Extracting primitive: landscape_tile.001
12:57:30 | INFO: Primitives created: 1
12:57:30 | INFO: Extracting primitive: landscape_paving.001
12:57:30 | INFO: Primitives created: 1
12:57:30 | INFO: Extracting primitive: landscape_wood
12:57:30 | INFO: Primitives created: 1
12:57:30 | INFO: Extracting primitive: landscape_tiledark.001
12:57:30 | INFO: Primitives created: 1
12:57:30 | INFO: Extracting primitive: landscape_tilelight.001
12:57:30 | INFO: Primitives created: 1
12:57:30 | INFO: Extracting primitive: landscape_darkwood.001
12:57:30 | INFO: Primitives created: 1
12:57:30 | INFO: Extracting primitive: landscape_lantern.001
12:57:30 | INFO: Primitives created: 1
12:57:30 | INFO: Extracting primitive: landscape_gold.001
12:57:30 | INFO: Primitives created: 1
12:57:30 | INFO: Extracting primitive: landscape_lightleaf
12:57:30 | INFO: Primitives created: 1
12:57:31 | INFO: Finished glTF 2.0 export in 6.38849401473999 s
WARN (bke.modifier): C:\Users\blender\git\blender-v450\blender.git\source\blender\blenkernel\intern\modifier.cc:425 BKE_modifier_set_error: Object: "xiaoxiangguan_water", Modifier: "Mobile_Overview", Modifier requires more than 3 input faces

12:57:58 | INFO: Starting glTF 2.0 export
12:57:58 | WARNING: Mesh Mobile_daguanyuan_gate is not valid, and may be exported wrongly
12:57:58 | INFO: Extracting primitive: Mobile_daguanyuan_gate
12:57:58 | INFO: Primitives created: 1
12:57:58 | INFO: Extracting primitive: Mobile_qujingtongyou
12:57:58 | INFO: Primitives created: 1
12:57:58 | WARNING: Mesh Mobile_xiaoxiangguan is not valid, and may be exported wrongly
12:57:58 | INFO: Extracting primitive: Mobile_xiaoxiangguan
12:57:58 | INFO: Primitives created: 1
12:57:58 | INFO: Extracting primitive: xiaoxiangguan_lantern.001
12:57:58 | INFO: Primitives created: 1
12:57:58 | WARNING: Mesh Mobile_yihongyuan is not valid, and may be exported wrongly
12:57:58 | INFO: Extracting primitive: Mobile_yihongyuan
12:57:58 | INFO: Primitives created: 1
12:57:58 | INFO: Extracting primitive: yihongyuan_lantern.001
12:57:58 | INFO: Primitives created: 1
12:57:58 | INFO: Extracting primitive: hengwuyuan_lantern.001
12:57:58 | INFO: Primitives created: 1
12:57:58 | WARNING: Mesh Mobile_hengwuyuan is not valid, and may be exported wrongly
12:57:58 | INFO: Extracting primitive: Mobile_hengwuyuan
12:57:58 | INFO: Primitives created: 1
12:57:58 | WARNING: Mesh Mobile_qiushuangzhai is not valid, and may be exported wrongly
12:57:58 | INFO: Extracting primitive: Mobile_qiushuangzhai
12:57:58 | INFO: Primitives created: 1
12:57:58 | INFO: Extracting primitive: qiushuangzhai_lantern.001
12:57:58 | INFO: Primitives created: 1
12:57:58 | WARNING: Mesh Mobile_daoxiangcun is not valid, and may be exported wrongly
12:57:58 | INFO: Extracting primitive: Mobile_daoxiangcun
12:57:58 | INFO: Primitives created: 1
12:57:58 | WARNING: Mesh Mobile_ouxiangxie is not valid, and may be exported wrongly
12:57:58 | INFO: Extracting primitive: Mobile_ouxiangxie
12:57:58 | INFO: Primitives created: 1
12:57:58 | INFO: Extracting primitive: dicuiting_lantern.001
12:57:58 | INFO: Primitives created: 1
12:57:58 | WARNING: Mesh Mobile_dicuiting is not valid, and may be exported wrongly
12:57:58 | INFO: Extracting primitive: Mobile_dicuiting
12:57:58 | INFO: Primitives created: 1
12:57:58 | WARNING: Mesh Mobile_luxuean is not valid, and may be exported wrongly
12:57:58 | INFO: Extracting primitive: Mobile_luxuean
12:57:58 | INFO: Primitives created: 1
12:57:58 | WARNING: Mesh Mobile_tubishanzhuang is not valid, and may be exported wrongly
12:57:58 | INFO: Extracting primitive: Mobile_tubishanzhuang
12:57:58 | INFO: Primitives created: 1
12:57:58 | WARNING: Mesh Mobile_aojingxiguan is not valid, and may be exported wrongly
12:57:58 | INFO: Extracting primitive: Mobile_aojingxiguan
12:57:58 | INFO: Primitives created: 1
12:57:58 | INFO: Extracting primitive: daguanlou_lantern.001
12:57:58 | INFO: Primitives created: 1
12:57:58 | WARNING: Mesh Mobile_daguanlou is not valid, and may be exported wrongly
12:57:58 | INFO: Extracting primitive: Mobile_daguanlou
12:57:58 | INFO: Primitives created: 1
12:57:58 | WARNING: Mesh Mobile_longcuian is not valid, and may be exported wrongly
12:57:58 | INFO: Extracting primitive: Mobile_longcuian
12:57:59 | INFO: Primitives created: 1
12:57:59 | WARNING: Mesh Mobile_nuanxiangwu is not valid, and may be exported wrongly
12:57:59 | INFO: Extracting primitive: Mobile_nuanxiangwu
12:57:59 | INFO: Primitives created: 1
12:57:59 | INFO: Extracting primitive: landscape_lantern.001
12:57:59 | INFO: Primitives created: 1
12:57:59 | WARNING: Mesh Mobile_landscape is not valid, and may be exported wrongly
12:57:59 | INFO: Extracting primitive: Mobile_landscape
12:57:59 | INFO: Primitives created: 1
12:57:59 | INFO: Finished glTF 2.0 export in 0.36403989791870117 s

REFERENCE WORLD COMPLETE 327
Blender 4.5.9 LTS (hash 8bf95cbd38d1 built 2026-04-21 01:33:45)
Read blend: "D:\Users\Lenovo\Desktop\大观园\blender\daguanyuan_master.blend"

Blender quit
