
> daguanyuan-rumeng@1.0.0 build
> node scripts/clean_build.mjs && npm run data:build && tsc --noEmit && vite build


> daguanyuan-rumeng@1.0.0 data:build
> node scripts/validate.mjs --publish

PASS 3085 integrity checks. {
  places: 15,
  characters: 13,
  events: 22,
  sources: 46,
  relations: 1,
  routes: 3
}
vite v7.3.6 building client environment for production...
transforming...
✓ 2233 modules transformed.
rendering chunks...
computing gzip size...
dist/.vite/manifest.json               0.47 kB │ gzip:   0.22 kB
dist/index.html                        1.27 kB │ gzip:   0.87 kB
dist/assets/index-D68344Zx.css        44.57 kB │ gzip:   9.50 kB
dist/assets/index-DUjB4NE1.js        658.50 kB │ gzip: 190.81 kB
dist/assets/GardenScene-BTecduO4.js  729.65 kB │ gzip: 205.45 kB
✓ built in 7.44s
