13:43:36 | INFO: Data are loaded, start creating Blender stuff
13:43:36 | INFO: Blender create Mesh node Plane.024
13:43:36 | INFO: Blender create Mesh node Plane.044
13:43:36 | INFO: Blender create Mesh node Plane.006
13:43:36 | INFO: Blender create Mesh node Plane.059
13:43:36 | INFO: glTF import finished in 0.08s
INFO Draco mesh compression is available, use library at D:\Users\Lenovo\Desktop\大观园\.tools\blender-4.5.9-windows-x64\4.5\scripts\addons_core\io_scene_gltf2\extern_draco.dll
13:43:37 | INFO: Starting glTF 2.0 export
13:43:37 | INFO: Extracting primitive: Plane.006
13:43:37 | WARNING: More than one shader node tex image used for a texture. The resulting glTF sampler will behave like the first shader node tex image.
13:43:37 | INFO: Primitives created: 1
13:43:37 | INFO: Finished glTF 2.0 export in 0.017139196395874023 s

13:43:37 | INFO: Starting glTF 2.0 export
13:43:37 | INFO: Extracting primitive: Plane.059
13:43:37 | WARNING: More than one shader node tex image used for a texture. The resulting glTF sampler will behave like the first shader node tex image.
13:43:37 | INFO: Primitives created: 1
13:43:37 | INFO: Finished glTF 2.0 export in 0.012073755264282227 s

FERN SOURCE RGBA EXPORT COMPLETE
Blender 4.5.9 LTS (hash 8bf95cbd38d1 built 2026-04-21 01:33:45)

Blender quit
