
> daguanyuan-rumeng@1.0.0 build
> node scripts/clean_build.mjs && npm run data:build && tsc --noEmit && vite build


> daguanyuan-rumeng@1.0.0 data:build
> node scripts/validate.mjs --publish

PASS 3399 integrity checks. {
  places: 15,
  characters: 13,
  events: 22,
  sources: 46,
  relations: 1,
  routes: 3
}
vite v7.3.6 building client environment for production...
transforming...
鉁?2234 modules transformed.
rendering chunks...
computing gzip size...
dist/.vite/manifest.json               0.47 kB 鈹?gzip:   0.22 kB
dist/index.html                        1.27 kB 鈹?gzip:   0.87 kB
dist/assets/index-D68344Zx.css        44.57 kB 鈹?gzip:   9.50 kB
dist/assets/index-CgtRWvG1.js        658.46 kB 鈹?gzip: 190.79 kB
dist/assets/GardenScene-CeqkKroT.js  733.31 kB 鈹?gzip: 206.71 kB
鉁?built in 15.56s
