
> daguanyuan-rumeng@1.0.0 models:overview-budget
> node scripts/pipeline.mjs models-overview-budget

20:35:43 | INFO: Data are loaded, start creating Blender stuff
20:35:43 | INFO: Blender create Mesh node daguanyuan_gate_screen
20:35:43 | INFO: Draco Decoder: Decode primitive daguanyuan_gate_screen
20:35:43 | INFO: Blender create Mesh node Mobile_daguanyuan_gate
20:35:43 | INFO: Draco Decoder: Decode primitive Mobile_daguanyuan_gate
Blender 4.5.9 LTS (hash 8bf95cbd38d1 built 2026-04-21 01:33:45)
DracoDecoder | Decoded 384 vertices, 576 indices
DracoDecoder | Decoded 3678 vertices, 3678 indices
Error: Cannot read 'D:\Users\Lenovo\Desktop\大观园\assets\textures\shared\a76ba08fdfa388f823e39c5cb532f4bcf15da1494bf7bc3387350afeae72520c.jpg': No such file or directory
20:35:43 | ERROR: Missing image file (index 0): D:\Users\Lenovo\Desktop\大观园\assets\textures\shared\a76ba08fdfa388f823e39c5cb532f4bcf15da1494bf7bc3387350afeae72520c.jpg
20:35:43 | INFO: Blender create Mesh node Mobile_daguanyuan_gate_floorwood
20:35:43 | INFO: Draco Decoder: Decode primitive Mobile_daguanyuan_gate_floorwood
DracoDecoder | Decoded 1508 vertices, 2262 indices
Error: Cannot read 'D:\Users\Lenovo\Desktop\大观园\assets\textures\shared\a89aae30a46dd0ba11ec4a0e1d656c2a99a29f30b9ca8ab73ad2a3ddeb857dee.jpg': No such file or directory
20:35:43 | ERROR: Missing image file (index 2): D:\Users\Lenovo\Desktop\大观园\assets\textures\shared\a89aae30a46dd0ba11ec4a0e1d656c2a99a29f30b9ca8ab73ad2a3ddeb857dee.jpg
Error: Cannot read 'D:\Users\Lenovo\Desktop\大观园\assets\textures\shared\84f9b6efccb2dfb7619f2e9ab67c36578ec0f14358168c8179ec65f320b363e5.jpg': No such file or directory
20:35:43 | ERROR: Missing image file (index 3): D:\Users\Lenovo\Desktop\大观园\assets\textures\shared\84f9b6efccb2dfb7619f2e9ab67c36578ec0f14358168c8179ec65f320b363e5.jpg
Error: Cannot read 'D:\Users\Lenovo\Desktop\大观园\assets\textures\shared\6d966d8574872d7fbb5fd402c401e000611d9bebe5e51e7b66d83dee2f83e9d9.jpg': No such file or directory
20:35:43 | ERROR: Missing image file (index 1): D:\Users\Lenovo\Desktop\大观园\assets\textures\shared\6d966d8574872d7fbb5fd402c401e000611d9bebe5e51e7b66d83dee2f83e9d9.jpg
20:35:43 | INFO: Blender create Mesh node Mobile_daguanyuan_gate_limestone
20:35:43 | INFO: Draco Decoder: Decode primitive Mobile_daguanyuan_gate_limestone
20:35:43 | ERROR: Missing image file (index 5): D:\Users\Lenovo\Desktop\大观园\assets\textures\shared\04d0506469a0edcba43a38a66fe49ec5fe286dbf808777d77ba95d8cb235bbc4.jpg
DracoDecoder | Decoded 183 vertices, 183 indices
Error: Cannot read 'D:\Users\Lenovo\Desktop\大观园\assets\textures\shared\04d0506469a0edcba43a38a66fe49ec5fe286dbf808777d77ba95d8cb235bbc4.jpg': No such file or directory
Error: Cannot read 'D:\Users\Lenovo\Desktop\大观园\assets\textures\shared\868d02b27dd87cad475c045c8b0561d232fcb1e374b3682d3de06cad58771453.jpg': No such file or directory
20:35:43 | ERROR: Missing image file (index 4): D:\Users\Lenovo\Desktop\大观园\assets\textures\shared\868d02b27dd87cad475c045c8b0561d232fcb1e374b3682d3de06cad58771453.jpg
20:35:43 | INFO: Blender create Mesh node Mobile_daguanyuan_gate_paving
20:35:43 | INFO: Draco Decoder: Decode primitive Mobile_daguanyuan_gate_paving
DracoDecoder | Decoded 4 vertices, 6 indices
Error: Cannot read 'D:\Users\Lenovo\Desktop\大观园\assets\textures\shared\554880fdcca3f5ba8e211e9e07324ea4897083a9e6dbc4d4b6b2af2c6539bb52.jpg': No such file or directory
20:35:43 | ERROR: Missing image file (index 7): D:\Users\Lenovo\Desktop\大观园\assets\textures\shared\554880fdcca3f5ba8e211e9e07324ea4897083a9e6dbc4d4b6b2af2c6539bb52.jpg
Error: Cannot read 'D:\Users\Lenovo\Desktop\大观园\assets\textures\shared\77bc0a8d5505ad1498eb01074a5a455beeb3f700134ce4eb9dbf136514327cc4.jpg': No such file or directory
20:35:43 | ERROR: Missing image file (index 8): D:\Users\Lenovo\Desktop\大观园\assets\textures\shared\77bc0a8d5505ad1498eb01074a5a455beeb3f700134ce4eb9dbf136514327cc4.jpg
Error: Cannot read 'D:\Users\Lenovo\Desktop\大观园\assets\textures\shared\44b95552771dcf621667bb465f23affa3d33110588f14f98949174196ec39330.jpg': No such file or directory
20:35:43 | ERROR: Missing image file (index 6): D:\Users\Lenovo\Desktop\大观园\assets\textures\shared\44b95552771dcf621667bb465f23affa3d33110588f14f98949174196ec39330.jpg
20:35:43 | INFO: Blender create Mesh node Mobile_daguanyuan_gate_roof
20:35:43 | INFO: Draco Decoder: Decode primitive Mobile_daguanyuan_gate_roof
DracoDecoder | Decoded 1795 vertices, 1797 indices
Error: Cannot read 'D:\Users\Lenovo\Desktop\大观园\assets\textures\shared\19f3d60a089d874fe988b75907677465f077bca95d0896ecf45dedf72f124e9a.jpg': No such file or directory
20:35:43 | ERROR: Missing image file (index 9): D:\Users\Lenovo\Desktop\大观园\assets\textures\shared\19f3d60a089d874fe988b75907677465f077bca95d0896ecf45dedf72f124e9a.jpg
20:35:43 | INFO: Blender create Mesh node Mobile_daguanyuan_gate_roofshell
20:35:43 | INFO: Draco Decoder: Decode primitive Mobile_daguanyuan_gate_roofshell
DracoDecoder | Decoded 238 vertices, 354 indices
Error: Cannot read 'D:\Users\Lenovo\Desktop\大观园\assets\textures\shared\0c5c0fb5eba23a82a75608db269ec295af7a542998008a0fe162e25f6364ab75.jpg': No such file or directory
20:35:43 | ERROR: Missing image file (index 11): D:\Users\Lenovo\Desktop\大观园\assets\textures\shared\0c5c0fb5eba23a82a75608db269ec295af7a542998008a0fe162e25f6364ab75.jpg
Error: Cannot read 'D:\Users\Lenovo\Desktop\大观园\assets\textures\shared\1345ffd49583df7378def2fdf954a9a0f8d8414e1d0db6a3ea68abc9eea6f704.jpg': No such file or directory
20:35:43 | ERROR: Missing image file (index 12): D:\Users\Lenovo\Desktop\大观园\assets\textures\shared\1345ffd49583df7378def2fdf954a9a0f8d8414e1d0db6a3ea68abc9eea6f704.jpg
Error: Cannot read 'D:\Users\Lenovo\Desktop\大观园\assets\textures\shared\22ebdbb9b75d4598b92cdccfa8145d4075bd69f9d38008f8773811cee051a872.jpg': No such file or directory
20:35:43 | ERROR: Missing image file (index 10): D:\Users\Lenovo\Desktop\大观园\assets\textures\shared\22ebdbb9b75d4598b92cdccfa8145d4075bd69f9d38008f8773811cee051a872.jpg
20:35:43 | INFO: Blender create Mesh node Mobile_qujingtongyou_gardenstone
20:35:43 | INFO: Draco Decoder: Decode primitive Mobile_qujingtongyou_gardenstone
DracoDecoder | Decoded 2191 vertices, 8301 indices
Error: Cannot read 'D:\Users\Lenovo\Desktop\大观园\assets\textures\shared\75103c1be4cd6e0fbf0f0877196d9c4295f8745d8a79574a1c477cd491649730.jpg': No such file or directory
20:35:43 | ERROR: Missing image file (index 14): D:\Users\Lenovo\Desktop\大观园\assets\textures\shared\75103c1be4cd6e0fbf0f0877196d9c4295f8745d8a79574a1c477cd491649730.jpg
Error: Cannot read 'D:\Users\Lenovo\Desktop\大观园\assets\textures\shared\842547a00f3b6dc4f883fb9511f587610c42670552d2fbf0c5b439162047d9a2.jpg': No such file or directory
20:35:43 | ERROR: Missing image file (index 15): D:\Users\Lenovo\Desktop\大观园\assets\textures\shared\842547a00f3b6dc4f883fb9511f587610c42670552d2fbf0c5b439162047d9a2.jpg
Error: Cannot read 'D:\Users\Lenovo\Desktop\大观园\assets\textures\shared\38f583024302e27658c5a4f6d9f1c89b4cc8c6a7e66c0605c7665df9cc1313be.jpg': No such file or directory
20:35:43 | ERROR: Missing image file (index 13): D:\Users\Lenovo\Desktop\大观园\assets\textures\shared\38f583024302e27658c5a4f6d9f1c89b4cc8c6a7e66c0605c7665df9cc1313be.jpg
20:35:43 | INFO: Blender create Mesh node Mobile_qujingtongyou_limestone
20:35:43 | INFO: Draco Decoder: Decode primitive Mobile_qujingtongyou_limestone
20:35:43 | INFO: Blender create Mesh node Mobile_qujingtongyou_plants
20:35:43 | INFO: Draco Decoder: Decode primitive Mobile_qujingtongyou_plants
20:35:43 | INFO: Blender create Mesh node Mobile_xiaoxiangguan
20:35:43 | INFO: Draco Decoder: Decode primitive Mobile_xiaoxiangguan
DracoDecoder | Decoded 273 vertices, 273 indices
DracoDecoder | Decoded 486 vertices, 486 indices
DracoDecoder | Decoded 5216 vertices, 5250 indices
Error: Cannot read 'D:\Users\Lenovo\Desktop\大观园\assets\textures\shared\6dc8be209ae60c77b9d3f34c86172c03eb10d9827bcaff8babbc4fc40ceb6897.jpg': No such file or directory
20:35:43 | ERROR: Missing image file (index 16): D:\Users\Lenovo\Desktop\大观园\assets\textures\shared\6dc8be209ae60c77b9d3f34c86172c03eb10d9827bcaff8babbc4fc40ceb6897.jpg
20:35:43 | INFO: Blender create Mesh node Mobile_xiaoxiangguan_bankstone
20:35:43 | INFO: Draco Decoder: Decode primitive Mobile_xiaoxiangguan_bankstone
DracoDecoder | Decoded 744 vertices, 744 indices
Error: Cannot read 'D:\Users\Lenovo\Desktop\大观园\assets\textures\shared\b0efbee10f6fb5a0f95be3f390376d07bc74f2ed9a2df98e835572a2061a88e7.jpg': No such file or directory
20:35:43 | ERROR: Missing image file (index 17): D:\Users\Lenovo\Desktop\大观园\assets\textures\shared\b0efbee10f6fb5a0f95be3f390376d07bc74f2ed9a2df98e835572a2061a88e7.jpg
Error: Cannot read 'D:\Users\Lenovo\Desktop\大观园\assets\textures\shared\410529bda64457023d2115b0de264f449f9a1a8d3c8de9d7a80dc0d45246ce8e.jpg': No such file or directory
20:35:43 | ERROR: Missing image file (index 18): D:\Users\Lenovo\Desktop\大观园\assets\textures\shared\410529bda64457023d2115b0de264f449f9a1a8d3c8de9d7a80dc0d45246ce8e.jpg
20:35:43 | INFO: Blender create Mesh node Mobile_xiaoxiangguan_botanical_bamboo
20:35:43 | INFO: Draco Decoder: Decode primitive Mobile_xiaoxiangguan_botanical_bamboo
DracoDecoder | Decoded 30503 vertices, 40557 indices
Error: Cannot read 'D:\Users\Lenovo\Desktop\大观园\assets\textures\shared\d1fc83f653520af9347350a58a58d5e21bf6b664fc7f90009f3a0d097edb48b7.jpg': No such file or directory
20:35:43 | ERROR: Missing image file (index 19): D:\Users\Lenovo\Desktop\大观园\assets\textures\shared\d1fc83f653520af9347350a58a58d5e21bf6b664fc7f90009f3a0d097edb48b7.jpg
20:35:43 | INFO: Blender create Mesh node Mobile_xiaoxiangguan_botanical_banana
20:35:43 | INFO: Draco Decoder: Decode primitive Mobile_xiaoxiangguan_botanical_banana
DracoDecoder | Decoded 287 vertices, 876 indices
Error: Cannot read 'D:\Users\Lenovo\Desktop\大观园\assets\textures\shared\99e7261af4f216c962c13329d6e5c4329762a35649fa01d31b09c0cbfe5848d5.jpg': No such file or directory
20:35:43 | ERROR: Missing image file (index 20): D:\Users\Lenovo\Desktop\大观园\assets\textures\shared\99e7261af4f216c962c13329d6e5c4329762a35649fa01d31b09c0cbfe5848d5.jpg
20:35:43 | INFO: Blender create Mesh node Mobile_xiaoxiangguan_botanical_litter
20:35:43 | INFO: Draco Decoder: Decode primitive Mobile_xiaoxiangguan_botanical_litter
DracoDecoder | Decoded 879 vertices, 1233 indices
Error: Cannot read 'D:\Users\Lenovo\Desktop\大观园\assets\textures\shared\732dffcaa00b594b3cc02e08872e789ae5225a7ddeb0add4c8149a797a658c6a.jpg': No such file or directory
20:35:43 | ERROR: Missing image file (index 21): D:\Users\Lenovo\Desktop\大观园\assets\textures\shared\732dffcaa00b594b3cc02e08872e789ae5225a7ddeb0add4c8149a797a658c6a.jpg
20:35:43 | INFO: Blender create Mesh node Mobile_xiaoxiangguan_botanical_petal
20:35:43 | INFO: Draco Decoder: Decode primitive Mobile_xiaoxiangguan_botanical_petal
DracoDecoder | Decoded 1769 vertices, 2061 indices
Error: Cannot read 'D:\Users\Lenovo\Desktop\大观园\assets\textures\shared\e7231a162181b7e4d4daf08220f5b8e0f296052d178a2736ded7ea64eda79dd0.jpg': No such file or directory
20:35:43 | ERROR: Missing image file (index 22): D:\Users\Lenovo\Desktop\大观园\assets\textures\shared\e7231a162181b7e4d4daf08220f5b8e0f296052d178a2736ded7ea64eda79dd0.jpg
20:35:43 | INFO: Blender create Mesh node Mobile_xiaoxiangguan_botanical_stem
20:35:43 | INFO: Draco Decoder: Decode primitive Mobile_xiaoxiangguan_botanical_stem
DracoDecoder | Decoded 16422 vertices, 16422 indices
20:35:43 | ERROR: Missing image file (index 23): D:\Users\Lenovo\Desktop\大观园\assets\textures\shared\f45ac0b991278ceaf41b57b19cf1e1d328fbd3ae50875fe1d83bb2a728b9e860.jpg
Error: Cannot read 'D:\Users\Lenovo\Desktop\大观园\assets\textures\shared\f45ac0b991278ceaf41b57b19cf1e1d328fbd3ae50875fe1d83bb2a728b9e860.jpg': No such file or directory
20:35:43 | INFO: Blender create Mesh node Mobile_xiaoxiangguan_floorwood
20:35:43 | INFO: Draco Decoder: Decode primitive Mobile_xiaoxiangguan_floorwood
20:35:43 | INFO: Blender create Mesh node Mobile_xiaoxiangguan_paving
20:35:43 | INFO: Draco Decoder: Decode primitive Mobile_xiaoxiangguan_paving
20:35:43 | INFO: Blender create Mesh node Mobile_xiaoxiangguan_plants
20:35:43 | INFO: Draco Decoder: Decode primitive Mobile_xiaoxiangguan_plants
20:35:43 | INFO: Blender create Mesh node Mobile_xiaoxiangguan_roof
20:35:43 | INFO: Draco Decoder: Decode primitive Mobile_xiaoxiangguan_roof
DracoDecoder | Decoded 1152 vertices, 1728 indices
DracoDecoder | Decoded 18 vertices, 30 indices
DracoDecoder | Decoded 2400 vertices, 2400 indices
DracoDecoder | Decoded 3240 vertices, 3240 indices
Error: Cannot read 'D:\Users\Lenovo\Desktop\大观园\assets\textures\shared\cca62e287c154acbcb8f39fda31e5471f8650e2f9c5fdc29a24e13913ee6f604.jpg': No such file or directory
20:35:43 | ERROR: Missing image file (index 24): D:\Users\Lenovo\Desktop\大观园\assets\textures\shared\cca62e287c154acbcb8f39fda31e5471f8650e2f9c5fdc29a24e13913ee6f604.jpg
20:35:43 | INFO: Blender create Mesh node Mobile_xiaoxiangguan_roofshell
20:35:43 | INFO: Draco Decoder: Decode primitive Mobile_xiaoxiangguan_roofshell
20:35:43 | INFO: Blender create Mesh node xiaoxiangguan_lantern
20:35:43 | INFO: Draco Decoder: Decode primitive xiaoxiangguan_lantern
20:35:43 | INFO: Blender create Mesh node xiaoxiangguan_silk
20:35:43 | INFO: Draco Decoder: Decode primitive xiaoxiangguan_silk
20:35:43 | INFO: Blender create Mesh node Mobile_yihongyuan
20:35:43 | INFO: Draco Decoder: Decode primitive Mobile_yihongyuan
DracoDecoder | Decoded 736 vertices, 1092 indices
DracoDecoder | Decoded 320 vertices, 480 indices
DracoDecoder | Decoded 24 vertices, 36 indices
DracoDecoder | Decoded 5092 vertices, 5118 indices
Error: Cannot read 'D:\Users\Lenovo\Desktop\大观园\assets\textures\shared\6a8c65cbfa1cf563b4ccaa74b7ac5dde04d87572ebd21ee911db02a0423a541c.jpg': No such file or directory
20:35:43 | ERROR: Missing image file (index 25): D:\Users\Lenovo\Desktop\大观园\assets\textures\shared\6a8c65cbfa1cf563b4ccaa74b7ac5dde04d87572ebd21ee911db02a0423a541c.jpg
20:35:43 | INFO: Blender create Mesh node Mobile_yihongyuan_botanical_bamboo
20:35:43 | INFO: Draco Decoder: Decode primitive Mobile_yihongyuan_botanical_bamboo
20:35:43 | INFO: Blender create Mesh node Mobile_yihongyuan_botanical_banana
20:35:43 | INFO: Draco Decoder: Decode primitive Mobile_yihongyuan_botanical_banana
20:35:43 | INFO: Blender create Mesh node Mobile_yihongyuan_botanical_litter
20:35:43 | INFO: Draco Decoder: Decode primitive Mobile_yihongyuan_botanical_litter
20:35:43 | INFO: Blender create Mesh node Mobile_yihongyuan_botanical_petal
20:35:43 | INFO: Draco Decoder: Decode primitive Mobile_yihongyuan_botanical_petal
20:35:43 | INFO: Blender create Mesh node Mobile_yihongyuan_botanical_stem
20:35:43 | INFO: Draco Decoder: Decode primitive Mobile_yihongyuan_botanical_stem
20:35:43 | INFO: Blender create Mesh node Mobile_yihongyuan_courtbase
20:35:43 | INFO: Draco Decoder: Decode primitive Mobile_yihongyuan_courtbase
20:35:43 | INFO: Blender create Mesh node Mobile_yihongyuan_floorwood
20:35:43 | INFO: Draco Decoder: Decode primitive Mobile_yihongyuan_floorwood
20:35:43 | INFO: Blender create Mesh node Mobile_yihongyuan_gardenstone
20:35:43 | INFO: Draco Decoder: Decode primitive Mobile_yihongyuan_gardenstone
20:35:43 | INFO: Blender create Mesh node Mobile_yihongyuan_limestone
20:35:43 | INFO: Draco Decoder: Decode primitive Mobile_yihongyuan_limestone
20:35:43 | INFO: Blender create Mesh node Mobile_yihongyuan_paving
20:35:43 | INFO: Draco Decoder: Decode primitive Mobile_yihongyuan_paving
20:35:43 | INFO: Blender create Mesh node Mobile_yihongyuan_plants
20:35:43 | INFO: Draco Decoder: Decode primitive Mobile_yihongyuan_plants
20:35:43 | INFO: Blender create Mesh node Mobile_yihongyuan_roof
20:35:43 | INFO: Draco Decoder: Decode primitive Mobile_yihongyuan_roof
DracoDecoder | Decoded 7317 vertices, 9387 indices
DracoDecoder | Decoded 862 vertices, 2628 indices
DracoDecoder | Decoded 501 vertices, 699 indices
DracoDecoder | Decoded 1765 vertices, 2061 indices
DracoDecoder | Decoded 4338 vertices, 4338 indices
DracoDecoder | Decoded 4 vertices, 6 indices
DracoDecoder | Decoded 1440 vertices, 2160 indices
DracoDecoder | Decoded 2227 vertices, 8310 indices
DracoDecoder | Decoded 366 vertices, 366 indices
DracoDecoder | Decoded 410 vertices, 618 indices
DracoDecoder | Decoded 1976 vertices, 2064 indices
DracoDecoder | Decoded 4404 vertices, 4404 indices
Error: Cannot read 'D:\Users\Lenovo\Desktop\大观园\assets\textures\shared\fb068cbae6a3b7b1645bd160707d79808be81919c51fba7cd9f8a46bfa32a4aa.jpg': No such file or directory
20:35:43 | ERROR: Missing image file (index 26): D:\Users\Lenovo\Desktop\大观园\assets\textures\shared\fb068cbae6a3b7b1645bd160707d79808be81919c51fba7cd9f8a46bfa32a4aa.jpg
20:35:43 | INFO: Blender create Mesh node Mobile_yihongyuan_roofshell
20:35:43 | INFO: Draco Decoder: Decode primitive Mobile_yihongyuan_roofshell
20:35:43 | INFO: Blender create Mesh node yihongyuan_lantern
20:35:43 | INFO: Draco Decoder: Decode primitive yihongyuan_lantern
20:35:43 | INFO: Blender create Mesh node yihongyuan_screen.001
20:35:43 | INFO: Draco Decoder: Decode primitive yihongyuan_screen.001
20:35:43 | INFO: Blender create Mesh node yihongyuan_silk.001
20:35:43 | INFO: Draco Decoder: Decode primitive yihongyuan_silk.001
20:35:43 | INFO: Blender create Mesh node hengwuyuan_lantern
20:35:43 | INFO: Draco Decoder: Decode primitive hengwuyuan_lantern
20:35:43 | INFO: Blender create Mesh node hengwuyuan_screen.001
20:35:43 | INFO: Draco Decoder: Decode primitive hengwuyuan_screen.001
20:35:43 | INFO: Blender create Mesh node Mobile_hengwuyuan
20:35:43 | INFO: Draco Decoder: Decode primitive Mobile_hengwuyuan
DracoDecoder | Decoded 878 vertices, 1302 indices
DracoDecoder | Decoded 320 vertices, 480 indices
DracoDecoder | Decoded 120 vertices, 180 indices
DracoDecoder | Decoded 72 vertices, 108 indices
DracoDecoder | Decoded 320 vertices, 480 indices
DracoDecoder | Decoded 24 vertices, 36 indices
DracoDecoder | Decoded 4265 vertices, 4281 indices
Error: Cannot read 'D:\Users\Lenovo\Desktop\大观园\assets\textures\shared\a9f57eafc82760c4badf93419fd780e03e91a48aca5364b87a4fb3c4f88da585.jpg': No such file or directory
20:35:43 | ERROR: Missing image file (index 27): D:\Users\Lenovo\Desktop\大观园\assets\textures\shared\a9f57eafc82760c4badf93419fd780e03e91a48aca5364b87a4fb3c4f88da585.jpg
20:35:43 | INFO: Blender create Mesh node Mobile_hengwuyuan_botanical_bamboo
20:35:43 | INFO: Draco Decoder: Decode primitive Mobile_hengwuyuan_botanical_bamboo
20:35:43 | INFO: Blender create Mesh node Mobile_hengwuyuan_botanical_litter
20:35:43 | INFO: Draco Decoder: Decode primitive Mobile_hengwuyuan_botanical_litter
20:35:43 | INFO: Blender create Mesh node Mobile_hengwuyuan_courtbase
20:35:43 | INFO: Draco Decoder: Decode primitive Mobile_hengwuyuan_courtbase
20:35:43 | INFO: Blender create Mesh node Mobile_hengwuyuan_floorwood
20:35:43 | INFO: Draco Decoder: Decode primitive Mobile_hengwuyuan_floorwood
20:35:43 | INFO: Blender create Mesh node Mobile_hengwuyuan_gardenstone
20:35:43 | INFO: Draco Decoder: Decode primitive Mobile_hengwuyuan_gardenstone
20:35:43 | INFO: Blender create Mesh node Mobile_hengwuyuan_limestone
20:35:43 | INFO: Draco Decoder: Decode primitive Mobile_hengwuyuan_limestone
20:35:43 | INFO: Blender create Mesh node Mobile_hengwuyuan_paving
20:35:43 | INFO: Draco Decoder: Decode primitive Mobile_hengwuyuan_paving
20:35:43 | INFO: Blender create Mesh node Mobile_hengwuyuan_plants
20:35:43 | INFO: Draco Decoder: Decode primitive Mobile_hengwuyuan_plants
20:35:43 | INFO: Blender create Mesh node Mobile_hengwuyuan_roof
20:35:43 | INFO: Draco Decoder: Decode primitive Mobile_hengwuyuan_roof
DracoDecoder | Decoded 9704 vertices, 12372 indices
DracoDecoder | Decoded 667 vertices, 915 indices
DracoDecoder | Decoded 8 vertices, 12 indices
DracoDecoder | Decoded 1648 vertices, 2472 indices
DracoDecoder | Decoded 2203 vertices, 8337 indices
DracoDecoder | Decoded 273 vertices, 273 indices
DracoDecoder | Decoded 254 vertices, 384 indices
DracoDecoder | Decoded 2022 vertices, 2166 indices
DracoDecoder | Decoded 3657 vertices, 3657 indices
Error: Cannot read 'D:\Users\Lenovo\Desktop\大观园\assets\textures\shared\78052b7bfc6e9ca7eea0d40e4585593b7e4f05717c01b5114b1340ed598b6864.jpg': No such file or directory
20:35:43 | ERROR: Missing image file (index 28): D:\Users\Lenovo\Desktop\大观园\assets\textures\shared\78052b7bfc6e9ca7eea0d40e4585593b7e4f05717c01b5114b1340ed598b6864.jpg
20:35:43 | INFO: Blender create Mesh node Mobile_hengwuyuan_roofshell
20:35:43 | INFO: Draco Decoder: Decode primitive Mobile_hengwuyuan_roofshell
20:35:43 | INFO: Blender create Mesh node Mobile_qiushuangzhai
20:35:43 | INFO: Draco Decoder: Decode primitive Mobile_qiushuangzhai
DracoDecoder | Decoded 626 vertices, 930 indices
DracoDecoder | Decoded 6762 vertices, 6918 indices
Error: Cannot read 'D:\Users\Lenovo\Desktop\大观园\assets\textures\shared\479699043aeaf998be7ace7afcaa579999d3bc4aa9a2f5da2c3ef79996c3dd54.jpg': No such file or directory
20:35:43 | ERROR: Missing image file (index 29): D:\Users\Lenovo\Desktop\大观园\assets\textures\shared\479699043aeaf998be7ace7afcaa579999d3bc4aa9a2f5da2c3ef79996c3dd54.jpg
20:35:43 | INFO: Blender create Mesh node Mobile_qiushuangzhai_botanical_bamboo
20:35:43 | INFO: Draco Decoder: Decode primitive Mobile_qiushuangzhai_botanical_bamboo
20:35:43 | INFO: Blender create Mesh node Mobile_qiushuangzhai_botanical_litter
20:35:43 | INFO: Draco Decoder: Decode primitive Mobile_qiushuangzhai_botanical_litter
20:35:43 | INFO: Blender create Mesh node Mobile_qiushuangzhai_courtbase
20:35:43 | INFO: Draco Decoder: Decode primitive Mobile_qiushuangzhai_courtbase
20:35:43 | INFO: Blender create Mesh node Mobile_qiushuangzhai_floorwood
20:35:43 | INFO: Draco Decoder: Decode primitive Mobile_qiushuangzhai_floorwood
20:35:43 | INFO: Blender create Mesh node Mobile_qiushuangzhai_paving
20:35:43 | INFO: Draco Decoder: Decode primitive Mobile_qiushuangzhai_paving
20:35:43 | INFO: Blender create Mesh node Mobile_qiushuangzhai_plants
20:35:43 | INFO: Draco Decoder: Decode primitive Mobile_qiushuangzhai_plants
20:35:43 | INFO: Blender create Mesh node Mobile_qiushuangzhai_roof
20:35:43 | INFO: Draco Decoder: Decode primitive Mobile_qiushuangzhai_roof
DracoDecoder | Decoded 9219 vertices, 11763 indices
DracoDecoder | Decoded 684 vertices, 942 indices
DracoDecoder | Decoded 4 vertices, 6 indices
DracoDecoder | Decoded 1784 vertices, 2676 indices
DracoDecoder | Decoded 594 vertices, 894 indices
DracoDecoder | Decoded 1944 vertices, 2076 indices
DracoDecoder | Decoded 2211 vertices, 2211 indices
Error: Cannot read 'D:\Users\Lenovo\Desktop\大观园\assets\textures\shared\ee68de79327befe9b7dbebe28f637eb19f47478504aba898895019cafaa730e5.jpg': No such file or directory
20:35:43 | ERROR: Missing image file (index 30): D:\Users\Lenovo\Desktop\大观园\assets\textures\shared\ee68de79327befe9b7dbebe28f637eb19f47478504aba898895019cafaa730e5.jpg
20:35:43 | INFO: Blender create Mesh node Mobile_qiushuangzhai_roofshell
20:35:43 | INFO: Draco Decoder: Decode primitive Mobile_qiushuangzhai_roofshell
20:35:43 | INFO: Blender create Mesh node qiushuangzhai_lantern
20:35:43 | INFO: Draco Decoder: Decode primitive qiushuangzhai_lantern
20:35:43 | INFO: Blender create Mesh node qiushuangzhai_screen
20:35:43 | INFO: Draco Decoder: Decode primitive qiushuangzhai_screen
20:35:43 | INFO: Blender create Mesh node qiushuangzhai_silk.001
20:35:43 | INFO: Draco Decoder: Decode primitive qiushuangzhai_silk.001
20:35:43 | INFO: Blender create Mesh node daoxiangcun_screen.001
20:35:43 | INFO: Draco Decoder: Decode primitive daoxiangcun_screen.001
20:35:43 | INFO: Blender create Mesh node Mobile_daoxiangcun
20:35:43 | INFO: Draco Decoder: Decode primitive Mobile_daoxiangcun
DracoDecoder | Decoded 406 vertices, 606 indices
DracoDecoder | Decoded 320 vertices, 480 indices
DracoDecoder | Decoded 192 vertices, 288 indices
DracoDecoder | Decoded 24 vertices, 36 indices
DracoDecoder | Decoded 192 vertices, 288 indices
DracoDecoder | Decoded 1194 vertices, 1212 indices
Error: Cannot read 'D:\Users\Lenovo\Desktop\大观园\assets\textures\shared\0a7225d578ca5ea5960899a0a4e8017ae9da3c8598184f31b757f3420f7247f1.jpg': No such file or directory
20:35:43 | ERROR: Missing image file (index 31): D:\Users\Lenovo\Desktop\大观园\assets\textures\shared\0a7225d578ca5ea5960899a0a4e8017ae9da3c8598184f31b757f3420f7247f1.jpg
20:35:44 | INFO: Blender create Mesh node Mobile_daoxiangcun_paving
20:35:44 | INFO: Draco Decoder: Decode primitive Mobile_daoxiangcun_paving
20:35:44 | INFO: Blender create Mesh node Mobile_daoxiangcun_plants
20:35:44 | INFO: Draco Decoder: Decode primitive Mobile_daoxiangcun_plants
20:35:44 | INFO: Blender create Mesh node Mobile_ouxiangxie
20:35:44 | INFO: Draco Decoder: Decode primitive Mobile_ouxiangxie
DracoDecoder | Decoded 30 vertices, 66 indices
DracoDecoder | Decoded 7803 vertices, 7857 indices
DracoDecoder | Decoded 1126 vertices, 1164 indices
Error: Cannot read 'D:\Users\Lenovo\Desktop\大观园\assets\textures\shared\9ea74b2019132078a7894864adc7209fccf97feb97a400ff74f599833f805fac.jpg': No such file or directory
20:35:44 | ERROR: Missing image file (index 32): D:\Users\Lenovo\Desktop\大观园\assets\textures\shared\9ea74b2019132078a7894864adc7209fccf97feb97a400ff74f599833f805fac.jpg
20:35:44 | INFO: Blender create Mesh node Mobile_ouxiangxie_plants
20:35:44 | INFO: Draco Decoder: Decode primitive Mobile_ouxiangxie_plants
20:35:44 | INFO: Blender create Mesh node Mobile_ouxiangxie_roof
20:35:44 | INFO: Draco Decoder: Decode primitive Mobile_ouxiangxie_roof
DracoDecoder | Decoded 192 vertices, 324 indices
DracoDecoder | Decoded 1611 vertices, 1611 indices
Error: Cannot read 'D:\Users\Lenovo\Desktop\大观园\assets\textures\shared\02180e2ec024e1c8dacf1314f71603b276e36a659e62738b522ffff403d1287c.jpg': No such file or directory
20:35:44 | ERROR: Missing image file (index 33): D:\Users\Lenovo\Desktop\大观园\assets\textures\shared\02180e2ec024e1c8dacf1314f71603b276e36a659e62738b522ffff403d1287c.jpg
20:35:44 | INFO: Blender create Mesh node Mobile_ouxiangxie_roofshell
20:35:44 | INFO: Draco Decoder: Decode primitive Mobile_ouxiangxie_roofshell
20:35:44 | INFO: Blender create Mesh node ouxiangxie_screen
20:35:44 | INFO: Draco Decoder: Decode primitive ouxiangxie_screen
20:35:44 | INFO: Blender create Mesh node dicuiting_lantern
20:35:44 | INFO: Draco Decoder: Decode primitive dicuiting_lantern
20:35:44 | INFO: Blender create Mesh node Mobile_dicuiting
20:35:44 | INFO: Draco Decoder: Decode primitive Mobile_dicuiting
DracoDecoder | Decoded 286 vertices, 426 indices
DracoDecoder | Decoded 216 vertices, 324 indices
DracoDecoder | Decoded 1280 vertices, 1920 indices
DracoDecoder | Decoded 624 vertices, 696 indices
Error: Cannot read 'D:\Users\Lenovo\Desktop\大观园\assets\textures\shared\a56acbb46a7184c304e2e9c5c4abea2c11f524931189f595425e261c1d0f0669.jpg': No such file or directory
20:35:44 | ERROR: Missing image file (index 34): D:\Users\Lenovo\Desktop\大观园\assets\textures\shared\a56acbb46a7184c304e2e9c5c4abea2c11f524931189f595425e261c1d0f0669.jpg
20:35:44 | INFO: Blender create Mesh node Mobile_dicuiting_roof
20:35:44 | INFO: Draco Decoder: Decode primitive Mobile_dicuiting_roof
DracoDecoder | Decoded 861 vertices, 861 indices
Error: Cannot read 'D:\Users\Lenovo\Desktop\大观园\assets\textures\shared\875b0bc2afcd15af631d453719534e2ed24ca273e2ced3cc160c9d8f056dbed5.jpg': No such file or directory
20:35:44 | ERROR: Missing image file (index 35): D:\Users\Lenovo\Desktop\大观园\assets\textures\shared\875b0bc2afcd15af631d453719534e2ed24ca273e2ced3cc160c9d8f056dbed5.jpg
20:35:44 | INFO: Blender create Mesh node Mobile_dicuiting_roofshell
20:35:44 | INFO: Draco Decoder: Decode primitive Mobile_dicuiting_roofshell
20:35:44 | INFO: Blender create Mesh node Mobile_luxuean
20:35:44 | INFO: Draco Decoder: Decode primitive Mobile_luxuean
DracoDecoder | Decoded 246 vertices, 366 indices
DracoDecoder | Decoded 1306 vertices, 1380 indices
Error: Cannot read 'D:\Users\Lenovo\Desktop\大观园\assets\textures\shared\0fc28c7527994725b8228c931967d575e9d62274d004aab24ce19d5239893641.jpg': No such file or directory
20:35:44 | ERROR: Missing image file (index 36): D:\Users\Lenovo\Desktop\大观园\assets\textures\shared\0fc28c7527994725b8228c931967d575e9d62274d004aab24ce19d5239893641.jpg
20:35:44 | INFO: Blender create Mesh node Mobile_luxuean_paving
20:35:44 | INFO: Draco Decoder: Decode primitive Mobile_luxuean_paving
20:35:44 | INFO: Blender create Mesh node Mobile_luxuean_plants
20:35:44 | INFO: Draco Decoder: Decode primitive Mobile_luxuean_plants
20:35:44 | INFO: Blender create Mesh node Mobile_tubishanzhuang
20:35:44 | INFO: Draco Decoder: Decode primitive Mobile_tubishanzhuang
DracoDecoder | Decoded 22 vertices, 54 indices
DracoDecoder | Decoded 687 vertices, 735 indices
DracoDecoder | Decoded 2772 vertices, 2772 indices
Error: Cannot read 'D:\Users\Lenovo\Desktop\大观园\assets\textures\shared\3fd3cbafd30d4a6ad6029d06bfcb17524d528fbf5d8e16e092872f63b07411e8.jpg': No such file or directory
20:35:44 | ERROR: Missing image file (index 37): D:\Users\Lenovo\Desktop\大观园\assets\textures\shared\3fd3cbafd30d4a6ad6029d06bfcb17524d528fbf5d8e16e092872f63b07411e8.jpg
20:35:44 | INFO: Blender create Mesh node Mobile_tubishanzhuang_floorwood
20:35:44 | INFO: Draco Decoder: Decode primitive Mobile_tubishanzhuang_floorwood
20:35:44 | INFO: Blender create Mesh node Mobile_tubishanzhuang_paving
20:35:44 | INFO: Draco Decoder: Decode primitive Mobile_tubishanzhuang_paving
20:35:44 | INFO: Blender create Mesh node Mobile_tubishanzhuang_plants
20:35:44 | INFO: Draco Decoder: Decode primitive Mobile_tubishanzhuang_plants
20:35:44 | INFO: Blender create Mesh node Mobile_tubishanzhuang_roof
20:35:44 | INFO: Draco Decoder: Decode primitive Mobile_tubishanzhuang_roof
DracoDecoder | Decoded 1488 vertices, 2232 indices
DracoDecoder | Decoded 766 vertices, 1152 indices
DracoDecoder | Decoded 486 vertices, 486 indices
DracoDecoder | Decoded 1788 vertices, 1788 indices
Error: Cannot read 'D:\Users\Lenovo\Desktop\大观园\assets\textures\shared\fcee1acdcff7295cc50ef160a436dce2e7db46ba54f3168b118bf07c267adb94.jpg': No such file or directory
20:35:44 | ERROR: Missing image file (index 38): D:\Users\Lenovo\Desktop\大观园\assets\textures\shared\fcee1acdcff7295cc50ef160a436dce2e7db46ba54f3168b118bf07c267adb94.jpg
20:35:44 | INFO: Blender create Mesh node Mobile_tubishanzhuang_roofshell
20:35:44 | INFO: Draco Decoder: Decode primitive Mobile_tubishanzhuang_roofshell
20:35:44 | INFO: Blender create Mesh node tubishanzhuang_screen
20:35:44 | INFO: Draco Decoder: Decode primitive tubishanzhuang_screen
20:35:44 | INFO: Blender create Mesh node aojingxiguan_screen
20:35:44 | INFO: Draco Decoder: Decode primitive aojingxiguan_screen
20:35:44 | INFO: Blender create Mesh node Mobile_aojingxiguan
20:35:44 | INFO: Draco Decoder: Decode primitive Mobile_aojingxiguan
DracoDecoder | Decoded 286 vertices, 426 indices
DracoDecoder | Decoded 192 vertices, 288 indices
DracoDecoder | Decoded 192 vertices, 288 indices
DracoDecoder | Decoded 2702 vertices, 2706 indices
Error: Cannot read 'D:\Users\Lenovo\Desktop\大观园\assets\textures\shared\9722792fe74a71f2e7c9c94e6082a7856ff09d25db06251e53581d3a2342b61f.jpg': No such file or directory
20:35:44 | ERROR: Missing image file (index 39): D:\Users\Lenovo\Desktop\大观园\assets\textures\shared\9722792fe74a71f2e7c9c94e6082a7856ff09d25db06251e53581d3a2342b61f.jpg
20:35:44 | INFO: Blender create Mesh node Mobile_aojingxiguan_floorwood
20:35:44 | INFO: Draco Decoder: Decode primitive Mobile_aojingxiguan_floorwood
20:35:44 | INFO: Blender create Mesh node Mobile_aojingxiguan_paving
20:35:44 | INFO: Draco Decoder: Decode primitive Mobile_aojingxiguan_paving
20:35:44 | INFO: Blender create Mesh node Mobile_aojingxiguan_plants
20:35:44 | INFO: Draco Decoder: Decode primitive Mobile_aojingxiguan_plants
20:35:44 | INFO: Blender create Mesh node Mobile_aojingxiguan_roof
20:35:44 | INFO: Draco Decoder: Decode primitive Mobile_aojingxiguan_roof
DracoDecoder | Decoded 1332 vertices, 1998 indices
DracoDecoder | Decoded 770 vertices, 1164 indices
DracoDecoder | Decoded 486 vertices, 486 indices
DracoDecoder | Decoded 1629 vertices, 1629 indices
Error: Cannot read 'D:\Users\Lenovo\Desktop\大观园\assets\textures\shared\261c9258445d2e7d1503d1a5722d425fbd6b72d7344d8aa64f0bce7bc0f6e4f6.jpg': No such file or directory
20:35:44 | ERROR: Missing image file (index 40): D:\Users\Lenovo\Desktop\大观园\assets\textures\shared\261c9258445d2e7d1503d1a5722d425fbd6b72d7344d8aa64f0bce7bc0f6e4f6.jpg
20:35:44 | INFO: Blender create Mesh node Mobile_aojingxiguan_roofshell
20:35:44 | INFO: Draco Decoder: Decode primitive Mobile_aojingxiguan_roofshell
20:35:44 | INFO: Blender create Mesh node daguanlou_lantern
20:35:44 | INFO: Draco Decoder: Decode primitive daguanlou_lantern
20:35:44 | INFO: Blender create Mesh node daguanlou_screen
20:35:44 | INFO: Draco Decoder: Decode primitive daguanlou_screen
20:35:44 | INFO: Blender create Mesh node Mobile_daguanlou
20:35:44 | INFO: Draco Decoder: Decode primitive Mobile_daguanlou
DracoDecoder | Decoded 286 vertices, 426 indices
DracoDecoder | Decoded 2704 vertices, 2928 indices
DracoDecoder | Decoded 1920 vertices, 2880 indices
DracoDecoder | Decoded 35213 vertices, 35457 indices
Error: Cannot read 'D:\Users\Lenovo\Desktop\大观园\assets\textures\shared\5decf87664526192a9944dee4d619b4ae91e764d57dffe5ec4a098d170776a17.jpg': No such file or directory
20:35:44 | ERROR: Missing image file (index 41): D:\Users\Lenovo\Desktop\大观园\assets\textures\shared\5decf87664526192a9944dee4d619b4ae91e764d57dffe5ec4a098d170776a17.jpg
20:35:44 | INFO: Blender create Mesh node Mobile_daguanlou_botanical_bamboo
20:35:44 | INFO: Draco Decoder: Decode primitive Mobile_daguanlou_botanical_bamboo
20:35:44 | INFO: Blender create Mesh node Mobile_daguanlou_botanical_litter
20:35:44 | INFO: Draco Decoder: Decode primitive Mobile_daguanlou_botanical_litter
20:35:44 | INFO: Blender create Mesh node Mobile_daguanlou_courtbase
20:35:44 | INFO: Draco Decoder: Decode primitive Mobile_daguanlou_courtbase
20:35:44 | INFO: Blender create Mesh node Mobile_daguanlou_floorwood
20:35:44 | INFO: Draco Decoder: Decode primitive Mobile_daguanlou_floorwood
20:35:44 | INFO: Blender create Mesh node Mobile_daguanlou_limestone
20:35:44 | INFO: Draco Decoder: Decode primitive Mobile_daguanlou_limestone
20:35:44 | INFO: Blender create Mesh node Mobile_daguanlou_paving
20:35:44 | INFO: Draco Decoder: Decode primitive Mobile_daguanlou_paving
20:35:44 | INFO: Blender create Mesh node Mobile_daguanlou_plants
20:35:44 | INFO: Draco Decoder: Decode primitive Mobile_daguanlou_plants
20:35:44 | INFO: Blender create Mesh node Mobile_daguanlou_roof
20:35:44 | INFO: Draco Decoder: Decode primitive Mobile_daguanlou_roof
DracoDecoder | Decoded 63838 vertices, 64068 indices
DracoDecoder | Decoded 4722 vertices, 4722 indices
DracoDecoder | Decoded 8 vertices, 12 indices
DracoDecoder | Decoded 14416 vertices, 21624 indices
DracoDecoder | Decoded 2199 vertices, 2199 indices
DracoDecoder | Decoded 2848 vertices, 4332 indices
DracoDecoder | Decoded 6970 vertices, 6972 indices
DracoDecoder | Decoded 27766 vertices, 27774 indices
Error: Cannot read 'D:\Users\Lenovo\Desktop\大观园\assets\textures\shared\233a3d2f78679fe681f5ed52dbd07e64d728ffd67618162e12172daf3a215b92.jpg': No such file or directory
20:35:44 | ERROR: Missing image file (index 42): D:\Users\Lenovo\Desktop\大观园\assets\textures\shared\233a3d2f78679fe681f5ed52dbd07e64d728ffd67618162e12172daf3a215b92.jpg
20:35:44 | INFO: Blender create Mesh node Mobile_daguanlou_roofshell
20:35:44 | INFO: Draco Decoder: Decode primitive Mobile_daguanlou_roofshell
20:35:44 | INFO: Blender create Mesh node longcuian_screen
20:35:44 | INFO: Draco Decoder: Decode primitive longcuian_screen
20:35:44 | INFO: Blender create Mesh node Mobile_longcuian
20:35:44 | INFO: Draco Decoder: Decode primitive Mobile_longcuian
DracoDecoder | Decoded 3638 vertices, 5418 indices
DracoDecoder | Decoded 192 vertices, 288 indices
DracoDecoder | Decoded 5207 vertices, 5223 indices
Error: Cannot read 'D:\Users\Lenovo\Desktop\大观园\assets\textures\shared\5568640c8980f093cdfa37283d1528ec859aac39ae8336c4eebf2c67c9f01b15.jpg': No such file or directory
20:35:44 | ERROR: Missing image file (index 43): D:\Users\Lenovo\Desktop\大观园\assets\textures\shared\5568640c8980f093cdfa37283d1528ec859aac39ae8336c4eebf2c67c9f01b15.jpg
20:35:44 | INFO: Blender create Mesh node Mobile_longcuian_courtbase
20:35:44 | INFO: Draco Decoder: Decode primitive Mobile_longcuian_courtbase
20:35:44 | INFO: Blender create Mesh node Mobile_longcuian_floorwood
20:35:44 | INFO: Draco Decoder: Decode primitive Mobile_longcuian_floorwood
20:35:44 | INFO: Blender create Mesh node Mobile_longcuian_paving
20:35:44 | INFO: Draco Decoder: Decode primitive Mobile_longcuian_paving
20:35:44 | INFO: Blender create Mesh node Mobile_longcuian_plants
20:35:44 | INFO: Draco Decoder: Decode primitive Mobile_longcuian_plants
20:35:44 | INFO: Blender create Mesh node Mobile_longcuian_roof
20:35:44 | INFO: Draco Decoder: Decode primitive Mobile_longcuian_roof
DracoDecoder | Decoded 4 vertices, 6 indices
DracoDecoder | Decoded 1860 vertices, 2790 indices
DracoDecoder | Decoded 318 vertices, 480 indices
DracoDecoder | Decoded 3815 vertices, 3825 indices
DracoDecoder | Decoded 3210 vertices, 3210 indices
Error: Cannot read 'D:\Users\Lenovo\Desktop\大观园\assets\textures\shared\2e6381f2cbcf844a799428c502a870c82926aa86345180c11fdaa99b15aa0b7a.jpg': No such file or directory
20:35:44 | ERROR: Missing image file (index 44): D:\Users\Lenovo\Desktop\大观园\assets\textures\shared\2e6381f2cbcf844a799428c502a870c82926aa86345180c11fdaa99b15aa0b7a.jpg
20:35:44 | INFO: Blender create Mesh node Mobile_longcuian_roofshell
20:35:44 | INFO: Draco Decoder: Decode primitive Mobile_longcuian_roofshell
20:35:44 | INFO: Blender create Mesh node Mobile_nuanxiangwu
20:35:44 | INFO: Draco Decoder: Decode primitive Mobile_nuanxiangwu
DracoDecoder | Decoded 690 vertices, 1026 indices
DracoDecoder | Decoded 3525 vertices, 3561 indices
Error: Cannot read 'D:\Users\Lenovo\Desktop\大观园\assets\textures\shared\21ebb4882e6d1e9085737c38729143792752f12b355be05edf28e49c188949a3.jpg': No such file or directory
20:35:44 | ERROR: Missing image file (index 45): D:\Users\Lenovo\Desktop\大观园\assets\textures\shared\21ebb4882e6d1e9085737c38729143792752f12b355be05edf28e49c188949a3.jpg
20:35:44 | INFO: Blender create Mesh node Mobile_nuanxiangwu_courtbase
20:35:44 | INFO: Draco Decoder: Decode primitive Mobile_nuanxiangwu_courtbase
20:35:44 | INFO: Blender create Mesh node Mobile_nuanxiangwu_floorwood
20:35:44 | INFO: Draco Decoder: Decode primitive Mobile_nuanxiangwu_floorwood
20:35:44 | INFO: Blender create Mesh node Mobile_nuanxiangwu_paving
20:35:44 | INFO: Draco Decoder: Decode primitive Mobile_nuanxiangwu_paving
20:35:44 | INFO: Blender create Mesh node Mobile_nuanxiangwu_plants
20:35:44 | INFO: Draco Decoder: Decode primitive Mobile_nuanxiangwu_plants
20:35:44 | INFO: Blender create Mesh node Mobile_nuanxiangwu_roof
20:35:44 | INFO: Draco Decoder: Decode primitive Mobile_nuanxiangwu_roof
DracoDecoder | Decoded 4 vertices, 6 indices
DracoDecoder | Decoded 1232 vertices, 1848 indices
DracoDecoder | Decoded 266 vertices, 420 indices
DracoDecoder | Decoded 2238 vertices, 2262 indices
DracoDecoder | Decoded 2784 vertices, 2784 indices
Error: Cannot read 'D:\Users\Lenovo\Desktop\大观园\assets\textures\shared\9180b12e8cfa3776c1ea5fe955362da744e5d8329bf9d4ba1e548fcb7fbfb133.jpg': No such file or directory
20:35:44 | ERROR: Missing image file (index 46): D:\Users\Lenovo\Desktop\大观园\assets\textures\shared\9180b12e8cfa3776c1ea5fe955362da744e5d8329bf9d4ba1e548fcb7fbfb133.jpg
20:35:44 | INFO: Blender create Mesh node Mobile_nuanxiangwu_roofshell
20:35:44 | INFO: Draco Decoder: Decode primitive Mobile_nuanxiangwu_roofshell
20:35:44 | INFO: Blender create Mesh node nuanxiangwu_screen
20:35:44 | INFO: Draco Decoder: Decode primitive nuanxiangwu_screen
20:35:44 | INFO: Blender create Mesh node nuanxiangwu_silk
20:35:44 | INFO: Draco Decoder: Decode primitive nuanxiangwu_silk
20:35:44 | INFO: Blender create Mesh node landscape_lantern
20:35:44 | INFO: Draco Decoder: Decode primitive landscape_lantern
20:35:44 | INFO: Blender create Mesh node Mobile_landscape
20:35:44 | INFO: Draco Decoder: Decode primitive Mobile_landscape
DracoDecoder | Decoded 506 vertices, 750 indices
DracoDecoder | Decoded 216 vertices, 324 indices
DracoDecoder | Decoded 48 vertices, 72 indices
DracoDecoder | Decoded 1744 vertices, 1824 indices
DracoDecoder | Decoded 59961 vertices, 71901 indices
Error: Cannot read 'D:\Users\Lenovo\Desktop\大观园\assets\textures\shared\51c4f7c015235c8117138a393ddb79d40da602af84c457c2acd8b4ce20e6a99c.jpg': No such file or directory
20:35:44 | ERROR: Missing image file (index 47): D:\Users\Lenovo\Desktop\大观园\assets\textures\shared\51c4f7c015235c8117138a393ddb79d40da602af84c457c2acd8b4ce20e6a99c.jpg
20:35:44 | INFO: Blender create Mesh node Mobile_landscape_paving
20:35:44 | INFO: Draco Decoder: Decode primitive Mobile_landscape_paving
20:35:44 | INFO: Blender create Mesh node Mobile_landscape_limestone
20:35:44 | INFO: Draco Decoder: Decode primitive Mobile_landscape_limestone
20:35:44 | INFO: Blender create Mesh node Mobile_landscape_botanical_bamboo
20:35:44 | INFO: Draco Decoder: Decode primitive Mobile_landscape_botanical_bamboo
20:35:44 | INFO: Blender create Mesh node Mobile_landscape_plants
20:35:44 | INFO: Draco Decoder: Decode primitive Mobile_landscape_plants
20:35:44 | INFO: Blender create Mesh node Mobile_landscape_roofshell
20:35:44 | INFO: Draco Decoder: Decode primitive Mobile_landscape_roofshell
20:35:44 | INFO: Blender create Mesh node Mobile_landscape_earth
20:35:44 | INFO: Draco Decoder: Decode primitive Mobile_landscape_earth
DracoDecoder | Decoded 22014 vertices, 36270 indices
DracoDecoder | Decoded 353461 vertices, 353463 indices
DracoDecoder | Decoded 185258 vertices, 185868 indices
DracoDecoder | Decoded 28433 vertices, 29139 indices
DracoDecoder | Decoded 1334 vertices, 1974 indices
DracoDecoder | Decoded 4227 vertices, 21927 indices
Error: Cannot read 'D:\Users\Lenovo\Desktop\大观园\assets\textures\shared\e88e19357770b8639f2f63834ed345c4e1c521c803ecbd53d2d09db10ecdf07c.jpg': No such file or directory
20:35:44 | ERROR: Missing image file (index 48): D:\Users\Lenovo\Desktop\大观园\assets\textures\shared\e88e19357770b8639f2f63834ed345c4e1c521c803ecbd53d2d09db10ecdf07c.jpg
20:35:44 | INFO: Blender create Mesh node Mobile_landscape_bankstone
20:35:44 | INFO: Draco Decoder: Decode primitive Mobile_landscape_bankstone
20:35:44 | INFO: glTF import finished in 1.15s
INFO Draco mesh compression is available, use library at D:\Users\Lenovo\Desktop\大观园\.tools\blender-4.5.9-windows-x64\4.5\scripts\addons_core\io_scene_gltf2\extern_draco.dll
20:35:45 | INFO: Starting glTF 2.0 export
20:35:45 | INFO: Extracting primitive: daguanyuan_gate_screen
20:35:45 | INFO: Primitives created: 1
20:35:45 | INFO: Extracting primitive: Mobile_daguanyuan_gate
20:35:45 | INFO: Primitives created: 1
20:35:45 | INFO: Extracting primitive: Mobile_daguanyuan_gate_floorwood
20:35:45 | WARNING: Image '<bpy_struct, Image("floorwood_rough") at 0x0000029FEB419D08>' has no size and cannot be exported.
20:35:45 | WARNING: Image '<bpy_struct, Image("floorwood_rough") at 0x0000029FEB419D08>' has no size and cannot be exported.
20:35:45 | WARNING: More than one shader node tex image used for a texture. The resulting glTF sampler will behave like the first shader node tex image.
20:35:45 | INFO: Primitives created: 1
20:35:45 | INFO: Extracting primitive: Mobile_daguanyuan_gate_limestone
20:35:45 | INFO: Primitives created: 1
20:35:45 | INFO: Extracting primitive: Mobile_daguanyuan_gate_paving
20:35:45 | WARNING: Image '<bpy_struct, Image("paving_rough") at 0x0000029FEB3C9608>' has no size and cannot be exported.
20:35:45 | WARNING: Image '<bpy_struct, Image("paving_rough") at 0x0000029FEB3C9608>' has no size and cannot be exported.
20:35:45 | WARNING: More than one shader node tex image used for a texture. The resulting glTF sampler will behave like the first shader node tex image.
20:35:45 | INFO: Primitives created: 1
20:35:45 | INFO: Extracting primitive: Mobile_daguanyuan_gate_roof
20:35:45 | INFO: Primitives created: 1
20:35:45 | INFO: Extracting primitive: Mobile_daguanyuan_gate_roofshell
20:35:45 | WARNING: Image '<bpy_struct, Image("roof_rough") at 0x0000029FEB380F08>' has no size and cannot be exported.
20:35:45 | WARNING: Image '<bpy_struct, Image("roof_rough") at 0x0000029FEB380F08>' has no size and cannot be exported.
20:35:45 | WARNING: More than one shader node tex image used for a texture. The resulting glTF sampler will behave like the first shader node tex image.
20:35:45 | INFO: Primitives created: 1
20:35:45 | INFO: Extracting primitive: Mobile_qujingtongyou_gardenstone
20:35:45 | WARNING: Image '<bpy_struct, Image("gardenstone_rough") at 0x0000029FEB361D08>' has no size and cannot be exported.
20:35:45 | WARNING: Image '<bpy_struct, Image("gardenstone_rough") at 0x0000029FEB361D08>' has no size and cannot be exported.
20:35:45 | WARNING: More than one shader node tex image used for a texture. The resulting glTF sampler will behave like the first shader node tex image.
20:35:45 | INFO: Primitives created: 1
20:35:45 | INFO: Extracting primitive: Mobile_qujingtongyou_limestone
20:35:45 | INFO: Primitives created: 1
20:35:45 | INFO: Extracting primitive: Mobile_qujingtongyou_plants
20:35:45 | INFO: Primitives created: 1
20:35:45 | INFO: Extracting primitive: Mobile_xiaoxiangguan
20:35:45 | INFO: Primitives created: 1
20:35:45 | INFO: Extracting primitive: Mobile_xiaoxiangguan_bankstone
20:35:45 | WARNING: Image '<bpy_struct, Image("bankstone_rough") at 0x0000029FEB282408>' has no size and cannot be exported.
20:35:45 | WARNING: Image '<bpy_struct, Image("bankstone_rough") at 0x0000029FEB282408>' has no size and cannot be exported.
20:35:45 | WARNING: More than one shader node tex image used for a texture. The resulting glTF sampler will behave like the first shader node tex image.
20:35:45 | INFO: Primitives created: 1
20:35:45 | INFO: Extracting primitive: Mobile_xiaoxiangguan_botanical_bamboo
20:35:45 | INFO: Primitives created: 1
20:35:45 | INFO: Extracting primitive: Mobile_xiaoxiangguan_botanical_banana
20:35:45 | INFO: Primitives created: 1
20:35:45 | INFO: Extracting primitive: Mobile_xiaoxiangguan_botanical_litter
20:35:45 | INFO: Primitives created: 1
20:35:45 | INFO: Extracting primitive: Mobile_xiaoxiangguan_botanical_petal
20:35:45 | INFO: Primitives created: 1
20:35:45 | INFO: Extracting primitive: Mobile_xiaoxiangguan_botanical_stem
20:35:45 | INFO: Primitives created: 1
20:35:45 | INFO: Extracting primitive: Mobile_xiaoxiangguan_floorwood
20:35:45 | INFO: Primitives created: 1
20:35:45 | INFO: Extracting primitive: Mobile_xiaoxiangguan_paving
20:35:45 | INFO: Primitives created: 1
20:35:45 | INFO: Extracting primitive: Mobile_xiaoxiangguan_plants
20:35:45 | INFO: Primitives created: 1
20:35:45 | INFO: Extracting primitive: Mobile_xiaoxiangguan_roof
20:35:45 | INFO: Primitives created: 1
20:35:45 | INFO: Extracting primitive: Mobile_xiaoxiangguan_roofshell
20:35:45 | INFO: Primitives created: 1
20:35:45 | INFO: Extracting primitive: xiaoxiangguan_lantern
20:35:45 | INFO: Primitives created: 1
20:35:45 | INFO: Extracting primitive: xiaoxiangguan_silk
20:35:45 | INFO: Primitives created: 1
20:35:45 | INFO: Extracting primitive: Mobile_yihongyuan
20:35:45 | INFO: Primitives created: 1
20:35:45 | INFO: Extracting primitive: Mobile_yihongyuan_botanical_bamboo
20:35:45 | INFO: Primitives created: 1
20:35:45 | INFO: Extracting primitive: Mobile_yihongyuan_botanical_banana
20:35:45 | INFO: Primitives created: 1
20:35:45 | INFO: Extracting primitive: Mobile_yihongyuan_botanical_litter
20:35:45 | INFO: Primitives created: 1
20:35:45 | INFO: Extracting primitive: Mobile_yihongyuan_botanical_petal
20:35:45 | INFO: Primitives created: 1
20:35:45 | INFO: Extracting primitive: Mobile_yihongyuan_botanical_stem
20:35:45 | INFO: Primitives created: 1
20:35:45 | INFO: Extracting primitive: Mobile_yihongyuan_courtbase
20:35:45 | WARNING: Image '<bpy_struct, Image("paving_rough") at 0x0000029FEB3C9608>' has no size and cannot be exported.
20:35:45 | WARNING: Image '<bpy_struct, Image("paving_rough") at 0x0000029FEB3C9608>' has no size and cannot be exported.
20:35:45 | WARNING: More than one shader node tex image used for a texture. The resulting glTF sampler will behave like the first shader node tex image.
20:35:45 | INFO: Primitives created: 1
20:35:45 | INFO: Extracting primitive: Mobile_yihongyuan_floorwood
20:35:45 | INFO: Primitives created: 1
20:35:45 | INFO: Extracting primitive: Mobile_yihongyuan_gardenstone
20:35:45 | INFO: Primitives created: 1
20:35:45 | INFO: Extracting primitive: Mobile_yihongyuan_limestone
20:35:45 | INFO: Primitives created: 1
20:35:45 | INFO: Extracting primitive: Mobile_yihongyuan_paving
20:35:45 | INFO: Primitives created: 1
20:35:45 | INFO: Extracting primitive: Mobile_yihongyuan_plants
20:35:45 | INFO: Primitives created: 1
20:35:45 | INFO: Extracting primitive: Mobile_yihongyuan_roof
20:35:45 | INFO: Primitives created: 1
20:35:45 | INFO: Extracting primitive: Mobile_yihongyuan_roofshell
20:35:45 | INFO: Primitives created: 1
20:35:45 | INFO: Extracting primitive: yihongyuan_lantern
20:35:45 | INFO: Primitives created: 1
20:35:45 | INFO: Extracting primitive: yihongyuan_screen.001
20:35:45 | INFO: Primitives created: 1
20:35:45 | INFO: Extracting primitive: yihongyuan_silk.001
20:35:45 | INFO: Primitives created: 1
20:35:45 | INFO: Extracting primitive: hengwuyuan_lantern
20:35:45 | INFO: Primitives created: 1
20:35:45 | INFO: Extracting primitive: hengwuyuan_screen.001
20:35:45 | INFO: Primitives created: 1
20:35:45 | INFO: Extracting primitive: Mobile_hengwuyuan
20:35:45 | INFO: Primitives created: 1
20:35:45 | INFO: Extracting primitive: Mobile_hengwuyuan_botanical_bamboo
20:35:45 | INFO: Primitives created: 1
20:35:45 | INFO: Extracting primitive: Mobile_hengwuyuan_botanical_litter
20:35:45 | INFO: Primitives created: 1
20:35:45 | INFO: Extracting primitive: Mobile_hengwuyuan_courtbase
20:35:45 | INFO: Primitives created: 1
20:35:45 | INFO: Extracting primitive: Mobile_hengwuyuan_floorwood
20:35:45 | INFO: Primitives created: 1
20:35:45 | INFO: Extracting primitive: Mobile_hengwuyuan_gardenstone
20:35:45 | INFO: Primitives created: 1
20:35:45 | INFO: Extracting primitive: Mobile_hengwuyuan_limestone
20:35:45 | INFO: Primitives created: 1
20:35:45 | INFO: Extracting primitive: Mobile_hengwuyuan_paving
20:35:45 | INFO: Primitives created: 1
20:35:45 | INFO: Extracting primitive: Mobile_hengwuyuan_plants
20:35:45 | INFO: Primitives created: 1
20:35:45 | INFO: Extracting primitive: Mobile_hengwuyuan_roof
20:35:45 | INFO: Primitives created: 1
20:35:45 | INFO: Extracting primitive: Mobile_hengwuyuan_roofshell
20:35:45 | INFO: Primitives created: 1
20:35:45 | INFO: Extracting primitive: Mobile_qiushuangzhai
20:35:45 | INFO: Primitives created: 1
20:35:45 | INFO: Extracting primitive: Mobile_qiushuangzhai_botanical_bamboo
20:35:45 | INFO: Primitives created: 1
20:35:45 | INFO: Extracting primitive: Mobile_qiushuangzhai_botanical_litter
20:35:45 | INFO: Primitives created: 1
20:35:45 | INFO: Extracting primitive: Mobile_qiushuangzhai_courtbase
20:35:45 | INFO: Primitives created: 1
20:35:45 | INFO: Extracting primitive: Mobile_qiushuangzhai_floorwood
20:35:45 | INFO: Primitives created: 1
20:35:45 | INFO: Extracting primitive: Mobile_qiushuangzhai_paving
20:35:45 | INFO: Primitives created: 1
20:35:45 | INFO: Extracting primitive: Mobile_qiushuangzhai_plants
20:35:45 | INFO: Primitives created: 1
20:35:45 | INFO: Extracting primitive: Mobile_qiushuangzhai_roof
20:35:45 | INFO: Primitives created: 1
20:35:45 | INFO: Extracting primitive: Mobile_qiushuangzhai_roofshell
20:35:45 | INFO: Primitives created: 1
20:35:45 | INFO: Extracting primitive: qiushuangzhai_lantern
20:35:45 | INFO: Primitives created: 1
20:35:45 | INFO: Extracting primitive: qiushuangzhai_screen
20:35:45 | INFO: Primitives created: 1
20:35:45 | INFO: Extracting primitive: qiushuangzhai_silk.001
20:35:45 | INFO: Primitives created: 1
20:35:45 | INFO: Extracting primitive: daoxiangcun_screen.001
20:35:45 | INFO: Primitives created: 1
20:35:45 | INFO: Extracting primitive: Mobile_daoxiangcun
20:35:45 | INFO: Primitives created: 1
20:35:45 | INFO: Extracting primitive: Mobile_daoxiangcun_paving
20:35:45 | INFO: Primitives created: 1
20:35:45 | INFO: Extracting primitive: Mobile_daoxiangcun_plants
20:35:45 | INFO: Primitives created: 1
20:35:45 | INFO: Extracting primitive: Mobile_ouxiangxie
20:35:45 | INFO: Primitives created: 1
20:35:45 | INFO: Extracting primitive: Mobile_ouxiangxie_plants
20:35:45 | INFO: Primitives created: 1
20:35:45 | INFO: Extracting primitive: Mobile_ouxiangxie_roof
20:35:45 | INFO: Primitives created: 1
20:35:45 | INFO: Extracting primitive: Mobile_ouxiangxie_roofshell
20:35:45 | INFO: Primitives created: 1
20:35:45 | INFO: Extracting primitive: ouxiangxie_screen
20:35:45 | INFO: Primitives created: 1
20:35:45 | INFO: Extracting primitive: dicuiting_lantern
20:35:45 | INFO: Primitives created: 1
20:35:45 | INFO: Extracting primitive: Mobile_dicuiting
20:35:45 | INFO: Primitives created: 1
20:35:45 | INFO: Extracting primitive: Mobile_dicuiting_roof
20:35:45 | INFO: Primitives created: 1
20:35:45 | INFO: Extracting primitive: Mobile_dicuiting_roofshell
20:35:45 | INFO: Primitives created: 1
20:35:45 | INFO: Extracting primitive: Mobile_luxuean
20:35:45 | INFO: Primitives created: 1
20:35:45 | INFO: Extracting primitive: Mobile_luxuean_paving
20:35:45 | INFO: Primitives created: 1
20:35:45 | INFO: Extracting primitive: Mobile_luxuean_plants
20:35:45 | INFO: Primitives created: 1
20:35:45 | INFO: Extracting primitive: Mobile_tubishanzhuang
20:35:45 | INFO: Primitives created: 1
20:35:45 | INFO: Extracting primitive: Mobile_tubishanzhuang_floorwood
20:35:45 | INFO: Primitives created: 1
20:35:45 | INFO: Extracting primitive: Mobile_tubishanzhuang_paving
20:35:45 | INFO: Primitives created: 1
20:35:45 | INFO: Extracting primitive: Mobile_tubishanzhuang_plants
20:35:45 | INFO: Primitives created: 1
20:35:45 | INFO: Extracting primitive: Mobile_tubishanzhuang_roof
20:35:45 | INFO: Primitives created: 1
20:35:45 | INFO: Extracting primitive: Mobile_tubishanzhuang_roofshell
20:35:45 | INFO: Primitives created: 1
20:35:45 | INFO: Extracting primitive: tubishanzhuang_screen
20:35:45 | INFO: Primitives created: 1
20:35:45 | INFO: Extracting primitive: aojingxiguan_screen
20:35:45 | INFO: Primitives created: 1
20:35:45 | INFO: Extracting primitive: Mobile_aojingxiguan
20:35:45 | INFO: Primitives created: 1
20:35:45 | INFO: Extracting primitive: Mobile_aojingxiguan_floorwood
20:35:45 | INFO: Primitives created: 1
20:35:45 | INFO: Extracting primitive: Mobile_aojingxiguan_paving
20:35:45 | INFO: Primitives created: 1
20:35:45 | INFO: Extracting primitive: Mobile_aojingxiguan_plants
20:35:45 | INFO: Primitives created: 1
20:35:45 | INFO: Extracting primitive: Mobile_aojingxiguan_roof
20:35:45 | INFO: Primitives created: 1
20:35:45 | INFO: Extracting primitive: Mobile_aojingxiguan_roofshell
20:35:45 | INFO: Primitives created: 1
20:35:45 | INFO: Extracting primitive: daguanlou_lantern
20:35:45 | INFO: Primitives created: 1
20:35:45 | INFO: Extracting primitive: daguanlou_screen
20:35:45 | INFO: Primitives created: 1
20:35:45 | INFO: Extracting primitive: Mobile_daguanlou
20:35:45 | INFO: Primitives created: 1
20:35:45 | INFO: Extracting primitive: Mobile_daguanlou_botanical_bamboo
20:35:45 | INFO: Primitives created: 1
20:35:45 | INFO: Extracting primitive: Mobile_daguanlou_botanical_litter
20:35:45 | INFO: Primitives created: 1
20:35:45 | INFO: Extracting primitive: Mobile_daguanlou_courtbase
20:35:45 | INFO: Primitives created: 1
20:35:45 | INFO: Extracting primitive: Mobile_daguanlou_floorwood
20:35:45 | INFO: Primitives created: 1
20:35:45 | INFO: Extracting primitive: Mobile_daguanlou_limestone
20:35:45 | INFO: Primitives created: 1
20:35:45 | INFO: Extracting primitive: Mobile_daguanlou_paving
20:35:45 | INFO: Primitives created: 1
20:35:45 | INFO: Extracting primitive: Mobile_daguanlou_plants
20:35:45 | INFO: Primitives created: 1
20:35:45 | INFO: Extracting primitive: Mobile_daguanlou_roof
20:35:45 | INFO: Primitives created: 1
20:35:45 | INFO: Extracting primitive: Mobile_daguanlou_roofshell
20:35:45 | INFO: Primitives created: 1
20:35:45 | INFO: Extracting primitive: longcuian_screen
20:35:45 | INFO: Primitives created: 1
20:35:45 | INFO: Extracting primitive: Mobile_longcuian
20:35:45 | INFO: Primitives created: 1
20:35:45 | INFO: Extracting primitive: Mobile_longcuian_courtbase
20:35:45 | INFO: Primitives created: 1
20:35:45 | INFO: Extracting primitive: Mobile_longcuian_floorwood
20:35:45 | INFO: Primitives created: 1
20:35:45 | INFO: Extracting primitive: Mobile_longcuian_paving
20:35:45 | INFO: Primitives created: 1
20:35:45 | INFO: Extracting primitive: Mobile_longcuian_plants
20:35:45 | INFO: Primitives created: 1
20:35:45 | INFO: Extracting primitive: Mobile_longcuian_roof
20:35:45 | INFO: Primitives created: 1
20:35:45 | INFO: Extracting primitive: Mobile_longcuian_roofshell
20:35:45 | INFO: Primitives created: 1
20:35:45 | INFO: Extracting primitive: Mobile_nuanxiangwu
20:35:45 | INFO: Primitives created: 1
20:35:45 | INFO: Extracting primitive: Mobile_nuanxiangwu_courtbase
20:35:45 | INFO: Primitives created: 1
20:35:45 | INFO: Extracting primitive: Mobile_nuanxiangwu_floorwood
20:35:45 | INFO: Primitives created: 1
20:35:45 | INFO: Extracting primitive: Mobile_nuanxiangwu_paving
20:35:45 | INFO: Primitives created: 1
20:35:45 | INFO: Extracting primitive: Mobile_nuanxiangwu_plants
20:35:45 | INFO: Primitives created: 1
20:35:45 | INFO: Extracting primitive: Mobile_nuanxiangwu_roof
20:35:45 | INFO: Primitives created: 1
20:35:45 | INFO: Extracting primitive: Mobile_nuanxiangwu_roofshell
20:35:45 | INFO: Primitives created: 1
20:35:45 | INFO: Extracting primitive: nuanxiangwu_screen
20:35:45 | INFO: Primitives created: 1
20:35:45 | INFO: Extracting primitive: nuanxiangwu_silk
20:35:45 | INFO: Primitives created: 1
20:35:45 | INFO: Extracting primitive: landscape_lantern
20:35:45 | INFO: Primitives created: 1
20:35:45 | INFO: Extracting primitive: Mobile_landscape
20:35:45 | INFO: Primitives created: 1
20:35:45 | INFO: Extracting primitive: Mobile_landscape_paving
20:35:45 | INFO: Primitives created: 1
20:35:45 | INFO: Extracting primitive: Mobile_landscape_limestone
20:35:45 | INFO: Primitives created: 1
20:35:46 | INFO: Extracting primitive: Mobile_landscape_botanical_bamboo
20:35:46 | INFO: Primitives created: 1
20:35:46 | INFO: Extracting primitive: Mobile_landscape_plants
20:35:46 | INFO: Primitives created: 1
20:35:46 | INFO: Extracting primitive: Mobile_landscape_roofshell
20:35:46 | INFO: Primitives created: 1
20:35:46 | INFO: Extracting primitive: Mobile_landscape_earth
20:35:46 | INFO: Primitives created: 1
20:35:46 | INFO: Extracting primitive: Mobile_landscape_bankstone
20:35:46 | INFO: Primitives created: 1
20:35:46 | INFO: Finished glTF 2.0 export in 1.0078010559082031 s

FAR BOTANICAL LOD [{'name': 'Mobile_xiaoxiangguan_botanical_bamboo', 'beforeFaces': 13519, 'afterFaces': 1474}, {'name': 'Mobile_xiaoxiangguan_botanical_banana', 'beforeFaces': 292, 'afterFaces': 31}, {'name': 'Mobile_xiaoxiangguan_botanical_litter', 'beforeFaces': 411, 'afterFaces': 44}, {'name': 'Mobile_xiaoxiangguan_botanical_petal', 'beforeFaces': 687, 'afterFaces': 74}, {'name': 'Mobile_xiaoxiangguan_botanical_stem', 'beforeFaces': 5474, 'afterFaces': 597}, {'name': 'Mobile_yihongyuan_botanical_bamboo', 'beforeFaces': 3129, 'afterFaces': 341}, {'name': 'Mobile_yihongyuan_botanical_banana', 'beforeFaces': 876, 'afterFaces': 95}, {'name': 'Mobile_yihongyuan_botanical_litter', 'beforeFaces': 233, 'afterFaces': 25}, {'name': 'Mobile_yihongyuan_botanical_petal', 'beforeFaces': 687, 'afterFaces': 74}, {'name': 'Mobile_yihongyuan_botanical_stem', 'beforeFaces': 1446, 'afterFaces': 157}, {'name': 'Mobile_hengwuyuan_botanical_bamboo', 'beforeFaces': 4124, 'afterFaces': 449}, {'name': 'Mobile_hengwuyuan_botanical_litter', 'beforeFaces': 305, 'afterFaces': 33}, {'name': 'Mobile_qiushuangzhai_botanical_bamboo', 'beforeFaces': 3921, 'afterFaces': 427}, {'name': 'Mobile_qiushuangzhai_botanical_litter', 'beforeFaces': 314, 'afterFaces': 34}, {'name': 'Mobile_daguanlou_botanical_bamboo', 'beforeFaces': 21356, 'afterFaces': 2329}, {'name': 'Mobile_daguanlou_botanical_litter', 'beforeFaces': 1574, 'afterFaces': 171}, {'name': 'Mobile_landscape_botanical_bamboo', 'beforeFaces': 61956, 'afterFaces': 6758}]
DracoDecoder | Decoded 6444 vertices, 9666 indices

Blender quit
