
> daguanyuan-rumeng@1.0.0 test:e2e
> node scripts/run_e2e.mjs

[WebServer] (node:30564) Warning: The 'NO_COLOR' env is ignored due to the 'FORCE_COLOR' env being set.
[WebServer] (Use `node --trace-warnings ...` to show where the warning was created)
[WebServer] (node:28988) Warning: The 'NO_COLOR' env is ignored due to the 'FORCE_COLOR' env being set.
[WebServer] (Use `node --trace-warnings ...` to show where the warning was created)
[WebServer] (node:29660) Warning: The 'NO_COLOR' env is ignored due to the 'FORCE_COLOR' env being set.
[WebServer] (Use `node --trace-warnings ...` to show where the warning was created)
[WebServer] (node:32104) Warning: The 'NO_COLOR' env is ignored due to the 'FORCE_COLOR' env being set.
[WebServer] (Use `node --trace-warnings ...` to show where the warning was created)

Running 11 tests using 1 worker

(node:6020) Warning: The 'NO_COLOR' env is ignored due to the 'FORCE_COLOR' env being set.
(Use `node --trace-warnings ...` to show where the warning was created)
  ok  1 tests\e2e\gallery.spec.ts:3:1 鈥?a failed full-size reference image can be retried without leaving the viewer (4.0s)
  ok  2 tests\e2e\gallery.spec.ts:16:1 鈥?gallery retries a failed manifest and distinguishes spoiler-empty results (8.3s)
  ok  3 tests\e2e\gallery.spec.ts:21:1 鈥?320px sources entry retains its accessible name (448ms)
  ok  4 tests\e2e\garden.spec.ts:18:1 鈥?published scene, real canvas picking, literary links, all tours, settings and screenshots (37.7s)
  ok  5 tests\e2e\garden.spec.ts:33:1 鈥?mobile bottom drawer and usable controls (5.0s)
  ok  6 tests\e2e\garden.spec.ts:34:1 鈥?model failure exposes retry and recovers (5.4s)
  ok  7 tests\e2e\garden.spec.ts:35:1 鈥?tour shows sourced stop content, travels, and arrives at the next stop (9.4s)
  ok  8 tests\e2e\garden.spec.ts:47:1 鈥?the overhead garden view opens by keyboard and a map destination returns to its courtyard (2.9s)
  ok  9 tests\e2e\interior.spec.ts:3:1 鈥?interior inspection lifts the roof and restores the complete courtyard (5.2s)
  ok 10 tests\e2e\mobile.spec.ts:3:1 鈥?touch phone on throttled 4G loads the small overview and mobile courtyard (24.9s)
  ok 11 tests\e2e\mobile.spec.ts:53:1 鈥?320px phone controls remain inside the viewport (2.2s)

  11 passed (2.1m)

To open last HTML report run:
[36m[39m
[36m  npx playwright show-report reports\acceptance\playwright-1789221156337-html[39m
[36m[39m
