
> daguanyuan-rumeng@1.0.0 test:e2e
> node scripts/run_e2e.mjs

[WebServer] (node:16100) Warning: The 'NO_COLOR' env is ignored due to the 'FORCE_COLOR' env being set.
[WebServer] (Use `node --trace-warnings ...` to show where the warning was created)
[WebServer] (node:4284) Warning: The 'NO_COLOR' env is ignored due to the 'FORCE_COLOR' env being set.
[WebServer] (Use `node --trace-warnings ...` to show where the warning was created)
[WebServer] (node:2636) Warning: The 'NO_COLOR' env is ignored due to the 'FORCE_COLOR' env being set.
[WebServer] (Use `node --trace-warnings ...` to show where the warning was created)
[WebServer] (node:22200) Warning: The 'NO_COLOR' env is ignored due to the 'FORCE_COLOR' env being set.
[WebServer] (Use `node --trace-warnings ...` to show where the warning was created)

Running 11 tests using 1 worker

(node:16084) Warning: The 'NO_COLOR' env is ignored due to the 'FORCE_COLOR' env being set.
(Use `node --trace-warnings ...` to show where the warning was created)
  ok  1 tests\e2e\gallery.spec.ts:3:1 鈥?a failed full-size reference image can be retried without leaving the viewer (6.0s)
  ok  2 tests\e2e\gallery.spec.ts:16:1 鈥?gallery retries a failed manifest and distinguishes spoiler-empty results (7.7s)
  ok  3 tests\e2e\gallery.spec.ts:21:1 鈥?320px sources entry retains its accessible name (623ms)
  ok  4 tests\e2e\garden.spec.ts:18:1 鈥?published scene, real canvas picking, literary links, all tours, settings and screenshots (41.9s)
  ok  5 tests\e2e\garden.spec.ts:33:1 鈥?mobile bottom drawer and usable controls (5.3s)
  ok  6 tests\e2e\garden.spec.ts:34:1 鈥?model failure exposes retry and recovers (7.7s)
  ok  7 tests\e2e\garden.spec.ts:35:1 鈥?tour shows sourced stop content, travels, and arrives at the next stop (10.4s)
  ok  8 tests\e2e\garden.spec.ts:47:1 鈥?the overhead garden view opens by keyboard and a map destination returns to its courtyard (1.6s)
  ok  9 tests\e2e\interior.spec.ts:3:1 鈥?interior inspection lifts the roof and restores the complete courtyard (6.1s)
  ok 10 tests\e2e\mobile.spec.ts:3:1 鈥?touch phone on throttled 4G loads the small overview and mobile courtyard (33.6s)
  ok 11 tests\e2e\mobile.spec.ts:53:1 鈥?320px phone controls remain inside the viewport (3.5s)

  11 passed (2.5m)

To open last HTML report run:
[36m[39m
[36m  npx playwright show-report reports\acceptance\playwright-1789217130844-html[39m
[36m[39m
