  [1;30m     TIMESTAMP      [0m  [1;30m                                                                       MESSAGE                                                                        [0m  
-----------------------+---------------------------------------------------------------------------------------------------------------------------------------------------------
  [95m2026-09-12T14:12:59Z[0m  [32m[32mDONE [0m ✅ build completed, see runtime logs for your application output[0m                                                                                  
  [95m2026-09-12T14:12:59Z[0m  [32m[34mSTEP [0m 🔹 emitting done event[0m                                                                                                                            
  [95m2026-09-12T14:12:59Z[0m  [32m[32mINFO [0m 🛠️ building image | ✅ Upload complete! Uploaded 9 blobs and updated index for e-6aa142fbda9bc245fba1e845/s-6aa143296c3d9581b71560fa[0m               
  [95m2026-09-12T14:12:59Z[0m  [32m[32mINFO [0m 🛠️ building image | ✅ oci-layout | Upload complete (30 bytes)[0m                                                                                     
  [95m2026-09-12T14:12:57Z[0m  [32m[32mINFO [0m 🛠️ building image | 🚀 oci-layout | Uploading (size=30 bytes, attempt 1/3)[0m                                                                         
  [95m2026-09-12T14:12:57Z[0m  [32m[32mINFO [0m 🛠️ building image | 📋 Uploading OCI layout metadata...[0m                                                                                            
  [95m2026-09-12T14:12:57Z[0m  [32m[32mINFO [0m 🛠️ building image | ✅ index.json | Upload complete (1791 bytes)[0m                                                                                   
  [95m2026-09-12T14:12:55Z[0m  [32m[32mINFO [0m 🛠️ building image | 🚀 index.json | Uploading (size=1791 bytes, attempt 1/3)[0m                                                                       
  [95m2026-09-12T14:12:55Z[0m  [32m[32mINFO [0m 🛠️ building image | 📋 Uploading updated index...[0m                                                                                                  
  [95m2026-09-12T14:12:55Z[0m  [32m[32mINFO [0m 🛠️ building image | 📊 Upload summary: 5 uploaded, 4 skipped[0m                                                                                       
  [95m2026-09-12T14:12:55Z[0m  [32m[32mINFO [0m 🛠️ building image | ✅ 317d24caa6367138 | Upload complete (49860927 bytes)[0m                                                                         
  [95m2026-09-12T14:12:45Z[0m  [32m[32mINFO [0m 🛠️ building image | ✅ b840519e0c8381e7 | Upload complete (9868 bytes)[0m                                                                             
  [95m2026-09-12T14:12:45Z[0m  [32m[32mINFO [0m 🛠️ building image | ⏭️ e2c9c68d0d930075 | Layer already exists, skipping[0m                                                                            
  [95m2026-09-12T14:12:45Z[0m  [32m[32mINFO [0m 🛠️ building image | ⏭️ bc66c3ef2ea36d66 | Layer already exists, skipping[0m                                                                            
  [95m2026-09-12T14:12:44Z[0m  [32m[32mINFO [0m 🛠️ building image | ⏭️ c45bfe2a2e422e66 | Layer already exists, skipping[0m                                                                            
  [95m2026-09-12T14:12:44Z[0m  [32m[32mINFO [0m 🛠️ building image | ✅ 9ad746b490b257be | Upload complete (2052 bytes)[0m                                                                             
  [95m2026-09-12T14:12:44Z[0m  [32m[32mINFO [0m 🛠️ building image | ✅ 0b864bd3090fa3c7 | Upload complete (1623 bytes)[0m                                                                             
  [95m2026-09-12T14:12:43Z[0m  [32m[32mINFO [0m 🛠️ building image | 🚀 9ad746b490b257be | Uploading (size=2052 bytes, attempt 1/3)[0m                                                                 
  [95m2026-09-12T14:12:43Z[0m  [32m[32mINFO [0m 🛠️ building image | 📤 9ad746b490b257be | Processing blob[0m                                                                                          
  [95m2026-09-12T14:12:43Z[0m  [32m[32mINFO [0m 🛠️ building image | 🔍 9ad746b490b257be | New blob found, uploading[0m                                                                                
  [95m2026-09-12T14:12:43Z[0m  [32m[32mINFO [0m 🛠️ building image | 🚀 b840519e0c8381e7 | Uploading (size=9868 bytes, attempt 1/3)[0m                                                                 
  [95m2026-09-12T14:12:43Z[0m  [32m[32mINFO [0m 🛠️ building image | 📤 b840519e0c8381e7 | Processing blob[0m                                                                                          
  [95m2026-09-12T14:12:43Z[0m  [32m[32mINFO [0m 🛠️ building image | 🔍 b840519e0c8381e7 | New blob found, uploading[0m                                                                                
  [95m2026-09-12T14:12:42Z[0m  [32m[32mINFO [0m 🛠️ building image | ✅ 3790bfbb9488900c | Upload complete (93 bytes)[0m                                                                               
  [95m2026-09-12T14:12:41Z[0m  [32m[32mINFO [0m 🛠️ building image | ⏭️ 55afa1ecc21d2bb5 | Layer already exists, skipping[0m                                                                            
  [95m2026-09-12T14:12:41Z[0m  [32m[32mINFO [0m 🛠️ building image | 🚀 0b864bd3090fa3c7 | Uploading (size=1623 bytes, attempt 1/3)[0m                                                                 
  [95m2026-09-12T14:12:41Z[0m  [32m[32mINFO [0m 🛠️ building image | 📤 0b864bd3090fa3c7 | Processing blob[0m                                                                                          
  [95m2026-09-12T14:12:41Z[0m  [32m[32mINFO [0m 🛠️ building image | 🔍 0b864bd3090fa3c7 | New blob found, uploading[0m                                                                                
  [95m2026-09-12T14:12:41Z[0m  [32m[32mINFO [0m 🛠️ building image | 🚀 317d24caa6367138 | Uploading (size=49860927 bytes, attempt 1/3)[0m                                                             
  [95m2026-09-12T14:12:41Z[0m  [32m[32mINFO [0m 🛠️ building image | 📤 317d24caa6367138 | Processing blob[0m                                                                                          
  [95m2026-09-12T14:12:41Z[0m  [32m[32mINFO [0m 🛠️ building image | 🔍 317d24caa6367138 | New blob found, uploading[0m                                                                                
  [95m2026-09-12T14:12:41Z[0m  [32m[32mINFO [0m 🛠️ building image | 🚀 3790bfbb9488900c | Uploading (size=93 bytes, attempt 1/3)[0m                                                                   
  [95m2026-09-12T14:12:41Z[0m  [32m[32mINFO [0m 🛠️ building image | 📤 3790bfbb9488900c | Processing blob[0m                                                                                          
  [95m2026-09-12T14:12:41Z[0m  [32m[32mINFO [0m 🛠️ building image | 🔍 3790bfbb9488900c | New blob found, uploading[0m                                                                                
  [95m2026-09-12T14:12:40Z[0m  [32m[32mINFO [0m 🛠️ building image | 🚀 Starting concurrent blob uploads (concurrency: 4)...[0m                                                                        
  [95m2026-09-12T14:12:40Z[0m  [32m[32mINFO [0m 🛠️ building image | 📦 Found 9 local blobs to upload[0m                                                                                               
  [95m2026-09-12T14:12:40Z[0m  [32m[32mINFO [0m 🛠️ building image | ✅ Merged index contains 6 manifests[0m                                                                                           
  [95m2026-09-12T14:12:40Z[0m  [32m[32mINFO [0m 🛠️ building image | 🔄 Merging indexes...[0m                                                                                                          
  [95m2026-09-12T14:12:40Z[0m  [32m[32mINFO [0m 🛠️ building image | 📥 Fetched remote index with 5 manifests[0m                                                                                       
  [95m2026-09-12T14:12:39Z[0m  [32m[32mINFO [0m 🛠️ building image | 🔍 Checking remote index for e-6aa142fbda9bc245fba1e845/s-6aa143296c3d9581b71560fa...[0m                                          
  [95m2026-09-12T14:12:39Z[0m  [32m[32mINFO [0m 🛠️ building image | 📋 Loaded local index with 1 manifests[0m                                                                                         
  [95m2026-09-12T14:12:39Z[0m  [32m[34mSTEP [0m 🔹 pushing image to Zeabur registry[0m                                                                                                               
  [95m2026-09-12T14:12:39Z[0m  [32mbuilt image manifest [2mdigest="sha256:0b864bd3090fa3c72db8796cd848201e128e586c3e3b9901ae689d1692b1c2b4"[0m[0m                                                   
  [95m2026-09-12T14:12:39Z[0m  [32m[34mSTEP [0m 🔹 image build complete, ready to push[0m                                                                                                            
  [95m2026-09-12T14:12:38Z[0m  [32m[32mINFO [0m 🛠️ building image | #9 DONE 4.5s[0m                                                                                                                   
  [95m2026-09-12T14:12:38Z[0m  [32m[32mINFO [0m 🛠️ building image | #9 sending tarball 1.1s done[0m                                                                                                   
  [95m2026-09-12T14:12:37Z[0m  [32m[32mINFO [0m 🛠️ building image | #9 sending tarball[0m                                                                                                             
  [95m2026-09-12T14:12:37Z[0m  [32m[32mINFO [0m 🛠️ building image | #9 exporting config sha256:b840519e0c8381e7e0988a36021c1e5c016a5ae6857e8c4b5058a1b310865e32 0.1s done[0m                          
  [95m2026-09-12T14:12:37Z[0m  [32m[32mINFO [0m 🛠️ building image | #9 exporting config sha256:b840519e0c8381e7e0988a36021c1e5c016a5ae6857e8c4b5058a1b310865e32[0m                                    
  [95m2026-09-12T14:12:37Z[0m  [32m[32mINFO [0m 🛠️ building image | #9 exporting manifest sha256:0b864bd3090fa3c72db8796cd848201e128e586c3e3b9901ae689d1692b1c2b4 0.1s done[0m                        
  [95m2026-09-12T14:12:37Z[0m  [32m[32mINFO [0m 🛠️ building image | #9 exporting layers 3.1s done[0m                                                                                                  
  [95m2026-09-12T14:12:34Z[0m  [32m[32mINFO [0m 🛠️ building image | #9 exporting layers[0m                                                                                                            
  [95m2026-09-12T14:12:34Z[0m  [32m[32mINFO [0m 🛠️ building image | #9 exporting to oci image format[0m                                                                                               
  [95m2026-09-12T14:12:34Z[0m  [32m[32mINFO [0m 🛠️ building image | #8 DONE 0.5s[0m                                                                                                                   
  [95m2026-09-12T14:12:34Z[0m  [32m[32mINFO [0m 🛠️ building image | #8 [4/4] COPY server.mjs ./server.mjs[0m                                                                                          
  [95m2026-09-12T14:12:33Z[0m  [32m[32mINFO [0m 🛠️ building image | #7 DONE 0.8s[0m                                                                                                                   
  [95m2026-09-12T14:12:33Z[0m  [32m[32mINFO [0m 🛠️ building image | #7 [3/4] COPY dist ./dist[0m                                                                                                      
  [95m2026-09-12T14:12:33Z[0m  [32m[32mINFO [0m 🛠️ building image | #6 DONE 0.5s[0m                                                                                                                   
  [95m2026-09-12T14:12:32Z[0m  [32m[32mINFO [0m 🛠️ building image | #6 [2/4] WORKDIR /app[0m                                                                                                          
  [95m2026-09-12T14:12:32Z[0m  [32m[32mINFO [0m 🛠️ building image | #5 DONE 4.4s[0m                                                                                                                   
  [95m2026-09-12T14:12:32Z[0m  [32m[32mINFO [0m 🛠️ building image | #5 extracting sha256:c45bfe2a2e422e6636048e397bb5d9f653381282d0063e97a840517dc9b01e54 0.0s done[0m                                
  [95m2026-09-12T14:12:32Z[0m  [32m[32mINFO [0m 🛠️ building image | #5 extracting sha256:e2c9c68d0d930075e4653f2c0d8d24af9c0d593836fa1acdac1c86379fcac598 0.1s done[0m                                
  [95m2026-09-12T14:12:32Z[0m  [32m[32mINFO [0m 🛠️ building image | #5 extracting sha256:e2c9c68d0d930075e4653f2c0d8d24af9c0d593836fa1acdac1c86379fcac598[0m                                          
  [95m2026-09-12T14:12:32Z[0m  [32m[32mINFO [0m 🛠️ building image | #5 extracting sha256:bc66c3ef2ea36d66807b6c1f6de35959de23c4cfd1c5ba60bf261182d939b8a5 1.6s done[0m                                
  [95m2026-09-12T14:12:30Z[0m  [32m[32mINFO [0m 🛠️ building image | #5 extracting sha256:bc66c3ef2ea36d66807b6c1f6de35959de23c4cfd1c5ba60bf261182d939b8a5[0m                                          
  [95m2026-09-12T14:12:30Z[0m  [32m[32mINFO [0m 🛠️ building image | #5 [1/4] FROM docker.io/library/node:24-alpine@sha256:50c8e8ca1d27439048670df5883f32d57cf81cff6233222c893fd0d9884cbd81[0m         
  [95m2026-09-12T14:12:30Z[0m  [32m[32mINFO [0m 🛠️ building image | #5 DONE 2.7s[0m                                                                                                                   
  [95m2026-09-12T14:12:30Z[0m  [32m[32mINFO [0m 🛠️ building image | #5 extracting sha256:55afa1ecc21d2bb5e5045f32dafee56272ffd89860bac26f6c32123439af26a4 0.3s done[0m                                
  [95m2026-09-12T14:12:30Z[0m  [32m[32mINFO [0m 🛠️ building image | #5 extracting sha256:55afa1ecc21d2bb5e5045f32dafee56272ffd89860bac26f6c32123439af26a4[0m                                          
  [95m2026-09-12T14:12:30Z[0m  [32m[32mINFO [0m 🛠️ building image | #5 [1/4] FROM docker.io/library/node:24-alpine@sha256:50c8e8ca1d27439048670df5883f32d57cf81cff6233222c893fd0d9884cbd81[0m         
  [95m2026-09-12T14:12:30Z[0m  [32m[32mINFO [0m 🛠️ building image | #5 DONE 2.4s[0m                                                                                                                   
  [95m2026-09-12T14:12:30Z[0m  [32m[32mINFO [0m 🛠️ building image | #5 sha256:bc66c3ef2ea36d66807b6c1f6de35959de23c4cfd1c5ba60bf261182d939b8a5 53.47MB / 53.47MB 0.7s done[0m                         
  [95m2026-09-12T14:12:30Z[0m  [32m[32mINFO [0m 🛠️ building image | #5 sha256:55afa1ecc21d2bb5e5045f32dafee56272ffd89860bac26f6c32123439af26a4 3.85MB / 3.85MB 0.6s done[0m                           
  [95m2026-09-12T14:12:30Z[0m  [32m[32mINFO [0m 🛠️ building image | #5 sha256:e2c9c68d0d930075e4653f2c0d8d24af9c0d593836fa1acdac1c86379fcac598 1.26MB / 1.26MB 1.2s done[0m                           
  [95m2026-09-12T14:12:30Z[0m  [32m[32mINFO [0m 🛠️ building image | #5 sha256:55afa1ecc21d2bb5e5045f32dafee56272ffd89860bac26f6c32123439af26a4 3.85MB / 3.85MB 0.3s[0m                                
  [95m2026-09-12T14:12:30Z[0m  [32m[32mINFO [0m 🛠️ building image | #5 sha256:bc66c3ef2ea36d66807b6c1f6de35959de23c4cfd1c5ba60bf261182d939b8a5 52.43MB / 53.47MB 0.3s[0m                              
  [95m2026-09-12T14:12:30Z[0m  [32m[32mINFO [0m 🛠️ building image | #5 sha256:c45bfe2a2e422e6636048e397bb5d9f653381282d0063e97a840517dc9b01e54 448B / 448B 1.1s done[0m                               
  [95m2026-09-12T14:12:29Z[0m  [32m[32mINFO [0m 🛠️ building image | #5 sha256:bc66c3ef2ea36d66807b6c1f6de35959de23c4cfd1c5ba60bf261182d939b8a5 40.66MB / 53.47MB 0.2s[0m                              
  [95m2026-09-12T14:12:28Z[0m  [32m[32mINFO [0m 🛠️ building image | #5 sha256:e2c9c68d0d930075e4653f2c0d8d24af9c0d593836fa1acdac1c86379fcac598 1.26MB / 1.26MB 0.2s[0m                                
  [95m2026-09-12T14:12:28Z[0m  [32m[32mINFO [0m 🛠️ building image | #5 sha256:c45bfe2a2e422e6636048e397bb5d9f653381282d0063e97a840517dc9b01e54 448B / 448B 0.2s[0m                                    
  [95m2026-09-12T14:12:28Z[0m  [32m[32mINFO [0m 🛠️ building image | #5 resolve docker.io/library/node:24-alpine@sha256:50c8e8ca1d27439048670df5883f32d57cf81cff6233222c893fd0d9884cbd81 0.0s done[0m  
  [95m2026-09-12T14:12:28Z[0m  [32m[32mINFO [0m 🛠️ building image | #5 [1/4] FROM docker.io/library/node:24-alpine@sha256:50c8e8ca1d27439048670df5883f32d57cf81cff6233222c893fd0d9884cbd81[0m         
  [95m2026-09-12T14:12:28Z[0m  [32m[32mINFO [0m 🛠️ building image | #4 DONE 0.7s[0m                                                                                                                   
  [95m2026-09-12T14:12:28Z[0m  [32m[32mINFO [0m 🛠️ building image | #4 transferring context: 51.30MB 0.3s done[0m                                                                                     
  [95m2026-09-12T14:12:28Z[0m  [32m[32mINFO [0m 🛠️ building image | #4 [internal] load build context[0m                                                                                               
  [95m2026-09-12T14:12:28Z[0m  [32m[32mINFO [0m 🛠️ building image | #3 DONE 0.0s[0m                                                                                                                   
  [95m2026-09-12T14:12:28Z[0m  [32m[32mINFO [0m 🛠️ building image | #3 transferring context: 2B done[0m                                                                                               
  [95m2026-09-12T14:12:28Z[0m  [32m[32mINFO [0m 🛠️ building image | #3 [internal] load .dockerignore[0m                                                                                               
  [95m2026-09-12T14:12:27Z[0m  [32m[32mINFO [0m 🛠️ building image | #2 DONE 2.6s[0m                                                                                                                   
  [95m2026-09-12T14:12:25Z[0m  [32m[32mINFO [0m 🛠️ building image | #2 [internal] load metadata for docker.io/library/node:24-alpine[0m                                                               
  [95m2026-09-12T14:12:25Z[0m  [32m[32mINFO [0m 🛠️ building image | #1 DONE 0.2s[0m                                                                                                                   
  [95m2026-09-12T14:12:25Z[0m  [32m[32mINFO [0m 🛠️ building image | #1 transferring dockerfile: 1.24kB done[0m                                                                                        
  [95m2026-09-12T14:12:25Z[0m  [32m[32mINFO [0m 🛠️ building image | #1 transferring dockerfile:[0m                                                                                                    
  [95m2026-09-12T14:12:25Z[0m  [32m[32mINFO [0m 🛠️ building image | #1 [internal] load build definition from Dockerfile[0m                                                                            
  [95m2026-09-12T14:12:24Z[0m  [32m[34mSTEP [0m 🔹 building image[0m                                                                                                                                 
  [95m2026-09-12T14:12:24Z[0m  [32m[34mSTEP [0m 🔹 initializing build environment[0m                                                                                                                 
  [95m2026-09-12T14:12:24Z[0m  [32m[34mSTEP [0m 🔹 pre-processing Dockerfile[0m                                                                                                                      
  [95m2026-09-12T14:12:24Z[0m  [32m[32mINFO [0m selected image builder [2mbuilder="zbpack-v2"[0m[0m                                                                                                        
  [95m2026-09-12T14:12:24Z[0m  [32m[34mSTEP [0m 🔹 start building and pushing image[0m                                                                                                               
  [95m2026-09-12T14:12:24Z[0m  [32m[34mSTEP [0m 🔹 checking for banned images[0m                                                                                                                     
  [95m2026-09-12T14:11:31Z[0m  [32m[34mSTEP [0m 🔹 downloading uploaded source code[0m                                                                                                               
  [95m2026-09-12T14:11:31Z[0m  [32m[34mSTEP [0m 🔹 emitting start event[0m                                                                                                                           
  [95m2026-09-12T14:11:31Z[0m  [32m[34mSTEP [0m 🔹 creating builder instance[0m                                                                                                                      
  [95m2026-09-12T14:11:31Z[0m  [32m[34mSTEP [0m 🔹 initializing builder[0m                                                                                                                           
