
> daguanyuan-rumeng@1.0.0 models:planting:resume
> node scripts/pipeline.mjs models-planting-resume

prune: Removed types... Mesh (1), Primitive (1), TextureInfo (5), Material (1), Accessor (5)
prune: Removed types... Mesh (6), Primitive (6), TextureInfo (5), Material (1), Accessor (25)
prune: Removed types... Mesh (6), Primitive (6), TextureInfo (5), Material (1), Accessor (25)
prune: Removed types... Mesh (3), Primitive (3), TextureInfo (5), Material (1), Accessor (13)
prune: Removed types... Mesh (3), Primitive (3), TextureInfo (5), Material (1), Accessor (13)
prune: Removed types... Mesh (1), Primitive (1), TextureInfo (5), Material (1), Accessor (5)
prune: Removed types... Mesh (1), Primitive (1), TextureInfo (5), Material (1), Accessor (5)
prune: Removed types... Mesh (1), Primitive (1), TextureInfo (5), Material (1), Accessor (5)
prune: Removed types... Mesh (1), Primitive (1), TextureInfo (5), Material (1), Accessor (5)
prune: Removed types... Mesh (1), Primitive (1), TextureInfo (5), Material (1), Accessor (5)
prune: Removed types... Mesh (3), Primitive (3), TextureInfo (5), Material (1), Accessor (13)
prune: Removed types... Mesh (1), Primitive (1), TextureInfo (5), Material (1), Accessor (5)
prune: Removed types... Mesh (1), Primitive (1), TextureInfo (5), Material (1), Accessor (5)
prune: Removed types... Mesh (31), Primitive (31), TextureInfo (5), Material (1), Accessor (138)
prune: Removed types... Mesh (31), Primitive (31), TextureInfo (5), Material (1), Accessor (138)
Replaced botanical LOD only; cached architecture, terrain and anchor semantics preserved in 17 models.
Blender 4.5.9 LTS (hash 8bf95cbd38d1 built 2026-04-21 01:33:45)
Read blend: "D:\Users\Lenovo\Desktop\澶ц鍥璡blender\daguanyuan_master.blend"
Fra:1 Mem:1597.62M (Peak 1842.02M) | Time:00:00.89 | Mem:0.00M, Peak:0.00M | Scene, ViewLayer | Synchronizing object | daguanyuan_gate_stone.001
Fra:1 Mem:1597.63M (Peak 1842.02M) | Time:00:00.89 | Mem:0.00M, Peak:0.00M | Scene, ViewLayer | Synchronizing object | daguanyuan_gate_latticewood.001
Fra:1 Mem:1600.06M (Peak 1842.02M) | Time:00:00.89 | Mem:0.00M, Peak:0.00M | Scene, ViewLayer | Synchronizing object | daguanyuan_gate_screen
Fra:1 Mem:1600.32M (Peak 1842.02M) | Time:00:00.89 | Mem:0.00M, Peak:0.00M | Scene, ViewLayer | Synchronizing object | daguanyuan_gate_roof.001
Fra:1 Mem:1600.44M (Peak 1842.02M) | Time:00:00.89 | Mem:0.00M, Peak:0.00M | Scene, ViewLayer | Synchronizing object | daguanyuan_gate_tilelight.001
Fra:1 Mem:1600.83M (Peak 1842.02M) | Time:00:00.89 | Mem:0.00M, Peak:0.00M | Scene, ViewLayer | Synchronizing object | daguanyuan_gate_tiledark.001
Fra:1 Mem:1600.85M (Peak 1842.02M) | Time:00:00.89 | Mem:0.00M, Peak:0.00M | Scene, ViewLayer | Synchronizing object | daguanyuan_gate_limestone.001
Fra:1 Mem:1601.76M (Peak 1842.02M) | Time:00:00.89 | Mem:0.00M, Peak:0.00M | Scene, ViewLayer | Synchronizing object | daguanyuan_gate_paving.001
Fra:1 Mem:1602.00M (Peak 1842.02M) | Time:00:00.89 | Mem:0.00M, Peak:0.00M | Scene, ViewLayer | Synchronizing object | qujingtongyou_gardenstone
Fra:1 Mem:1602.98M (Peak 1842.02M) | Time:00:00.89 | Mem:0.00M, Peak:0.00M | Scene, ViewLayer | Synchronizing object | qujingtongyou_limestone.001
Fra:1 Mem:1603.11M (Peak 1842.02M) | Time:00:00.89 | Mem:0.00M, Peak:0.00M | Scene, ViewLayer | Synchronizing object | qujingtongyou_bark
Fra:1 Mem:1604.42M (Peak 1842.02M) | Time:00:00.89 | Mem:0.00M, Peak:0.00M | Scene, ViewLayer | Synchronizing object | qujingtongyou_canopy_shadow
Fra:1 Mem:1605.54M (Peak 1842.02M) | Time:00:00.89 | Mem:0.00M, Peak:0.00M | Scene, ViewLayer | Synchronizing object | qujingtongyou_canopy
Fra:1 Mem:1605.56M (Peak 1842.02M) | Time:00:00.89 | Mem:0.00M, Peak:0.00M | Scene, ViewLayer | Synchronizing object | qujingtongyou_canopy_light
Fra:1 Mem:1607.00M (Peak 1842.02M) | Time:00:00.89 | Mem:0.00M, Peak:0.00M | Scene, ViewLayer | Synchronizing object | xiaoxiangguan_plaster
Fra:1 Mem:1607.31M (Peak 1842.02M) | Time:00:00.89 | Mem:0.00M, Peak:0.00M | Scene, ViewLayer | Synchronizing object | xiaoxiangguan_roof
Fra:1 Mem:1607.51M (Peak 1842.02M) | Time:00:00.89 | Mem:0.00M, Peak:0.00M | Scene, ViewLayer | Synchronizing object | xiaoxiangguan_stone
Fra:1 Mem:1607.67M (Peak 1842.02M) | Time:00:00.89 | Mem:0.00M, Peak:0.00M | Scene, ViewLayer | Synchronizing object | xiaoxiangguan_tile
Fra:1 Mem:1608.27M (Peak 1842.02M) | Time:00:00.89 | Mem:0.00M, Peak:0.00M | Scene, ViewLayer | Synchronizing object | xiaoxiangguan_cutstone
Fra:1 Mem:1608.53M (Peak 1842.02M) | Time:00:00.89 | Mem:0.00M, Peak:0.00M | Scene, ViewLayer | Synchronizing object | xiaoxiangguan_darkwood
Fra:1 Mem:1611.74M (Peak 1842.02M) | Time:00:00.89 | Mem:0.00M, Peak:0.00M | Scene, ViewLayer | Synchronizing object | xiaoxiangguan_floorwood
Fra:1 Mem:1611.74M (Peak 1842.02M) | Time:00:00.89 | Mem:0.00M, Peak:0.00M | Scene, ViewLayer | Synchronizing object | xiaoxiangguan_wood
Fra:1 Mem:1611.90M (Peak 1842.02M) | Time:00:00.89 | Mem:0.00M, Peak:0.00M | Scene, ViewLayer | Synchronizing object | xiaoxiangguan_latticewood.001
Fra:1 Mem:1614.61M (Peak 1842.02M) | Time:00:00.89 | Mem:0.00M, Peak:0.00M | Scene, ViewLayer | Synchronizing object | xiaoxiangguan_tilelight.001
Fra:1 Mem:1614.61M (Peak 1842.02M) | Time:00:00.89 | Mem:0.00M, Peak:0.00M | Scene, ViewLayer | Synchronizing object | xiaoxiangguan_tiledark.001
Fra:1 Mem:1617.80M (Peak 1842.02M) | Time:00:00.89 | Mem:0.00M, Peak:0.00M | Scene, ViewLayer | Synchronizing object | xiaoxiangguan_paving.001
Fra:1 Mem:1618.15M (Peak 1842.02M) | Time:00:00.89 | Mem:0.00M, Peak:0.00M | Scene, ViewLayer | Synchronizing object | xiaoxiangguan_bookcloth.001
Fra:1 Mem:1618.74M (Peak 1842.02M) | Time:00:00.89 | Mem:0.00M, Peak:0.00M | Scene, ViewLayer | Synchronizing object | xiaoxiangguan_water.001
Fra:1 Mem:1619.48M (Peak 1842.02M) | Time:00:00.89 | Mem:0.00M, Peak:0.00M | Scene, ViewLayer | Synchronizing object | xiaoxiangguan_bankstone
Fra:1 Mem:1619.02M (Peak 1842.02M) | Time:00:00.89 | Mem:0.00M, Peak:0.00M | Scene, ViewLayer | Synchronizing object | xiaoxiangguan_furniture
Fra:1 Mem:1619.01M (Peak 1842.02M) | Time:00:00.89 | Mem:0.00M, Peak:0.00M | Scene, ViewLayer | Synchronizing object | xiaoxiangguan_paper
Fra:1 Mem:1619.84M (Peak 1842.02M) | Time:00:00.89 | Mem:0.00M, Peak:0.00M | Scene, ViewLayer | Synchronizing object | xiaoxiangguan_ivory.001
Fra:1 Mem:1619.93M (Peak 1842.02M) | Time:00:00.89 | Mem:0.00M, Peak:0.00M | Scene, ViewLayer | Synchronizing object | xiaoxiangguan_ink.001
Fra:1 Mem:1620.11M (Peak 1842.02M) | Time:00:00.89 | Mem:0.00M, Peak:0.00M | Scene, ViewLayer | Synchronizing object | xiaoxiangguan_bookcover.001
Fra:1 Mem:1621.07M (Peak 1842.02M) | Time:00:00.89 | Mem:0.00M, Peak:0.00M | Scene, ViewLayer | Synchronizing object | xiaoxiangguan_ceramic.001
Fra:1 Mem:1621.09M (Peak 1842.02M) | Time:00:00.89 | Mem:0.00M, Peak:0.00M | Scene, ViewLayer | Synchronizing object | xiaoxiangguan_gold
Fra:1 Mem:1620.72M (Peak 1842.02M) | Time:00:00.89 | Mem:0.00M, Peak:0.00M | Scene, ViewLayer | Synchronizing object | xiaoxiangguan_silk
Fra:1 Mem:1620.72M (Peak 1842.02M) | Time:00:00.89 | Mem:0.00M, Peak:0.00M | Scene, ViewLayer | Synchronizing object | xiaoxiangguan_lantern
Fra:1 Mem:1620.74M (Peak 1842.02M) | Time:00:00.89 | Mem:0.00M, Peak:0.00M | Scene, ViewLayer | Synchronizing object | xiaoxiangguan_focal_bark.001
Fra:1 Mem:1621.28M (Peak 1842.02M) | Time:00:00.89 | Mem:0.00M, Peak:0.00M | Scene, ViewLayer | Synchronizing object | xiaoxiangguan_focal_botanical_petal.001
Fra:1 Mem:1621.42M (Peak 1842.02M) | Time:00:00.89 | Mem:0.00M, Peak:0.00M | Scene, ViewLayer | Synchronizing object | xiaoxiangguan_focal_botanical_bamboo.001
Fra:1 Mem:1621.74M (Peak 1842.02M) | Time:00:00.89 | Mem:0.00M, Peak:0.00M | Scene, ViewLayer | Synchronizing object | xiaoxiangguan_focal_botanical_stem.001
Fra:1 Mem:1627.45M (Peak 1842.02M) | Time:00:00.89 | Mem:0.00M, Peak:0.00M | Scene, ViewLayer | Synchronizing object | xiaoxiangguan_focal_botanical_banana.001
Fra:1 Mem:1632.08M (Peak 1842.02M) | Time:00:00.89 | Mem:0.00M, Peak:0.00M | Scene, ViewLayer | Synchronizing object | xiaoxiangguan_focal_bamboo.001
Fra:1 Mem:1631.98M (Peak 1842.02M) | Time:00:00.89 | Mem:0.00M, Peak:0.00M | Scene, ViewLayer | Synchronizing object | xiaoxiangguan_focal_leaf.001
Fra:1 Mem:1639.92M (Peak 1842.02M) | Time:00:00.89 | Mem:0.00M, Peak:0.00M | Scene, ViewLayer | Synchronizing object | xiaoxiangguan_focal_leafdark.001
Fra:1 Mem:1641.29M (Peak 1842.02M) | Time:00:00.89 | Mem:0.00M, Peak:0.00M | Scene, ViewLayer | Synchronizing object | xiaoxiangguan_focal_botanical_litter.001
Fra:1 Mem:1646.20M (Peak 1842.02M) | Time:00:00.89 | Mem:0.00M, Peak:0.00M | Scene, ViewLayer | Synchronizing object | yihongyuan_plaster.001
Fra:1 Mem:1645.48M (Peak 1842.02M) | Time:00:00.89 | Mem:0.00M, Peak:0.00M | Scene, ViewLayer | Synchronizing object | yihongyuan_roof.001
Fra:1 Mem:1645.88M (Peak 1842.02M) | Time:00:00.89 | Mem:0.00M, Peak:0.00M | Scene, ViewLayer | Synchronizing object | yihongyuan_stone.001
Fra:1 Mem:1646.80M (Peak 1842.02M) | Time:00:00.89 | Mem:0.00M, Peak:0.00M | Scene, ViewLayer | Synchronizing object | yihongyuan_tile.001
Fra:1 Mem:1646.83M (Peak 1842.02M) | Time:00:00.89 | Mem:0.00M, Peak:0.00M | Scene, ViewLayer | Synchronizing object | yihongyuan_cutstone
Fra:1 Mem:1647.76M (Peak 1842.02M) | Time:00:00.89 | Mem:0.00M, Peak:0.00M | Scene, ViewLayer | Synchronizing object | yihongyuan_darkwood.001
Fra:1 Mem:1651.83M (Peak 1842.02M) | Time:00:00.90 | Mem:0.00M, Peak:0.00M | Scene, ViewLayer | Synchronizing object | yihongyuan_floorwood
Fra:1 Mem:1653.83M (Peak 1842.02M) | Time:00:00.90 | Mem:0.00M, Peak:0.00M | Scene, ViewLayer | Synchronizing object | yihongyuan_wood.001
Fra:1 Mem:1657.70M (Peak 1842.02M) | Time:00:00.90 | Mem:0.00M, Peak:0.00M | Scene, ViewLayer | Synchronizing object | yihongyuan_latticewood.001
Fra:1 Mem:1659.59M (Peak 1842.02M) | Time:00:00.90 | Mem:0.00M, Peak:0.00M | Scene, ViewLayer | Synchronizing object | yihongyuan_tilelight.001
Fra:1 Mem:1659.65M (Peak 1842.02M) | Time:00:00.90 | Mem:0.00M, Peak:0.00M | Scene, ViewLayer | Synchronizing object | yihongyuan_tiledark.001
Fra:1 Mem:1660.36M (Peak 1842.02M) | Time:00:00.90 | Mem:0.00M, Peak:0.00M | Scene, ViewLayer | Synchronizing object | yihongyuan_paving.001
Fra:1 Mem:1663.49M (Peak 1842.02M) | Time:00:00.90 | Mem:0.00M, Peak:0.00M | Scene, ViewLayer | Synchronizing object | yihongyuan_courtbase
Fra:1 Mem:1664.27M (Peak 1842.02M) | Time:00:00.90 | Mem:0.00M, Peak:0.00M | Scene, ViewLayer | Synchronizing object | yihongyuan_gardenstone
Fra:1 Mem:1666.75M (Peak 1842.02M) | Time:00:00.90 | Mem:0.00M, Peak:0.00M | Scene, ViewLayer | Synchronizing object | yihongyuan_limestone.001
Fra:1 Mem:1672.77M (Peak 1842.02M) | Time:00:00.90 | Mem:0.00M, Peak:0.00M | Scene, ViewLayer | Synchronizing object | yihongyuan_furniture
Fra:1 Mem:1671.20M (Peak 1842.02M) | Time:00:00.90 | Mem:0.00M, Peak:0.00M | Scene, ViewLayer | Synchronizing object | yihongyuan_paper.001
Fra:1 Mem:1671.20M (Peak 1842.02M) | Time:00:00.90 | Mem:0.00M, Peak:0.00M | Scene, ViewLayer | Synchronizing object | yihongyuan_ivory.001
Fra:1 Mem:1672.23M (Peak 1842.02M) | Time:00:00.90 | Mem:0.00M, Peak:0.00M | Scene, ViewLayer | Synchronizing object | yihongyuan_ink.001
Fra:1 Mem:1672.24M (Peak 1842.02M) | Time:00:00.90 | Mem:0.00M, Peak:0.00M | Scene, ViewLayer | Synchronizing object | yihongyuan_ceramic.001
Fra:1 Mem:1671.54M (Peak 1842.02M) | Time:00:00.90 | Mem:0.00M, Peak:0.00M | Scene, ViewLayer | Synchronizing object | yihongyuan_gold
Fra:1 Mem:1671.57M (Peak 1842.02M) | Time:00:00.90 | Mem:0.00M, Peak:0.00M | Scene, ViewLayer | Synchronizing object | yihongyuan_silk.001
Fra:1 Mem:1671.88M (Peak 1842.02M) | Time:00:00.90 | Mem:0.00M, Peak:0.00M | Scene, ViewLayer | Synchronizing object | yihongyuan_lantern
Fra:1 Mem:1673.40M (Peak 1842.02M) | Time:00:00.90 | Mem:0.00M, Peak:0.00M | Scene, ViewLayer | Synchronizing object | yihongyuan_screen.001
Fra:1 Mem:1673.41M (Peak 1842.02M) | Time:00:00.90 | Mem:0.00M, Peak:0.00M | Scene, ViewLayer | Synchronizing object | yihongyuan_focal_bark.001
Fra:1 Mem:1673.80M (Peak 1842.02M) | Time:00:00.90 | Mem:0.00M, Peak:0.00M | Scene, ViewLayer | Synchronizing object | yihongyuan_focal_botanical_petal.001
Fra:1 Mem:1674.02M (Peak 1842.02M) | Time:00:00.90 | Mem:0.00M, Peak:0.00M | Scene, ViewLayer | Synchronizing object | yihongyuan_focal_botanical_bamboo.001
Fra:1 Mem:1675.47M (Peak 1842.02M) | Time:00:00.90 | Mem:0.00M, Peak:0.00M | Scene, ViewLayer | Synchronizing object | yihongyuan_focal_botanical_stem.001
Fra:1 Mem:1677.86M (Peak 1842.02M) | Time:00:00.90 | Mem:0.00M, Peak:0.00M | Scene, ViewLayer | Synchronizing object | yihongyuan_focal_botanical_banana.001
Fra:1 Mem:1682.94M (Peak 1842.02M) | Time:00:00.90 | Mem:0.00M, Peak:0.00M | Scene, ViewLayer | Synchronizing object | yihongyuan_focal_bamboo.001
Fra:1 Mem:1682.94M (Peak 1842.02M) | Time:00:00.90 | Mem:0.00M, Peak:0.00M | Scene, ViewLayer | Synchronizing object | yihongyuan_focal_moss.001
Fra:1 Mem:1683.90M (Peak 1842.02M) | Time:00:00.90 | Mem:0.00M, Peak:0.00M | Scene, ViewLayer | Synchronizing object | yihongyuan_focal_leafdark.001
Fra:1 Mem:1685.99M (Peak 1842.02M) | Time:00:00.90 | Mem:0.00M, Peak:0.00M | Scene, ViewLayer | Synchronizing object | yihongyuan_focal_leaf.001
Fra:1 Mem:1686.27M (Peak 1842.02M) | Time:00:00.90 | Mem:0.00M, Peak:0.00M | Scene, ViewLayer | Synchronizing object | yihongyuan_focal_botanical_litter.001
Fra:1 Mem:1687.16M (Peak 1842.02M) | Time:00:00.90 | Mem:0.00M, Peak:0.00M | Scene, ViewLayer | Synchronizing object | hengwuyuan_plaster.001
Fra:1 Mem:1687.83M (Peak 1842.02M) | Time:00:00.90 | Mem:0.00M, Peak:0.00M | Scene, ViewLayer | Synchronizing object | hengwuyuan_roof.001
Fra:1 Mem:1687.83M (Peak 1842.02M) | Time:00:00.90 | Mem:0.00M, Peak:0.00M | Scene, ViewLayer | Synchronizing object | hengwuyuan_stone.001
Fra:1 Mem:1687.94M (Peak 1842.02M) | Time:00:00.90 | Mem:0.00M, Peak:0.00M | Scene, ViewLayer | Synchronizing object | hengwuyuan_tile.001
Fra:1 Mem:1688.79M (Peak 1842.02M) | Time:00:00.90 | Mem:0.00M, Peak:0.00M | Scene, ViewLayer | Synchronizing object | hengwuyuan_cutstone
Fra:1 Mem:1688.86M (Peak 1842.02M) | Time:00:00.90 | Mem:0.00M, Peak:0.00M | Scene, ViewLayer | Synchronizing object | hengwuyuan_darkwood.001
Fra:1 Mem:1688.98M (Peak 1842.02M) | Time:00:00.90 | Mem:0.00M, Peak:0.00M | Scene, ViewLayer | Synchronizing object | hengwuyuan_wood.001
Fra:1 Mem:1694.65M (Peak 1842.02M) | Time:00:00.91 | Mem:0.00M, Peak:0.00M | Scene, ViewLayer | Synchronizing object | hengwuyuan_latticewood.001
Fra:1 Mem:1695.12M (Peak 1842.02M) | Time:00:00.91 | Mem:0.00M, Peak:0.00M | Scene, ViewLayer | Synchronizing object | hengwuyuan_tilelight.001
Fra:1 Mem:1695.97M (Peak 1842.02M) | Time:00:00.91 | Mem:0.00M, Peak:0.00M | Scene, ViewLayer | Synchronizing object | hengwuyuan_tiledark.001
Fra:1 Mem:1697.33M (Peak 1842.02M) | Time:00:00.91 | Mem:0.00M, Peak:0.00M | Scene, ViewLayer | Synchronizing object | hengwuyuan_paving.001
Fra:1 Mem:1699.79M (Peak 1842.02M) | Time:00:00.91 | Mem:0.00M, Peak:0.00M | Scene, ViewLayer | Synchronizing object | hengwuyuan_gardenstone
Fra:1 Mem:1699.91M (Peak 1842.02M) | Time:00:00.91 | Mem:0.00M, Peak:0.00M | Scene, ViewLayer | Synchronizing object | hengwuyuan_limestone.001
Fra:1 Mem:1708.91M (Peak 1842.02M) | Time:00:00.91 | Mem:0.00M, Peak:0.00M | Scene, ViewLayer | Synchronizing object | hengwuyuan_courtbase
Fra:1 Mem:1708.92M (Peak 1842.02M) | Time:00:00.91 | Mem:0.00M, Peak:0.00M | Scene, ViewLayer | Synchronizing object | hengwuyuan_furniture
Fra:1 Mem:1709.11M (Peak 1842.02M) | Time:00:00.91 | Mem:0.00M, Peak:0.00M | Scene, ViewLayer | Synchronizing object | hengwuyuan_paper.001
Fra:1 Mem:1708.24M (Peak 1842.02M) | Time:00:00.91 | Mem:0.00M, Peak:0.00M | Scene, ViewLayer | Synchronizing object | hengwuyuan_bookcloth.001
Fra:1 Mem:1708.24M (Peak 1842.02M) | Time:00:00.91 | Mem:0.00M, Peak:0.00M | Scene, ViewLayer | Synchronizing object | hengwuyuan_ivory.001
Fra:1 Mem:1708.27M (Peak 1842.02M) | Time:00:00.91 | Mem:0.00M, Peak:0.00M | Scene, ViewLayer | Synchronizing object | hengwuyuan_ink.001
Fra:1 Mem:1708.27M (Peak 1842.02M) | Time:00:00.91 | Mem:0.00M, Peak:0.00M | Scene, ViewLayer | Synchronizing object | hengwuyuan_ceramic.001
Fra:1 Mem:1708.32M (Peak 1842.02M) | Time:00:00.91 | Mem:0.00M, Peak:0.00M | Scene, ViewLayer | Synchronizing object | hengwuyuan_gold
Fra:1 Mem:1708.36M (Peak 1842.02M) | Time:00:00.91 | Mem:0.00M, Peak:0.00M | Scene, ViewLayer | Synchronizing object | hengwuyuan_clay.001
Fra:1 Mem:1708.14M (Peak 1842.02M) | Time:00:00.91 | Mem:0.00M, Peak:0.00M | Scene, ViewLayer | Synchronizing object | hengwuyuan_screen.001
Fra:1 Mem:1708.27M (Peak 1842.02M) | Time:00:00.91 | Mem:0.00M, Peak:0.00M | Scene, ViewLayer | Synchronizing object | hengwuyuan_lantern
Fra:1 Mem:1709.06M (Peak 1842.02M) | Time:00:00.91 | Mem:0.00M, Peak:0.00M | Scene, ViewLayer | Synchronizing object | hengwuyuan_focal_leaf.001
Fra:1 Mem:1709.12M (Peak 1842.02M) | Time:00:00.91 | Mem:0.00M, Peak:0.00M | Scene, ViewLayer | Synchronizing object | hengwuyuan_focal_bamboo.001
Fra:1 Mem:1710.21M (Peak 1842.02M) | Time:00:00.91 | Mem:0.00M, Peak:0.00M | Scene, ViewLayer | Synchronizing object | hengwuyuan_focal_leafdark.001
Fra:1 Mem:1709.59M (Peak 1842.02M) | Time:00:00.91 | Mem:0.00M, Peak:0.00M | Scene, ViewLayer | Synchronizing object | hengwuyuan_focal_creamflower.001
Fra:1 Mem:1710.17M (Peak 1842.02M) | Time:00:00.91 | Mem:0.00M, Peak:0.00M | Scene, ViewLayer | Synchronizing object | hengwuyuan_focal_bark.001
Fra:1 Mem:1710.42M (Peak 1842.02M) | Time:00:00.91 | Mem:0.00M, Peak:0.00M | Scene, ViewLayer | Synchronizing object | hengwuyuan_focal_botanical_stem
Fra:1 Mem:1713.18M (Peak 1842.02M) | Time:00:00.91 | Mem:0.00M, Peak:0.00M | Scene, ViewLayer | Synchronizing object | hengwuyuan_focal_botanical_bamboo.001
Fra:1 Mem:1714.20M (Peak 1842.02M) | Time:00:00.91 | Mem:0.00M, Peak:0.00M | Scene, ViewLayer | Synchronizing object | hengwuyuan_focal_botanical_litter.001
Fra:1 Mem:1716.45M (Peak 1842.02M) | Time:00:00.91 | Mem:0.00M, Peak:0.00M | Scene, ViewLayer | Synchronizing object | qiushuangzhai_plaster.001
Fra:1 Mem:1717.11M (Peak 1842.02M) | Time:00:00.91 | Mem:0.00M, Peak:0.00M | Scene, ViewLayer | Synchronizing object | qiushuangzhai_roof.001
Fra:1 Mem:1717.88M (Peak 1842.02M) | Time:00:00.91 | Mem:0.00M, Peak:0.00M | Scene, ViewLayer | Synchronizing object | qiushuangzhai_stone.001
Fra:1 Mem:1717.99M (Peak 1842.02M) | Time:00:00.91 | Mem:0.00M, Peak:0.00M | Scene, ViewLayer | Synchronizing object | qiushuangzhai_tile.001
Fra:1 Mem:1718.01M (Peak 1842.02M) | Time:00:00.91 | Mem:0.00M, Peak:0.00M | Scene, ViewLayer | Synchronizing object | qiushuangzhai_cutstone
Fra:1 Mem:1724.09M (Peak 1842.02M) | Time:00:00.91 | Mem:0.00M, Peak:0.00M | Scene, ViewLayer | Synchronizing object | qiushuangzhai_floorwood
Fra:1 Mem:1724.14M (Peak 1842.02M) | Time:00:00.91 | Mem:0.00M, Peak:0.00M | Scene, ViewLayer | Synchronizing object | qiushuangzhai_darkwood.001
Fra:1 Mem:1726.93M (Peak 1842.02M) | Time:00:00.91 | Mem:0.00M, Peak:0.00M | Scene, ViewLayer | Synchronizing object | qiushuangzhai_wood.001
Fra:1 Mem:1732.46M (Peak 1842.02M) | Time:00:00.91 | Mem:0.00M, Peak:0.00M | Scene, ViewLayer | Synchronizing object | qiushuangzhai_furniture
Fra:1 Mem:1733.21M (Peak 1842.02M) | Time:00:00.91 | Mem:0.00M, Peak:0.00M | Scene, ViewLayer | Synchronizing object | qiushuangzhai_latticewood.001
Fra:1 Mem:1733.51M (Peak 1842.02M) | Time:00:00.91 | Mem:0.00M, Peak:0.00M | Scene, ViewLayer | Synchronizing object | qiushuangzhai_screen
Fra:1 Mem:1733.77M (Peak 1842.02M) | Time:00:00.91 | Mem:0.00M, Peak:0.00M | Scene, ViewLayer | Synchronizing object | qiushuangzhai_tilelight.001
Fra:1 Mem:1734.06M (Peak 1842.02M) | Time:00:00.91 | Mem:0.00M, Peak:0.00M | Scene, ViewLayer | Synchronizing object | qiushuangzhai_tiledark.001
Fra:1 Mem:1734.57M (Peak 1842.02M) | Time:00:00.91 | Mem:0.00M, Peak:0.00M | Scene, ViewLayer | Synchronizing object | qiushuangzhai_courtbase
Fra:1 Mem:1734.88M (Peak 1842.02M) | Time:00:00.91 | Mem:0.00M, Peak:0.00M | Scene, ViewLayer | Synchronizing object | qiushuangzhai_paving.001
Fra:1 Mem:1730.33M (Peak 1842.02M) | Time:00:00.91 | Mem:0.00M, Peak:0.00M | Scene, ViewLayer | Synchronizing object | qiushuangzhai_marble.001
Fra:1 Mem:1730.33M (Peak 1842.02M) | Time:00:00.91 | Mem:0.00M, Peak:0.00M | Scene, ViewLayer | Synchronizing object | qiushuangzhai_paper.001
Fra:1 Mem:1730.64M (Peak 1842.02M) | Time:00:00.91 | Mem:0.00M, Peak:0.00M | Scene, ViewLayer | Synchronizing object | qiushuangzhai_bookcloth.001
Fra:1 Mem:1730.88M (Peak 1842.02M) | Time:00:00.91 | Mem:0.00M, Peak:0.00M | Scene, ViewLayer | Synchronizing object | qiushuangzhai_ivory.001
Fra:1 Mem:1730.89M (Peak 1842.02M) | Time:00:00.91 | Mem:0.00M, Peak:0.00M | Scene, ViewLayer | Synchronizing object | qiushuangzhai_ink.001
Fra:1 Mem:1731.91M (Peak 1842.02M) | Time:00:00.91 | Mem:0.00M, Peak:0.00M | Scene, ViewLayer | Synchronizing object | qiushuangzhai_bookcover.001
Fra:1 Mem:1731.92M (Peak 1842.02M) | Time:00:00.91 | Mem:0.00M, Peak:0.00M | Scene, ViewLayer | Synchronizing object | qiushuangzhai_ceramic.001
Fra:1 Mem:1731.96M (Peak 1842.02M) | Time:00:00.91 | Mem:0.00M, Peak:0.00M | Scene, ViewLayer | Synchronizing object | qiushuangzhai_gold
Fra:1 Mem:1732.06M (Peak 1842.02M) | Time:00:00.91 | Mem:0.00M, Peak:0.00M | Scene, ViewLayer | Synchronizing object | qiushuangzhai_silk.001
Fra:1 Mem:1732.11M (Peak 1842.02M) | Time:00:00.91 | Mem:0.00M, Peak:0.00M | Scene, ViewLayer | Synchronizing object | qiushuangzhai_lantern
Fra:1 Mem:1732.12M (Peak 1842.02M) | Time:00:00.91 | Mem:0.00M, Peak:0.00M | Scene, ViewLayer | Synchronizing object | qiushuangzhai_focal_bamboo.001
Fra:1 Mem:1732.16M (Peak 1842.02M) | Time:00:00.91 | Mem:0.00M, Peak:0.00M | Scene, ViewLayer | Synchronizing object | qiushuangzhai_focal_leafdark.001
Fra:1 Mem:1733.10M (Peak 1842.02M) | Time:00:00.91 | Mem:0.00M, Peak:0.00M | Scene, ViewLayer | Synchronizing object | qiushuangzhai_focal_creamflower.001
Fra:1 Mem:1733.40M (Peak 1842.02M) | Time:00:00.91 | Mem:0.00M, Peak:0.00M | Scene, ViewLayer | Synchronizing object | qiushuangzhai_focal_moss.001
Fra:1 Mem:1733.79M (Peak 1842.02M) | Time:00:00.91 | Mem:0.00M, Peak:0.00M | Scene, ViewLayer | Synchronizing object | qiushuangzhai_focal_bark.001
Fra:1 Mem:1733.89M (Peak 1842.02M) | Time:00:00.91 | Mem:0.00M, Peak:0.00M | Scene, ViewLayer | Synchronizing object | qiushuangzhai_focal_leaf.001
Fra:1 Mem:1739.89M (Peak 1842.02M) | Time:00:00.91 | Mem:0.00M, Peak:0.00M | Scene, ViewLayer | Synchronizing object | qiushuangzhai_focal_botanical_stem
Fra:1 Mem:1739.91M (Peak 1842.02M) | Time:00:00.91 | Mem:0.00M, Peak:0.00M | Scene, ViewLayer | Synchronizing object | qiushuangzhai_focal_botanical_bamboo.001
Fra:1 Mem:1740.95M (Peak 1842.02M) | Time:00:00.92 | Mem:0.00M, Peak:0.00M | Scene, ViewLayer | Synchronizing object | qiushuangzhai_focal_botanical_litter.001
Fra:1 Mem:1740.95M (Peak 1842.02M) | Time:00:00.92 | Mem:0.00M, Peak:0.00M | Scene, ViewLayer | Synchronizing object | daoxiangcun_stone.001
Fra:1 Mem:1745.45M (Peak 1842.02M) | Time:00:00.92 | Mem:0.00M, Peak:0.00M | Scene, ViewLayer | Synchronizing object | daoxiangcun_paving.001
Fra:1 Mem:1745.45M (Peak 1842.02M) | Time:00:00.92 | Mem:0.00M, Peak:0.00M | Scene, ViewLayer | Synchronizing object | daoxiangcun_wood.001
Fra:1 Mem:1745.54M (Peak 1842.02M) | Time:00:00.92 | Mem:0.00M, Peak:0.00M | Scene, ViewLayer | Synchronizing object | daoxiangcun_screen.001
Fra:1 Mem:1745.73M (Peak 1842.02M) | Time:00:00.92 | Mem:0.00M, Peak:0.00M | Scene, ViewLayer | Synchronizing object | daoxiangcun_latticewood.001
Fra:1 Mem:1746.19M (Peak 1842.02M) | Time:00:00.92 | Mem:0.00M, Peak:0.00M | Scene, ViewLayer | Synchronizing object | daoxiangcun_thatch.001
Fra:1 Mem:1746.45M (Peak 1842.02M) | Time:00:00.92 | Mem:0.00M, Peak:0.00M | Scene, ViewLayer | Synchronizing object | daoxiangcun_lightleaf.001
Fra:1 Mem:1746.43M (Peak 1842.02M) | Time:00:00.92 | Mem:0.00M, Peak:0.00M | Scene, ViewLayer | Synchronizing object | daoxiangcun_bark
Fra:1 Mem:1747.35M (Peak 1842.02M) | Time:00:00.92 | Mem:0.00M, Peak:0.00M | Scene, ViewLayer | Synchronizing object | daoxiangcun_flower.001
Fra:1 Mem:1747.69M (Peak 1842.02M) | Time:00:00.92 | Mem:0.00M, Peak:0.00M | Scene, ViewLayer | Synchronizing object | daoxiangcun_leafdark
Fra:1 Mem:1748.43M (Peak 1842.02M) | Time:00:00.92 | Mem:0.00M, Peak:0.00M | Scene, ViewLayer | Synchronizing object | daoxiangcun_creamflower.001
Fra:1 Mem:1749.05M (Peak 1842.02M) | Time:00:00.92 | Mem:0.00M, Peak:0.00M | Scene, ViewLayer | Synchronizing object | ouxiangxie_wood.001
Fra:1 Mem:1750.78M (Peak 1842.02M) | Time:00:00.92 | Mem:0.00M, Peak:0.00M | Scene, ViewLayer | Synchronizing object | ouxiangxie_stone.001
Fra:1 Mem:1752.18M (Peak 1842.02M) | Time:00:00.92 | Mem:0.00M, Peak:0.00M | Scene, ViewLayer | Synchronizing object | ouxiangxie_screen
Fra:1 Mem:1752.69M (Peak 1842.02M) | Time:00:00.92 | Mem:0.00M, Peak:0.00M | Scene, ViewLayer | Synchronizing object | ouxiangxie_latticewood.001
Fra:1 Mem:1752.35M (Peak 1842.02M) | Time:00:00.92 | Mem:0.00M, Peak:0.00M | Scene, ViewLayer | Synchronizing object | ouxiangxie_roof.001
Fra:1 Mem:1752.32M (Peak 1842.02M) | Time:00:00.92 | Mem:0.00M, Peak:0.00M | Scene, ViewLayer | Synchronizing object | ouxiangxie_tilelight.001
Fra:1 Mem:1752.80M (Peak 1842.02M) | Time:00:00.92 | Mem:0.00M, Peak:0.00M | Scene, ViewLayer | Synchronizing object | ouxiangxie_tile.001
Fra:1 Mem:1753.85M (Peak 1842.02M) | Time:00:00.92 | Mem:0.00M, Peak:0.00M | Scene, ViewLayer | Synchronizing object | ouxiangxie_tiledark.001
Fra:1 Mem:1754.17M (Peak 1842.02M) | Time:00:00.92 | Mem:0.00M, Peak:0.00M | Scene, ViewLayer | Synchronizing object | ouxiangxie_darkwood.001
Fra:1 Mem:1758.98M (Peak 1842.02M) | Time:00:00.92 | Mem:0.00M, Peak:0.00M | Scene, ViewLayer | Synchronizing object | ouxiangxie_furniture
Fra:1 Mem:1759.78M (Peak 1842.02M) | Time:00:00.92 | Mem:0.00M, Peak:0.00M | Scene, ViewLayer | Synchronizing object | ouxiangxie_paper
Fra:1 Mem:1760.93M (Peak 1842.02M) | Time:00:00.92 | Mem:0.00M, Peak:0.00M | Scene, ViewLayer | Synchronizing object | ouxiangxie_bookcloth.001
Fra:1 Mem:1760.95M (Peak 1842.02M) | Time:00:00.92 | Mem:0.00M, Peak:0.00M | Scene, ViewLayer | Synchronizing object | ouxiangxie_ivory.001
Fra:1 Mem:1760.86M (Peak 1842.02M) | Time:00:00.92 | Mem:0.00M, Peak:0.00M | Scene, ViewLayer | Synchronizing object | ouxiangxie_ink.001
Fra:1 Mem:1760.90M (Peak 1842.02M) | Time:00:00.92 | Mem:0.00M, Peak:0.00M | Scene, ViewLayer | Synchronizing object | ouxiangxie_ceramic.001
Fra:1 Mem:1764.12M (Peak 1842.02M) | Time:00:00.92 | Mem:0.00M, Peak:0.00M | Scene, ViewLayer | Synchronizing object | ouxiangxie_bamboo.001
Fra:1 Mem:1764.13M (Peak 1842.02M) | Time:00:00.92 | Mem:0.00M, Peak:0.00M | Scene, ViewLayer | Synchronizing object | ouxiangxie_gold.001
Fra:1 Mem:1764.15M (Peak 1842.02M) | Time:00:00.92 | Mem:0.00M, Peak:0.00M | Scene, ViewLayer | Synchronizing object | dicuiting_stone.001
Fra:1 Mem:1764.16M (Peak 1842.02M) | Time:00:00.92 | Mem:0.00M, Peak:0.00M | Scene, ViewLayer | Synchronizing object | dicuiting_wood.001
Fra:1 Mem:1764.65M (Peak 1842.02M) | Time:00:00.92 | Mem:0.00M, Peak:0.00M | Scene, ViewLayer | Synchronizing object | dicuiting_darkwood
Fra:1 Mem:1765.87M (Peak 1842.02M) | Time:00:00.92 | Mem:0.00M, Peak:0.00M | Scene, ViewLayer | Synchronizing object | dicuiting_lantern
Fra:1 Mem:1765.85M (Peak 1842.02M) | Time:00:00.92 | Mem:0.00M, Peak:0.00M | Scene, ViewLayer | Synchronizing object | dicuiting_gold
Fra:1 Mem:1766.51M (Peak 1842.02M) | Time:00:00.92 | Mem:0.00M, Peak:0.00M | Scene, ViewLayer | Synchronizing object | dicuiting_roof.001
Fra:1 Mem:1767.01M (Peak 1842.02M) | Time:00:00.92 | Mem:0.00M, Peak:0.00M | Scene, ViewLayer | Synchronizing object | dicuiting_tilelight
Fra:1 Mem:1767.05M (Peak 1842.02M) | Time:00:00.92 | Mem:0.00M, Peak:0.00M | Scene, ViewLayer | Synchronizing object | dicuiting_tile.001
Fra:1 Mem:1767.27M (Peak 1842.02M) | Time:00:00.92 | Mem:0.00M, Peak:0.00M | Scene, ViewLayer | Synchronizing object | dicuiting_tiledark
Fra:1 Mem:1768.05M (Peak 1842.02M) | Time:00:00.92 | Mem:0.00M, Peak:0.00M | Scene, ViewLayer | Synchronizing object | luxuean_stone.001
Fra:1 Mem:1769.27M (Peak 1842.02M) | Time:00:00.92 | Mem:0.00M, Peak:0.00M | Scene, ViewLayer | Synchronizing object | luxuean_paving.001
Fra:1 Mem:1769.50M (Peak 1842.02M) | Time:00:00.92 | Mem:0.00M, Peak:0.00M | Scene, ViewLayer | Synchronizing object | luxuean_clay.001
Fra:1 Mem:1770.10M (Peak 1842.02M) | Time:00:00.92 | Mem:0.00M, Peak:0.00M | Scene, ViewLayer | Synchronizing object | luxuean_wood.001
Fra:1 Mem:1770.49M (Peak 1842.02M) | Time:00:00.92 | Mem:0.00M, Peak:0.00M | Scene, ViewLayer | Synchronizing object | luxuean_thatch.001
Fra:1 Mem:1770.57M (Peak 1842.02M) | Time:00:00.92 | Mem:0.00M, Peak:0.00M | Scene, ViewLayer | Synchronizing object | luxuean_bamboo.001
Fra:1 Mem:1770.45M (Peak 1842.02M) | Time:00:00.92 | Mem:0.00M, Peak:0.00M | Scene, ViewLayer | Synchronizing object | luxuean_lightleaf.001
Fra:1 Mem:1769.94M (Peak 1842.02M) | Time:00:00.92 | Mem:0.00M, Peak:0.00M | Scene, ViewLayer | Synchronizing object | tubishanzhuang_stone.001
Fra:1 Mem:1770.13M (Peak 1842.02M) | Time:00:00.92 | Mem:0.00M, Peak:0.00M | Scene, ViewLayer | Synchronizing object | tubishanzhuang_cutstone
Fra:1 Mem:1771.28M (Peak 1842.02M) | Time:00:00.92 | Mem:0.00M, Peak:0.00M | Scene, ViewLayer | Synchronizing object | tubishanzhuang_darkwood.001
Fra:1 Mem:1771.28M (Peak 1842.02M) | Time:00:00.92 | Mem:0.00M, Peak:0.00M | Scene, ViewLayer | Synchronizing object | tubishanzhuang_floorwood
Fra:1 Mem:1771.55M (Peak 1842.02M) | Time:00:00.92 | Mem:0.00M, Peak:0.00M | Scene, ViewLayer | Synchronizing object | tubishanzhuang_wood.001
Fra:1 Mem:1771.67M (Peak 1842.02M) | Time:00:00.92 | Mem:0.00M, Peak:0.00M | Scene, ViewLayer | Synchronizing object | tubishanzhuang_furniture
Fra:1 Mem:1772.32M (Peak 1842.02M) | Time:00:00.92 | Mem:0.00M, Peak:0.00M | Scene, ViewLayer | Synchronizing object | tubishanzhuang_latticewood.001
Fra:1 Mem:1772.57M (Peak 1842.02M) | Time:00:00.92 | Mem:0.00M, Peak:0.00M | Scene, ViewLayer | Synchronizing object | tubishanzhuang_screen
Fra:1 Mem:1772.64M (Peak 1842.02M) | Time:00:00.92 | Mem:0.00M, Peak:0.00M | Scene, ViewLayer | Synchronizing object | tubishanzhuang_roof.001
Fra:1 Mem:1772.65M (Peak 1842.02M) | Time:00:00.92 | Mem:0.00M, Peak:0.00M | Scene, ViewLayer | Synchronizing object | tubishanzhuang_tilelight.001
Fra:1 Mem:1772.67M (Peak 1842.02M) | Time:00:00.92 | Mem:0.00M, Peak:0.00M | Scene, ViewLayer | Synchronizing object | tubishanzhuang_tiledark.001
Fra:1 Mem:1772.69M (Peak 1842.02M) | Time:00:00.92 | Mem:0.00M, Peak:0.00M | Scene, ViewLayer | Synchronizing object | tubishanzhuang_bark
Fra:1 Mem:1773.90M (Peak 1842.02M) | Time:00:00.92 | Mem:0.00M, Peak:0.00M | Scene, ViewLayer | Synchronizing object | tubishanzhuang_canopy
Fra:1 Mem:1774.08M (Peak 1842.02M) | Time:00:00.92 | Mem:0.00M, Peak:0.00M | Scene, ViewLayer | Synchronizing object | tubishanzhuang_canopy_shadow
Fra:1 Mem:1776.31M (Peak 1842.02M) | Time:00:00.92 | Mem:0.00M, Peak:0.00M | Scene, ViewLayer | Synchronizing object | tubishanzhuang_canopy_light
Fra:1 Mem:1777.63M (Peak 1842.02M) | Time:00:00.92 | Mem:0.00M, Peak:0.00M | Scene, ViewLayer | Synchronizing object | tubishanzhuang_paving.001
Fra:1 Mem:1777.70M (Peak 1842.02M) | Time:00:00.92 | Mem:0.00M, Peak:0.00M | Scene, ViewLayer | Synchronizing object | aojingxiguan_stone.001
Fra:1 Mem:1778.72M (Peak 1842.02M) | Time:00:00.92 | Mem:0.00M, Peak:0.00M | Scene, ViewLayer | Synchronizing object | aojingxiguan_cutstone
Fra:1 Mem:1778.82M (Peak 1842.02M) | Time:00:00.92 | Mem:0.00M, Peak:0.00M | Scene, ViewLayer | Synchronizing object | aojingxiguan_darkwood.001
Fra:1 Mem:1779.99M (Peak 1842.02M) | Time:00:00.92 | Mem:0.00M, Peak:0.00M | Scene, ViewLayer | Synchronizing object | aojingxiguan_floorwood
Fra:1 Mem:1780.43M (Peak 1842.02M) | Time:00:00.92 | Mem:0.00M, Peak:0.00M | Scene, ViewLayer | Synchronizing object | aojingxiguan_wood.001
Fra:1 Mem:1780.65M (Peak 1842.02M) | Time:00:00.92 | Mem:0.00M, Peak:0.00M | Scene, ViewLayer | Synchronizing object | aojingxiguan_furniture
Fra:1 Mem:1782.70M (Peak 1842.02M) | Time:00:00.92 | Mem:0.00M, Peak:0.00M | Scene, ViewLayer | Synchronizing object | aojingxiguan_latticewood.001
Fra:1 Mem:1783.06M (Peak 1842.02M) | Time:00:00.92 | Mem:0.00M, Peak:0.00M | Scene, ViewLayer | Synchronizing object | aojingxiguan_screen
Fra:1 Mem:1784.16M (Peak 1842.02M) | Time:00:00.92 | Mem:0.00M, Peak:0.00M | Scene, ViewLayer | Synchronizing object | aojingxiguan_roof.001
Fra:1 Mem:1784.06M (Peak 1842.02M) | Time:00:00.92 | Mem:0.00M, Peak:0.00M | Scene, ViewLayer | Synchronizing object | aojingxiguan_tilelight.001
Fra:1 Mem:1784.19M (Peak 1842.02M) | Time:00:00.92 | Mem:0.00M, Peak:0.00M | Scene, ViewLayer | Synchronizing object | aojingxiguan_tile.001
Fra:1 Mem:1785.55M (Peak 1842.02M) | Time:00:00.92 | Mem:0.00M, Peak:0.00M | Scene, ViewLayer | Synchronizing object | aojingxiguan_tiledark.001
Fra:1 Mem:1786.08M (Peak 1842.02M) | Time:00:00.92 | Mem:0.00M, Peak:0.00M | Scene, ViewLayer | Synchronizing object | aojingxiguan_bark
Fra:1 Mem:1786.27M (Peak 1842.02M) | Time:00:00.92 | Mem:0.00M, Peak:0.00M | Scene, ViewLayer | Synchronizing object | aojingxiguan_canopy_shadow
Fra:1 Mem:1787.80M (Peak 1842.02M) | Time:00:00.92 | Mem:0.00M, Peak:0.00M | Scene, ViewLayer | Synchronizing object | aojingxiguan_canopy
Fra:1 Mem:1788.06M (Peak 1842.02M) | Time:00:00.92 | Mem:0.00M, Peak:0.00M | Scene, ViewLayer | Synchronizing object | aojingxiguan_canopy_light
Fra:1 Mem:1788.53M (Peak 1842.02M) | Time:00:00.92 | Mem:0.00M, Peak:0.00M | Scene, ViewLayer | Synchronizing object | aojingxiguan_paving.001
Fra:1 Mem:1788.85M (Peak 1842.02M) | Time:00:00.92 | Mem:0.00M, Peak:0.00M | Scene, ViewLayer | Synchronizing object | daguanlou_stone
Fra:1 Mem:1789.03M (Peak 1842.02M) | Time:00:00.92 | Mem:0.00M, Peak:0.00M | Scene, ViewLayer | Synchronizing object | daguanlou_cutstone
Fra:1 Mem:1794.41M (Peak 1842.02M) | Time:00:00.93 | Mem:0.00M, Peak:0.00M | Scene, ViewLayer | Synchronizing object | daguanlou_darkwood
Fra:1 Mem:1794.20M (Peak 1842.02M) | Time:00:00.93 | Mem:0.00M, Peak:0.00M | Scene, ViewLayer | Synchronizing object | daguanlou_floorwood
Fra:1 Mem:1795.67M (Peak 1842.02M) | Time:00:00.93 | Mem:0.00M, Peak:0.00M | Scene, ViewLayer | Synchronizing object | daguanlou_wood
Fra:1 Mem:1803.85M (Peak 1842.02M) | Time:00:00.93 | Mem:0.00M, Peak:0.00M | Scene, ViewLayer | Synchronizing object | daguanlou_furniture
Fra:1 Mem:1803.53M (Peak 1842.02M) | Time:00:00.93 | Mem:0.00M, Peak:0.00M | Scene, ViewLayer | Synchronizing object | daguanlou_latticewood.001
Fra:1 Mem:1806.93M (Peak 1842.02M) | Time:00:00.93 | Mem:0.00M, Peak:0.00M | Scene, ViewLayer | Synchronizing object | daguanlou_screen
Fra:1 Mem:1807.09M (Peak 1842.02M) | Time:00:00.93 | Mem:0.00M, Peak:0.00M | Scene, ViewLayer | Synchronizing object | daguanlou_roof
Fra:1 Mem:1813.93M (Peak 1842.02M) | Time:00:00.93 | Mem:0.00M, Peak:0.00M | Scene, ViewLayer | Synchronizing object | daguanlou_tilelight
Fra:1 Mem:1814.34M (Peak 1842.02M) | Time:00:00.93 | Mem:0.00M, Peak:0.00M | Scene, ViewLayer | Synchronizing object | daguanlou_tile
Fra:1 Mem:1814.23M (Peak 1842.02M) | Time:00:00.93 | Mem:0.00M, Peak:0.00M | Scene, ViewLayer | Synchronizing object | daguanlou_tiledark
Fra:1 Mem:1837.81M (Peak 1842.02M) | Time:00:00.93 | Mem:0.00M, Peak:0.00M | Scene, ViewLayer | Synchronizing object | daguanlou_lantern
Fra:1 Mem:1838.46M (Peak 1842.02M) | Time:00:00.93 | Mem:0.00M, Peak:0.00M | Scene, ViewLayer | Synchronizing object | daguanlou_gold
Fra:1 Mem:1858.22M (Peak 1858.22M) | Time:00:00.93 | Mem:0.00M, Peak:0.00M | Scene, ViewLayer | Synchronizing object | daguanlou_paving
Fra:1 Mem:1859.25M (Peak 1859.25M) | Time:00:00.93 | Mem:0.00M, Peak:0.00M | Scene, ViewLayer | Synchronizing object | daguanlou_courtbase
Fra:1 Mem:1859.41M (Peak 1859.41M) | Time:00:00.93 | Mem:0.00M, Peak:0.00M | Scene, ViewLayer | Synchronizing object | daguanlou_paper
Fra:1 Mem:1859.43M (Peak 1859.43M) | Time:00:00.93 | Mem:0.00M, Peak:0.00M | Scene, ViewLayer | Synchronizing object | daguanlou_bookcloth.001
Fra:1 Mem:1859.45M (Peak 1859.45M) | Time:00:00.93 | Mem:0.00M, Peak:0.00M | Scene, ViewLayer | Synchronizing object | daguanlou_ivory.001
Fra:1 Mem:1859.46M (Peak 1859.46M) | Time:00:00.93 | Mem:0.00M, Peak:0.00M | Scene, ViewLayer | Synchronizing object | daguanlou_ink.001
Fra:1 Mem:1859.26M (Peak 1859.46M) | Time:00:00.93 | Mem:0.00M, Peak:0.00M | Scene, ViewLayer | Synchronizing object | daguanlou_bookcover.001
Fra:1 Mem:1861.43M (Peak 1861.43M) | Time:00:00.93 | Mem:0.00M, Peak:0.00M | Scene, ViewLayer | Synchronizing object | daguanlou_ceramic
Fra:1 Mem:1862.04M (Peak 1862.04M) | Time:00:00.93 | Mem:0.00M, Peak:0.00M | Scene, ViewLayer | Synchronizing object | daguanlou_bamboo.001
Fra:1 Mem:1862.05M (Peak 1862.05M) | Time:00:00.93 | Mem:0.00M, Peak:0.00M | Scene, ViewLayer | Synchronizing object | daguanlou_plaster
Fra:1 Mem:1870.89M (Peak 1870.89M) | Time:00:00.93 | Mem:0.00M, Peak:0.00M | Scene, ViewLayer | Synchronizing object | daguanlou_bark
Fra:1 Mem:1870.89M (Peak 1870.89M) | Time:00:00.93 | Mem:0.00M, Peak:0.00M | Scene, ViewLayer | Synchronizing object | daguanlou_canopy
Fra:1 Mem:1871.12M (Peak 1871.12M) | Time:00:00.93 | Mem:0.00M, Peak:0.00M | Scene, ViewLayer | Synchronizing object | daguanlou_canopy_light
Fra:1 Mem:1872.22M (Peak 1872.22M) | Time:00:00.93 | Mem:0.00M, Peak:0.00M | Scene, ViewLayer | Synchronizing object | daguanlou_limestone.001
Fra:1 Mem:1887.81M (Peak 1889.38M) | Time:00:00.94 | Mem:0.00M, Peak:0.00M | Scene, ViewLayer | Synchronizing object | daguanlou_ground_botanical_stem
Fra:1 Mem:1888.16M (Peak 1889.38M) | Time:00:00.94 | Mem:0.00M, Peak:0.00M | Scene, ViewLayer | Synchronizing object | daguanlou_ground_botanical_bamboo.001
Fra:1 Mem:1895.18M (Peak 1895.18M) | Time:00:00.94 | Mem:0.00M, Peak:0.00M | Scene, ViewLayer | Synchronizing object | daguanlou_ground_botanical_litter.001
Fra:1 Mem:1895.41M (Peak 1895.41M) | Time:00:00.94 | Mem:0.00M, Peak:0.00M | Scene, ViewLayer | Synchronizing object | longcuian_stone
Fra:1 Mem:1896.60M (Peak 1896.60M) | Time:00:00.94 | Mem:0.00M, Peak:0.00M | Scene, ViewLayer | Synchronizing object | longcuian_cutstone
Fra:1 Mem:1909.89M (Peak 1909.89M) | Time:00:00.94 | Mem:0.00M, Peak:0.00M | Scene, ViewLayer | Synchronizing object | longcuian_darkwood
Fra:1 Mem:1910.14M (Peak 1910.14M) | Time:00:00.94 | Mem:0.00M, Peak:0.00M | Scene, ViewLayer | Synchronizing object | longcuian_floorwood
Fra:1 Mem:1916.42M (Peak 1916.42M) | Time:00:00.94 | Mem:0.00M, Peak:0.00M | Scene, ViewLayer | Synchronizing object | longcuian_wood
Fra:1 Mem:1920.63M (Peak 1920.63M) | Time:00:00.94 | Mem:0.00M, Peak:0.00M | Scene, ViewLayer | Synchronizing object | longcuian_plaster
Fra:1 Mem:1921.44M (Peak 1921.44M) | Time:00:00.94 | Mem:0.00M, Peak:0.00M | Scene, ViewLayer | Synchronizing object | longcuian_latticewood.001
Fra:1 Mem:1922.50M (Peak 1922.50M) | Time:00:00.94 | Mem:0.00M, Peak:0.00M | Scene, ViewLayer | Synchronizing object | longcuian_roof
Fra:1 Mem:1922.99M (Peak 1922.99M) | Time:00:00.94 | Mem:0.00M, Peak:0.00M | Scene, ViewLayer | Synchronizing object | longcuian_tilelight
Fra:1 Mem:1930.99M (Peak 1931.04M) | Time:00:00.94 | Mem:0.00M, Peak:0.00M | Scene, ViewLayer | Synchronizing object | longcuian_tile
Fra:1 Mem:1936.79M (Peak 1936.79M) | Time:00:00.94 | Mem:0.00M, Peak:0.00M | Scene, ViewLayer | Synchronizing object | longcuian_tiledark
Fra:1 Mem:1938.38M (Peak 1938.38M) | Time:00:00.94 | Mem:0.00M, Peak:0.00M | Scene, ViewLayer | Synchronizing object | longcuian_paving
Fra:1 Mem:1945.49M (Peak 1945.49M) | Time:00:00.94 | Mem:0.00M, Peak:0.00M | Scene, ViewLayer | Synchronizing object | longcuian_furniture
Fra:1 Mem:1945.06M (Peak 1946.97M) | Time:00:00.95 | Mem:0.00M, Peak:0.00M | Scene, ViewLayer | Synchronizing object | longcuian_screen
Fra:1 Mem:1946.16M (Peak 1946.97M) | Time:00:00.95 | Mem:0.00M, Peak:0.00M | Scene, ViewLayer | Synchronizing object | longcuian_paper
Fra:1 Mem:1957.14M (Peak 1957.14M) | Time:00:00.95 | Mem:0.00M, Peak:0.00M | Scene, ViewLayer | Synchronizing object | longcuian_bookcloth.001
Fra:1 Mem:1957.14M (Peak 1957.14M) | Time:00:00.95 | Mem:0.00M, Peak:0.00M | Scene, ViewLayer | Synchronizing object | longcuian_ivory.001
Fra:1 Mem:1957.18M (Peak 1957.18M) | Time:00:00.95 | Mem:0.00M, Peak:0.00M | Scene, ViewLayer | Synchronizing object | longcuian_ink.001
Fra:1 Mem:1957.21M (Peak 1957.21M) | Time:00:00.95 | Mem:0.00M, Peak:0.00M | Scene, ViewLayer | Synchronizing object | longcuian_bookcover.001
Fra:1 Mem:1957.21M (Peak 1957.21M) | Time:00:00.95 | Mem:0.00M, Peak:0.00M | Scene, ViewLayer | Synchronizing object | longcuian_ceramic
Fra:1 Mem:1957.24M (Peak 1957.24M) | Time:00:00.95 | Mem:0.00M, Peak:0.00M | Scene, ViewLayer | Synchronizing object | longcuian_bamboo.001
Fra:1 Mem:1957.25M (Peak 1957.25M) | Time:00:00.95 | Mem:0.00M, Peak:0.00M | Scene, ViewLayer | Synchronizing object | longcuian_gold.001
Fra:1 Mem:1957.26M (Peak 1957.26M) | Time:00:00.95 | Mem:0.00M, Peak:0.00M | Scene, ViewLayer | Synchronizing object | longcuian_courtbase
Fra:1 Mem:1957.26M (Peak 1957.26M) | Time:00:00.95 | Mem:0.00M, Peak:0.00M | Scene, ViewLayer | Synchronizing object | longcuian_bark
Fra:1 Mem:1957.37M (Peak 1957.39M) | Time:00:00.95 | Mem:0.00M, Peak:0.00M | Scene, ViewLayer | Synchronizing object | longcuian_flower
Fra:1 Mem:1958.48M (Peak 1958.48M) | Time:00:00.95 | Mem:0.00M, Peak:0.00M | Scene, ViewLayer | Synchronizing object | longcuian_leafdark
Fra:1 Mem:1958.52M (Peak 1958.52M) | Time:00:00.95 | Mem:0.00M, Peak:0.00M | Scene, ViewLayer | Synchronizing object | longcuian_canopy_shadow
Fra:1 Mem:1954.99M (Peak 1960.47M) | Time:00:00.95 | Mem:0.00M, Peak:0.00M | Scene, ViewLayer | Synchronizing object | longcuian_canopy
Fra:1 Mem:1956.98M (Peak 1960.47M) | Time:00:00.95 | Mem:0.00M, Peak:0.00M | Scene, ViewLayer | Synchronizing object | longcuian_canopy_light
Fra:1 Mem:1957.36M (Peak 1960.47M) | Time:00:00.95 | Mem:0.00M, Peak:0.00M | Scene, ViewLayer | Synchronizing object | nuanxiangwu_stone
Fra:1 Mem:1957.46M (Peak 1960.47M) | Time:00:00.95 | Mem:0.00M, Peak:0.00M | Scene, ViewLayer | Synchronizing object | nuanxiangwu_cutstone
Fra:1 Mem:1957.62M (Peak 1960.47M) | Time:00:00.95 | Mem:0.00M, Peak:0.00M | Scene, ViewLayer | Synchronizing object | nuanxiangwu_darkwood
Fra:1 Mem:1958.16M (Peak 1960.47M) | Time:00:00.95 | Mem:0.00M, Peak:0.00M | Scene, ViewLayer | Synchronizing object | nuanxiangwu_floorwood
Fra:1 Mem:1958.71M (Peak 1960.47M) | Time:00:00.95 | Mem:0.00M, Peak:0.00M | Scene, ViewLayer | Synchronizing object | nuanxiangwu_wood
Fra:1 Mem:1959.16M (Peak 1960.47M) | Time:00:00.95 | Mem:0.00M, Peak:0.00M | Scene, ViewLayer | Synchronizing object | nuanxiangwu_furniture
Fra:1 Mem:1959.44M (Peak 1960.47M) | Time:00:00.95 | Mem:0.00M, Peak:0.00M | Scene, ViewLayer | Synchronizing object | nuanxiangwu_latticewood.001
Fra:1 Mem:1968.35M (Peak 1968.35M) | Time:00:00.95 | Mem:0.00M, Peak:0.00M | Scene, ViewLayer | Synchronizing object | nuanxiangwu_screen
Fra:1 Mem:1968.49M (Peak 1968.49M) | Time:00:00.95 | Mem:0.00M, Peak:0.00M | Scene, ViewLayer | Synchronizing object | nuanxiangwu_roof
Fra:1 Mem:1969.33M (Peak 1969.33M) | Time:00:00.95 | Mem:0.00M, Peak:0.00M | Scene, ViewLayer | Synchronizing object | nuanxiangwu_tilelight
Fra:1 Mem:1969.63M (Peak 1969.63M) | Time:00:00.95 | Mem:0.00M, Peak:0.00M | Scene, ViewLayer | Synchronizing object | nuanxiangwu_tile
Fra:1 Mem:1969.62M (Peak 1969.63M) | Time:00:00.95 | Mem:0.00M, Peak:0.00M | Scene, ViewLayer | Synchronizing object | nuanxiangwu_tiledark
Fra:1 Mem:1970.50M (Peak 1970.50M) | Time:00:00.95 | Mem:0.00M, Peak:0.00M | Scene, ViewLayer | Synchronizing object | nuanxiangwu_paving
Fra:1 Mem:1971.14M (Peak 1971.14M) | Time:00:00.95 | Mem:0.00M, Peak:0.00M | Scene, ViewLayer | Synchronizing object | nuanxiangwu_paper
Fra:1 Mem:1972.59M (Peak 1972.59M) | Time:00:00.95 | Mem:0.00M, Peak:0.00M | Scene, ViewLayer | Synchronizing object | nuanxiangwu_bookcloth.001
Fra:1 Mem:1972.60M (Peak 1972.60M) | Time:00:00.95 | Mem:0.00M, Peak:0.00M | Scene, ViewLayer | Synchronizing object | nuanxiangwu_ivory.001
Fra:1 Mem:1972.74M (Peak 1972.74M) | Time:00:00.95 | Mem:0.00M, Peak:0.00M | Scene, ViewLayer | Synchronizing object | nuanxiangwu_ink.001
Fra:1 Mem:1972.78M (Peak 1972.78M) | Time:00:00.95 | Mem:0.00M, Peak:0.00M | Scene, ViewLayer | Synchronizing object | nuanxiangwu_bookcover.001
Fra:1 Mem:1972.79M (Peak 1972.79M) | Time:00:00.96 | Mem:0.00M, Peak:0.00M | Scene, ViewLayer | Synchronizing object | nuanxiangwu_ceramic
Fra:1 Mem:1972.79M (Peak 1972.79M) | Time:00:00.96 | Mem:0.00M, Peak:0.00M | Scene, ViewLayer | Synchronizing object | nuanxiangwu_bamboo.001
Fra:1 Mem:1973.49M (Peak 1973.49M) | Time:00:00.96 | Mem:0.00M, Peak:0.00M | Scene, ViewLayer | Synchronizing object | nuanxiangwu_gold.001
Fra:1 Mem:1973.48M (Peak 1973.49M) | Time:00:00.96 | Mem:0.00M, Peak:0.00M | Scene, ViewLayer | Synchronizing object | nuanxiangwu_silk
Fra:1 Mem:1973.48M (Peak 1973.49M) | Time:00:00.96 | Mem:0.00M, Peak:0.00M | Scene, ViewLayer | Synchronizing object | nuanxiangwu_bark
Fra:1 Mem:1973.48M (Peak 1973.49M) | Time:00:00.96 | Mem:0.00M, Peak:0.00M | Scene, ViewLayer | Synchronizing object | nuanxiangwu_creamflower
Fra:1 Mem:1974.06M (Peak 1974.06M) | Time:00:00.96 | Mem:0.00M, Peak:0.00M | Scene, ViewLayer | Synchronizing object | nuanxiangwu_leafdark
Fra:1 Mem:1977.80M (Peak 1977.91M) | Time:00:00.96 | Mem:0.00M, Peak:0.00M | Scene, ViewLayer | Synchronizing object | nuanxiangwu_courtbase
Fra:1 Mem:1982.25M (Peak 1982.25M) | Time:00:00.96 | Mem:0.00M, Peak:0.00M | Scene, ViewLayer | Synchronizing object | landscape_earth.001
Fra:1 Mem:1982.25M (Peak 1982.25M) | Time:00:00.96 | Mem:0.00M, Peak:0.00M | Scene, ViewLayer | Synchronizing object | landscape_bankstone
Fra:1 Mem:1982.29M (Peak 1982.29M) | Time:00:00.96 | Mem:0.00M, Peak:0.00M | Scene, ViewLayer | Synchronizing object | landscape_limestone.001
Fra:1 Mem:1992.50M (Peak 1992.50M) | Time:00:00.96 | Mem:0.00M, Peak:0.00M | Scene, ViewLayer | Synchronizing object | landscape_bark
Fra:1 Mem:1999.13M (Peak 1999.13M) | Time:00:00.96 | Mem:0.00M, Peak:0.00M | Scene, ViewLayer | Synchronizing object | landscape_leaf
Fra:1 Mem:2019.42M (Peak 2019.83M) | Time:00:00.96 | Mem:0.00M, Peak:0.00M | Scene, ViewLayer | Synchronizing object | landscape_bamboo.001
Fra:1 Mem:2022.87M (Peak 2022.87M) | Time:00:00.96 | Mem:0.00M, Peak:0.00M | Scene, ViewLayer | Synchronizing object | landscape_canopy_light
Fra:1 Mem:2043.89M (Peak 2044.65M) | Time:00:00.96 | Mem:0.00M, Peak:0.00M | Scene, ViewLayer | Synchronizing object | landscape_creamflower.001
Fra:1 Mem:2044.04M (Peak 2044.65M) | Time:00:00.96 | Mem:0.00M, Peak:0.00M | Scene, ViewLayer | Synchronizing object | landscape_leafdark
Fra:1 Mem:2062.60M (Peak 2062.60M) | Time:00:00.97 | Mem:0.00M, Peak:0.00M | Scene, ViewLayer | Synchronizing object | landscape_flower.001
Fra:1 Mem:2083.94M (Peak 2084.19M) | Time:00:00.97 | Mem:0.00M, Peak:0.00M | Scene, ViewLayer | Synchronizing object | landscape_plaster
Fra:1 Mem:2102.18M (Peak 2102.68M) | Time:00:00.98 | Mem:0.00M, Peak:0.00M | Scene, ViewLayer | Synchronizing object | landscape_roof
Fra:1 Mem:2102.25M (Peak 2102.68M) | Time:00:00.98 | Mem:0.00M, Peak:0.00M | Scene, ViewLayer | Synchronizing object | landscape_stone.001
Fra:1 Mem:2097.02M (Peak 2103.92M) | Time:00:00.98 | Mem:0.00M, Peak:0.00M | Scene, ViewLayer | Synchronizing object | landscape_tile
Fra:1 Mem:2099.77M (Peak 2103.92M) | Time:00:00.98 | Mem:0.00M, Peak:0.00M | Scene, ViewLayer | Synchronizing object | landscape_paving
Fra:1 Mem:2121.87M (Peak 2121.87M) | Time:00:00.98 | Mem:0.00M, Peak:0.00M | Scene, ViewLayer | Synchronizing object | landscape_wood.001
Fra:1 Mem:2135.30M (Peak 2135.36M) | Time:00:00.99 | Mem:0.00M, Peak:0.00M | Scene, ViewLayer | Synchronizing object | landscape_tilelight
Fra:1 Mem:2139.23M (Peak 2139.23M) | Time:00:00.99 | Mem:0.00M, Peak:0.00M | Scene, ViewLayer | Synchronizing object | Reviewed_Lake_Surface
Fra:1 Mem:2139.34M (Peak 2139.34M) | Time:00:00.99 | Mem:0.00M, Peak:0.00M | Scene, ViewLayer | Synchronizing object | Garden_Sun_Shadow
Fra:1 Mem:2139.34M (Peak 2139.34M) | Time:00:00.99 | Mem:0.00M, Peak:0.00M | Scene, ViewLayer | Synchronizing object | Understory_0001
Fra:1 Mem:2130.68M (Peak 2141.36M) | Time:00:00.99 | Mem:0.00M, Peak:0.00M | Scene, ViewLayer | Synchronizing object | Understory_0000
Fra:1 Mem:2130.80M (Peak 2141.36M) | Time:00:00.99 | Mem:0.00M, Peak:0.00M | Scene, ViewLayer | Synchronizing object | Ground_Cover_0000
Fra:1 Mem:2130.82M (Peak 2141.36M) | Time:00:00.99 | Mem:0.00M, Peak:0.00M | Scene, ViewLayer | Synchronizing object | landscape_tiledark
Fra:1 Mem:2131.31M (Peak 2141.36M) | Time:00:00.99 | Mem:0.00M, Peak:0.00M | Scene, ViewLayer | Synchronizing object | LivingTree_975
Fra:1 Mem:2131.58M (Peak 2141.36M) | Time:00:00.99 | Mem:0.00M, Peak:0.00M | Scene, ViewLayer | Synchronizing object | landscape_darkwood
Fra:1 Mem:2136.76M (Peak 2141.36M) | Time:00:00.99 | Mem:0.00M, Peak:0.00M | Scene, ViewLayer | Synchronizing object | landscape_lantern
Fra:1 Mem:2138.00M (Peak 2141.36M) | Time:00:00.99 | Mem:0.00M, Peak:0.00M | Scene, ViewLayer | Synchronizing object | landscape_gold
Fra:1 Mem:2138.00M (Peak 2141.36M) | Time:00:00.99 | Mem:0.00M, Peak:0.00M | Scene, ViewLayer | Synchronizing object | landscape_lightleaf.001
Fra:1 Mem:2147.21M (Peak 2150.53M) | Time:00:01.00 | Mem:0.00M, Peak:0.00M | Scene, ViewLayer | Synchronizing object | shore_ground_botanical_stem
Fra:1 Mem:2153.45M (Peak 2153.45M) | Time:00:01.00 | Mem:0.00M, Peak:0.00M | Scene, ViewLayer | Synchronizing object | shore_ground_botanical_bamboo.001
Fra:1 Mem:2163.17M (Peak 2165.85M) | Time:00:01.00 | Mem:0.00M, Peak:0.00M | Scene, ViewLayer | Synchronizing object | LivingTree_000
Fra:1 Mem:2168.80M (Peak 2168.80M) | Time:00:01.00 | Mem:0.00M, Peak:0.00M | Scene, ViewLayer | Synchronizing object | LivingTree_005
Fra:1 Mem:2171.30M (Peak 2171.52M) | Time:00:01.00 | Mem:0.00M, Peak:0.00M | Scene, ViewLayer | Synchronizing object | LivingTree_102
Fra:1 Mem:2950.52M (Peak 3023.74M) | Time:00:01.43 | Mem:0.00M, Peak:0.00M | Scene, ViewLayer | Initializing
Fra:1 Mem:2848.98M (Peak 3023.74M) | Time:00:01.46 | Mem:0.00M, Peak:0.00M | Scene, ViewLayer | Updating Images | Loading fern_02_rgba.png.003
Fra:1 Mem:2848.98M (Peak 3023.74M) | Time:00:01.46 | Mem:0.00M, Peak:0.00M | Scene, ViewLayer | Updating Images | Loading r12_stone_nor_gl.001
Fra:1 Mem:2849.99M (Peak 3023.74M) | Time:00:01.48 | Mem:1.00M, Peak:1.00M | Scene, ViewLayer | Updating Images | Loading r12_darkwood_diff.001
Fra:1 Mem:2850.99M (Peak 3023.74M) | Time:00:01.48 | Mem:2.00M, Peak:2.00M | Scene, ViewLayer | Updating Images | Loading r12_darkwood_nor_gl.001
Fra:1 Mem:2851.99M (Peak 3023.74M) | Time:00:01.49 | Mem:3.00M, Peak:3.00M | Scene, ViewLayer | Updating Images | Loading r12_darkwood_rough.001
Fra:1 Mem:2852.99M (Peak 3023.74M) | Time:00:01.49 | Mem:4.00M, Peak:4.00M | Scene, ViewLayer | Updating Images | Loading r12_floorwood_diff.001
Fra:1 Mem:2853.99M (Peak 3023.74M) | Time:00:01.49 | Mem:5.00M, Peak:5.00M | Scene, ViewLayer | Updating Images | Loading r12_floorwood_nor_gl.001
Fra:1 Mem:2854.99M (Peak 3023.74M) | Time:00:01.50 | Mem:6.00M, Peak:6.00M | Scene, ViewLayer | Updating Images | Loading r12_floorwood_rough.001
Fra:1 Mem:2861.00M (Peak 3023.74M) | Time:00:01.50 | Mem:7.00M, Peak:7.00M | Scene, ViewLayer | Updating Images | Loading r12_wood_diff.001
Fra:1 Mem:2863.00M (Peak 3023.74M) | Time:00:01.50 | Mem:8.00M, Peak:8.00M | Scene, ViewLayer | Updating Images | Loading r12_wood_nor_gl.001
Fra:1 Mem:2865.01M (Peak 3023.74M) | Time:00:01.51 | Mem:9.00M, Peak:9.00M | Scene, ViewLayer | Updating Images | Loading r12_wood_rough.001
Fra:1 Mem:2865.01M (Peak 3023.74M) | Time:00:01.51 | Mem:10.00M, Peak:10.00M | Scene, ViewLayer | Updating Images | Loading grass_medium_01_nor_gl
Fra:1 Mem:2865.00M (Peak 3023.74M) | Time:00:01.51 | Mem:11.00M, Peak:11.00M | Scene, ViewLayer | Updating Images | Loading r12_furniture_diff.001
Fra:1 Mem:2880.02M (Peak 3023.74M) | Time:00:01.51 | Mem:12.00M, Peak:12.00M | Scene, ViewLayer | Updating Images | Loading r12_furniture_nor_gl.001
Fra:1 Mem:2880.01M (Peak 3023.74M) | Time:00:01.51 | Mem:13.00M, Peak:13.00M | Scene, ViewLayer | Updating Images | Loading r12_furniture_rough.001
Fra:1 Mem:2880.00M (Peak 3023.74M) | Time:00:01.51 | Mem:14.00M, Peak:14.00M | Scene, ViewLayer | Updating Images | Loading r12_latticewood_diff.001
Fra:1 Mem:2881.00M (Peak 3023.74M) | Time:00:01.51 | Mem:15.00M, Peak:15.00M | Scene, ViewLayer | Updating Images | Loading r12_latticewood_nor_gl.001
Fra:1 Mem:2883.01M (Peak 3023.74M) | Time:00:01.51 | Mem:16.00M, Peak:16.00M | Scene, ViewLayer | Updating Images | Loading r12_latticewood_rough.001
Fra:1 Mem:2883.01M (Peak 3023.74M) | Time:00:01.51 | Mem:17.00M, Peak:17.00M | Scene, ViewLayer | Updating Images | Loading r12_roof_diff.001
Fra:1 Mem:2894.00M (Peak 3023.74M) | Time:00:01.51 | Mem:18.00M, Peak:18.00M | Scene, ViewLayer | Updating Images | Loading r12_roof_nor_gl.001
Fra:1 Mem:2896.01M (Peak 3023.74M) | Time:00:01.51 | Mem:19.00M, Peak:19.00M | Scene, ViewLayer | Updating Images | Loading r12_roof_rough.001
Fra:1 Mem:2895.00M (Peak 3023.74M) | Time:00:01.51 | Mem:20.00M, Peak:20.00M | Scene, ViewLayer | Updating Images | Loading r12_tilelight_diff.001
Fra:1 Mem:2897.00M (Peak 3023.74M) | Time:00:01.52 | Mem:21.00M, Peak:21.00M | Scene, ViewLayer | Updating Images | Loading r12_tilelight_nor_gl.001
Fra:1 Mem:2898.00M (Peak 3023.74M) | Time:00:01.52 | Mem:22.00M, Peak:22.00M | Scene, ViewLayer | Updating Images | Loading r12_tilelight_rough.001
Fra:1 Mem:2899.00M (Peak 3023.74M) | Time:00:01.52 | Mem:23.00M, Peak:23.00M | Scene, ViewLayer | Updating Images | Loading r12_tile_diff.001
Fra:1 Mem:2904.01M (Peak 3023.74M) | Time:00:01.52 | Mem:26.00M, Peak:26.00M | Scene, ViewLayer | Updating Images | Loading r12_tile_nor_gl.001
Fra:1 Mem:2901.00M (Peak 3023.74M) | Time:00:01.52 | Mem:30.00M, Peak:30.00M | Scene, ViewLayer | Updating Images | Loading grass_medium_01_rough
Fra:1 Mem:2906.01M (Peak 3023.74M) | Time:00:01.52 | Mem:30.00M, Peak:30.00M | Scene, ViewLayer | Updating Images | Loading r12_tile_rough.001
Fra:1 Mem:2907.01M (Peak 3023.74M) | Time:00:01.52 | Mem:30.00M, Peak:30.00M | Scene, ViewLayer | Updating Images | Loading r12_tiledark_diff.001
Fra:1 Mem:2908.01M (Peak 3023.74M) | Time:00:01.52 | Mem:30.00M, Peak:30.00M | Scene, ViewLayer | Updating Images | Loading r12_tiledark_nor_gl.001
Fra:1 Mem:2907.00M (Peak 3023.74M) | Time:00:01.52 | Mem:31.00M, Peak:31.00M | Scene, ViewLayer | Updating Images | Loading r12_tiledark_rough.001
Fra:1 Mem:2909.00M (Peak 3023.74M) | Time:00:01.52 | Mem:32.00M, Peak:32.00M | Scene, ViewLayer | Updating Images | Loading rock_moss_set_01_diff
Fra:1 Mem:2914.01M (Peak 3023.74M) | Time:00:01.52 | Mem:33.00M, Peak:33.00M | Scene, ViewLayer | Updating Images | Loading rock_moss_set_01_nor_gl
Fra:1 Mem:2917.00M (Peak 3023.74M) | Time:00:01.52 | Mem:34.00M, Peak:34.00M | Scene, ViewLayer | Updating Images | Loading r12_paving_diff.001
Fra:1 Mem:2917.00M (Peak 3023.74M) | Time:00:01.52 | Mem:35.00M, Peak:35.00M | Scene, ViewLayer | Updating Images | Loading r12_paving_nor_gl.001
Fra:1 Mem:2920.01M (Peak 3023.74M) | Time:00:01.53 | Mem:36.00M, Peak:36.00M | Scene, ViewLayer | Updating Images | Loading r12_paving_rough.001
Fra:1 Mem:2921.01M (Peak 3023.74M) | Time:00:01.53 | Mem:37.00M, Peak:37.00M | Scene, ViewLayer | Updating Images | Loading r12_gardenstone_diff
Fra:1 Mem:2922.01M (Peak 3023.74M) | Time:00:01.53 | Mem:39.00M, Peak:39.00M | Scene, ViewLayer | Updating Images | Loading r12_gardenstone_nor_gl
Fra:1 Mem:2921.00M (Peak 3023.74M) | Time:00:01.53 | Mem:40.00M, Peak:40.00M | Scene, ViewLayer | Updating Images | Loading r12_gardenstone_rough
Fra:1 Mem:2927.01M (Peak 3023.74M) | Time:00:01.53 | Mem:41.00M, Peak:41.00M | Scene, ViewLayer | Updating Images | Loading worn_mossy_plasterwall.jpg
Fra:1 Mem:2928.01M (Peak 3023.74M) | Time:00:01.53 | Mem:45.00M, Peak:45.00M | Scene, ViewLayer | Updating Images | Loading grass_medium_01_diff-grass_medium_01_alpha
Fra:1 Mem:2931.00M (Peak 3023.74M) | Time:00:01.53 | Mem:46.00M, Peak:46.00M | Scene, ViewLayer | Updating Images | Loading r12_bankstone_diff.001
Fra:1 Mem:2928.01M (Peak 3023.74M) | Time:00:01.53 | Mem:47.00M, Peak:47.00M | Scene, ViewLayer | Updating Images | Loading r12_bankstone_nor_gl.001
Fra:1 Mem:2925.00M (Peak 3023.74M) | Time:00:01.53 | Mem:51.00M, Peak:51.00M | Scene, ViewLayer | Updating Images | Loading r12_bankstone_rough.001
Fra:1 Mem:2927.01M (Peak 3023.74M) | Time:00:01.53 | Mem:55.00M, Peak:55.00M | Scene, ViewLayer | Updating Images | Loading petal.png.001
Fra:1 Mem:2926.00M (Peak 3023.74M) | Time:00:01.53 | Mem:56.00M, Peak:56.00M | Scene, ViewLayer | Updating Images | Loading bamboo.png.001
Fra:1 Mem:2927.20M (Peak 3023.74M) | Time:00:01.54 | Mem:56.06M, Peak:56.06M | Scene, ViewLayer | Updating Images | Loading stem.png.001
Fra:1 Mem:2926.19M (Peak 3023.74M) | Time:00:01.54 | Mem:57.06M, Peak:57.06M | Scene, ViewLayer | Updating Images | Loading banana.png.001
Fra:1 Mem:2924.95M (Peak 3023.74M) | Time:00:01.54 | Mem:57.19M, Peak:57.19M | Scene, ViewLayer | Updating Images | Loading litter.png.001
Fra:1 Mem:2924.82M (Peak 3023.74M) | Time:00:01.54 | Mem:57.31M, Peak:57.31M | Scene, ViewLayer | Updating Images | Loading r12_courtbase_diff.001
Fra:1 Mem:2934.89M (Peak 3023.74M) | Time:00:01.54 | Mem:57.38M, Peak:57.38M | Scene, ViewLayer | Updating Images | Loading r12_courtbase_nor_gl.001
Fra:1 Mem:2935.39M (Peak 3023.74M) | Time:00:01.54 | Mem:58.38M, Peak:58.38M | Scene, ViewLayer | Updating Images | Loading r12_courtbase_rough.001
Fra:1 Mem:2935.88M (Peak 3023.74M) | Time:00:01.54 | Mem:58.88M, Peak:58.88M | Scene, ViewLayer | Updating Images | Loading island_tree_02_diff
Fra:1 Mem:2946.92M (Peak 3023.74M) | Time:00:01.54 | Mem:59.88M, Peak:59.88M | Scene, ViewLayer | Updating Images | Loading island_tree_02_rough
Fra:1 Mem:2949.91M (Peak 3023.74M) | Time:00:01.54 | Mem:60.88M, Peak:60.88M | Scene, ViewLayer | Updating Images | Loading island_tree_02_nor_gl
Fra:1 Mem:2952.90M (Peak 3023.74M) | Time:00:01.54 | Mem:61.88M, Peak:61.88M | Scene, ViewLayer | Updating Images | Loading island_tree_02_leaves_diff-island_tree_02_leaves_alpha
Fra:1 Mem:2952.89M (Peak 3023.74M) | Time:00:01.54 | Mem:65.88M, Peak:65.88M | Scene, ViewLayer | Updating Images | Loading pine_sapling_small_twig_rgba.png.004
Fra:1 Mem:2951.88M (Peak 3023.74M) | Time:00:01.54 | Mem:66.88M, Peak:66.88M | Scene, ViewLayer | Updating Images | Loading island_tree_02_leaves_rough
Fra:1 Mem:2948.13M (Peak 3023.74M) | Time:00:01.54 | Mem:74.88M, Peak:74.88M | Scene, ViewLayer | Updating Images | Loading island_tree_02_leaves_nor_gl
Fra:1 Mem:2952.13M (Peak 3023.74M) | Time:00:01.54 | Mem:75.12M, Peak:75.12M | Scene, ViewLayer | Updating Images | Loading pine_sapling_small_twig_nor_gl
Fra:1 Mem:2960.13M (Peak 3023.74M) | Time:00:01.55 | Mem:79.12M, Peak:79.12M | Scene, ViewLayer | Updating Images | Loading island_tree_02_leaves_rgba.png.004
Fra:1 Mem:2956.38M (Peak 3023.74M) | Time:00:01.55 | Mem:83.12M, Peak:83.12M | Scene, ViewLayer | Updating Images | Loading island_tree_02_branches_diff
Fra:1 Mem:2964.38M (Peak 3023.74M) | Time:00:01.55 | Mem:83.38M, Peak:83.38M | Scene, ViewLayer | Updating Images | Loading island_tree_02_branches_rough
Fra:1 Mem:2964.38M (Peak 3023.74M) | Time:00:01.55 | Mem:87.38M, Peak:87.38M | Scene, ViewLayer | Updating Images | Loading island_tree_02_branches_nor_gl
Fra:1 Mem:2968.38M (Peak 3023.74M) | Time:00:01.55 | Mem:91.38M, Peak:91.38M | Scene, ViewLayer | Updating Images | Loading island_tree_01_diff
Fra:1 Mem:2980.39M (Peak 3023.74M) | Time:00:01.56 | Mem:95.38M, Peak:95.38M | Scene, ViewLayer | Updating Images | Loading island_tree_01_rough
Fra:1 Mem:2984.39M (Peak 3023.74M) | Time:00:01.56 | Mem:99.38M, Peak:99.38M | Scene, ViewLayer | Updating Images | Loading island_tree_01_nor_gl
Fra:1 Mem:2984.38M (Peak 3023.74M) | Time:00:01.56 | Mem:103.38M, Peak:103.38M | Scene, ViewLayer | Updating Images | Loading island_tree_01_leaves_diff-island_tree_01_leaves_alpha
Fra:1 Mem:2988.38M (Peak 3023.74M) | Time:00:01.56 | Mem:107.38M, Peak:107.38M | Scene, ViewLayer | Updating Images | Loading pine_sapling_small_twig_rough
Fra:1 Mem:2988.38M (Peak 3023.74M) | Time:00:01.56 | Mem:111.38M, Peak:111.38M | Scene, ViewLayer | Updating Images | Loading island_tree_01_leaves_rough
Fra:1 Mem:3000.39M (Peak 3023.74M) | Time:00:01.57 | Mem:115.38M, Peak:115.38M | Scene, ViewLayer | Updating Images | Loading island_tree_01_leaves_nor_gl
Fra:1 Mem:3000.38M (Peak 3023.74M) | Time:00:01.57 | Mem:119.38M, Peak:119.38M | Scene, ViewLayer | Updating Images | Loading island_tree_01_leaves_rgba.png.009
Fra:1 Mem:2996.63M (Peak 3023.74M) | Time:00:01.57 | Mem:123.38M, Peak:123.38M | Scene, ViewLayer | Updating Images | Loading island_tree_01_branches_diff
Fra:1 Mem:3000.63M (Peak 3023.74M) | Time:00:01.57 | Mem:127.38M, Peak:127.38M | Scene, ViewLayer | Updating Images | Loading pine_sapling_small_twig_diff
Fra:1 Mem:3012.64M (Peak 3023.74M) | Time:00:01.57 | Mem:127.62M, Peak:127.62M | Scene, ViewLayer | Updating Images | Loading island_tree_01_branches_rough
Fra:1 Mem:3016.64M (Peak 3023.74M) | Time:00:01.57 | Mem:131.62M, Peak:131.62M | Scene, ViewLayer | Updating Images | Loading island_tree_01_branches_nor_gl
Fra:1 Mem:3016.63M (Peak 3023.74M) | Time:00:01.57 | Mem:135.62M, Peak:135.62M | Scene, ViewLayer | Updating Images | Loading island_tree_01_leaves_rgba.png.008
Fra:1 Mem:3012.88M (Peak 3023.74M) | Time:00:01.57 | Mem:139.62M, Peak:139.62M | Scene, ViewLayer | Updating Images | Loading pine_sapling_small_bark_diff
Fra:1 Mem:3016.88M (Peak 3023.74M) | Time:00:01.57 | Mem:139.88M, Peak:139.88M | Scene, ViewLayer | Updating Images | Loading pine_sapling_small_bark_rough
Fra:1 Mem:3020.88M (Peak 3024.89M) | Time:00:01.57 | Mem:143.88M, Peak:143.88M | Scene, ViewLayer | Updating Images | Loading pine_sapling_small_bark_nor_gl
Fra:1 Mem:2801.23M (Peak 3032.89M) | Time:00:01.64 | Mem:175.88M, Peak:175.88M | Scene, ViewLayer | Waiting for render to start
Fra:1 Mem:2801.23M (Peak 3032.89M) | Time:00:01.64 | Mem:175.88M, Peak:175.88M | Scene, ViewLayer | Updating Scene
Fra:1 Mem:2801.23M (Peak 3032.89M) | Time:00:01.64 | Mem:175.88M, Peak:175.88M | Scene, ViewLayer | Updating Shaders
Fra:1 Mem:2801.24M (Peak 3032.89M) | Time:00:01.64 | Mem:175.88M, Peak:175.88M | Scene, ViewLayer | Loading render kernels (may take a few minutes the first time)
Fra:1 Mem:2801.36M (Peak 3032.89M) | Time:00:01.64 | Mem:175.92M, Peak:175.92M | Scene, ViewLayer | Updating Procedurals
Fra:1 Mem:2801.36M (Peak 3032.89M) | Time:00:01.64 | Mem:175.92M, Peak:175.92M | Scene, ViewLayer | Updating Background
Fra:1 Mem:2801.36M (Peak 3032.89M) | Time:00:01.64 | Mem:175.92M, Peak:175.92M | Scene, ViewLayer | Updating Camera
Fra:1 Mem:2801.36M (Peak 3032.89M) | Time:00:01.64 | Mem:175.92M, Peak:175.92M | Scene, ViewLayer | Updating Meshes Flags
Fra:1 Mem:2801.36M (Peak 3032.89M) | Time:00:01.64 | Mem:175.92M, Peak:175.92M | Scene, ViewLayer | Updating Objects
Fra:1 Mem:2801.36M (Peak 3032.89M) | Time:00:01.64 | Mem:175.92M, Peak:175.92M | Scene, ViewLayer | Updating Objects | Copying Transformations to device
Fra:1 Mem:2804.68M (Peak 3032.89M) | Time:00:01.64 | Mem:179.13M, Peak:179.13M | Scene, ViewLayer | Updating Particle Systems
Fra:1 Mem:2804.68M (Peak 3032.89M) | Time:00:01.64 | Mem:179.13M, Peak:179.13M | Scene, ViewLayer | Updating Particle Systems | Copying Particles to device
Fra:1 Mem:2804.68M (Peak 3032.89M) | Time:00:01.64 | Mem:179.13M, Peak:179.13M | Scene, ViewLayer | Updating Meshes
Fra:1 Mem:3237.88M (Peak 3237.88M) | Time:00:05.44 | Mem:179.13M, Peak:179.13M | Scene, ViewLayer | Updating Objects | Applying Static Transformations
Fra:1 Mem:3237.88M (Peak 3237.88M) | Time:00:05.45 | Mem:179.13M, Peak:179.13M | Scene, ViewLayer | Updating Mesh | Computing attributes
Fra:1 Mem:3995.81M (Peak 3995.81M) | Time:00:05.69 | Mem:179.17M, Peak:179.17M | Scene, ViewLayer | Updating Mesh | Copying Attributes to device
Fra:1 Mem:3994.92M (Peak 3995.81M) | Time:00:05.69 | Mem:936.17M, Peak:936.17M | Scene, ViewLayer | Updating Geometry BVH Plane.016 8/7 | Building BVH
Fra:1 Mem:3994.92M (Peak 3995.81M) | Time:00:05.70 | Mem:936.17M, Peak:936.17M | Scene, ViewLayer | Updating Geometry BVH Plane.043 6/7 | Building BVH
Fra:1 Mem:3994.92M (Peak 3995.81M) | Time:00:05.70 | Mem:936.17M, Peak:936.17M | Scene, ViewLayer | Updating Geometry BVH Plane.015 7/7 | Building BVH
Fra:1 Mem:3994.92M (Peak 3995.81M) | Time:00:05.70 | Mem:936.17M, Peak:936.17M | Scene, ViewLayer | Updating Geometry BVH pine_sapling_small_a 5/7 | Building BVH
Fra:1 Mem:3994.92M (Peak 3995.81M) | Time:00:05.70 | Mem:936.17M, Peak:936.17M | Scene, ViewLayer | Updating Geometry BVH mesh.001 2/7 | Building BVH
Fra:1 Mem:3994.92M (Peak 3995.81M) | Time:00:05.70 | Mem:936.17M, Peak:936.17M | Scene, ViewLayer | Updating Geometry BVH island_trees_01_blockout_cleaned.002 3/7 | Building BVH
Fra:1 Mem:3994.92M (Peak 3995.81M) | Time:00:05.70 | Mem:936.17M, Peak:936.17M | Scene, ViewLayer | Updating Geometry BVH island_trees_01_blockout_cleaned.001 4/7 | Building BVH
Fra:1 Mem:3994.92M (Peak 3995.81M) | Time:00:05.70 | Mem:1070.91M, Peak:1070.91M | Scene, ViewLayer | Updating Geometry BVH island_trees_01_blockout_cleaned.001 4/7 | Building BVH 0%
Fra:1 Mem:3994.92M (Peak 3995.81M) | Time:00:05.90 | Mem:1235.84M, Peak:1284.65M | Scene, ViewLayer | Updating Scene BVH | Building
Fra:1 Mem:3995.03M (Peak 3995.81M) | Time:00:05.90 | Mem:1235.84M, Peak:1284.65M | Scene, ViewLayer | Updating Scene BVH | Building BVH
Fra:1 Mem:3995.03M (Peak 3995.81M) | Time:00:05.96 | Mem:1422.40M, Peak:1422.40M | Scene, ViewLayer | Updating Scene BVH | Building BVH 0%
Fra:1 Mem:3995.03M (Peak 3995.81M) | Time:00:06.21 | Mem:1620.02M, Peak:1798.40M | Scene, ViewLayer | Updating Scene BVH | Copying BVH to device
Fra:1 Mem:3995.03M (Peak 3995.81M) | Time:00:06.21 | Mem:1620.02M, Peak:1798.40M | Scene, ViewLayer | Updating Mesh | Computing normals
Fra:1 Mem:4345.44M (Peak 4345.44M) | Time:00:06.37 | Mem:1620.02M, Peak:1798.40M | Scene, ViewLayer | Updating Mesh | Copying Mesh to device
Fra:1 Mem:4345.44M (Peak 4345.44M) | Time:00:06.37 | Mem:1970.44M, Peak:1970.44M | Scene, ViewLayer | Updating Objects Flags
Fra:1 Mem:4345.44M (Peak 4345.44M) | Time:00:06.37 | Mem:1970.55M, Peak:1970.55M | Scene, ViewLayer | Updating Primitive Offsets
Fra:1 Mem:4345.50M (Peak 4345.50M) | Time:00:06.37 | Mem:1970.60M, Peak:1970.60M | Scene, ViewLayer | Updating Images
Fra:1 Mem:4333.50M (Peak 4345.50M) | Time:00:06.37 | Mem:1958.60M, Peak:1970.60M | Scene, ViewLayer | Updating Camera Volume
Fra:1 Mem:4333.50M (Peak 4345.50M) | Time:00:06.37 | Mem:1958.60M, Peak:1970.60M | Scene, ViewLayer | Updating Lookup Tables
Fra:1 Mem:4333.50M (Peak 4345.50M) | Time:00:06.37 | Mem:1958.68M, Peak:1970.60M | Scene, ViewLayer | Updating Lights
Fra:1 Mem:4333.50M (Peak 4345.50M) | Time:00:06.38 | Mem:1958.68M, Peak:1970.60M | Scene, ViewLayer | Updating Lights | Importance map
Fra:1 Mem:4397.53M (Peak 4685.50M) | Time:00:06.61 | Mem:2022.72M, Peak:2182.69M | Scene, ViewLayer | Updating Lights | Computing tree
Fra:1 Mem:4397.64M (Peak 4685.50M) | Time:00:06.61 | Mem:2022.83M, Peak:2182.69M | Scene, ViewLayer | Updating Integrator
Fra:1 Mem:4397.64M (Peak 4685.50M) | Time:00:06.61 | Mem:2022.83M, Peak:2182.69M | Scene, ViewLayer | Updating Film
Fra:1 Mem:4397.64M (Peak 4685.50M) | Time:00:06.61 | Mem:2022.75M, Peak:2182.69M | Scene, ViewLayer | Updating Lookup Tables
Fra:1 Mem:4397.64M (Peak 4685.50M) | Time:00:06.61 | Mem:2022.83M, Peak:2182.69M | Scene, ViewLayer | Updating Baking
Fra:1 Mem:4397.64M (Peak 4685.50M) | Time:00:06.61 | Mem:2022.83M, Peak:2182.69M | Scene, ViewLayer | Updating Device | Writing constant memory
Fra:1 Mem:4397.86M (Peak 4685.50M) | Time:00:06.62 | Mem:2022.83M, Peak:2182.69M | Scene, ViewLayer | Loading denoising kernels (may take a few minutes the first time)
Fra:1 Mem:4397.86M (Peak 4685.50M) | Time:00:06.62 | Mem:2022.83M, Peak:2182.69M | Scene, ViewLayer | Sample 0/16
Fra:1 Mem:4701.95M (Peak 4701.95M) | Time:00:11.68 | Remaining:01:15.91 | Mem:2326.83M, Peak:2326.83M | Scene, ViewLayer | Sample 1/16
Fra:1 Mem:4701.95M (Peak 4701.95M) | Time:00:49.93 | Remaining:00:33.68 | Mem:2326.83M, Peak:2326.83M | Scene, ViewLayer | Sample 9/16
Fra:1 Mem:4829.95M (Peak 5021.95M) | Time:01:39.32 | Mem:2326.83M, Peak:2326.83M | Scene, ViewLayer | Sample 16/16
Fra:1 Mem:4829.95M (Peak 5021.95M) | Time:01:39.32 | Mem:2326.83M, Peak:2326.83M | Scene, ViewLayer | Finished
Saved: 'D:\Users\Lenovo\Desktop\澶ц鍥璡assets\processed\landscape-r12\light.next.png'
Time: 01:40.00 (Saving: 00:00.39)

LANDSCAPE SHADOW RENDER COMPLETE

Blender quit
Landscape shadow atlas: 399254 bytes
Info: Saved as "daguanyuan_master.blend"
GEOMETRY SURFACE MASK 507974
Blender 4.5.9 LTS (hash 8bf95cbd38d1 built 2026-04-21 01:33:45)
Read blend: "D:\Users\Lenovo\Desktop\澶ц鍥璡blender\daguanyuan_master.blend"

Blender quit
