Blender 4.5.9 LTS (hash 8bf95cbd38d1 built 2026-04-21 01:33:45)
Read blend: "D:\Users\Lenovo\Desktop\大观园\blender\daguanyuan_master.blend"
Fra:1 Mem:1639.49M (Peak 1907.14M) | Time:00:01.43 | Mem:0.00M, Peak:0.00M | Scene, ViewLayer | Synchronizing object | daguanyuan_gate_stone.001
Fra:1 Mem:1639.49M (Peak 1907.14M) | Time:00:01.43 | Mem:0.00M, Peak:0.00M | Scene, ViewLayer | Synchronizing object | daguanyuan_gate_cutstone
Fra:1 Mem:1639.49M (Peak 1907.14M) | Time:00:01.43 | Mem:0.00M, Peak:0.00M | Scene, ViewLayer | Synchronizing object | daguanyuan_gate_floorwood
Fra:1 Mem:1639.50M (Peak 1907.14M) | Time:00:01.43 | Mem:0.00M, Peak:0.00M | Scene, ViewLayer | Synchronizing object | daguanyuan_gate_furniture
Fra:1 Mem:1639.50M (Peak 1907.14M) | Time:00:01.43 | Mem:0.00M, Peak:0.00M | Scene, ViewLayer | Synchronizing object | daguanyuan_gate_latticewood.001
Fra:1 Mem:1641.20M (Peak 1907.14M) | Time:00:01.44 | Mem:0.00M, Peak:0.00M | Scene, ViewLayer | Synchronizing object | daguanyuan_gate_screen
Fra:1 Mem:1641.44M (Peak 1907.14M) | Time:00:01.44 | Mem:0.00M, Peak:0.00M | Scene, ViewLayer | Synchronizing object | daguanyuan_gate_roof.001
Fra:1 Mem:1642.33M (Peak 1907.14M) | Time:00:01.44 | Mem:0.00M, Peak:0.00M | Scene, ViewLayer | Synchronizing object | daguanyuan_gate_tilelight.001
Fra:1 Mem:1642.36M (Peak 1907.14M) | Time:00:01.44 | Mem:0.00M, Peak:0.00M | Scene, ViewLayer | Synchronizing object | daguanyuan_gate_tile.001
Fra:1 Mem:1642.41M (Peak 1907.14M) | Time:00:01.44 | Mem:0.00M, Peak:0.00M | Scene, ViewLayer | Synchronizing object | daguanyuan_gate_limestone.001
Fra:1 Mem:1643.15M (Peak 1907.14M) | Time:00:01.44 | Mem:0.00M, Peak:0.00M | Scene, ViewLayer | Synchronizing object | daguanyuan_gate_paving.001
Fra:1 Mem:1643.66M (Peak 1907.14M) | Time:00:01.44 | Mem:0.00M, Peak:0.00M | Scene, ViewLayer | Synchronizing object | r15_daguanyuan_gate_enclosure_wall
Fra:1 Mem:1644.54M (Peak 1907.14M) | Time:00:01.44 | Mem:0.00M, Peak:0.00M | Scene, ViewLayer | Synchronizing object | r15_daguanyuan_gate_enclosure_paper
Fra:1 Mem:1645.57M (Peak 1907.14M) | Time:00:01.44 | Mem:0.00M, Peak:0.00M | Scene, ViewLayer | Synchronizing object | r15_daguanyuan_gate_enclosure_lacquer
Fra:1 Mem:1647.09M (Peak 1907.14M) | Time:00:01.44 | Mem:0.00M, Peak:0.00M | Scene, ViewLayer | Synchronizing object | r15_daguanyuan_gate_enclosure_ceiling
Fra:1 Mem:1647.27M (Peak 1907.14M) | Time:00:01.44 | Mem:0.00M, Peak:0.00M | Scene, ViewLayer | Synchronizing object | r15_daguanyuan_gate_enclosure_blue
Fra:1 Mem:1647.32M (Peak 1907.14M) | Time:00:01.44 | Mem:0.00M, Peak:0.00M | Scene, ViewLayer | Synchronizing object | r15_daguanyuan_gate_enclosure_gold
Fra:1 Mem:1647.90M (Peak 1907.14M) | Time:00:01.44 | Mem:0.00M, Peak:0.00M | Scene, ViewLayer | Synchronizing object | qujingtongyou_gardenstone
Fra:1 Mem:1648.60M (Peak 1907.14M) | Time:00:01.44 | Mem:0.00M, Peak:0.00M | Scene, ViewLayer | Synchronizing object | qujingtongyou_limestone.001
Fra:1 Mem:1649.64M (Peak 1907.14M) | Time:00:01.44 | Mem:0.00M, Peak:0.00M | Scene, ViewLayer | Synchronizing object | qujingtongyou_bark
Fra:1 Mem:1649.86M (Peak 1907.14M) | Time:00:01.44 | Mem:0.00M, Peak:0.00M | Scene, ViewLayer | Synchronizing object | qujingtongyou_canopy_shadow
Fra:1 Mem:1649.91M (Peak 1907.14M) | Time:00:01.44 | Mem:0.00M, Peak:0.00M | Scene, ViewLayer | Synchronizing object | qujingtongyou_canopy
Fra:1 Mem:1650.04M (Peak 1907.14M) | Time:00:01.44 | Mem:0.00M, Peak:0.00M | Scene, ViewLayer | Synchronizing object | qujingtongyou_canopy_light
Fra:1 Mem:1650.32M (Peak 1907.14M) | Time:00:01.44 | Mem:0.00M, Peak:0.00M | Scene, ViewLayer | Synchronizing object | xiaoxiangguan_plaster
Fra:1 Mem:1650.96M (Peak 1907.14M) | Time:00:01.44 | Mem:0.00M, Peak:0.00M | Scene, ViewLayer | Synchronizing object | xiaoxiangguan_roof
Fra:1 Mem:1651.10M (Peak 1907.14M) | Time:00:01.44 | Mem:0.00M, Peak:0.00M | Scene, ViewLayer | Synchronizing object | xiaoxiangguan_stone
Fra:1 Mem:1651.07M (Peak 1907.14M) | Time:00:01.44 | Mem:0.00M, Peak:0.00M | Scene, ViewLayer | Synchronizing object | xiaoxiangguan_cutstone
Fra:1 Mem:1652.05M (Peak 1907.14M) | Time:00:01.44 | Mem:0.00M, Peak:0.00M | Scene, ViewLayer | Synchronizing object | xiaoxiangguan_darkwood
Fra:1 Mem:1652.66M (Peak 1907.14M) | Time:00:01.44 | Mem:0.00M, Peak:0.00M | Scene, ViewLayer | Synchronizing object | xiaoxiangguan_floorwood
Fra:1 Mem:1653.63M (Peak 1907.14M) | Time:00:01.44 | Mem:0.00M, Peak:0.00M | Scene, ViewLayer | Synchronizing object | xiaoxiangguan_wood
Fra:1 Mem:1655.65M (Peak 1907.14M) | Time:00:01.44 | Mem:0.00M, Peak:0.00M | Scene, ViewLayer | Synchronizing object | xiaoxiangguan_latticewood.001
Fra:1 Mem:1658.52M (Peak 1907.14M) | Time:00:01.44 | Mem:0.00M, Peak:0.00M | Scene, ViewLayer | Synchronizing object | xiaoxiangguan_tilelight.001
Fra:1 Mem:1658.52M (Peak 1907.14M) | Time:00:01.44 | Mem:0.00M, Peak:0.00M | Scene, ViewLayer | Synchronizing object | xiaoxiangguan_tiledark.001
Fra:1 Mem:1660.68M (Peak 1907.14M) | Time:00:01.44 | Mem:0.00M, Peak:0.00M | Scene, ViewLayer | Synchronizing object | xiaoxiangguan_paving.001
Fra:1 Mem:1661.09M (Peak 1907.14M) | Time:00:01.44 | Mem:0.00M, Peak:0.00M | Scene, ViewLayer | Synchronizing object | xiaoxiangguan_bookcloth.001
Fra:1 Mem:1662.30M (Peak 1907.14M) | Time:00:01.44 | Mem:0.00M, Peak:0.00M | Scene, ViewLayer | Synchronizing object | xiaoxiangguan_water.001
Fra:1 Mem:1663.48M (Peak 1907.14M) | Time:00:01.44 | Mem:0.00M, Peak:0.00M | Scene, ViewLayer | Synchronizing object | xiaoxiangguan_bankstone
Fra:1 Mem:1664.32M (Peak 1907.14M) | Time:00:01.44 | Mem:0.00M, Peak:0.00M | Scene, ViewLayer | Synchronizing object | xiaoxiangguan_furniture
Fra:1 Mem:1663.77M (Peak 1907.14M) | Time:00:01.44 | Mem:0.00M, Peak:0.00M | Scene, ViewLayer | Synchronizing object | xiaoxiangguan_paper
Fra:1 Mem:1664.12M (Peak 1907.14M) | Time:00:01.44 | Mem:0.00M, Peak:0.00M | Scene, ViewLayer | Synchronizing object | xiaoxiangguan_ivory.001
Fra:1 Mem:1664.39M (Peak 1907.14M) | Time:00:01.44 | Mem:0.00M, Peak:0.00M | Scene, ViewLayer | Synchronizing object | xiaoxiangguan_ink.001
Fra:1 Mem:1664.43M (Peak 1907.14M) | Time:00:01.44 | Mem:0.00M, Peak:0.00M | Scene, ViewLayer | Synchronizing object | xiaoxiangguan_bookcover.001
Fra:1 Mem:1664.93M (Peak 1907.14M) | Time:00:01.44 | Mem:0.00M, Peak:0.00M | Scene, ViewLayer | Synchronizing object | xiaoxiangguan_ceramic.001
Fra:1 Mem:1664.91M (Peak 1907.14M) | Time:00:01.44 | Mem:0.00M, Peak:0.00M | Scene, ViewLayer | Synchronizing object | xiaoxiangguan_gold
Fra:1 Mem:1664.94M (Peak 1907.14M) | Time:00:01.44 | Mem:0.00M, Peak:0.00M | Scene, ViewLayer | Synchronizing object | xiaoxiangguan_silk
Fra:1 Mem:1664.99M (Peak 1907.14M) | Time:00:01.44 | Mem:0.00M, Peak:0.00M | Scene, ViewLayer | Synchronizing object | xiaoxiangguan_lantern
Fra:1 Mem:1665.01M (Peak 1907.14M) | Time:00:01.44 | Mem:0.00M, Peak:0.00M | Scene, ViewLayer | Synchronizing object | xiaoxiangguan_focal_bark
Fra:1 Mem:1664.86M (Peak 1907.14M) | Time:00:01.44 | Mem:0.00M, Peak:0.00M | Scene, ViewLayer | Synchronizing object | xiaoxiangguan_focal_botanical_petal
Fra:1 Mem:1664.88M (Peak 1907.14M) | Time:00:01.44 | Mem:0.00M, Peak:0.00M | Scene, ViewLayer | Synchronizing object | xiaoxiangguan_focal_botanical_bamboo
Fra:1 Mem:1664.99M (Peak 1907.14M) | Time:00:01.44 | Mem:0.00M, Peak:0.00M | Scene, ViewLayer | Synchronizing object | xiaoxiangguan_focal_botanical_stem
Fra:1 Mem:1669.51M (Peak 1907.14M) | Time:00:01.44 | Mem:0.00M, Peak:0.00M | Scene, ViewLayer | Synchronizing object | xiaoxiangguan_focal_botanical_banana
Fra:1 Mem:1670.93M (Peak 1907.14M) | Time:00:01.44 | Mem:0.00M, Peak:0.00M | Scene, ViewLayer | Synchronizing object | xiaoxiangguan_focal_bamboo
Fra:1 Mem:1671.37M (Peak 1907.14M) | Time:00:01.44 | Mem:0.00M, Peak:0.00M | Scene, ViewLayer | Synchronizing object | xiaoxiangguan_focal_leaf
Fra:1 Mem:1679.13M (Peak 1907.14M) | Time:00:01.45 | Mem:0.00M, Peak:0.00M | Scene, ViewLayer | Synchronizing object | xiaoxiangguan_focal_leafdark
Fra:1 Mem:1680.89M (Peak 1907.14M) | Time:00:01.45 | Mem:0.00M, Peak:0.00M | Scene, ViewLayer | Synchronizing object | xiaoxiangguan_focal_botanical_litter
Fra:1 Mem:1688.90M (Peak 1907.14M) | Time:00:01.45 | Mem:0.00M, Peak:0.00M | Scene, ViewLayer | Synchronizing object | r15_xiaoxiangguan_enclosure_wall
Fra:1 Mem:1688.93M (Peak 1907.14M) | Time:00:01.45 | Mem:0.00M, Peak:0.00M | Scene, ViewLayer | Synchronizing object | r15_xiaoxiangguan_enclosure_paper
Fra:1 Mem:1689.78M (Peak 1907.14M) | Time:00:01.45 | Mem:0.00M, Peak:0.00M | Scene, ViewLayer | Synchronizing object | r15_xiaoxiangguan_enclosure_lacquer
Fra:1 Mem:1689.95M (Peak 1907.14M) | Time:00:01.45 | Mem:0.00M, Peak:0.00M | Scene, ViewLayer | Synchronizing object | r15_xiaoxiangguan_enclosure_ceiling
Fra:1 Mem:1690.14M (Peak 1907.14M) | Time:00:01.45 | Mem:0.00M, Peak:0.00M | Scene, ViewLayer | Synchronizing object | r15_xiaoxiangguan_enclosure_jade
Fra:1 Mem:1690.61M (Peak 1907.14M) | Time:00:01.45 | Mem:0.00M, Peak:0.00M | Scene, ViewLayer | Synchronizing object | r15_xiaoxiangguan_enclosure_gold
Fra:1 Mem:1690.63M (Peak 1907.14M) | Time:00:01.45 | Mem:0.00M, Peak:0.00M | Scene, ViewLayer | Synchronizing object | yihongyuan_plaster.001
Fra:1 Mem:1695.93M (Peak 1907.14M) | Time:00:01.45 | Mem:0.00M, Peak:0.00M | Scene, ViewLayer | Synchronizing object | yihongyuan_roof.001
Fra:1 Mem:1696.11M (Peak 1907.14M) | Time:00:01.45 | Mem:0.00M, Peak:0.00M | Scene, ViewLayer | Synchronizing object | yihongyuan_stone.001
Fra:1 Mem:1696.25M (Peak 1907.14M) | Time:00:01.45 | Mem:0.00M, Peak:0.00M | Scene, ViewLayer | Synchronizing object | yihongyuan_tile.001
Fra:1 Mem:1697.16M (Peak 1907.14M) | Time:00:01.45 | Mem:0.00M, Peak:0.00M | Scene, ViewLayer | Synchronizing object | yihongyuan_cutstone
Fra:1 Mem:1697.22M (Peak 1907.14M) | Time:00:01.45 | Mem:0.00M, Peak:0.00M | Scene, ViewLayer | Synchronizing object | yihongyuan_darkwood.001
Fra:1 Mem:1699.86M (Peak 1907.14M) | Time:00:01.45 | Mem:0.00M, Peak:0.00M | Scene, ViewLayer | Synchronizing object | yihongyuan_floorwood
Fra:1 Mem:1700.08M (Peak 1907.14M) | Time:00:01.45 | Mem:0.00M, Peak:0.00M | Scene, ViewLayer | Synchronizing object | yihongyuan_wood.001
Fra:1 Mem:1705.96M (Peak 1907.14M) | Time:00:01.45 | Mem:0.00M, Peak:0.00M | Scene, ViewLayer | Synchronizing object | yihongyuan_latticewood.001
Fra:1 Mem:1711.04M (Peak 1907.14M) | Time:00:01.45 | Mem:0.00M, Peak:0.00M | Scene, ViewLayer | Synchronizing object | yihongyuan_tilelight.001
Fra:1 Mem:1711.09M (Peak 1907.14M) | Time:00:01.45 | Mem:0.00M, Peak:0.00M | Scene, ViewLayer | Synchronizing object | yihongyuan_tiledark.001
Fra:1 Mem:1714.91M (Peak 1907.14M) | Time:00:01.45 | Mem:0.00M, Peak:0.00M | Scene, ViewLayer | Synchronizing object | yihongyuan_paving.001
Fra:1 Mem:1718.80M (Peak 1907.14M) | Time:00:01.45 | Mem:0.00M, Peak:0.00M | Scene, ViewLayer | Synchronizing object | yihongyuan_courtbase
Fra:1 Mem:1720.64M (Peak 1907.14M) | Time:00:01.46 | Mem:0.00M, Peak:0.00M | Scene, ViewLayer | Synchronizing object | yihongyuan_gardenstone
Fra:1 Mem:1721.28M (Peak 1907.14M) | Time:00:01.46 | Mem:0.00M, Peak:0.00M | Scene, ViewLayer | Synchronizing object | yihongyuan_furniture
Fra:1 Mem:1721.39M (Peak 1907.14M) | Time:00:01.46 | Mem:0.00M, Peak:0.00M | Scene, ViewLayer | Synchronizing object | yihongyuan_limestone.001
Fra:1 Mem:1720.92M (Peak 1907.14M) | Time:00:01.46 | Mem:0.00M, Peak:0.00M | Scene, ViewLayer | Synchronizing object | yihongyuan_paper.001
Fra:1 Mem:1722.85M (Peak 1907.14M) | Time:00:01.46 | Mem:0.00M, Peak:0.00M | Scene, ViewLayer | Synchronizing object | yihongyuan_bookcloth.001
Fra:1 Mem:1722.94M (Peak 1907.14M) | Time:00:01.46 | Mem:0.00M, Peak:0.00M | Scene, ViewLayer | Synchronizing object | yihongyuan_ivory.001
Fra:1 Mem:1722.93M (Peak 1907.14M) | Time:00:01.46 | Mem:0.00M, Peak:0.00M | Scene, ViewLayer | Synchronizing object | yihongyuan_ink.001
Fra:1 Mem:1722.38M (Peak 1907.14M) | Time:00:01.46 | Mem:0.00M, Peak:0.00M | Scene, ViewLayer | Synchronizing object | yihongyuan_bookcover.001
Fra:1 Mem:1722.43M (Peak 1907.14M) | Time:00:01.46 | Mem:0.00M, Peak:0.00M | Scene, ViewLayer | Synchronizing object | yihongyuan_ceramic.001
Fra:1 Mem:1722.54M (Peak 1907.14M) | Time:00:01.46 | Mem:0.00M, Peak:0.00M | Scene, ViewLayer | Synchronizing object | yihongyuan_gold
Fra:1 Mem:1722.57M (Peak 1907.14M) | Time:00:01.46 | Mem:0.00M, Peak:0.00M | Scene, ViewLayer | Synchronizing object | yihongyuan_silk.001
Fra:1 Mem:1724.16M (Peak 1907.14M) | Time:00:01.46 | Mem:0.00M, Peak:0.00M | Scene, ViewLayer | Synchronizing object | yihongyuan_lantern
Fra:1 Mem:1724.37M (Peak 1907.14M) | Time:00:01.46 | Mem:0.00M, Peak:0.00M | Scene, ViewLayer | Synchronizing object | yihongyuan_screen.001
Fra:1 Mem:1724.36M (Peak 1907.14M) | Time:00:01.46 | Mem:0.00M, Peak:0.00M | Scene, ViewLayer | Synchronizing object | yihongyuan_focal_bark
Fra:1 Mem:1725.97M (Peak 1907.14M) | Time:00:01.46 | Mem:0.00M, Peak:0.00M | Scene, ViewLayer | Synchronizing object | yihongyuan_focal_botanical_petal
Fra:1 Mem:1728.10M (Peak 1907.14M) | Time:00:01.46 | Mem:0.00M, Peak:0.00M | Scene, ViewLayer | Synchronizing object | yihongyuan_focal_botanical_bamboo
Fra:1 Mem:1728.51M (Peak 1907.14M) | Time:00:01.46 | Mem:0.00M, Peak:0.00M | Scene, ViewLayer | Synchronizing object | yihongyuan_focal_botanical_stem
Fra:1 Mem:1728.59M (Peak 1907.14M) | Time:00:01.46 | Mem:0.00M, Peak:0.00M | Scene, ViewLayer | Synchronizing object | yihongyuan_focal_bamboo
Fra:1 Mem:1733.69M (Peak 1907.14M) | Time:00:01.46 | Mem:0.00M, Peak:0.00M | Scene, ViewLayer | Synchronizing object | yihongyuan_focal_moss
Fra:1 Mem:1735.65M (Peak 1907.14M) | Time:00:01.46 | Mem:0.00M, Peak:0.00M | Scene, ViewLayer | Synchronizing object | yihongyuan_focal_leafdark
Fra:1 Mem:1741.37M (Peak 1907.14M) | Time:00:01.46 | Mem:0.00M, Peak:0.00M | Scene, ViewLayer | Synchronizing object | yihongyuan_focal_leaf
Fra:1 Mem:1741.78M (Peak 1907.14M) | Time:00:01.46 | Mem:0.00M, Peak:0.00M | Scene, ViewLayer | Synchronizing object | yihongyuan_focal_botanical_litter
Fra:1 Mem:1741.83M (Peak 1907.14M) | Time:00:01.46 | Mem:0.00M, Peak:0.00M | Scene, ViewLayer | Synchronizing object | r15_yihongyuan_enclosure_wall
Fra:1 Mem:1741.95M (Peak 1907.14M) | Time:00:01.46 | Mem:0.00M, Peak:0.00M | Scene, ViewLayer | Synchronizing object | r15_yihongyuan_enclosure_paper
Fra:1 Mem:1742.22M (Peak 1907.14M) | Time:00:01.46 | Mem:0.00M, Peak:0.00M | Scene, ViewLayer | Synchronizing object | r15_yihongyuan_enclosure_lacquer
Fra:1 Mem:1744.45M (Peak 1907.14M) | Time:00:01.46 | Mem:0.00M, Peak:0.00M | Scene, ViewLayer | Synchronizing object | r15_yihongyuan_enclosure_ceiling
Fra:1 Mem:1744.64M (Peak 1907.14M) | Time:00:01.46 | Mem:0.00M, Peak:0.00M | Scene, ViewLayer | Synchronizing object | r15_yihongyuan_enclosure_blue
Fra:1 Mem:1744.69M (Peak 1907.14M) | Time:00:01.46 | Mem:0.00M, Peak:0.00M | Scene, ViewLayer | Synchronizing object | r15_yihongyuan_enclosure_gold
Fra:1 Mem:1745.21M (Peak 1907.14M) | Time:00:01.46 | Mem:0.00M, Peak:0.00M | Scene, ViewLayer | Synchronizing object | hengwuyuan_plaster.001
Fra:1 Mem:1745.75M (Peak 1907.14M) | Time:00:01.46 | Mem:0.00M, Peak:0.00M | Scene, ViewLayer | Synchronizing object | hengwuyuan_roof.001
Fra:1 Mem:1745.84M (Peak 1907.14M) | Time:00:01.46 | Mem:0.00M, Peak:0.00M | Scene, ViewLayer | Synchronizing object | hengwuyuan_stone.001
Fra:1 Mem:1748.75M (Peak 1907.14M) | Time:00:01.46 | Mem:0.00M, Peak:0.00M | Scene, ViewLayer | Synchronizing object | hengwuyuan_tile.001
Fra:1 Mem:1749.77M (Peak 1907.14M) | Time:00:01.46 | Mem:0.00M, Peak:0.00M | Scene, ViewLayer | Synchronizing object | hengwuyuan_cutstone
Fra:1 Mem:1749.96M (Peak 1907.14M) | Time:00:01.46 | Mem:0.00M, Peak:0.00M | Scene, ViewLayer | Synchronizing object | hengwuyuan_darkwood.001
Fra:1 Mem:1750.03M (Peak 1907.14M) | Time:00:01.46 | Mem:0.00M, Peak:0.00M | Scene, ViewLayer | Synchronizing object | hengwuyuan_floorwood
Fra:1 Mem:1749.76M (Peak 1907.14M) | Time:00:01.46 | Mem:0.00M, Peak:0.00M | Scene, ViewLayer | Synchronizing object | hengwuyuan_wood.001
Fra:1 Mem:1751.16M (Peak 1907.14M) | Time:00:01.46 | Mem:0.00M, Peak:0.00M | Scene, ViewLayer | Synchronizing object | hengwuyuan_latticewood.001
Fra:1 Mem:1753.16M (Peak 1907.14M) | Time:00:01.46 | Mem:0.00M, Peak:0.00M | Scene, ViewLayer | Synchronizing object | hengwuyuan_tilelight.001
Fra:1 Mem:1754.12M (Peak 1907.14M) | Time:00:01.47 | Mem:0.00M, Peak:0.00M | Scene, ViewLayer | Synchronizing object | hengwuyuan_tiledark.001
Fra:1 Mem:1754.14M (Peak 1907.14M) | Time:00:01.47 | Mem:0.00M, Peak:0.00M | Scene, ViewLayer | Synchronizing object | hengwuyuan_paving.001
Fra:1 Mem:1751.86M (Peak 1907.14M) | Time:00:01.47 | Mem:0.00M, Peak:0.00M | Scene, ViewLayer | Synchronizing object | hengwuyuan_gardenstone
Fra:1 Mem:1753.15M (Peak 1907.14M) | Time:00:01.47 | Mem:0.00M, Peak:0.00M | Scene, ViewLayer | Synchronizing object | hengwuyuan_limestone.001
Fra:1 Mem:1755.59M (Peak 1907.14M) | Time:00:01.47 | Mem:0.00M, Peak:0.00M | Scene, ViewLayer | Synchronizing object | hengwuyuan_courtbase
Fra:1 Mem:1755.60M (Peak 1907.14M) | Time:00:01.47 | Mem:0.00M, Peak:0.00M | Scene, ViewLayer | Synchronizing object | hengwuyuan_furniture
Fra:1 Mem:1755.97M (Peak 1907.14M) | Time:00:01.47 | Mem:0.00M, Peak:0.00M | Scene, ViewLayer | Synchronizing object | hengwuyuan_paper.001
Fra:1 Mem:1756.38M (Peak 1907.14M) | Time:00:01.47 | Mem:0.00M, Peak:0.00M | Scene, ViewLayer | Synchronizing object | hengwuyuan_bookcloth.001
Fra:1 Mem:1756.48M (Peak 1907.14M) | Time:00:01.47 | Mem:0.00M, Peak:0.00M | Scene, ViewLayer | Synchronizing object | hengwuyuan_ivory.001
Fra:1 Mem:1757.15M (Peak 1907.14M) | Time:00:01.47 | Mem:0.00M, Peak:0.00M | Scene, ViewLayer | Synchronizing object | hengwuyuan_ink.001
Fra:1 Mem:1757.28M (Peak 1907.14M) | Time:00:01.47 | Mem:0.00M, Peak:0.00M | Scene, ViewLayer | Synchronizing object | hengwuyuan_bookcover.001
Fra:1 Mem:1757.28M (Peak 1907.14M) | Time:00:01.47 | Mem:0.00M, Peak:0.00M | Scene, ViewLayer | Synchronizing object | hengwuyuan_ceramic.001
Fra:1 Mem:1757.76M (Peak 1907.14M) | Time:00:01.47 | Mem:0.00M, Peak:0.00M | Scene, ViewLayer | Synchronizing object | hengwuyuan_gold
Fra:1 Mem:1757.65M (Peak 1907.14M) | Time:00:01.47 | Mem:0.00M, Peak:0.00M | Scene, ViewLayer | Synchronizing object | hengwuyuan_clay.001
Fra:1 Mem:1759.21M (Peak 1907.14M) | Time:00:01.47 | Mem:0.00M, Peak:0.00M | Scene, ViewLayer | Synchronizing object | hengwuyuan_screen.001
Fra:1 Mem:1759.21M (Peak 1907.14M) | Time:00:01.47 | Mem:0.00M, Peak:0.00M | Scene, ViewLayer | Synchronizing object | hengwuyuan_lantern
Fra:1 Mem:1759.10M (Peak 1907.14M) | Time:00:01.47 | Mem:0.00M, Peak:0.00M | Scene, ViewLayer | Synchronizing object | hengwuyuan_focal_leaf
Fra:1 Mem:1759.40M (Peak 1907.14M) | Time:00:01.47 | Mem:0.00M, Peak:0.00M | Scene, ViewLayer | Synchronizing object | hengwuyuan_focal_bamboo
Fra:1 Mem:1759.53M (Peak 1907.14M) | Time:00:01.47 | Mem:0.00M, Peak:0.00M | Scene, ViewLayer | Synchronizing object | hengwuyuan_focal_leafdark
Fra:1 Mem:1766.37M (Peak 1907.14M) | Time:00:01.47 | Mem:0.00M, Peak:0.00M | Scene, ViewLayer | Synchronizing object | hengwuyuan_focal_creamflower
Fra:1 Mem:1766.37M (Peak 1907.14M) | Time:00:01.47 | Mem:0.00M, Peak:0.00M | Scene, ViewLayer | Synchronizing object | hengwuyuan_focal_bark
Fra:1 Mem:1767.97M (Peak 1907.14M) | Time:00:01.47 | Mem:0.00M, Peak:0.00M | Scene, ViewLayer | Synchronizing object | hengwuyuan_focal_moss
Fra:1 Mem:1769.52M (Peak 1907.14M) | Time:00:01.47 | Mem:0.00M, Peak:0.00M | Scene, ViewLayer | Synchronizing object | hengwuyuan_focal_botanical_stem.001
Fra:1 Mem:1769.11M (Peak 1907.14M) | Time:00:01.47 | Mem:0.00M, Peak:0.00M | Scene, ViewLayer | Synchronizing object | hengwuyuan_focal_botanical_bamboo
Fra:1 Mem:1769.19M (Peak 1907.14M) | Time:00:01.47 | Mem:0.00M, Peak:0.00M | Scene, ViewLayer | Synchronizing object | hengwuyuan_focal_botanical_litter
Fra:1 Mem:1770.86M (Peak 1907.14M) | Time:00:01.47 | Mem:0.00M, Peak:0.00M | Scene, ViewLayer | Synchronizing object | r15_hengwuyuan_enclosure_wall
Fra:1 Mem:1771.36M (Peak 1907.14M) | Time:00:01.47 | Mem:0.00M, Peak:0.00M | Scene, ViewLayer | Synchronizing object | r15_hengwuyuan_enclosure_paper
Fra:1 Mem:1772.06M (Peak 1907.14M) | Time:00:01.47 | Mem:0.00M, Peak:0.00M | Scene, ViewLayer | Synchronizing object | r15_hengwuyuan_enclosure_lacquer
Fra:1 Mem:1772.50M (Peak 1907.14M) | Time:00:01.47 | Mem:0.00M, Peak:0.00M | Scene, ViewLayer | Synchronizing object | r15_hengwuyuan_enclosure_ceiling
Fra:1 Mem:1772.60M (Peak 1907.14M) | Time:00:01.47 | Mem:0.00M, Peak:0.00M | Scene, ViewLayer | Synchronizing object | r15_hengwuyuan_enclosure_jade
Fra:1 Mem:1772.71M (Peak 1907.14M) | Time:00:01.47 | Mem:0.00M, Peak:0.00M | Scene, ViewLayer | Synchronizing object | r15_hengwuyuan_enclosure_gold
Fra:1 Mem:1772.71M (Peak 1907.14M) | Time:00:01.47 | Mem:0.00M, Peak:0.00M | Scene, ViewLayer | Synchronizing object | qiushuangzhai_plaster.001
Fra:1 Mem:1774.97M (Peak 1907.14M) | Time:00:01.47 | Mem:0.00M, Peak:0.00M | Scene, ViewLayer | Synchronizing object | qiushuangzhai_roof.001
Fra:1 Mem:1775.16M (Peak 1907.14M) | Time:00:01.47 | Mem:0.00M, Peak:0.00M | Scene, ViewLayer | Synchronizing object | qiushuangzhai_stone.001
Fra:1 Mem:1775.43M (Peak 1907.14M) | Time:00:01.47 | Mem:0.00M, Peak:0.00M | Scene, ViewLayer | Synchronizing object | qiushuangzhai_tile.001
Fra:1 Mem:1775.67M (Peak 1907.14M) | Time:00:01.47 | Mem:0.00M, Peak:0.00M | Scene, ViewLayer | Synchronizing object | qiushuangzhai_cutstone
Fra:1 Mem:1775.72M (Peak 1907.14M) | Time:00:01.47 | Mem:0.00M, Peak:0.00M | Scene, ViewLayer | Synchronizing object | qiushuangzhai_darkwood.001
Fra:1 Mem:1776.36M (Peak 1907.14M) | Time:00:01.47 | Mem:0.00M, Peak:0.00M | Scene, ViewLayer | Synchronizing object | qiushuangzhai_floorwood
Fra:1 Mem:1777.14M (Peak 1907.14M) | Time:00:01.47 | Mem:0.00M, Peak:0.00M | Scene, ViewLayer | Synchronizing object | qiushuangzhai_wood.001
Fra:1 Mem:1783.00M (Peak 1907.14M) | Time:00:01.47 | Mem:0.00M, Peak:0.00M | Scene, ViewLayer | Synchronizing object | qiushuangzhai_furniture
Fra:1 Mem:1782.87M (Peak 1907.14M) | Time:00:01.47 | Mem:0.00M, Peak:0.00M | Scene, ViewLayer | Synchronizing object | qiushuangzhai_latticewood.001
Fra:1 Mem:1786.89M (Peak 1907.14M) | Time:00:01.47 | Mem:0.00M, Peak:0.00M | Scene, ViewLayer | Synchronizing object | qiushuangzhai_screen
Fra:1 Mem:1787.17M (Peak 1907.14M) | Time:00:01.47 | Mem:0.00M, Peak:0.00M | Scene, ViewLayer | Synchronizing object | qiushuangzhai_tilelight.001
Fra:1 Mem:1787.58M (Peak 1907.14M) | Time:00:01.47 | Mem:0.00M, Peak:0.00M | Scene, ViewLayer | Synchronizing object | qiushuangzhai_tiledark.001
Fra:1 Mem:1787.71M (Peak 1907.14M) | Time:00:01.47 | Mem:0.00M, Peak:0.00M | Scene, ViewLayer | Synchronizing object | qiushuangzhai_courtbase
Fra:1 Mem:1788.55M (Peak 1907.14M) | Time:00:01.47 | Mem:0.00M, Peak:0.00M | Scene, ViewLayer | Synchronizing object | qiushuangzhai_paving.001
Fra:1 Mem:1788.58M (Peak 1907.14M) | Time:00:01.47 | Mem:0.00M, Peak:0.00M | Scene, ViewLayer | Synchronizing object | qiushuangzhai_marble.001
Fra:1 Mem:1789.29M (Peak 1907.14M) | Time:00:01.47 | Mem:0.00M, Peak:0.00M | Scene, ViewLayer | Synchronizing object | qiushuangzhai_paper.001
Fra:1 Mem:1789.31M (Peak 1907.14M) | Time:00:01.47 | Mem:0.00M, Peak:0.00M | Scene, ViewLayer | Synchronizing object | qiushuangzhai_ivory.001
Fra:1 Mem:1789.45M (Peak 1907.14M) | Time:00:01.47 | Mem:0.00M, Peak:0.00M | Scene, ViewLayer | Synchronizing object | qiushuangzhai_ink.001
Fra:1 Mem:1789.62M (Peak 1907.14M) | Time:00:01.47 | Mem:0.00M, Peak:0.00M | Scene, ViewLayer | Synchronizing object | qiushuangzhai_bookcover.001
Fra:1 Mem:1789.76M (Peak 1907.14M) | Time:00:01.47 | Mem:0.00M, Peak:0.00M | Scene, ViewLayer | Synchronizing object | qiushuangzhai_ceramic.001
Fra:1 Mem:1789.76M (Peak 1907.14M) | Time:00:01.47 | Mem:0.00M, Peak:0.00M | Scene, ViewLayer | Synchronizing object | qiushuangzhai_gold
Fra:1 Mem:1789.97M (Peak 1907.14M) | Time:00:01.48 | Mem:0.00M, Peak:0.00M | Scene, ViewLayer | Synchronizing object | qiushuangzhai_silk.001
Fra:1 Mem:1790.23M (Peak 1907.14M) | Time:00:01.48 | Mem:0.00M, Peak:0.00M | Scene, ViewLayer | Synchronizing object | qiushuangzhai_lantern
Fra:1 Mem:1790.23M (Peak 1907.14M) | Time:00:01.48 | Mem:0.00M, Peak:0.00M | Scene, ViewLayer | Synchronizing object | qiushuangzhai_focal_bamboo
Fra:1 Mem:1790.25M (Peak 1907.14M) | Time:00:01.48 | Mem:0.00M, Peak:0.00M | Scene, ViewLayer | Synchronizing object | qiushuangzhai_focal_creamflower
Fra:1 Mem:1790.25M (Peak 1907.14M) | Time:00:01.48 | Mem:0.00M, Peak:0.00M | Scene, ViewLayer | Synchronizing object | qiushuangzhai_focal_moss
Fra:1 Mem:1787.42M (Peak 1907.14M) | Time:00:01.48 | Mem:0.00M, Peak:0.00M | Scene, ViewLayer | Synchronizing object | qiushuangzhai_focal_bark
Fra:1 Mem:1793.20M (Peak 1907.14M) | Time:00:01.48 | Mem:0.00M, Peak:0.00M | Scene, ViewLayer | Synchronizing object | qiushuangzhai_focal_leaf
Fra:1 Mem:1796.73M (Peak 1907.14M) | Time:00:01.48 | Mem:0.00M, Peak:0.00M | Scene, ViewLayer | Synchronizing object | qiushuangzhai_focal_botanical_stem.001
Fra:1 Mem:1799.18M (Peak 1907.14M) | Time:00:01.48 | Mem:0.00M, Peak:0.00M | Scene, ViewLayer | Synchronizing object | qiushuangzhai_focal_botanical_bamboo
Fra:1 Mem:1800.07M (Peak 1907.14M) | Time:00:01.48 | Mem:0.00M, Peak:0.00M | Scene, ViewLayer | Synchronizing object | qiushuangzhai_focal_botanical_litter
Fra:1 Mem:1800.25M (Peak 1907.14M) | Time:00:01.48 | Mem:0.00M, Peak:0.00M | Scene, ViewLayer | Synchronizing object | r15_qiushuangzhai_enclosure_wall
Fra:1 Mem:1799.82M (Peak 1907.14M) | Time:00:01.48 | Mem:0.00M, Peak:0.00M | Scene, ViewLayer | Synchronizing object | r15_qiushuangzhai_enclosure_paper
Fra:1 Mem:1799.86M (Peak 1907.14M) | Time:00:01.48 | Mem:0.00M, Peak:0.00M | Scene, ViewLayer | Synchronizing object | r15_qiushuangzhai_enclosure_lacquer
Fra:1 Mem:1802.01M (Peak 1907.14M) | Time:00:01.48 | Mem:0.00M, Peak:0.00M | Scene, ViewLayer | Synchronizing object | r15_qiushuangzhai_enclosure_ceiling
Fra:1 Mem:1802.24M (Peak 1907.14M) | Time:00:01.48 | Mem:0.00M, Peak:0.00M | Scene, ViewLayer | Synchronizing object | r15_qiushuangzhai_enclosure_blue
Fra:1 Mem:1802.25M (Peak 1907.14M) | Time:00:01.48 | Mem:0.00M, Peak:0.00M | Scene, ViewLayer | Synchronizing object | r15_qiushuangzhai_enclosure_gold
Fra:1 Mem:1803.00M (Peak 1907.14M) | Time:00:01.48 | Mem:0.00M, Peak:0.00M | Scene, ViewLayer | Synchronizing object | daoxiangcun_stone.001
Fra:1 Mem:1797.98M (Peak 1907.14M) | Time:00:01.48 | Mem:0.00M, Peak:0.00M | Scene, ViewLayer | Synchronizing object | daoxiangcun_paving.001
Fra:1 Mem:1798.07M (Peak 1907.14M) | Time:00:01.48 | Mem:0.00M, Peak:0.00M | Scene, ViewLayer | Synchronizing object | daoxiangcun_clay.001
Fra:1 Mem:1798.32M (Peak 1907.14M) | Time:00:01.48 | Mem:0.00M, Peak:0.00M | Scene, ViewLayer | Synchronizing object | daoxiangcun_wood.001
Fra:1 Mem:1797.78M (Peak 1907.14M) | Time:00:01.48 | Mem:0.00M, Peak:0.00M | Scene, ViewLayer | Synchronizing object | daoxiangcun_screen.001
Fra:1 Mem:1798.05M (Peak 1907.14M) | Time:00:01.48 | Mem:0.00M, Peak:0.00M | Scene, ViewLayer | Synchronizing object | daoxiangcun_latticewood.001
Fra:1 Mem:1798.23M (Peak 1907.14M) | Time:00:01.48 | Mem:0.00M, Peak:0.00M | Scene, ViewLayer | Synchronizing object | daoxiangcun_thatch.001
Fra:1 Mem:1798.58M (Peak 1907.14M) | Time:00:01.48 | Mem:0.00M, Peak:0.00M | Scene, ViewLayer | Synchronizing object | daoxiangcun_lightleaf.001
Fra:1 Mem:1799.38M (Peak 1907.14M) | Time:00:01.48 | Mem:0.00M, Peak:0.00M | Scene, ViewLayer | Synchronizing object | daoxiangcun_bark
Fra:1 Mem:1799.44M (Peak 1907.14M) | Time:00:01.48 | Mem:0.00M, Peak:0.00M | Scene, ViewLayer | Synchronizing object | daoxiangcun_flower.001
Fra:1 Mem:1800.48M (Peak 1907.14M) | Time:00:01.48 | Mem:0.00M, Peak:0.00M | Scene, ViewLayer | Synchronizing object | daoxiangcun_leafdark
Fra:1 Mem:1800.62M (Peak 1907.14M) | Time:00:01.48 | Mem:0.00M, Peak:0.00M | Scene, ViewLayer | Synchronizing object | daoxiangcun_creamflower.001
Fra:1 Mem:1803.58M (Peak 1907.14M) | Time:00:01.48 | Mem:0.00M, Peak:0.00M | Scene, ViewLayer | Synchronizing object | r15_daoxiangcun_enclosure_clay
Fra:1 Mem:1806.30M (Peak 1907.14M) | Time:00:01.48 | Mem:0.00M, Peak:0.00M | Scene, ViewLayer | Synchronizing object | r15_daoxiangcun_enclosure_paper
Fra:1 Mem:1807.19M (Peak 1907.14M) | Time:00:01.48 | Mem:0.00M, Peak:0.00M | Scene, ViewLayer | Synchronizing object | r15_daoxiangcun_enclosure_ochre
Fra:1 Mem:1809.24M (Peak 1907.14M) | Time:00:01.48 | Mem:0.00M, Peak:0.00M | Scene, ViewLayer | Synchronizing object | r15_daoxiangcun_enclosure_ceiling
Fra:1 Mem:1809.74M (Peak 1907.14M) | Time:00:01.48 | Mem:0.00M, Peak:0.00M | Scene, ViewLayer | Synchronizing object | ouxiangxie_wood.001
Fra:1 Mem:1810.77M (Peak 1907.14M) | Time:00:01.48 | Mem:0.00M, Peak:0.00M | Scene, ViewLayer | Synchronizing object | ouxiangxie_stone.001
Fra:1 Mem:1811.57M (Peak 1907.14M) | Time:00:01.48 | Mem:0.00M, Peak:0.00M | Scene, ViewLayer | Synchronizing object | ouxiangxie_screen
Fra:1 Mem:1811.39M (Peak 1907.14M) | Time:00:01.48 | Mem:0.00M, Peak:0.00M | Scene, ViewLayer | Synchronizing object | ouxiangxie_latticewood.001
Fra:1 Mem:1812.12M (Peak 1907.14M) | Time:00:01.48 | Mem:0.00M, Peak:0.00M | Scene, ViewLayer | Synchronizing object | ouxiangxie_roof.001
Fra:1 Mem:1812.13M (Peak 1907.14M) | Time:00:01.48 | Mem:0.00M, Peak:0.00M | Scene, ViewLayer | Synchronizing object | ouxiangxie_tilelight.001
Fra:1 Mem:1812.15M (Peak 1907.14M) | Time:00:01.48 | Mem:0.00M, Peak:0.00M | Scene, ViewLayer | Synchronizing object | ouxiangxie_tile.001
Fra:1 Mem:1812.21M (Peak 1907.14M) | Time:00:01.48 | Mem:0.00M, Peak:0.00M | Scene, ViewLayer | Synchronizing object | ouxiangxie_tiledark.001
Fra:1 Mem:1812.69M (Peak 1907.14M) | Time:00:01.48 | Mem:0.00M, Peak:0.00M | Scene, ViewLayer | Synchronizing object | ouxiangxie_darkwood.001
Fra:1 Mem:1813.30M (Peak 1907.14M) | Time:00:01.48 | Mem:0.00M, Peak:0.00M | Scene, ViewLayer | Synchronizing object | ouxiangxie_furniture
Fra:1 Mem:1813.35M (Peak 1907.14M) | Time:00:01.48 | Mem:0.00M, Peak:0.00M | Scene, ViewLayer | Synchronizing object | ouxiangxie_paper
Fra:1 Mem:1813.41M (Peak 1907.14M) | Time:00:01.48 | Mem:0.00M, Peak:0.00M | Scene, ViewLayer | Synchronizing object | ouxiangxie_bookcloth.001
Fra:1 Mem:1813.53M (Peak 1907.14M) | Time:00:01.48 | Mem:0.00M, Peak:0.00M | Scene, ViewLayer | Synchronizing object | ouxiangxie_ivory.001
Fra:1 Mem:1813.53M (Peak 1907.14M) | Time:00:01.48 | Mem:0.00M, Peak:0.00M | Scene, ViewLayer | Synchronizing object | ouxiangxie_ink.001
Fra:1 Mem:1814.55M (Peak 1907.14M) | Time:00:01.48 | Mem:0.00M, Peak:0.00M | Scene, ViewLayer | Synchronizing object | ouxiangxie_bookcover.001
Fra:1 Mem:1814.91M (Peak 1907.14M) | Time:00:01.48 | Mem:0.00M, Peak:0.00M | Scene, ViewLayer | Synchronizing object | ouxiangxie_ceramic.001
Fra:1 Mem:1816.56M (Peak 1907.14M) | Time:00:01.49 | Mem:0.00M, Peak:0.00M | Scene, ViewLayer | Synchronizing object | ouxiangxie_bamboo.001
Fra:1 Mem:1816.57M (Peak 1907.14M) | Time:00:01.49 | Mem:0.00M, Peak:0.00M | Scene, ViewLayer | Synchronizing object | ouxiangxie_gold.001
Fra:1 Mem:1817.10M (Peak 1907.14M) | Time:00:01.49 | Mem:0.00M, Peak:0.00M | Scene, ViewLayer | Synchronizing object | r15_ouxiangxie_enclosure_wall
Fra:1 Mem:1817.10M (Peak 1907.14M) | Time:00:01.49 | Mem:0.00M, Peak:0.00M | Scene, ViewLayer | Synchronizing object | r15_ouxiangxie_enclosure_lacquer
Fra:1 Mem:1817.30M (Peak 1907.14M) | Time:00:01.49 | Mem:0.00M, Peak:0.00M | Scene, ViewLayer | Synchronizing object | r15_ouxiangxie_enclosure_blue
Fra:1 Mem:1818.34M (Peak 1907.14M) | Time:00:01.49 | Mem:0.00M, Peak:0.00M | Scene, ViewLayer | Synchronizing object | r15_ouxiangxie_enclosure_gold
Fra:1 Mem:1818.34M (Peak 1907.14M) | Time:00:01.49 | Mem:0.00M, Peak:0.00M | Scene, ViewLayer | Synchronizing object | r15_ouxiangxie_enclosure_ceiling
Fra:1 Mem:1818.34M (Peak 1907.14M) | Time:00:01.49 | Mem:0.00M, Peak:0.00M | Scene, ViewLayer | Synchronizing object | dicuiting_stone.001
Fra:1 Mem:1818.23M (Peak 1907.14M) | Time:00:01.49 | Mem:0.00M, Peak:0.00M | Scene, ViewLayer | Synchronizing object | dicuiting_wood.001
Fra:1 Mem:1818.37M (Peak 1907.14M) | Time:00:01.49 | Mem:0.00M, Peak:0.00M | Scene, ViewLayer | Synchronizing object | dicuiting_darkwood
Fra:1 Mem:1818.39M (Peak 1907.14M) | Time:00:01.49 | Mem:0.00M, Peak:0.00M | Scene, ViewLayer | Synchronizing object | dicuiting_lantern
Fra:1 Mem:1819.44M (Peak 1907.14M) | Time:00:01.49 | Mem:0.00M, Peak:0.00M | Scene, ViewLayer | Synchronizing object | dicuiting_gold
Fra:1 Mem:1819.55M (Peak 1907.14M) | Time:00:01.49 | Mem:0.00M, Peak:0.00M | Scene, ViewLayer | Synchronizing object | dicuiting_roof.001
Fra:1 Mem:1819.58M (Peak 1907.14M) | Time:00:01.49 | Mem:0.00M, Peak:0.00M | Scene, ViewLayer | Synchronizing object | dicuiting_tile.001
Fra:1 Mem:1819.82M (Peak 1907.14M) | Time:00:01.49 | Mem:0.00M, Peak:0.00M | Scene, ViewLayer | Synchronizing object | dicuiting_tiledark
Fra:1 Mem:1819.89M (Peak 1907.14M) | Time:00:01.49 | Mem:0.00M, Peak:0.00M | Scene, ViewLayer | Synchronizing object | luxuean_stone.001
Fra:1 Mem:1820.98M (Peak 1907.14M) | Time:00:01.49 | Mem:0.00M, Peak:0.00M | Scene, ViewLayer | Synchronizing object | luxuean_paving.001
Fra:1 Mem:1821.02M (Peak 1907.14M) | Time:00:01.49 | Mem:0.00M, Peak:0.00M | Scene, ViewLayer | Synchronizing object | luxuean_clay.001
Fra:1 Mem:1821.11M (Peak 1907.14M) | Time:00:01.49 | Mem:0.00M, Peak:0.00M | Scene, ViewLayer | Synchronizing object | luxuean_wood.001
Fra:1 Mem:1822.15M (Peak 1907.14M) | Time:00:01.49 | Mem:0.00M, Peak:0.00M | Scene, ViewLayer | Synchronizing object | luxuean_thatch.001
Fra:1 Mem:1822.60M (Peak 1907.14M) | Time:00:01.49 | Mem:0.00M, Peak:0.00M | Scene, ViewLayer | Synchronizing object | luxuean_bamboo.001
Fra:1 Mem:1822.70M (Peak 1907.14M) | Time:00:01.49 | Mem:0.00M, Peak:0.00M | Scene, ViewLayer | Synchronizing object | luxuean_lightleaf.001
Fra:1 Mem:1822.99M (Peak 1907.14M) | Time:00:01.49 | Mem:0.00M, Peak:0.00M | Scene, ViewLayer | Synchronizing object | r15_luxuean_enclosure_clay
Fra:1 Mem:1822.94M (Peak 1907.14M) | Time:00:01.49 | Mem:0.00M, Peak:0.00M | Scene, ViewLayer | Synchronizing object | r15_luxuean_enclosure_paper
Fra:1 Mem:1822.94M (Peak 1907.14M) | Time:00:01.49 | Mem:0.00M, Peak:0.00M | Scene, ViewLayer | Synchronizing object | r15_luxuean_enclosure_ochre
Fra:1 Mem:1823.11M (Peak 1907.14M) | Time:00:01.49 | Mem:0.00M, Peak:0.00M | Scene, ViewLayer | Synchronizing object | r15_luxuean_enclosure_ceiling
Fra:1 Mem:1823.93M (Peak 1907.14M) | Time:00:01.49 | Mem:0.00M, Peak:0.00M | Scene, ViewLayer | Synchronizing object | tubishanzhuang_stone.001
Fra:1 Mem:1824.06M (Peak 1907.14M) | Time:00:01.49 | Mem:0.00M, Peak:0.00M | Scene, ViewLayer | Synchronizing object | tubishanzhuang_cutstone
Fra:1 Mem:1824.60M (Peak 1907.14M) | Time:00:01.49 | Mem:0.00M, Peak:0.00M | Scene, ViewLayer | Synchronizing object | tubishanzhuang_darkwood.001
Fra:1 Mem:1824.74M (Peak 1907.14M) | Time:00:01.49 | Mem:0.00M, Peak:0.00M | Scene, ViewLayer | Synchronizing object | tubishanzhuang_floorwood
Fra:1 Mem:1826.78M (Peak 1907.14M) | Time:00:01.49 | Mem:0.00M, Peak:0.00M | Scene, ViewLayer | Synchronizing object | tubishanzhuang_wood.001
Fra:1 Mem:1827.44M (Peak 1907.14M) | Time:00:01.49 | Mem:0.00M, Peak:0.00M | Scene, ViewLayer | Synchronizing object | tubishanzhuang_furniture
Fra:1 Mem:1826.46M (Peak 1907.14M) | Time:00:01.49 | Mem:0.00M, Peak:0.00M | Scene, ViewLayer | Synchronizing object | tubishanzhuang_latticewood.001
Fra:1 Mem:1825.87M (Peak 1907.14M) | Time:00:01.49 | Mem:0.00M, Peak:0.00M | Scene, ViewLayer | Synchronizing object | tubishanzhuang_screen
Fra:1 Mem:1826.26M (Peak 1907.14M) | Time:00:01.49 | Mem:0.00M, Peak:0.00M | Scene, ViewLayer | Synchronizing object | tubishanzhuang_roof.001
Fra:1 Mem:1826.33M (Peak 1907.14M) | Time:00:01.49 | Mem:0.00M, Peak:0.00M | Scene, ViewLayer | Synchronizing object | tubishanzhuang_tilelight.001
Fra:1 Mem:1826.86M (Peak 1907.14M) | Time:00:01.49 | Mem:0.00M, Peak:0.00M | Scene, ViewLayer | Synchronizing object | tubishanzhuang_tile.001
Fra:1 Mem:1827.21M (Peak 1907.14M) | Time:00:01.49 | Mem:0.00M, Peak:0.00M | Scene, ViewLayer | Synchronizing object | tubishanzhuang_tiledark.001
Fra:1 Mem:1827.21M (Peak 1907.14M) | Time:00:01.49 | Mem:0.00M, Peak:0.00M | Scene, ViewLayer | Synchronizing object | tubishanzhuang_bark
Fra:1 Mem:1829.25M (Peak 1907.14M) | Time:00:01.49 | Mem:0.00M, Peak:0.00M | Scene, ViewLayer | Synchronizing object | tubishanzhuang_canopy_shadow
Fra:1 Mem:1829.26M (Peak 1907.14M) | Time:00:01.49 | Mem:0.00M, Peak:0.00M | Scene, ViewLayer | Synchronizing object | tubishanzhuang_canopy
Fra:1 Mem:1829.42M (Peak 1907.14M) | Time:00:01.49 | Mem:0.00M, Peak:0.00M | Scene, ViewLayer | Synchronizing object | tubishanzhuang_canopy_light
Fra:1 Mem:1830.91M (Peak 1907.14M) | Time:00:01.49 | Mem:0.00M, Peak:0.00M | Scene, ViewLayer | Synchronizing object | tubishanzhuang_paving.001
Fra:1 Mem:1831.52M (Peak 1907.14M) | Time:00:01.49 | Mem:0.00M, Peak:0.00M | Scene, ViewLayer | Synchronizing object | r15_tubishanzhuang_enclosure_wall
Fra:1 Mem:1832.51M (Peak 1907.14M) | Time:00:01.49 | Mem:0.00M, Peak:0.00M | Scene, ViewLayer | Synchronizing object | r15_tubishanzhuang_enclosure_paper
Fra:1 Mem:1832.70M (Peak 1907.14M) | Time:00:01.49 | Mem:0.00M, Peak:0.00M | Scene, ViewLayer | Synchronizing object | r15_tubishanzhuang_enclosure_lacquer
Fra:1 Mem:1832.95M (Peak 1907.14M) | Time:00:01.49 | Mem:0.00M, Peak:0.00M | Scene, ViewLayer | Synchronizing object | r15_tubishanzhuang_enclosure_ceiling
Fra:1 Mem:1832.95M (Peak 1907.14M) | Time:00:01.49 | Mem:0.00M, Peak:0.00M | Scene, ViewLayer | Synchronizing object | r15_tubishanzhuang_enclosure_blue
Fra:1 Mem:1832.99M (Peak 1907.14M) | Time:00:01.49 | Mem:0.00M, Peak:0.00M | Scene, ViewLayer | Synchronizing object | r15_tubishanzhuang_enclosure_gold
Fra:1 Mem:1833.26M (Peak 1907.14M) | Time:00:01.49 | Mem:0.00M, Peak:0.00M | Scene, ViewLayer | Synchronizing object | aojingxiguan_stone.001
Fra:1 Mem:1833.44M (Peak 1907.14M) | Time:00:01.49 | Mem:0.00M, Peak:0.00M | Scene, ViewLayer | Synchronizing object | aojingxiguan_cutstone
Fra:1 Mem:1833.48M (Peak 1907.14M) | Time:00:01.49 | Mem:0.00M, Peak:0.00M | Scene, ViewLayer | Synchronizing object | aojingxiguan_darkwood.001
Fra:1 Mem:1834.69M (Peak 1907.14M) | Time:00:01.49 | Mem:0.00M, Peak:0.00M | Scene, ViewLayer | Synchronizing object | aojingxiguan_floorwood
Fra:1 Mem:1834.99M (Peak 1907.14M) | Time:00:01.49 | Mem:0.00M, Peak:0.00M | Scene, ViewLayer | Synchronizing object | aojingxiguan_wood.001
Fra:1 Mem:1835.89M (Peak 1907.14M) | Time:00:01.49 | Mem:0.00M, Peak:0.00M | Scene, ViewLayer | Synchronizing object | aojingxiguan_furniture
Fra:1 Mem:1835.98M (Peak 1907.14M) | Time:00:01.49 | Mem:0.00M, Peak:0.00M | Scene, ViewLayer | Synchronizing object | aojingxiguan_latticewood.001
Fra:1 Mem:1836.66M (Peak 1907.14M) | Time:00:01.49 | Mem:0.00M, Peak:0.00M | Scene, ViewLayer | Synchronizing object | aojingxiguan_screen
Fra:1 Mem:1836.94M (Peak 1907.14M) | Time:00:01.49 | Mem:0.00M, Peak:0.00M | Scene, ViewLayer | Synchronizing object | aojingxiguan_roof.001
Fra:1 Mem:1837.18M (Peak 1907.14M) | Time:00:01.49 | Mem:0.00M, Peak:0.00M | Scene, ViewLayer | Synchronizing object | aojingxiguan_tilelight.001
Fra:1 Mem:1837.67M (Peak 1907.14M) | Time:00:01.49 | Mem:0.00M, Peak:0.00M | Scene, ViewLayer | Synchronizing object | aojingxiguan_tile.001
Fra:1 Mem:1837.96M (Peak 1907.14M) | Time:00:01.49 | Mem:0.00M, Peak:0.00M | Scene, ViewLayer | Synchronizing object | aojingxiguan_tiledark.001
Fra:1 Mem:1838.88M (Peak 1907.14M) | Time:00:01.49 | Mem:0.00M, Peak:0.00M | Scene, ViewLayer | Synchronizing object | aojingxiguan_bark
Fra:1 Mem:1839.37M (Peak 1907.14M) | Time:00:01.49 | Mem:0.00M, Peak:0.00M | Scene, ViewLayer | Synchronizing object | aojingxiguan_canopy_shadow
Fra:1 Mem:1839.52M (Peak 1907.14M) | Time:00:01.49 | Mem:0.00M, Peak:0.00M | Scene, ViewLayer | Synchronizing object | aojingxiguan_canopy
Fra:1 Mem:1839.79M (Peak 1907.14M) | Time:00:01.49 | Mem:0.00M, Peak:0.00M | Scene, ViewLayer | Synchronizing object | aojingxiguan_canopy_light
Fra:1 Mem:1841.59M (Peak 1907.14M) | Time:00:01.49 | Mem:0.00M, Peak:0.00M | Scene, ViewLayer | Synchronizing object | aojingxiguan_paving.001
Fra:1 Mem:1841.59M (Peak 1907.14M) | Time:00:01.49 | Mem:0.00M, Peak:0.00M | Scene, ViewLayer | Synchronizing object | r15_aojingxiguan_enclosure_wall
Fra:1 Mem:1841.75M (Peak 1907.14M) | Time:00:01.49 | Mem:0.00M, Peak:0.00M | Scene, ViewLayer | Synchronizing object | r15_aojingxiguan_enclosure_paper
Fra:1 Mem:1841.77M (Peak 1907.14M) | Time:00:01.49 | Mem:0.00M, Peak:0.00M | Scene, ViewLayer | Synchronizing object | r15_aojingxiguan_enclosure_lacquer
Fra:1 Mem:1841.86M (Peak 1907.14M) | Time:00:01.49 | Mem:0.00M, Peak:0.00M | Scene, ViewLayer | Synchronizing object | r15_aojingxiguan_enclosure_ceiling
Fra:1 Mem:1842.89M (Peak 1907.14M) | Time:00:01.49 | Mem:0.00M, Peak:0.00M | Scene, ViewLayer | Synchronizing object | r15_aojingxiguan_enclosure_blue
Fra:1 Mem:1843.97M (Peak 1907.14M) | Time:00:01.49 | Mem:0.00M, Peak:0.00M | Scene, ViewLayer | Synchronizing object | r15_aojingxiguan_enclosure_gold
Fra:1 Mem:1844.07M (Peak 1907.14M) | Time:00:01.49 | Mem:0.00M, Peak:0.00M | Scene, ViewLayer | Synchronizing object | daguanlou_stone
Fra:1 Mem:1844.73M (Peak 1907.14M) | Time:00:01.49 | Mem:0.00M, Peak:0.00M | Scene, ViewLayer | Synchronizing object | daguanlou_cutstone
Fra:1 Mem:1844.67M (Peak 1907.14M) | Time:00:01.49 | Mem:0.00M, Peak:0.00M | Scene, ViewLayer | Synchronizing object | daguanlou_darkwood
Fra:1 Mem:1849.27M (Peak 1907.14M) | Time:00:01.49 | Mem:0.00M, Peak:0.00M | Scene, ViewLayer | Synchronizing object | daguanlou_floorwood
Fra:1 Mem:1853.23M (Peak 1907.14M) | Time:00:01.50 | Mem:0.00M, Peak:0.00M | Scene, ViewLayer | Synchronizing object | daguanlou_wood
Fra:1 Mem:1859.50M (Peak 1907.14M) | Time:00:01.50 | Mem:0.00M, Peak:0.00M | Scene, ViewLayer | Synchronizing object | daguanlou_furniture
Fra:1 Mem:1861.00M (Peak 1907.14M) | Time:00:01.50 | Mem:0.00M, Peak:0.00M | Scene, ViewLayer | Synchronizing object | daguanlou_latticewood.001
Fra:1 Mem:1860.94M (Peak 1907.14M) | Time:00:01.50 | Mem:0.00M, Peak:0.00M | Scene, ViewLayer | Synchronizing object | daguanlou_tilelight
Fra:1 Mem:1869.42M (Peak 1907.14M) | Time:00:01.50 | Mem:0.00M, Peak:0.00M | Scene, ViewLayer | Synchronizing object | daguanlou_tile
Fra:1 Mem:1869.71M (Peak 1907.14M) | Time:00:01.50 | Mem:0.00M, Peak:0.00M | Scene, ViewLayer | Synchronizing object | daguanlou_tiledark
Fra:1 Mem:1881.04M (Peak 1907.14M) | Time:00:01.50 | Mem:0.00M, Peak:0.00M | Scene, ViewLayer | Synchronizing object | daguanlou_lantern
Fra:1 Mem:1884.17M (Peak 1907.14M) | Time:00:01.50 | Mem:0.00M, Peak:0.00M | Scene, ViewLayer | Synchronizing object | daguanlou_gold
Fra:1 Mem:1897.29M (Peak 1907.14M) | Time:00:01.51 | Mem:0.00M, Peak:0.00M | Scene, ViewLayer | Synchronizing object | daguanlou_paving
Fra:1 Mem:1913.37M (Peak 1913.37M) | Time:00:01.51 | Mem:0.00M, Peak:0.00M | Scene, ViewLayer | Synchronizing object | daguanlou_courtbase
Fra:1 Mem:1913.86M (Peak 1913.86M) | Time:00:01.51 | Mem:0.00M, Peak:0.00M | Scene, ViewLayer | Synchronizing object | daguanlou_paper
Fra:1 Mem:1913.95M (Peak 1913.95M) | Time:00:01.51 | Mem:0.00M, Peak:0.00M | Scene, ViewLayer | Synchronizing object | daguanlou_bookcloth.001
Fra:1 Mem:1916.16M (Peak 1916.16M) | Time:00:01.51 | Mem:0.00M, Peak:0.00M | Scene, ViewLayer | Synchronizing object | daguanlou_ivory.001
Fra:1 Mem:1916.32M (Peak 1916.32M) | Time:00:01.51 | Mem:0.00M, Peak:0.00M | Scene, ViewLayer | Synchronizing object | daguanlou_bookcover.001
Fra:1 Mem:1916.10M (Peak 1916.32M) | Time:00:01.51 | Mem:0.00M, Peak:0.00M | Scene, ViewLayer | Synchronizing object | daguanlou_ceramic
Fra:1 Mem:1916.75M (Peak 1916.75M) | Time:00:01.51 | Mem:0.00M, Peak:0.00M | Scene, ViewLayer | Synchronizing object | daguanlou_bamboo.001
Fra:1 Mem:1916.77M (Peak 1916.77M) | Time:00:01.51 | Mem:0.00M, Peak:0.00M | Scene, ViewLayer | Synchronizing object | daguanlou_plaster
Fra:1 Mem:1917.83M (Peak 1917.83M) | Time:00:01.51 | Mem:0.00M, Peak:0.00M | Scene, ViewLayer | Synchronizing object | daguanlou_bark
Fra:1 Mem:1917.94M (Peak 1917.94M) | Time:00:01.51 | Mem:0.00M, Peak:0.00M | Scene, ViewLayer | Synchronizing object | daguanlou_canopy_shadow
Fra:1 Mem:1917.94M (Peak 1917.94M) | Time:00:01.51 | Mem:0.00M, Peak:0.00M | Scene, ViewLayer | Synchronizing object | daguanlou_canopy
Fra:1 Mem:1919.11M (Peak 1919.11M) | Time:00:01.51 | Mem:0.00M, Peak:0.00M | Scene, ViewLayer | Synchronizing object | daguanlou_canopy_light
Fra:1 Mem:1918.81M (Peak 1919.11M) | Time:00:01.51 | Mem:0.00M, Peak:0.00M | Scene, ViewLayer | Synchronizing object | daguanlou_limestone.001
Fra:1 Mem:1932.32M (Peak 1932.32M) | Time:00:01.51 | Mem:0.00M, Peak:0.00M | Scene, ViewLayer | Synchronizing object | daguanlou_ground_botanical_stem.001
Fra:1 Mem:1933.94M (Peak 1933.94M) | Time:00:01.51 | Mem:0.00M, Peak:0.00M | Scene, ViewLayer | Synchronizing object | daguanlou_ground_botanical_bamboo
Fra:1 Mem:1935.22M (Peak 1935.22M) | Time:00:01.51 | Mem:0.00M, Peak:0.00M | Scene, ViewLayer | Synchronizing object | daguanlou_ground_botanical_litter
Fra:1 Mem:1954.17M (Peak 1955.09M) | Time:00:01.52 | Mem:0.00M, Peak:0.00M | Scene, ViewLayer | Synchronizing object | r15_daguanlou_enclosure_wall
Fra:1 Mem:1954.81M (Peak 1955.09M) | Time:00:01.52 | Mem:0.00M, Peak:0.00M | Scene, ViewLayer | Synchronizing object | r15_daguanlou_enclosure_paper
Fra:1 Mem:1955.28M (Peak 1955.28M) | Time:00:01.52 | Mem:0.00M, Peak:0.00M | Scene, ViewLayer | Synchronizing object | r15_daguanlou_enclosure_lacquer
Fra:1 Mem:1961.98M (Peak 1961.98M) | Time:00:01.52 | Mem:0.00M, Peak:0.00M | Scene, ViewLayer | Synchronizing object | r15_daguanlou_enclosure_ceiling
Fra:1 Mem:1964.10M (Peak 1964.10M) | Time:00:01.52 | Mem:0.00M, Peak:0.00M | Scene, ViewLayer | Synchronizing object | r15_daguanlou_enclosure_blue
Fra:1 Mem:1964.12M (Peak 1964.12M) | Time:00:01.52 | Mem:0.00M, Peak:0.00M | Scene, ViewLayer | Synchronizing object | r15_daguanlou_enclosure_gold
Fra:1 Mem:1964.12M (Peak 1964.12M) | Time:00:01.52 | Mem:0.00M, Peak:0.00M | Scene, ViewLayer | Synchronizing object | longcuian_stone
Fra:1 Mem:1964.68M (Peak 1964.69M) | Time:00:01.52 | Mem:0.00M, Peak:0.00M | Scene, ViewLayer | Synchronizing object | longcuian_cutstone
Fra:1 Mem:1964.89M (Peak 1964.89M) | Time:00:01.52 | Mem:0.00M, Peak:0.00M | Scene, ViewLayer | Synchronizing object | longcuian_darkwood
Fra:1 Mem:1979.32M (Peak 1979.42M) | Time:00:01.53 | Mem:0.00M, Peak:0.00M | Scene, ViewLayer | Synchronizing object | longcuian_floorwood
Fra:1 Mem:1978.75M (Peak 1981.22M) | Time:00:01.53 | Mem:0.00M, Peak:0.00M | Scene, ViewLayer | Synchronizing object | longcuian_wood
Fra:1 Mem:1978.88M (Peak 1981.22M) | Time:00:01.53 | Mem:0.00M, Peak:0.00M | Scene, ViewLayer | Synchronizing object | longcuian_plaster
Fra:1 Mem:1979.83M (Peak 1981.22M) | Time:00:01.53 | Mem:0.00M, Peak:0.00M | Scene, ViewLayer | Synchronizing object | longcuian_latticewood.001
Fra:1 Mem:1986.32M (Peak 1986.32M) | Time:00:01.53 | Mem:0.00M, Peak:0.00M | Scene, ViewLayer | Synchronizing object | longcuian_roof
Fra:1 Mem:1986.38M (Peak 1986.38M) | Time:00:01.53 | Mem:0.00M, Peak:0.00M | Scene, ViewLayer | Synchronizing object | longcuian_tilelight
Fra:1 Mem:1987.80M (Peak 1987.80M) | Time:00:01.53 | Mem:0.00M, Peak:0.00M | Scene, ViewLayer | Synchronizing object | longcuian_tile
Fra:1 Mem:1992.42M (Peak 1992.42M) | Time:00:01.54 | Mem:0.00M, Peak:0.00M | Scene, ViewLayer | Synchronizing object | longcuian_tiledark
Fra:1 Mem:1992.42M (Peak 1992.42M) | Time:00:01.54 | Mem:0.00M, Peak:0.00M | Scene, ViewLayer | Synchronizing object | longcuian_furniture
Fra:1 Mem:1993.35M (Peak 1993.35M) | Time:00:01.54 | Mem:0.00M, Peak:0.00M | Scene, ViewLayer | Synchronizing object | longcuian_screen
Fra:1 Mem:1993.56M (Peak 1993.56M) | Time:00:01.54 | Mem:0.00M, Peak:0.00M | Scene, ViewLayer | Synchronizing object | longcuian_paper
Fra:1 Mem:1994.04M (Peak 1994.04M) | Time:00:01.54 | Mem:0.00M, Peak:0.00M | Scene, ViewLayer | Synchronizing object | longcuian_bookcloth.001
Fra:1 Mem:1994.21M (Peak 1994.21M) | Time:00:01.54 | Mem:0.00M, Peak:0.00M | Scene, ViewLayer | Synchronizing object | longcuian_ivory.001
Fra:1 Mem:1994.45M (Peak 1994.45M) | Time:00:01.54 | Mem:0.00M, Peak:0.00M | Scene, ViewLayer | Synchronizing object | longcuian_ink.001
Fra:1 Mem:1994.59M (Peak 1994.59M) | Time:00:01.54 | Mem:0.00M, Peak:0.00M | Scene, ViewLayer | Synchronizing object | longcuian_bookcover.001
Fra:1 Mem:1995.60M (Peak 1995.60M) | Time:00:01.54 | Mem:0.00M, Peak:0.00M | Scene, ViewLayer | Synchronizing object | longcuian_ceramic
Fra:1 Mem:1995.62M (Peak 1995.62M) | Time:00:01.54 | Mem:0.00M, Peak:0.00M | Scene, ViewLayer | Synchronizing object | longcuian_bamboo.001
Fra:1 Mem:1995.65M (Peak 1995.65M) | Time:00:01.54 | Mem:0.00M, Peak:0.00M | Scene, ViewLayer | Synchronizing object | longcuian_gold.001
Fra:1 Mem:1995.80M (Peak 1995.80M) | Time:00:01.54 | Mem:0.00M, Peak:0.00M | Scene, ViewLayer | Synchronizing object | longcuian_courtbase
Fra:1 Mem:1995.80M (Peak 1995.80M) | Time:00:01.54 | Mem:0.00M, Peak:0.00M | Scene, ViewLayer | Synchronizing object | longcuian_bark
Fra:1 Mem:1998.79M (Peak 1998.83M) | Time:00:01.54 | Mem:0.00M, Peak:0.00M | Scene, ViewLayer | Synchronizing object | longcuian_flower
Fra:1 Mem:2006.52M (Peak 2006.52M) | Time:00:01.54 | Mem:0.00M, Peak:0.00M | Scene, ViewLayer | Synchronizing object | longcuian_leafdark
Fra:1 Mem:2012.57M (Peak 2012.57M) | Time:00:01.54 | Mem:0.00M, Peak:0.00M | Scene, ViewLayer | Synchronizing object | longcuian_canopy_shadow
Fra:1 Mem:2012.57M (Peak 2012.57M) | Time:00:01.54 | Mem:0.00M, Peak:0.00M | Scene, ViewLayer | Synchronizing object | longcuian_canopy
Fra:1 Mem:2014.62M (Peak 2014.62M) | Time:00:01.54 | Mem:0.00M, Peak:0.00M | Scene, ViewLayer | Synchronizing object | longcuian_canopy_light
Fra:1 Mem:2014.71M (Peak 2014.71M) | Time:00:01.54 | Mem:0.00M, Peak:0.00M | Scene, ViewLayer | Synchronizing object | r15_longcuian_enclosure_wall
Fra:1 Mem:2016.19M (Peak 2016.19M) | Time:00:01.54 | Mem:0.00M, Peak:0.00M | Scene, ViewLayer | Synchronizing object | r15_longcuian_enclosure_paper
Fra:1 Mem:2016.26M (Peak 2016.26M) | Time:00:01.54 | Mem:0.00M, Peak:0.00M | Scene, ViewLayer | Synchronizing object | r15_longcuian_enclosure_lacquer
Fra:1 Mem:2016.28M (Peak 2016.28M) | Time:00:01.54 | Mem:0.00M, Peak:0.00M | Scene, ViewLayer | Synchronizing object | r15_longcuian_enclosure_ceiling
Fra:1 Mem:2016.28M (Peak 2016.28M) | Time:00:01.54 | Mem:0.00M, Peak:0.00M | Scene, ViewLayer | Synchronizing object | r15_longcuian_enclosure_jade
Fra:1 Mem:2016.44M (Peak 2016.44M) | Time:00:01.54 | Mem:0.00M, Peak:0.00M | Scene, ViewLayer | Synchronizing object | r15_longcuian_enclosure_gold
Fra:1 Mem:2017.09M (Peak 2017.09M) | Time:00:01.54 | Mem:0.00M, Peak:0.00M | Scene, ViewLayer | Synchronizing object | nuanxiangwu_stone
Fra:1 Mem:2017.81M (Peak 2017.81M) | Time:00:01.54 | Mem:0.00M, Peak:0.00M | Scene, ViewLayer | Synchronizing object | nuanxiangwu_cutstone
Fra:1 Mem:2020.18M (Peak 2020.18M) | Time:00:01.55 | Mem:0.00M, Peak:0.00M | Scene, ViewLayer | Synchronizing object | nuanxiangwu_darkwood
Fra:1 Mem:2020.44M (Peak 2020.44M) | Time:00:01.55 | Mem:0.00M, Peak:0.00M | Scene, ViewLayer | Synchronizing object | nuanxiangwu_floorwood
Fra:1 Mem:2020.78M (Peak 2020.78M) | Time:00:01.55 | Mem:0.00M, Peak:0.00M | Scene, ViewLayer | Synchronizing object | nuanxiangwu_wood
Fra:1 Mem:2020.78M (Peak 2020.78M) | Time:00:01.55 | Mem:0.00M, Peak:0.00M | Scene, ViewLayer | Synchronizing object | nuanxiangwu_furniture
Fra:1 Mem:2021.82M (Peak 2021.82M) | Time:00:01.55 | Mem:0.00M, Peak:0.00M | Scene, ViewLayer | Synchronizing object | nuanxiangwu_latticewood.001
Fra:1 Mem:2017.58M (Peak 2021.82M) | Time:00:01.55 | Mem:0.00M, Peak:0.00M | Scene, ViewLayer | Synchronizing object | nuanxiangwu_screen
Fra:1 Mem:2017.59M (Peak 2021.82M) | Time:00:01.55 | Mem:0.00M, Peak:0.00M | Scene, ViewLayer | Synchronizing object | nuanxiangwu_roof
Fra:1 Mem:2017.83M (Peak 2021.82M) | Time:00:01.55 | Mem:0.00M, Peak:0.00M | Scene, ViewLayer | Synchronizing object | nuanxiangwu_tilelight
Fra:1 Mem:2017.83M (Peak 2021.82M) | Time:00:01.55 | Mem:0.00M, Peak:0.00M | Scene, ViewLayer | Synchronizing object | nuanxiangwu_tile
Fra:1 Mem:2019.39M (Peak 2021.82M) | Time:00:01.55 | Mem:0.00M, Peak:0.00M | Scene, ViewLayer | Synchronizing object | nuanxiangwu_tiledark
Fra:1 Mem:2019.85M (Peak 2021.82M) | Time:00:01.55 | Mem:0.00M, Peak:0.00M | Scene, ViewLayer | Synchronizing object | nuanxiangwu_paving
Fra:1 Mem:2020.76M (Peak 2021.82M) | Time:00:01.55 | Mem:0.00M, Peak:0.00M | Scene, ViewLayer | Synchronizing object | nuanxiangwu_paper
Fra:1 Mem:2020.81M (Peak 2021.82M) | Time:00:01.55 | Mem:0.00M, Peak:0.00M | Scene, ViewLayer | Synchronizing object | nuanxiangwu_bookcloth.001
Fra:1 Mem:2020.90M (Peak 2021.82M) | Time:00:01.55 | Mem:0.00M, Peak:0.00M | Scene, ViewLayer | Synchronizing object | nuanxiangwu_ivory.001
Fra:1 Mem:2021.71M (Peak 2021.82M) | Time:00:01.55 | Mem:0.00M, Peak:0.00M | Scene, ViewLayer | Synchronizing object | nuanxiangwu_ink.001
Fra:1 Mem:2022.46M (Peak 2022.46M) | Time:00:01.55 | Mem:0.00M, Peak:0.00M | Scene, ViewLayer | Synchronizing object | nuanxiangwu_bookcover.001
Fra:1 Mem:2022.46M (Peak 2022.46M) | Time:00:01.55 | Mem:0.00M, Peak:0.00M | Scene, ViewLayer | Synchronizing object | nuanxiangwu_ceramic
Fra:1 Mem:2023.19M (Peak 2023.19M) | Time:00:01.55 | Mem:0.00M, Peak:0.00M | Scene, ViewLayer | Synchronizing object | nuanxiangwu_bamboo.001
Fra:1 Mem:2023.20M (Peak 2023.20M) | Time:00:01.55 | Mem:0.00M, Peak:0.00M | Scene, ViewLayer | Synchronizing object | nuanxiangwu_gold.001
Fra:1 Mem:2023.20M (Peak 2023.20M) | Time:00:01.55 | Mem:0.00M, Peak:0.00M | Scene, ViewLayer | Synchronizing object | nuanxiangwu_silk
Fra:1 Mem:2023.77M (Peak 2023.77M) | Time:00:01.55 | Mem:0.00M, Peak:0.00M | Scene, ViewLayer | Synchronizing object | nuanxiangwu_bark
Fra:1 Mem:2023.43M (Peak 2023.77M) | Time:00:01.55 | Mem:0.00M, Peak:0.00M | Scene, ViewLayer | Synchronizing object | nuanxiangwu_leafdark
Fra:1 Mem:2023.93M (Peak 2023.93M) | Time:00:01.55 | Mem:0.00M, Peak:0.00M | Scene, ViewLayer | Synchronizing object | nuanxiangwu_courtbase
Fra:1 Mem:2024.65M (Peak 2024.65M) | Time:00:01.55 | Mem:0.00M, Peak:0.00M | Scene, ViewLayer | Synchronizing object | r15_nuanxiangwu_enclosure_wall
Fra:1 Mem:2026.44M (Peak 2026.44M) | Time:00:01.55 | Mem:0.00M, Peak:0.00M | Scene, ViewLayer | Synchronizing object | r15_nuanxiangwu_enclosure_paper
Fra:1 Mem:2028.13M (Peak 2028.13M) | Time:00:01.55 | Mem:0.00M, Peak:0.00M | Scene, ViewLayer | Synchronizing object | r15_nuanxiangwu_enclosure_lacquer
Fra:1 Mem:2027.58M (Peak 2028.13M) | Time:00:01.55 | Mem:0.00M, Peak:0.00M | Scene, ViewLayer | Synchronizing object | r15_nuanxiangwu_enclosure_ceiling
Fra:1 Mem:2028.45M (Peak 2028.45M) | Time:00:01.55 | Mem:0.00M, Peak:0.00M | Scene, ViewLayer | Synchronizing object | r15_nuanxiangwu_enclosure_blue
Fra:1 Mem:2028.50M (Peak 2028.50M) | Time:00:01.55 | Mem:0.00M, Peak:0.00M | Scene, ViewLayer | Synchronizing object | r15_nuanxiangwu_enclosure_gold
Fra:1 Mem:2029.26M (Peak 2029.26M) | Time:00:01.55 | Mem:0.00M, Peak:0.00M | Scene, ViewLayer | Synchronizing object | landscape_earth.001
Fra:1 Mem:2029.36M (Peak 2029.36M) | Time:00:01.55 | Mem:0.00M, Peak:0.00M | Scene, ViewLayer | Synchronizing object | landscape_bankstone
Fra:1 Mem:2030.88M (Peak 2030.88M) | Time:00:01.55 | Mem:0.00M, Peak:0.00M | Scene, ViewLayer | Synchronizing object | landscape_limestone.001
Fra:1 Mem:2033.29M (Peak 2033.29M) | Time:00:01.55 | Mem:0.00M, Peak:0.00M | Scene, ViewLayer | Synchronizing object | landscape_bark
Fra:1 Mem:2033.19M (Peak 2033.29M) | Time:00:01.55 | Mem:0.00M, Peak:0.00M | Scene, ViewLayer | Synchronizing object | landscape_leaf
Fra:1 Mem:2048.01M (Peak 2048.41M) | Time:00:01.56 | Mem:0.00M, Peak:0.00M | Scene, ViewLayer | Synchronizing object | landscape_bamboo.001
Fra:1 Mem:2065.92M (Peak 2065.92M) | Time:00:01.56 | Mem:0.00M, Peak:0.00M | Scene, ViewLayer | Synchronizing object | landscape_canopy_light
Fra:1 Mem:2081.63M (Peak 2081.63M) | Time:00:01.56 | Mem:0.00M, Peak:0.00M | Scene, ViewLayer | Synchronizing object | landscape_creamflower.001
Fra:1 Mem:2082.76M (Peak 2082.76M) | Time:00:01.56 | Mem:0.00M, Peak:0.00M | Scene, ViewLayer | Synchronizing object | landscape_leafdark
Fra:1 Mem:2084.22M (Peak 2084.22M) | Time:00:01.56 | Mem:0.00M, Peak:0.00M | Scene, ViewLayer | Synchronizing object | landscape_flower.001
Fra:1 Mem:2123.48M (Peak 2123.48M) | Time:00:01.57 | Mem:0.00M, Peak:0.00M | Scene, ViewLayer | Synchronizing object | landscape_plaster
Fra:1 Mem:2124.02M (Peak 2124.02M) | Time:00:01.57 | Mem:0.00M, Peak:0.00M | Scene, ViewLayer | Synchronizing object | landscape_roof
Fra:1 Mem:2127.23M (Peak 2135.90M) | Time:00:01.58 | Mem:0.00M, Peak:0.00M | Scene, ViewLayer | Synchronizing object | landscape_stone.001
Fra:1 Mem:2127.23M (Peak 2135.90M) | Time:00:01.58 | Mem:0.00M, Peak:0.00M | Scene, ViewLayer | Synchronizing object | landscape_tile
Fra:1 Mem:2138.98M (Peak 2138.98M) | Time:00:01.58 | Mem:0.00M, Peak:0.00M | Scene, ViewLayer | Synchronizing object | landscape_paving
Fra:1 Mem:2151.08M (Peak 2151.08M) | Time:00:01.58 | Mem:0.00M, Peak:0.00M | Scene, ViewLayer | Synchronizing object | Reviewed_Lake_Surface
Fra:1 Mem:2151.13M (Peak 2151.13M) | Time:00:01.58 | Mem:0.00M, Peak:0.00M | Scene, ViewLayer | Synchronizing object | Garden_Sun_Shadow
Fra:1 Mem:2151.13M (Peak 2151.13M) | Time:00:01.58 | Mem:0.00M, Peak:0.00M | Scene, ViewLayer | Synchronizing object | Understory_0001
Fra:1 Mem:2162.88M (Peak 2162.88M) | Time:00:01.58 | Mem:0.00M, Peak:0.00M | Scene, ViewLayer | Synchronizing object | Understory_0000
Fra:1 Mem:2163.75M (Peak 2163.75M) | Time:00:01.58 | Mem:0.00M, Peak:0.00M | Scene, ViewLayer | Synchronizing object | Ground_Cover_0000
Fra:1 Mem:2163.92M (Peak 2163.92M) | Time:00:01.59 | Mem:0.00M, Peak:0.00M | Scene, ViewLayer | Synchronizing object | LivingTree_975
Fra:1 Mem:2164.19M (Peak 2164.19M) | Time:00:01.59 | Mem:0.00M, Peak:0.00M | Scene, ViewLayer | Synchronizing object | landscape_wood.001
Fra:1 Mem:2155.97M (Peak 2164.19M) | Time:00:01.59 | Mem:0.00M, Peak:0.00M | Scene, ViewLayer | Synchronizing object | landscape_tilelight
Fra:1 Mem:2167.79M (Peak 2167.79M) | Time:00:01.59 | Mem:0.00M, Peak:0.00M | Scene, ViewLayer | Synchronizing object | landscape_tiledark
Fra:1 Mem:2172.75M (Peak 2172.94M) | Time:00:01.59 | Mem:0.00M, Peak:0.00M | Scene, ViewLayer | Synchronizing object | landscape_darkwood
Fra:1 Mem:2176.87M (Peak 2176.87M) | Time:00:01.60 | Mem:0.00M, Peak:0.00M | Scene, ViewLayer | Synchronizing object | landscape_lantern
Fra:1 Mem:2178.18M (Peak 2178.18M) | Time:00:01.60 | Mem:0.00M, Peak:0.00M | Scene, ViewLayer | Synchronizing object | landscape_gold
Fra:1 Mem:2178.95M (Peak 2178.95M) | Time:00:01.60 | Mem:0.00M, Peak:0.00M | Scene, ViewLayer | Synchronizing object | landscape_lightleaf.001
Fra:1 Mem:2187.98M (Peak 2190.66M) | Time:00:01.60 | Mem:0.00M, Peak:0.00M | Scene, ViewLayer | Synchronizing object | shore_ground_botanical_stem.001
Fra:1 Mem:2199.09M (Peak 2199.09M) | Time:00:01.61 | Mem:0.00M, Peak:0.00M | Scene, ViewLayer | Synchronizing object | shore_ground_botanical_bamboo
Fra:1 Mem:2199.09M (Peak 2199.09M) | Time:00:01.61 | Mem:0.00M, Peak:0.00M | Scene, ViewLayer | Synchronizing object | LivingTree_005
Fra:1 Mem:2203.64M (Peak 2203.64M) | Time:00:01.61 | Mem:0.00M, Peak:0.00M | Scene, ViewLayer | Synchronizing object | LivingTree_102
Fra:1 Mem:2988.09M (Peak 3061.30M) | Time:00:02.09 | Mem:0.00M, Peak:0.00M | Scene, ViewLayer | Initializing
Fra:1 Mem:2871.30M (Peak 3061.30M) | Time:00:02.13 | Mem:0.00M, Peak:0.00M | Scene, ViewLayer | Updating Images | Loading fern_02_rgba.png.003
Fra:1 Mem:2871.30M (Peak 3061.30M) | Time:00:02.13 | Mem:0.00M, Peak:0.00M | Scene, ViewLayer | Updating Images | Loading r15_cutstone_rough
Fra:1 Mem:2871.30M (Peak 3061.30M) | Time:00:02.13 | Mem:0.00M, Peak:0.00M | Scene, ViewLayer | Updating Images | Loading r15_stone_nor_gl
Fra:1 Mem:2871.30M (Peak 3061.30M) | Time:00:02.13 | Mem:0.00M, Peak:0.00M | Scene, ViewLayer | Updating Images | Loading forest_grove.hdr
Fra:1 Mem:2888.35M (Peak 3061.30M) | Time:00:02.20 | Mem:1.00M, Peak:1.00M | Scene, ViewLayer | Updating Images | Loading r15_darkwood_diff
Fra:1 Mem:2888.34M (Peak 3061.30M) | Time:00:02.20 | Mem:2.00M, Peak:2.00M | Scene, ViewLayer | Updating Images | Loading r15_darkwood_nor_gl
Fra:1 Mem:2888.33M (Peak 3061.30M) | Time:00:02.20 | Mem:3.00M, Peak:3.00M | Scene, ViewLayer | Updating Images | Loading r15_darkwood_rough
Fra:1 Mem:2887.32M (Peak 3061.30M) | Time:00:02.20 | Mem:4.00M, Peak:4.00M | Scene, ViewLayer | Updating Images | Loading grass_medium_01_nor_gl
Fra:1 Mem:2886.31M (Peak 3061.30M) | Time:00:02.20 | Mem:5.00M, Peak:5.00M | Scene, ViewLayer | Updating Images | Loading r15_floorwood_diff
Fra:1 Mem:2886.31M (Peak 3061.30M) | Time:00:02.20 | Mem:6.00M, Peak:6.00M | Scene, ViewLayer | Updating Images | Loading r15_floorwood_nor_gl
Fra:1 Mem:2905.32M (Peak 3061.30M) | Time:00:02.20 | Mem:7.00M, Peak:7.00M | Scene, ViewLayer | Updating Images | Loading r15_floorwood_rough
Fra:1 Mem:2907.33M (Peak 3061.30M) | Time:00:02.21 | Mem:9.00M, Peak:9.00M | Scene, ViewLayer | Updating Images | Loading r15_wood_diff
Fra:1 Mem:2908.33M (Peak 3061.30M) | Time:00:02.21 | Mem:10.00M, Peak:10.00M | Scene, ViewLayer | Updating Images | Loading r15_wood_nor_gl
Fra:1 Mem:2908.33M (Peak 3061.30M) | Time:00:02.21 | Mem:11.00M, Peak:11.00M | Scene, ViewLayer | Updating Images | Loading r15_wood_rough
Fra:1 Mem:2911.34M (Peak 3061.30M) | Time:00:02.21 | Mem:11.00M, Peak:11.00M | Scene, ViewLayer | Updating Images | Loading r15_furniture_diff
Fra:1 Mem:2911.34M (Peak 3061.30M) | Time:00:02.21 | Mem:11.00M, Peak:11.00M | Scene, ViewLayer | Updating Images | Loading r15_furniture_nor_gl
Fra:1 Mem:2911.33M (Peak 3061.30M) | Time:00:02.21 | Mem:12.00M, Peak:12.00M | Scene, ViewLayer | Updating Images | Loading r15_furniture_rough
Fra:1 Mem:2912.32M (Peak 3061.30M) | Time:00:02.21 | Mem:13.00M, Peak:13.00M | Scene, ViewLayer | Updating Images | Loading r15_latticewood_diff
Fra:1 Mem:2915.34M (Peak 3061.30M) | Time:00:02.21 | Mem:14.00M, Peak:14.00M | Scene, ViewLayer | Updating Images | Loading r15_latticewood_nor_gl
Fra:1 Mem:2915.33M (Peak 3061.30M) | Time:00:02.21 | Mem:15.00M, Peak:15.00M | Scene, ViewLayer | Updating Images | Loading r15_latticewood_rough
Fra:1 Mem:2915.32M (Peak 3061.30M) | Time:00:02.21 | Mem:16.00M, Peak:16.00M | Scene, ViewLayer | Updating Images | Loading r15_roof_diff
Fra:1 Mem:2917.33M (Peak 3061.30M) | Time:00:02.21 | Mem:18.00M, Peak:18.00M | Scene, ViewLayer | Updating Images | Loading r15_roof_nor_gl
Fra:1 Mem:2917.32M (Peak 3061.30M) | Time:00:02.21 | Mem:19.00M, Peak:19.00M | Scene, ViewLayer | Updating Images | Loading r15_roof_rough
Fra:1 Mem:2919.33M (Peak 3061.30M) | Time:00:02.22 | Mem:20.00M, Peak:20.00M | Scene, ViewLayer | Updating Images | Loading r15_tilelight_diff
Fra:1 Mem:2920.33M (Peak 3061.30M) | Time:00:02.22 | Mem:21.00M, Peak:21.00M | Scene, ViewLayer | Updating Images | Loading r15_tilelight_nor_gl
Fra:1 Mem:2920.33M (Peak 3061.30M) | Time:00:02.22 | Mem:22.00M, Peak:22.00M | Scene, ViewLayer | Updating Images | Loading r15_tilelight_rough
Fra:1 Mem:2922.33M (Peak 3061.30M) | Time:00:02.22 | Mem:23.00M, Peak:23.00M | Scene, ViewLayer | Updating Images | Loading r15_tile_diff
Fra:1 Mem:2922.32M (Peak 3061.30M) | Time:00:02.22 | Mem:24.00M, Peak:24.00M | Scene, ViewLayer | Updating Images | Loading r15_tile_nor_gl
Fra:1 Mem:2915.32M (Peak 3061.30M) | Time:00:02.22 | Mem:25.00M, Peak:25.00M | Scene, ViewLayer | Updating Images | Loading r15_tile_rough
Fra:1 Mem:2921.34M (Peak 3061.30M) | Time:00:02.22 | Mem:26.00M, Peak:26.00M | Scene, ViewLayer | Updating Images | Loading r15_tiledark_diff
Fra:1 Mem:2920.33M (Peak 3061.30M) | Time:00:02.22 | Mem:27.00M, Peak:27.00M | Scene, ViewLayer | Updating Images | Loading r15_tiledark_nor_gl
Fra:1 Mem:2919.33M (Peak 3061.30M) | Time:00:02.22 | Mem:31.00M, Peak:31.00M | Scene, ViewLayer | Updating Images | Loading grass_medium_01_rough
Fra:1 Mem:2924.34M (Peak 3061.30M) | Time:00:02.22 | Mem:32.00M, Peak:32.00M | Scene, ViewLayer | Updating Images | Loading r15_tiledark_rough
Fra:1 Mem:2924.33M (Peak 3061.30M) | Time:00:02.22 | Mem:33.00M, Peak:33.00M | Scene, ViewLayer | Updating Images | Loading rock_moss_set_01_diff
Fra:1 Mem:2927.32M (Peak 3061.30M) | Time:00:02.22 | Mem:34.00M, Peak:34.00M | Scene, ViewLayer | Updating Images | Loading rock_moss_set_01_nor_gl
Fra:1 Mem:2931.32M (Peak 3061.30M) | Time:00:02.22 | Mem:35.00M, Peak:35.00M | Scene, ViewLayer | Updating Images | Loading r15_paving_diff
Fra:1 Mem:2932.32M (Peak 3061.30M) | Time:00:02.22 | Mem:36.00M, Peak:36.00M | Scene, ViewLayer | Updating Images | Loading r15_paving_nor_gl
Fra:1 Mem:2931.33M (Peak 3061.30M) | Time:00:02.22 | Mem:37.00M, Peak:37.00M | Scene, ViewLayer | Updating Images | Loading r15_paving_rough
Fra:1 Mem:2940.33M (Peak 3061.30M) | Time:00:02.23 | Mem:38.00M, Peak:38.00M | Scene, ViewLayer | Updating Images | Loading r15_plaster_diff
Fra:1 Mem:2942.34M (Peak 3061.30M) | Time:00:02.23 | Mem:39.00M, Peak:39.00M | Scene, ViewLayer | Updating Images | Loading r15_gardenstone_diff
Fra:1 Mem:2941.33M (Peak 3061.30M) | Time:00:02.23 | Mem:40.00M, Peak:40.00M | Scene, ViewLayer | Updating Images | Loading r15_gardenstone_nor_gl
Fra:1 Mem:2935.32M (Peak 3061.30M) | Time:00:02.23 | Mem:41.00M, Peak:41.00M | Scene, ViewLayer | Updating Images | Loading r15_gardenstone_rough
Fra:1 Mem:2940.33M (Peak 3061.30M) | Time:00:02.23 | Mem:49.00M, Peak:49.00M | Scene, ViewLayer | Updating Images | Loading r15_bankstone_diff
Fra:1 Mem:2937.32M (Peak 3061.30M) | Time:00:02.23 | Mem:53.00M, Peak:53.00M | Scene, ViewLayer | Updating Images | Loading r15_bankstone_nor_gl
Fra:1 Mem:2944.35M (Peak 3061.30M) | Time:00:02.23 | Mem:54.00M, Peak:54.00M | Scene, ViewLayer | Updating Images | Loading r15_bankstone_rough
Fra:1 Mem:2940.34M (Peak 3061.30M) | Time:00:02.23 | Mem:58.00M, Peak:58.00M | Scene, ViewLayer | Updating Images | Loading petal.png
Fra:1 Mem:2943.33M (Peak 3061.30M) | Time:00:02.23 | Mem:59.00M, Peak:59.00M | Scene, ViewLayer | Updating Images | Loading bamboo.png
Fra:1 Mem:2940.33M (Peak 3061.30M) | Time:00:02.23 | Mem:63.00M, Peak:63.00M | Scene, ViewLayer | Updating Images | Loading grass_medium_01_diff-grass_medium_01_alpha
Fra:1 Mem:2943.33M (Peak 3061.30M) | Time:00:02.23 | Mem:64.00M, Peak:64.00M | Scene, ViewLayer | Updating Images | Loading stem.png
Fra:1 Mem:2942.31M (Peak 3061.30M) | Time:00:02.23 | Mem:65.00M, Peak:65.00M | Scene, ViewLayer | Updating Images | Loading banana.png
Fra:1 Mem:2944.13M (Peak 3061.30M) | Time:00:02.23 | Mem:65.06M, Peak:65.06M | Scene, ViewLayer | Updating Images | Loading litter.png
Fra:1 Mem:2945.20M (Peak 3061.30M) | Time:00:02.23 | Mem:65.19M, Peak:65.19M | Scene, ViewLayer | Updating Images | Loading r15_courtbase_diff
Fra:1 Mem:2946.20M (Peak 3061.30M) | Time:00:02.23 | Mem:65.31M, Peak:65.31M | Scene, ViewLayer | Updating Images | Loading r15_courtbase_nor_gl
Fra:1 Mem:2946.20M (Peak 3061.30M) | Time:00:02.23 | Mem:65.38M, Peak:65.38M | Scene, ViewLayer | Updating Images | Loading r15_courtbase_rough
Fra:1 Mem:2949.21M (Peak 3061.30M) | Time:00:02.24 | Mem:66.38M, Peak:66.38M | Scene, ViewLayer | Updating Images | Loading r15_rusticwood_diff
Fra:1 Mem:2949.20M (Peak 3061.30M) | Time:00:02.24 | Mem:67.38M, Peak:67.38M | Scene, ViewLayer | Updating Images | Loading r15_rusticwood_nor_gl
Fra:1 Mem:2948.19M (Peak 3061.30M) | Time:00:02.24 | Mem:68.38M, Peak:68.38M | Scene, ViewLayer | Updating Images | Loading r15_rusticwood_rough
Fra:1 Mem:2950.20M (Peak 3061.30M) | Time:00:02.24 | Mem:69.38M, Peak:69.38M | Scene, ViewLayer | Updating Images | Loading r15_goldroof_diff
Fra:1 Mem:2951.20M (Peak 3061.30M) | Time:00:02.24 | Mem:69.88M, Peak:69.88M | Scene, ViewLayer | Updating Images | Loading r15_goldroof_nor_gl
Fra:1 Mem:2953.20M (Peak 3061.30M) | Time:00:02.24 | Mem:70.88M, Peak:70.88M | Scene, ViewLayer | Updating Images | Loading r15_goldroof_rough
Fra:1 Mem:2952.19M (Peak 3061.30M) | Time:00:02.24 | Mem:71.88M, Peak:71.88M | Scene, ViewLayer | Updating Images | Loading r15_goldtilelight_diff
Fra:1 Mem:2954.20M (Peak 3061.30M) | Time:00:02.24 | Mem:72.88M, Peak:72.88M | Scene, ViewLayer | Updating Images | Loading r15_goldtilelight_nor_gl
Fra:1 Mem:2957.21M (Peak 3061.30M) | Time:00:02.24 | Mem:73.88M, Peak:73.88M | Scene, ViewLayer | Updating Images | Loading r15_goldtilelight_rough
Fra:1 Mem:2961.21M (Peak 3061.30M) | Time:00:02.24 | Mem:74.88M, Peak:74.88M | Scene, ViewLayer | Updating Images | Loading r15_goldtile_diff
Fra:1 Mem:2963.22M (Peak 3061.30M) | Time:00:02.24 | Mem:75.88M, Peak:75.88M | Scene, ViewLayer | Updating Images | Loading r15_goldtile_nor_gl
Fra:1 Mem:2964.22M (Peak 3061.30M) | Time:00:02.24 | Mem:76.88M, Peak:76.88M | Scene, ViewLayer | Updating Images | Loading r15_goldtile_rough
Fra:1 Mem:2964.21M (Peak 3061.30M) | Time:00:02.24 | Mem:77.88M, Peak:77.88M | Scene, ViewLayer | Updating Images | Loading r15_goldtiledark_diff
Fra:1 Mem:2965.21M (Peak 3061.30M) | Time:00:02.24 | Mem:78.88M, Peak:78.88M | Scene, ViewLayer | Updating Images | Loading r15_goldtiledark_nor_gl
Fra:1 Mem:2965.20M (Peak 3061.30M) | Time:00:02.24 | Mem:79.88M, Peak:79.88M | Scene, ViewLayer | Updating Images | Loading r15_goldtiledark_rough
Fra:1 Mem:2961.19M (Peak 3061.30M) | Time:00:02.24 | Mem:83.88M, Peak:83.88M | Scene, ViewLayer | Updating Images | Loading pine_sapling_small_twig_rgba.png.004
Fra:1 Mem:2963.45M (Peak 3061.30M) | Time:00:02.24 | Mem:84.88M, Peak:84.88M | Scene, ViewLayer | Updating Images | Loading island_tree_02_diff
Fra:1 Mem:2966.45M (Peak 3061.30M) | Time:00:02.24 | Mem:85.88M, Peak:85.88M | Scene, ViewLayer | Updating Images | Loading island_tree_02_rough
Fra:1 Mem:2971.45M (Peak 3061.30M) | Time:00:02.25 | Mem:86.12M, Peak:86.12M | Scene, ViewLayer | Updating Images | Loading pine_sapling_small_twig_nor_gl
Fra:1 Mem:2976.46M (Peak 3061.30M) | Time:00:02.25 | Mem:87.12M, Peak:87.12M | Scene, ViewLayer | Updating Images | Loading island_tree_02_nor_gl
Fra:1 Mem:2979.46M (Peak 3061.30M) | Time:00:02.25 | Mem:88.12M, Peak:88.12M | Scene, ViewLayer | Updating Images | Loading island_tree_02_leaves_diff-island_tree_02_leaves_alpha
Fra:1 Mem:2982.45M (Peak 3061.30M) | Time:00:02.25 | Mem:89.12M, Peak:89.12M | Scene, ViewLayer | Updating Images | Loading island_tree_02_leaves_rough
Fra:1 Mem:2987.46M (Peak 3061.30M) | Time:00:02.25 | Mem:90.12M, Peak:90.12M | Scene, ViewLayer | Updating Images | Loading island_tree_02_leaves_nor_gl
Fra:1 Mem:2990.45M (Peak 3061.30M) | Time:00:02.25 | Mem:91.12M, Peak:91.12M | Scene, ViewLayer | Updating Images | Loading island_tree_02_leaves_rgba.png.004
Fra:1 Mem:2990.70M (Peak 3061.30M) | Time:00:02.25 | Mem:91.38M, Peak:91.38M | Scene, ViewLayer | Updating Images | Loading island_tree_02_branches_diff
Fra:1 Mem:2998.71M (Peak 3061.30M) | Time:00:02.26 | Mem:95.38M, Peak:95.38M | Scene, ViewLayer | Updating Images | Loading island_tree_02_branches_rough
Fra:1 Mem:3014.73M (Peak 3061.30M) | Time:00:02.26 | Mem:99.38M, Peak:99.38M | Scene, ViewLayer | Updating Images | Loading island_tree_02_branches_nor_gl
Fra:1 Mem:3014.72M (Peak 3061.30M) | Time:00:02.26 | Mem:103.38M, Peak:103.38M | Scene, ViewLayer | Updating Images | Loading island_tree_01_diff
Fra:1 Mem:3014.71M (Peak 3061.30M) | Time:00:02.26 | Mem:107.38M, Peak:107.38M | Scene, ViewLayer | Updating Images | Loading island_tree_01_rough
Fra:1 Mem:3014.70M (Peak 3061.30M) | Time:00:02.26 | Mem:111.38M, Peak:111.38M | Scene, ViewLayer | Updating Images | Loading pine_sapling_small_twig_rough
Fra:1 Mem:3014.70M (Peak 3061.30M) | Time:00:02.26 | Mem:115.38M, Peak:115.38M | Scene, ViewLayer | Updating Images | Loading island_tree_01_nor_gl
Fra:1 Mem:3018.70M (Peak 3061.30M) | Time:00:02.27 | Mem:119.38M, Peak:119.38M | Scene, ViewLayer | Updating Images | Loading island_tree_01_leaves_diff-island_tree_01_leaves_alpha
Fra:1 Mem:3022.70M (Peak 3061.30M) | Time:00:02.27 | Mem:123.38M, Peak:123.38M | Scene, ViewLayer | Updating Images | Loading island_tree_01_leaves_rough
Fra:1 Mem:3026.70M (Peak 3061.30M) | Time:00:02.27 | Mem:127.38M, Peak:127.38M | Scene, ViewLayer | Updating Images | Loading island_tree_01_leaves_nor_gl
Fra:1 Mem:3034.70M (Peak 3061.30M) | Time:00:02.28 | Mem:131.38M, Peak:131.38M | Scene, ViewLayer | Updating Images | Loading island_tree_01_leaves_rgba.png.009
Fra:1 Mem:3034.95M (Peak 3061.30M) | Time:00:02.28 | Mem:135.38M, Peak:135.38M | Scene, ViewLayer | Updating Images | Loading island_tree_01_branches_diff
Fra:1 Mem:3042.96M (Peak 3061.30M) | Time:00:02.28 | Mem:135.62M, Peak:135.62M | Scene, ViewLayer | Updating Images | Loading island_tree_01_branches_rough
Fra:1 Mem:3046.96M (Peak 3061.30M) | Time:00:02.28 | Mem:139.62M, Peak:139.62M | Scene, ViewLayer | Updating Images | Loading pine_sapling_small_twig_diff
Fra:1 Mem:3050.96M (Peak 3061.30M) | Time:00:02.28 | Mem:143.62M, Peak:143.62M | Scene, ViewLayer | Updating Images | Loading island_tree_01_branches_nor_gl
Fra:1 Mem:3050.95M (Peak 3061.30M) | Time:00:02.28 | Mem:147.62M, Peak:147.62M | Scene, ViewLayer | Updating Images | Loading island_tree_01_leaves_rgba.png.008
Fra:1 Mem:3051.20M (Peak 3061.30M) | Time:00:02.28 | Mem:151.62M, Peak:151.62M | Scene, ViewLayer | Updating Images | Loading pine_sapling_small_bark_diff
Fra:1 Mem:3051.20M (Peak 3061.30M) | Time:00:02.28 | Mem:155.62M, Peak:155.62M | Scene, ViewLayer | Updating Images | Loading pine_sapling_small_bark_rough
Fra:1 Mem:3059.20M (Peak 3061.30M) | Time:00:02.28 | Mem:155.88M, Peak:155.88M | Scene, ViewLayer | Updating Images | Loading pine_sapling_small_bark_nor_gl
Fra:1 Mem:2823.60M (Peak 3067.21M) | Time:00:02.38 | Mem:187.88M, Peak:187.88M | Scene, ViewLayer | Waiting for render to start
Fra:1 Mem:2823.60M (Peak 3067.21M) | Time:00:02.38 | Mem:187.88M, Peak:187.88M | Scene, ViewLayer | Updating Scene
Fra:1 Mem:2823.60M (Peak 3067.21M) | Time:00:02.38 | Mem:187.88M, Peak:187.88M | Scene, ViewLayer | Updating Shaders
Fra:1 Mem:2823.60M (Peak 3067.21M) | Time:00:02.38 | Mem:187.88M, Peak:187.88M | Scene, ViewLayer | Loading render kernels (may take a few minutes the first time)
Fra:1 Mem:2823.73M (Peak 3067.21M) | Time:00:02.38 | Mem:187.93M, Peak:187.93M | Scene, ViewLayer | Updating Procedurals
Fra:1 Mem:2823.73M (Peak 3067.21M) | Time:00:02.38 | Mem:187.93M, Peak:187.93M | Scene, ViewLayer | Updating Background
Fra:1 Mem:2823.73M (Peak 3067.21M) | Time:00:02.38 | Mem:187.93M, Peak:187.93M | Scene, ViewLayer | Updating Camera
Fra:1 Mem:2823.73M (Peak 3067.21M) | Time:00:02.38 | Mem:187.93M, Peak:187.93M | Scene, ViewLayer | Updating Meshes Flags
Fra:1 Mem:2823.73M (Peak 3067.21M) | Time:00:02.38 | Mem:187.93M, Peak:187.93M | Scene, ViewLayer | Updating Objects
Fra:1 Mem:2823.73M (Peak 3067.21M) | Time:00:02.39 | Mem:187.93M, Peak:187.93M | Scene, ViewLayer | Updating Objects | Copying Transformations to device
Fra:1 Mem:2827.22M (Peak 3067.21M) | Time:00:02.39 | Mem:191.30M, Peak:191.30M | Scene, ViewLayer | Updating Particle Systems
Fra:1 Mem:2827.22M (Peak 3067.21M) | Time:00:02.39 | Mem:191.30M, Peak:191.30M | Scene, ViewLayer | Updating Particle Systems | Copying Particles to device
Fra:1 Mem:2827.22M (Peak 3067.21M) | Time:00:02.39 | Mem:191.30M, Peak:191.30M | Scene, ViewLayer | Updating Meshes
Fra:1 Mem:3266.10M (Peak 3266.10M) | Time:00:08.44 | Mem:191.30M, Peak:191.30M | Scene, ViewLayer | Updating Objects | Applying Static Transformations
Fra:1 Mem:3266.10M (Peak 3266.10M) | Time:00:08.46 | Mem:191.30M, Peak:191.30M | Scene, ViewLayer | Updating Mesh | Computing attributes
Fra:1 Mem:4026.27M (Peak 4026.27M) | Time:00:08.93 | Mem:191.34M, Peak:191.34M | Scene, ViewLayer | Updating Mesh | Copying Attributes to device
Fra:1 Mem:4025.33M (Peak 4026.27M) | Time:00:08.93 | Mem:950.52M, Peak:950.52M | Scene, ViewLayer | Updating Geometry BVH Plane.016 8/7 | Building BVH
Fra:1 Mem:4025.33M (Peak 4026.27M) | Time:00:08.94 | Mem:950.52M, Peak:950.52M | Scene, ViewLayer | Updating Geometry BVH Plane.043 6/7 | Building BVH
Fra:1 Mem:4025.33M (Peak 4026.27M) | Time:00:08.94 | Mem:950.56M, Peak:950.56M | Scene, ViewLayer | Updating Geometry BVH pine_sapling_small_a 5/7 | Building BVH
Fra:1 Mem:4025.33M (Peak 4026.27M) | Time:00:08.94 | Mem:954.90M, Peak:954.90M | Scene, ViewLayer | Updating Geometry BVH Plane.015 7/7 | Building BVH
Fra:1 Mem:4025.33M (Peak 4026.27M) | Time:00:08.94 | Mem:954.93M, Peak:954.93M | Scene, ViewLayer | Updating Geometry BVH Plane.015 7/7 | Building BVH 0%
Fra:1 Mem:4025.33M (Peak 4026.27M) | Time:00:08.94 | Mem:955.01M, Peak:955.05M | Scene, ViewLayer | Updating Geometry BVH mesh.001 2/7 | Building BVH
Fra:1 Mem:4025.33M (Peak 4026.27M) | Time:00:08.94 | Mem:987.73M, Peak:987.73M | Scene, ViewLayer | Updating Geometry BVH island_trees_01_blockout_cleaned.001 4/7 | Building BVH
Fra:1 Mem:4025.33M (Peak 4026.27M) | Time:00:08.94 | Mem:1036.54M, Peak:1036.54M | Scene, ViewLayer | Updating Geometry BVH island_trees_01_blockout_cleaned.002 3/7 | Building BVH
Fra:1 Mem:4025.33M (Peak 4026.27M) | Time:00:09.19 | Mem:1181.82M, Peak:1206.54M | Scene, ViewLayer | Updating Geometry BVH island_trees_01_blockout_cleaned.002 3/7 | Building BVH 36%
Fra:1 Mem:4025.33M (Peak 4026.27M) | Time:00:09.19 | Mem:1181.82M, Peak:1206.54M | Scene, ViewLayer | Updating Geometry BVH island_trees_01_blockout_cleaned.002 3/7 | Building BVH 8%
Fra:1 Mem:4025.33M (Peak 4026.27M) | Time:00:09.30 | Mem:1248.20M, Peak:1297.01M | Scene, ViewLayer | Updating Scene BVH | Building
Fra:1 Mem:4025.44M (Peak 4026.27M) | Time:00:09.30 | Mem:1248.20M, Peak:1297.01M | Scene, ViewLayer | Updating Scene BVH | Building BVH
Fra:1 Mem:4025.44M (Peak 4026.27M) | Time:00:09.44 | Mem:1453.90M, Peak:1453.90M | Scene, ViewLayer | Updating Scene BVH | Building BVH 4%
Fra:1 Mem:4025.44M (Peak 4026.27M) | Time:00:09.69 | Mem:1731.90M, Peak:1731.90M | Scene, ViewLayer | Updating Scene BVH | Building BVH 78%
Fra:1 Mem:4025.44M (Peak 4026.27M) | Time:00:09.77 | Mem:1634.57M, Peak:1813.90M | Scene, ViewLayer | Updating Scene BVH | Copying BVH to device
Fra:1 Mem:4025.44M (Peak 4026.27M) | Time:00:09.77 | Mem:1634.57M, Peak:1813.90M | Scene, ViewLayer | Updating Mesh | Computing normals
Fra:1 Mem:4374.71M (Peak 4374.71M) | Time:00:10.10 | Mem:1634.57M, Peak:1813.90M | Scene, ViewLayer | Updating Mesh | Copying Mesh to device
Fra:1 Mem:4374.71M (Peak 4374.71M) | Time:00:10.10 | Mem:1983.83M, Peak:1983.83M | Scene, ViewLayer | Updating Objects Flags
Fra:1 Mem:4374.71M (Peak 4374.71M) | Time:00:10.10 | Mem:1983.95M, Peak:1983.95M | Scene, ViewLayer | Updating Primitive Offsets
Fra:1 Mem:4374.76M (Peak 4374.76M) | Time:00:10.10 | Mem:1984.00M, Peak:1984.00M | Scene, ViewLayer | Updating Images
Fra:1 Mem:4362.76M (Peak 4374.76M) | Time:00:10.10 | Mem:1972.00M, Peak:1984.00M | Scene, ViewLayer | Updating Camera Volume
Fra:1 Mem:4362.76M (Peak 4374.76M) | Time:00:10.10 | Mem:1972.00M, Peak:1984.00M | Scene, ViewLayer | Updating Lookup Tables
Fra:1 Mem:4362.76M (Peak 4374.76M) | Time:00:10.10 | Mem:1972.08M, Peak:1984.00M | Scene, ViewLayer | Updating Lights
Fra:1 Mem:4362.76M (Peak 4374.76M) | Time:00:10.10 | Mem:1972.08M, Peak:1984.00M | Scene, ViewLayer | Updating Lights | Importance map
Fra:1 Mem:4426.80M (Peak 4714.76M) | Time:00:10.52 | Mem:2036.13M, Peak:2196.09M | Scene, ViewLayer | Updating Lights | Computing tree
Fra:1 Mem:4426.91M (Peak 4714.76M) | Time:00:10.52 | Mem:2036.24M, Peak:2196.09M | Scene, ViewLayer | Updating Integrator
Fra:1 Mem:4426.91M (Peak 4714.76M) | Time:00:10.52 | Mem:2036.24M, Peak:2196.09M | Scene, ViewLayer | Updating Film
Fra:1 Mem:4426.91M (Peak 4714.76M) | Time:00:10.52 | Mem:2036.16M, Peak:2196.09M | Scene, ViewLayer | Updating Lookup Tables
Fra:1 Mem:4426.91M (Peak 4714.76M) | Time:00:10.52 | Mem:2036.24M, Peak:2196.09M | Scene, ViewLayer | Updating Baking
Fra:1 Mem:4426.91M (Peak 4714.76M) | Time:00:10.52 | Mem:2036.24M, Peak:2196.09M | Scene, ViewLayer | Updating Device | Writing constant memory
Fra:1 Mem:4427.14M (Peak 4714.76M) | Time:00:10.52 | Mem:2036.24M, Peak:2196.09M | Scene, ViewLayer | Loading denoising kernels (may take a few minutes the first time)
Fra:1 Mem:4427.14M (Peak 4714.76M) | Time:00:10.52 | Mem:2036.24M, Peak:2196.09M | Scene, ViewLayer | Sample 0/16
Fra:1 Mem:4731.23M (Peak 4731.23M) | Time:00:16.83 | Remaining:01:28.97 | Mem:2340.24M, Peak:2340.24M | Scene, ViewLayer | Sample 1/16
Fra:1 Mem:4731.23M (Peak 4731.23M) | Time:00:40.54 | Remaining:01:06.03 | Mem:2340.24M, Peak:2340.24M | Scene, ViewLayer | Sample 5/16
Fra:1 Mem:4731.23M (Peak 4731.23M) | Time:01:03.33 | Remaining:00:41.07 | Mem:2340.24M, Peak:2340.24M | Scene, ViewLayer | Sample 9/16
Fra:1 Mem:4731.23M (Peak 4731.23M) | Time:01:28.69 | Remaining:00:18.03 | Mem:2340.24M, Peak:2340.24M | Scene, ViewLayer | Sample 13/16
Fra:1 Mem:4859.23M (Peak 5051.24M) | Time:02:01.25 | Mem:2340.24M, Peak:2340.24M | Scene, ViewLayer | Sample 16/16
Fra:1 Mem:4859.23M (Peak 5051.24M) | Time:02:01.25 | Mem:2340.24M, Peak:2340.24M | Scene, ViewLayer | Finished
Saved: 'D:\Users\Lenovo\Desktop\大观园\assets\processed\landscape-r15\light.next.png'
Time: 02:02.11 (Saving: 00:00.41)

OSError: [Errno 28] No space left on device

During handling of the above exception, another exception occurred:

Traceback (most recent call last):
  File "D:\Users\Lenovo\Desktop\大观园\blender\bake_landscape_light.py", line 61, in <module>
    (folder/'manifest.json').write_text(json.dumps(record,ensure_ascii=False,indent=2),encoding='utf-8')
  File "D:\Users\Lenovo\Desktop\大观园\.tools\blender-4.5.9-windows-x64\4.5\python\Lib\pathlib.py", line 1078, in write_text
    with self.open(mode='w', encoding=encoding, errors=errors, newline=newline) as f:
OSError: [Errno 28] No space left on device

Error: script failed, file: 'blender/bake_landscape_light.py', exiting.

Blender quit
