
> daguanyuan-rumeng@1.0.0 build
> node scripts/clean_build.mjs && npm run data:build && tsc --noEmit && vite build


> daguanyuan-rumeng@1.0.0 data:build
> node scripts/validate.mjs --publish

PASS 3671 integrity checks. {
  places: 15,
  characters: 13,
  events: 22,
  sources: 46,
  relations: 1,
  routes: 3
}
vite v7.3.6 building client environment for production...
transforming...
✓ 2235 modules transformed.
rendering chunks...
computing gzip size...
dist/.vite/manifest.json               0.47 kB │ gzip:   0.22 kB
dist/index.html                        1.27 kB │ gzip:   0.88 kB
dist/assets/index-D68344Zx.css        44.57 kB │ gzip:   9.50 kB
dist/assets/index-C_s9OnS3.js        658.46 kB │ gzip: 190.79 kB
dist/assets/GardenScene-CZ4Mzwlv.js  735.03 kB │ gzip: 207.16 kB
✓ built in 19.47s
