INFO Draco mesh compression is available, use library at D:\Users\Lenovo\Desktop\大观园\.tools\blender-4.5.9-windows-x64\4.5\scripts\addons_core\io_scene_gltf2\extern_draco.dll
12:45:01 | INFO: Starting glTF 2.0 export
12:45:02 | INFO: Extracting primitive: r15_daguanyuan_gate_cutstone
12:45:02 | INFO: Primitives created: 1
12:45:02 | INFO: Extracting primitive: r15_daguanyuan_gate_darkwood
12:45:02 | INFO: Primitives created: 1
12:45:02 | INFO: Extracting primitive: r15_daguanyuan_gate_furniture
12:45:02 | INFO: Primitives created: 1
12:45:02 | INFO: Extracting primitive: r15_daguanyuan_gate_gold
12:45:02 | INFO: Primitives created: 1
12:45:02 | INFO: Extracting primitive: r15_daguanyuan_gate_latticewood
12:45:02 | INFO: Primitives created: 1
12:45:02 | INFO: Extracting primitive: r15_daguanyuan_gate_plaster
12:45:02 | INFO: Primitives created: 1
12:45:02 | INFO: Extracting primitive: r15_daguanyuan_gate_plaster.001
12:45:02 | INFO: Primitives created: 1
12:45:02 | INFO: Extracting primitive: r15_daguanyuan_gate_qing_azurite
12:45:02 | INFO: Primitives created: 1
12:45:02 | INFO: Extracting primitive: r15_daguanyuan_gate_roof
12:45:02 | INFO: Primitives created: 1
12:45:02 | INFO: Extracting primitive: r15_daguanyuan_gate_screen
12:45:02 | INFO: Primitives created: 1
12:45:02 | INFO: Extracting primitive: r15_daguanyuan_gate_screen.001
12:45:02 | INFO: Primitives created: 1
12:45:02 | INFO: Extracting primitive: r15_daguanyuan_gate_stone
12:45:02 | INFO: Primitives created: 1
12:45:02 | INFO: Extracting primitive: r15_daguanyuan_gate_tile
12:45:02 | INFO: Primitives created: 1
12:45:02 | INFO: Extracting primitive: r15_daguanyuan_gate_tiledark
12:45:02 | INFO: Primitives created: 1
12:45:02 | INFO: Extracting primitive: r15_daguanyuan_gate_tilelight
12:45:02 | INFO: Primitives created: 1
12:45:02 | INFO: Extracting primitive: r15_daguanyuan_gate_wood
12:45:02 | INFO: Primitives created: 1
12:45:02 | INFO: Finished glTF 2.0 export in 0.9319400787353516 s

ENCLOSED MOBILE daguanyuan_gate
12:45:15 | INFO: Starting glTF 2.0 export
12:45:15 | INFO: Finished glTF 2.0 export in 0.3610954284667969 s

ENCLOSED MOBILE qujingtongyou
12:45:33 | INFO: Starting glTF 2.0 export
12:45:34 | INFO: Extracting primitive: r15_xiaoxiangguan_bookcloth
12:45:34 | INFO: Primitives created: 1
12:45:34 | INFO: Extracting primitive: r15_xiaoxiangguan_bookcover
12:45:34 | INFO: Primitives created: 1
12:45:34 | INFO: Extracting primitive: r15_xiaoxiangguan_ceramic
12:45:34 | INFO: Primitives created: 1
12:45:34 | INFO: Extracting primitive: r15_xiaoxiangguan_cutstone
12:45:34 | INFO: Primitives created: 1
12:45:34 | INFO: Extracting primitive: r15_xiaoxiangguan_darkwood
12:45:34 | INFO: Primitives created: 1
12:45:34 | INFO: Extracting primitive: r15_xiaoxiangguan_furniture
12:45:34 | INFO: Primitives created: 1
12:45:34 | INFO: Extracting primitive: r15_xiaoxiangguan_gold
12:45:34 | INFO: Primitives created: 1
12:45:34 | INFO: Extracting primitive: r15_xiaoxiangguan_ink
12:45:34 | INFO: Primitives created: 1
12:45:34 | INFO: Extracting primitive: r15_xiaoxiangguan_ivory
12:45:34 | INFO: Primitives created: 1
12:45:34 | INFO: Extracting primitive: r15_xiaoxiangguan_lantern
12:45:34 | INFO: Primitives created: 1
12:45:34 | INFO: Extracting primitive: r15_xiaoxiangguan_latticewood
12:45:34 | INFO: Primitives created: 1
12:45:34 | INFO: Extracting primitive: r15_xiaoxiangguan_paper
12:45:34 | INFO: Primitives created: 1
12:45:34 | INFO: Extracting primitive: r15_xiaoxiangguan_plaster
12:45:34 | INFO: Primitives created: 1
12:45:34 | INFO: Extracting primitive: r15_xiaoxiangguan_plaster.001
12:45:34 | INFO: Primitives created: 1
12:45:34 | INFO: Extracting primitive: r15_xiaoxiangguan_plaster.002
12:45:34 | INFO: Primitives created: 1
12:45:34 | INFO: Extracting primitive: r15_xiaoxiangguan_qing_jade
12:45:34 | INFO: Primitives created: 1
12:45:34 | INFO: Extracting primitive: r15_xiaoxiangguan_roof
12:45:34 | INFO: Primitives created: 1
12:45:34 | INFO: Extracting primitive: r15_xiaoxiangguan_screen
12:45:34 | INFO: Primitives created: 1
12:45:34 | INFO: Extracting primitive: r15_xiaoxiangguan_silk
12:45:34 | INFO: Primitives created: 1
12:45:34 | INFO: Extracting primitive: r15_xiaoxiangguan_stone
12:45:34 | INFO: Primitives created: 1
12:45:34 | INFO: Extracting primitive: r15_xiaoxiangguan_tile
12:45:34 | INFO: Primitives created: 1
12:45:34 | INFO: Extracting primitive: r15_xiaoxiangguan_tiledark
12:45:34 | INFO: Primitives created: 1
12:45:34 | INFO: Extracting primitive: r15_xiaoxiangguan_tilelight
12:45:34 | INFO: Primitives created: 1
12:45:34 | INFO: Extracting primitive: r15_xiaoxiangguan_wood
12:45:34 | INFO: Primitives created: 1
12:45:34 | INFO: Finished glTF 2.0 export in 0.8669562339782715 s

ENCLOSED MOBILE xiaoxiangguan
12:46:06 | INFO: Starting glTF 2.0 export
12:46:06 | INFO: Extracting primitive: r15_yihongyuan_bookcloth
12:46:06 | INFO: Primitives created: 1
12:46:06 | INFO: Extracting primitive: r15_yihongyuan_bookcover
12:46:06 | INFO: Primitives created: 1
12:46:06 | INFO: Extracting primitive: r15_yihongyuan_ceramic
12:46:06 | INFO: Primitives created: 1
12:46:06 | INFO: Extracting primitive: r15_yihongyuan_courtbase
12:46:06 | INFO: Primitives created: 1
12:46:06 | INFO: Extracting primitive: r15_yihongyuan_cutstone
12:46:06 | INFO: Primitives created: 1
12:46:06 | INFO: Extracting primitive: r15_yihongyuan_darkwood
12:46:06 | INFO: Primitives created: 1
12:46:06 | INFO: Extracting primitive: r15_yihongyuan_furniture
12:46:06 | INFO: Primitives created: 1
12:46:06 | INFO: Extracting primitive: r15_yihongyuan_gold
12:46:06 | INFO: Primitives created: 1
12:46:06 | INFO: Extracting primitive: r15_yihongyuan_ink
12:46:06 | INFO: Primitives created: 1
12:46:06 | INFO: Extracting primitive: r15_yihongyuan_ivory
12:46:06 | INFO: Primitives created: 1
12:46:06 | INFO: Extracting primitive: r15_yihongyuan_lantern
12:46:06 | INFO: Primitives created: 1
12:46:06 | INFO: Extracting primitive: r15_yihongyuan_latticewood
12:46:06 | INFO: Primitives created: 1
12:46:06 | INFO: Extracting primitive: r15_yihongyuan_paper
12:46:06 | INFO: Primitives created: 1
12:46:06 | INFO: Extracting primitive: r15_yihongyuan_plaster
12:46:06 | INFO: Primitives created: 1
12:46:06 | INFO: Extracting primitive: r15_yihongyuan_plaster.001
12:46:06 | INFO: Primitives created: 1
12:46:06 | INFO: Extracting primitive: r15_yihongyuan_plaster.002
12:46:06 | INFO: Primitives created: 1
12:46:06 | INFO: Extracting primitive: r15_yihongyuan_qing_azurite
12:46:06 | INFO: Primitives created: 1
12:46:06 | INFO: Extracting primitive: r15_yihongyuan_roof
12:46:06 | INFO: Primitives created: 1
12:46:06 | INFO: Extracting primitive: r15_yihongyuan_screen
12:46:06 | INFO: Primitives created: 1
12:46:06 | INFO: Extracting primitive: r15_yihongyuan_screen.001
12:46:06 | INFO: Primitives created: 1
12:46:06 | INFO: Extracting primitive: r15_yihongyuan_silk
12:46:06 | INFO: Primitives created: 1
12:46:06 | INFO: Extracting primitive: r15_yihongyuan_stone
12:46:06 | INFO: Primitives created: 1
12:46:06 | INFO: Extracting primitive: r15_yihongyuan_tile
12:46:07 | INFO: Primitives created: 1
12:46:07 | INFO: Extracting primitive: r15_yihongyuan_tiledark
12:46:07 | INFO: Primitives created: 1
12:46:07 | INFO: Extracting primitive: r15_yihongyuan_tilelight
12:46:07 | INFO: Primitives created: 1
12:46:07 | INFO: Extracting primitive: r15_yihongyuan_wood
12:46:07 | INFO: Primitives created: 1
12:46:07 | INFO: Finished glTF 2.0 export in 0.871213436126709 s

ENCLOSED MOBILE yihongyuan
12:46:35 | INFO: Starting glTF 2.0 export
12:46:35 | INFO: Extracting primitive: r15_hengwuyuan_bookcloth
12:46:35 | INFO: Primitives created: 1
12:46:35 | INFO: Extracting primitive: r15_hengwuyuan_bookcover
12:46:35 | INFO: Primitives created: 1
12:46:35 | INFO: Extracting primitive: r15_hengwuyuan_ceramic
12:46:35 | INFO: Primitives created: 1
12:46:35 | INFO: Extracting primitive: r15_hengwuyuan_clay
12:46:35 | INFO: Primitives created: 1
12:46:35 | INFO: Extracting primitive: r15_hengwuyuan_courtbase
12:46:35 | INFO: Primitives created: 1
12:46:35 | INFO: Extracting primitive: r15_hengwuyuan_cutstone
12:46:35 | INFO: Primitives created: 1
12:46:35 | INFO: Extracting primitive: r15_hengwuyuan_darkwood
12:46:35 | INFO: Primitives created: 1
12:46:35 | INFO: Extracting primitive: r15_hengwuyuan_furniture
12:46:35 | INFO: Primitives created: 1
12:46:35 | INFO: Extracting primitive: r15_hengwuyuan_gold
12:46:35 | INFO: Primitives created: 1
12:46:35 | INFO: Extracting primitive: r15_hengwuyuan_ink
12:46:35 | INFO: Primitives created: 1
12:46:35 | INFO: Extracting primitive: r15_hengwuyuan_ivory
12:46:35 | INFO: Primitives created: 1
12:46:35 | INFO: Extracting primitive: r15_hengwuyuan_lantern
12:46:35 | INFO: Primitives created: 1
12:46:35 | INFO: Extracting primitive: r15_hengwuyuan_latticewood
12:46:35 | INFO: Primitives created: 1
12:46:35 | INFO: Extracting primitive: r15_hengwuyuan_paper
12:46:35 | INFO: Primitives created: 1
12:46:35 | INFO: Extracting primitive: r15_hengwuyuan_plaster
12:46:35 | INFO: Primitives created: 1
12:46:35 | INFO: Extracting primitive: r15_hengwuyuan_plaster.001
12:46:35 | INFO: Primitives created: 1
12:46:35 | INFO: Extracting primitive: r15_hengwuyuan_plaster.002
12:46:35 | INFO: Primitives created: 1
12:46:35 | INFO: Extracting primitive: r15_hengwuyuan_qing_jade
12:46:35 | INFO: Primitives created: 1
12:46:35 | INFO: Extracting primitive: r15_hengwuyuan_roof
12:46:35 | INFO: Primitives created: 1
12:46:35 | INFO: Extracting primitive: r15_hengwuyuan_screen
12:46:35 | INFO: Primitives created: 1
12:46:35 | INFO: Extracting primitive: r15_hengwuyuan_screen.001
12:46:35 | INFO: Primitives created: 1
12:46:35 | INFO: Extracting primitive: r15_hengwuyuan_stone
12:46:35 | INFO: Primitives created: 1
12:46:35 | INFO: Extracting primitive: r15_hengwuyuan_tile
12:46:36 | INFO: Primitives created: 1
12:46:36 | INFO: Extracting primitive: r15_hengwuyuan_tiledark
12:46:36 | INFO: Primitives created: 1
12:46:36 | INFO: Extracting primitive: r15_hengwuyuan_tilelight
12:46:36 | INFO: Primitives created: 1
12:46:36 | INFO: Extracting primitive: r15_hengwuyuan_wood
12:46:36 | INFO: Primitives created: 1
12:46:36 | INFO: Finished glTF 2.0 export in 0.8462183475494385 s

ENCLOSED MOBILE hengwuyuan
12:47:11 | INFO: Starting glTF 2.0 export
12:47:12 | INFO: Extracting primitive: r15_qiushuangzhai_bookcloth
12:47:12 | INFO: Primitives created: 1
12:47:12 | INFO: Extracting primitive: r15_qiushuangzhai_bookcover
12:47:12 | INFO: Primitives created: 1
12:47:12 | INFO: Extracting primitive: r15_qiushuangzhai_ceramic
12:47:12 | INFO: Primitives created: 1
12:47:12 | INFO: Extracting primitive: r15_qiushuangzhai_courtbase
12:47:12 | INFO: Primitives created: 1
12:47:12 | INFO: Extracting primitive: r15_qiushuangzhai_cutstone
12:47:12 | INFO: Primitives created: 1
12:47:12 | INFO: Extracting primitive: r15_qiushuangzhai_darkwood
12:47:12 | INFO: Primitives created: 1
12:47:12 | INFO: Extracting primitive: r15_qiushuangzhai_furniture
12:47:12 | INFO: Primitives created: 1
12:47:12 | INFO: Extracting primitive: r15_qiushuangzhai_gold
12:47:12 | INFO: Primitives created: 1
12:47:12 | INFO: Extracting primitive: r15_qiushuangzhai_ink
12:47:12 | INFO: Primitives created: 1
12:47:12 | INFO: Extracting primitive: r15_qiushuangzhai_ivory
12:47:12 | INFO: Primitives created: 1
12:47:12 | INFO: Extracting primitive: r15_qiushuangzhai_lantern
12:47:12 | INFO: Primitives created: 1
12:47:12 | INFO: Extracting primitive: r15_qiushuangzhai_latticewood
12:47:12 | INFO: Primitives created: 1
12:47:12 | INFO: Extracting primitive: r15_qiushuangzhai_marble
12:47:12 | INFO: Primitives created: 1
12:47:12 | INFO: Extracting primitive: r15_qiushuangzhai_paper
12:47:12 | INFO: Primitives created: 1
12:47:12 | INFO: Extracting primitive: r15_qiushuangzhai_plaster
12:47:12 | INFO: Primitives created: 1
12:47:12 | INFO: Extracting primitive: r15_qiushuangzhai_plaster.001
12:47:12 | INFO: Primitives created: 1
12:47:12 | INFO: Extracting primitive: r15_qiushuangzhai_plaster.002
12:47:12 | INFO: Primitives created: 1
12:47:12 | INFO: Extracting primitive: r15_qiushuangzhai_qing_azurite
12:47:12 | INFO: Primitives created: 1
12:47:12 | INFO: Extracting primitive: r15_qiushuangzhai_roof
12:47:12 | INFO: Primitives created: 1
12:47:12 | INFO: Extracting primitive: r15_qiushuangzhai_screen
12:47:12 | INFO: Primitives created: 1
12:47:12 | INFO: Extracting primitive: r15_qiushuangzhai_screen.001
12:47:12 | INFO: Primitives created: 1
12:47:12 | INFO: Extracting primitive: r15_qiushuangzhai_silk
12:47:12 | INFO: Primitives created: 1
12:47:12 | INFO: Extracting primitive: r15_qiushuangzhai_stone
12:47:12 | INFO: Primitives created: 1
12:47:12 | INFO: Extracting primitive: r15_qiushuangzhai_tile
12:47:12 | INFO: Primitives created: 1
12:47:12 | INFO: Extracting primitive: r15_qiushuangzhai_tiledark
12:47:12 | INFO: Primitives created: 1
12:47:12 | INFO: Extracting primitive: r15_qiushuangzhai_tilelight
12:47:12 | INFO: Primitives created: 1
12:47:12 | INFO: Extracting primitive: r15_qiushuangzhai_wood
12:47:12 | INFO: Primitives created: 1
12:47:12 | INFO: Finished glTF 2.0 export in 0.8569843769073486 s

ENCLOSED MOBILE qiushuangzhai
12:47:41 | INFO: Starting glTF 2.0 export
12:47:41 | INFO: Extracting primitive: r15_daoxiangcun_clay
12:47:41 | INFO: Primitives created: 1
12:47:41 | INFO: Extracting primitive: r15_daoxiangcun_plaster
12:47:41 | INFO: Primitives created: 1
12:47:41 | INFO: Extracting primitive: r15_daoxiangcun_qing_clay
12:47:41 | INFO: Primitives created: 1
12:47:41 | INFO: Extracting primitive: r15_daoxiangcun_rusticwood
12:47:41 | INFO: Primitives created: 1
12:47:41 | INFO: Extracting primitive: r15_daoxiangcun_screen
12:47:41 | INFO: Primitives created: 1
12:47:41 | INFO: Extracting primitive: r15_daoxiangcun_screen.001
12:47:41 | INFO: Primitives created: 1
12:47:41 | INFO: Extracting primitive: r15_daoxiangcun_stone
12:47:41 | INFO: Primitives created: 1
12:47:41 | INFO: Extracting primitive: r15_daoxiangcun_thatch
12:47:41 | INFO: Primitives created: 1
12:47:41 | INFO: Finished glTF 2.0 export in 0.45247983932495117 s

ENCLOSED MOBILE daoxiangcun
12:48:00 | INFO: Starting glTF 2.0 export
12:48:00 | INFO: Extracting primitive: r15_ouxiangxie_bookcloth
12:48:00 | INFO: Primitives created: 1
12:48:00 | INFO: Extracting primitive: r15_ouxiangxie_bookcover
12:48:00 | INFO: Primitives created: 1
12:48:00 | INFO: Extracting primitive: r15_ouxiangxie_ceramic
12:48:00 | INFO: Primitives created: 1
12:48:00 | INFO: Extracting primitive: r15_ouxiangxie_darkwood
12:48:00 | INFO: Primitives created: 1
12:48:00 | INFO: Extracting primitive: r15_ouxiangxie_furniture
12:48:00 | INFO: Primitives created: 1
12:48:00 | INFO: Extracting primitive: r15_ouxiangxie_gold
12:48:00 | INFO: Primitives created: 1
12:48:00 | INFO: Extracting primitive: r15_ouxiangxie_ink
12:48:00 | INFO: Primitives created: 1
12:48:00 | INFO: Extracting primitive: r15_ouxiangxie_ivory
12:48:00 | INFO: Primitives created: 1
12:48:00 | INFO: Extracting primitive: r15_ouxiangxie_latticewood
12:48:00 | INFO: Primitives created: 1
12:48:00 | INFO: Extracting primitive: r15_ouxiangxie_paper
12:48:00 | INFO: Primitives created: 1
12:48:00 | INFO: Extracting primitive: r15_ouxiangxie_plaster
12:48:00 | INFO: Primitives created: 1
12:48:00 | INFO: Extracting primitive: r15_ouxiangxie_plaster.001
12:48:00 | INFO: Primitives created: 1
12:48:00 | INFO: Extracting primitive: r15_ouxiangxie_qing_azurite
12:48:00 | INFO: Primitives created: 1
12:48:00 | INFO: Extracting primitive: r15_ouxiangxie_roof
12:48:00 | INFO: Primitives created: 1
12:48:00 | INFO: Extracting primitive: r15_ouxiangxie_screen
12:48:00 | INFO: Primitives created: 1
12:48:00 | INFO: Extracting primitive: r15_ouxiangxie_screen.001
12:48:00 | INFO: Primitives created: 1
12:48:00 | INFO: Extracting primitive: r15_ouxiangxie_stone
12:48:00 | INFO: Primitives created: 1
12:48:00 | INFO: Extracting primitive: r15_ouxiangxie_tile
12:48:00 | INFO: Primitives created: 1
12:48:00 | INFO: Extracting primitive: r15_ouxiangxie_tiledark
12:48:00 | INFO: Primitives created: 1
12:48:00 | INFO: Extracting primitive: r15_ouxiangxie_tilelight
12:48:00 | INFO: Primitives created: 1
12:48:00 | INFO: Extracting primitive: r15_ouxiangxie_wood
12:48:00 | INFO: Primitives created: 1
12:48:00 | INFO: Finished glTF 2.0 export in 0.7724761962890625 s

ENCLOSED MOBILE ouxiangxie
12:48:20 | INFO: Starting glTF 2.0 export
12:48:21 | INFO: Extracting primitive: r15_dicuiting_darkwood
12:48:21 | INFO: Primitives created: 1
12:48:21 | INFO: Extracting primitive: r15_dicuiting_gold
12:48:21 | INFO: Primitives created: 1
12:48:21 | INFO: Extracting primitive: r15_dicuiting_lantern
12:48:21 | INFO: Primitives created: 1
12:48:21 | INFO: Extracting primitive: r15_dicuiting_roof
12:48:21 | INFO: Primitives created: 1
12:48:21 | INFO: Extracting primitive: r15_dicuiting_stone
12:48:21 | INFO: Primitives created: 1
12:48:21 | INFO: Extracting primitive: r15_dicuiting_tile
12:48:21 | INFO: Primitives created: 1
12:48:21 | INFO: Extracting primitive: r15_dicuiting_tiledark
12:48:21 | INFO: Primitives created: 1
12:48:21 | INFO: Extracting primitive: r15_dicuiting_tilelight
12:48:21 | INFO: Primitives created: 1
12:48:21 | INFO: Extracting primitive: r15_dicuiting_wood
12:48:21 | INFO: Primitives created: 1
12:48:21 | INFO: Finished glTF 2.0 export in 0.6280624866485596 s

ENCLOSED MOBILE dicuiting
12:48:35 | INFO: Starting glTF 2.0 export
12:48:35 | INFO: Extracting primitive: r15_luxuean_clay
12:48:35 | INFO: Primitives created: 1
12:48:35 | INFO: Extracting primitive: r15_luxuean_plaster
12:48:35 | INFO: Primitives created: 1
12:48:35 | INFO: Extracting primitive: r15_luxuean_qing_clay
12:48:35 | INFO: Primitives created: 1
12:48:35 | INFO: Extracting primitive: r15_luxuean_rusticwood
12:48:35 | INFO: Primitives created: 1
12:48:35 | INFO: Extracting primitive: r15_luxuean_screen
12:48:35 | INFO: Primitives created: 1
12:48:35 | INFO: Extracting primitive: r15_luxuean_stone
12:48:35 | INFO: Primitives created: 1
12:48:35 | INFO: Extracting primitive: r15_luxuean_thatch
12:48:35 | INFO: Primitives created: 1
12:48:35 | INFO: Finished glTF 2.0 export in 0.42952561378479004 s

ENCLOSED MOBILE luxuean
12:48:54 | INFO: Starting glTF 2.0 export
12:48:55 | INFO: Extracting primitive: r15_tubishanzhuang_cutstone
12:48:55 | INFO: Primitives created: 1
12:48:55 | INFO: Extracting primitive: r15_tubishanzhuang_darkwood
12:48:55 | INFO: Primitives created: 1
12:48:55 | INFO: Extracting primitive: r15_tubishanzhuang_furniture
12:48:55 | INFO: Primitives created: 1
12:48:55 | INFO: Extracting primitive: r15_tubishanzhuang_gold
12:48:55 | INFO: Primitives created: 1
12:48:55 | INFO: Extracting primitive: r15_tubishanzhuang_latticewood
12:48:55 | INFO: Primitives created: 1
12:48:55 | INFO: Extracting primitive: r15_tubishanzhuang_plaster
12:48:55 | INFO: Primitives created: 1
12:48:55 | INFO: Extracting primitive: r15_tubishanzhuang_plaster.001
12:48:55 | INFO: Primitives created: 1
12:48:55 | INFO: Extracting primitive: r15_tubishanzhuang_qing_azurite
12:48:55 | INFO: Primitives created: 1
12:48:55 | INFO: Extracting primitive: r15_tubishanzhuang_roof
12:48:55 | INFO: Primitives created: 1
12:48:55 | INFO: Extracting primitive: r15_tubishanzhuang_screen
12:48:55 | INFO: Primitives created: 1
12:48:55 | INFO: Extracting primitive: r15_tubishanzhuang_screen.001
12:48:55 | INFO: Primitives created: 1
12:48:55 | INFO: Extracting primitive: r15_tubishanzhuang_stone
12:48:55 | INFO: Primitives created: 1
12:48:55 | INFO: Extracting primitive: r15_tubishanzhuang_tile
12:48:55 | INFO: Primitives created: 1
12:48:55 | INFO: Extracting primitive: r15_tubishanzhuang_tiledark
12:48:55 | INFO: Primitives created: 1
12:48:55 | INFO: Extracting primitive: r15_tubishanzhuang_tilelight
12:48:55 | INFO: Primitives created: 1
12:48:55 | INFO: Extracting primitive: r15_tubishanzhuang_wood
12:48:55 | INFO: Primitives created: 1
12:48:55 | INFO: Finished glTF 2.0 export in 0.7949512004852295 s

ENCLOSED MOBILE tubishanzhuang
12:49:20 | INFO: Starting glTF 2.0 export
12:49:20 | INFO: Extracting primitive: r15_aojingxiguan_cutstone
12:49:20 | INFO: Primitives created: 1
12:49:20 | INFO: Extracting primitive: r15_aojingxiguan_darkwood
12:49:20 | INFO: Primitives created: 1
12:49:20 | INFO: Extracting primitive: r15_aojingxiguan_furniture
12:49:20 | INFO: Primitives created: 1
12:49:20 | INFO: Extracting primitive: r15_aojingxiguan_gold
12:49:20 | INFO: Primitives created: 1
12:49:20 | INFO: Extracting primitive: r15_aojingxiguan_latticewood
12:49:20 | INFO: Primitives created: 1
12:49:20 | INFO: Extracting primitive: r15_aojingxiguan_plaster
12:49:20 | INFO: Primitives created: 1
12:49:20 | INFO: Extracting primitive: r15_aojingxiguan_plaster.001
12:49:20 | INFO: Primitives created: 1
12:49:20 | INFO: Extracting primitive: r15_aojingxiguan_qing_azurite
12:49:20 | INFO: Primitives created: 1
12:49:20 | INFO: Extracting primitive: r15_aojingxiguan_roof
12:49:20 | INFO: Primitives created: 1
12:49:20 | INFO: Extracting primitive: r15_aojingxiguan_screen
12:49:20 | INFO: Primitives created: 1
12:49:20 | INFO: Extracting primitive: r15_aojingxiguan_screen.001
12:49:20 | INFO: Primitives created: 1
12:49:20 | INFO: Extracting primitive: r15_aojingxiguan_stone
12:49:20 | INFO: Primitives created: 1
12:49:20 | INFO: Extracting primitive: r15_aojingxiguan_tile
12:49:21 | INFO: Primitives created: 1
12:49:21 | INFO: Extracting primitive: r15_aojingxiguan_tiledark
12:49:21 | INFO: Primitives created: 1
12:49:21 | INFO: Extracting primitive: r15_aojingxiguan_tilelight
12:49:21 | INFO: Primitives created: 1
12:49:21 | INFO: Extracting primitive: r15_aojingxiguan_wood
12:49:21 | INFO: Primitives created: 1
12:49:21 | INFO: Finished glTF 2.0 export in 0.8064830303192139 s

ENCLOSED MOBILE aojingxiguan
12:50:00 | INFO: Starting glTF 2.0 export
12:50:01 | INFO: Extracting primitive: r15_daguanlou_bookcloth
12:50:01 | INFO: Primitives created: 1
12:50:01 | INFO: Extracting primitive: r15_daguanlou_bookcover
12:50:01 | INFO: Primitives created: 1
12:50:01 | INFO: Extracting primitive: r15_daguanlou_ceramic
12:50:01 | INFO: Primitives created: 1
12:50:01 | INFO: Extracting primitive: r15_daguanlou_courtbase
12:50:01 | INFO: Primitives created: 1
12:50:01 | INFO: Extracting primitive: r15_daguanlou_cutstone
12:50:01 | INFO: Primitives created: 1
12:50:01 | INFO: Extracting primitive: r15_daguanlou_darkwood
12:50:01 | INFO: Primitives created: 1
12:50:01 | INFO: Extracting primitive: r15_daguanlou_furniture
12:50:01 | INFO: Primitives created: 1
12:50:01 | INFO: Extracting primitive: r15_daguanlou_gold
12:50:01 | INFO: Primitives created: 1
12:50:01 | INFO: Extracting primitive: r15_daguanlou_goldroof
12:50:01 | INFO: Primitives created: 1
12:50:01 | INFO: Extracting primitive: r15_daguanlou_goldtile
12:50:01 | INFO: Primitives created: 1
12:50:01 | INFO: Extracting primitive: r15_daguanlou_goldtiledark
12:50:01 | INFO: Primitives created: 1
12:50:01 | INFO: Extracting primitive: r15_daguanlou_goldtilelight
12:50:01 | INFO: Primitives created: 1
12:50:01 | INFO: Extracting primitive: r15_daguanlou_ink
12:50:01 | INFO: Primitives created: 1
12:50:01 | INFO: Extracting primitive: r15_daguanlou_ivory
12:50:01 | INFO: Primitives created: 1
12:50:01 | INFO: Extracting primitive: r15_daguanlou_lantern
12:50:01 | INFO: Primitives created: 1
12:50:01 | INFO: Extracting primitive: r15_daguanlou_latticewood
12:50:01 | INFO: Primitives created: 1
12:50:01 | INFO: Extracting primitive: r15_daguanlou_paper
12:50:01 | INFO: Primitives created: 1
12:50:01 | INFO: Extracting primitive: r15_daguanlou_plaster
12:50:01 | INFO: Primitives created: 1
12:50:01 | INFO: Extracting primitive: r15_daguanlou_plaster.001
12:50:01 | INFO: Primitives created: 1
12:50:01 | INFO: Extracting primitive: r15_daguanlou_plaster.002
12:50:01 | INFO: Primitives created: 1
12:50:01 | INFO: Extracting primitive: r15_daguanlou_qing_azurite
12:50:01 | INFO: Primitives created: 1
12:50:01 | INFO: Extracting primitive: r15_daguanlou_screen
12:50:01 | INFO: Primitives created: 1
12:50:01 | INFO: Extracting primitive: r15_daguanlou_screen.001
12:50:01 | INFO: Primitives created: 1
12:50:01 | INFO: Extracting primitive: r15_daguanlou_stone
12:50:01 | INFO: Primitives created: 1
12:50:01 | INFO: Extracting primitive: r15_daguanlou_wood
12:50:02 | INFO: Primitives created: 1
12:50:02 | INFO: Finished glTF 2.0 export in 1.3784542083740234 s

ENCLOSED MOBILE daguanlou
12:50:44 | INFO: Starting glTF 2.0 export
12:50:45 | INFO: Extracting primitive: r15_longcuian_bookcloth
12:50:45 | INFO: Primitives created: 1
12:50:45 | INFO: Extracting primitive: r15_longcuian_bookcover
12:50:45 | INFO: Primitives created: 1
12:50:45 | INFO: Extracting primitive: r15_longcuian_ceramic
12:50:45 | INFO: Primitives created: 1
12:50:45 | INFO: Extracting primitive: r15_longcuian_courtbase
12:50:45 | INFO: Primitives created: 1
12:50:45 | INFO: Extracting primitive: r15_longcuian_cutstone
12:50:45 | INFO: Primitives created: 1
12:50:45 | INFO: Extracting primitive: r15_longcuian_darkwood
12:50:45 | INFO: Primitives created: 1
12:50:45 | INFO: Extracting primitive: r15_longcuian_furniture
12:50:45 | INFO: Primitives created: 1
12:50:45 | INFO: Extracting primitive: r15_longcuian_gold
12:50:45 | INFO: Primitives created: 1
12:50:45 | INFO: Extracting primitive: r15_longcuian_ink
12:50:45 | INFO: Primitives created: 1
12:50:45 | INFO: Extracting primitive: r15_longcuian_ivory
12:50:45 | INFO: Primitives created: 1
12:50:45 | INFO: Extracting primitive: r15_longcuian_latticewood
12:50:45 | INFO: Primitives created: 1
12:50:45 | INFO: Extracting primitive: r15_longcuian_paper
12:50:45 | INFO: Primitives created: 1
12:50:45 | INFO: Extracting primitive: r15_longcuian_plaster
12:50:45 | INFO: Primitives created: 1
12:50:45 | INFO: Extracting primitive: r15_longcuian_plaster.001
12:50:45 | INFO: Primitives created: 1
12:50:45 | INFO: Extracting primitive: r15_longcuian_plaster.002
12:50:45 | INFO: Primitives created: 1
12:50:45 | INFO: Extracting primitive: r15_longcuian_qing_jade
12:50:45 | INFO: Primitives created: 1
12:50:45 | INFO: Extracting primitive: r15_longcuian_roof
12:50:45 | INFO: Primitives created: 1
12:50:45 | INFO: Extracting primitive: r15_longcuian_screen
12:50:45 | INFO: Primitives created: 1
12:50:45 | INFO: Extracting primitive: r15_longcuian_screen.001
12:50:45 | INFO: Primitives created: 1
12:50:45 | INFO: Extracting primitive: r15_longcuian_stone
12:50:45 | INFO: Primitives created: 1
12:50:45 | INFO: Extracting primitive: r15_longcuian_tile
12:50:45 | INFO: Primitives created: 1
12:50:45 | INFO: Extracting primitive: r15_longcuian_tiledark
12:50:45 | INFO: Primitives created: 1
12:50:45 | INFO: Extracting primitive: r15_longcuian_tilelight
12:50:45 | INFO: Primitives created: 1
12:50:45 | INFO: Extracting primitive: r15_longcuian_wood
12:50:45 | INFO: Primitives created: 1
12:50:45 | INFO: Finished glTF 2.0 export in 0.9143445491790771 s

ENCLOSED MOBILE longcuian
12:51:17 | INFO: Starting glTF 2.0 export
12:51:17 | INFO: Extracting primitive: r15_nuanxiangwu_bookcloth
12:51:17 | INFO: Primitives created: 1
12:51:17 | INFO: Extracting primitive: r15_nuanxiangwu_bookcover
12:51:17 | INFO: Primitives created: 1
12:51:17 | INFO: Extracting primitive: r15_nuanxiangwu_ceramic
12:51:17 | INFO: Primitives created: 1
12:51:17 | INFO: Extracting primitive: r15_nuanxiangwu_courtbase
12:51:17 | INFO: Primitives created: 1
12:51:17 | INFO: Extracting primitive: r15_nuanxiangwu_cutstone
12:51:17 | INFO: Primitives created: 1
12:51:17 | INFO: Extracting primitive: r15_nuanxiangwu_darkwood
12:51:17 | INFO: Primitives created: 1
12:51:17 | INFO: Extracting primitive: r15_nuanxiangwu_furniture
12:51:17 | INFO: Primitives created: 1
12:51:17 | INFO: Extracting primitive: r15_nuanxiangwu_gold
12:51:17 | INFO: Primitives created: 1
12:51:17 | INFO: Extracting primitive: r15_nuanxiangwu_ink
12:51:17 | INFO: Primitives created: 1
12:51:17 | INFO: Extracting primitive: r15_nuanxiangwu_ivory
12:51:17 | INFO: Primitives created: 1
12:51:17 | INFO: Extracting primitive: r15_nuanxiangwu_latticewood
12:51:17 | INFO: Primitives created: 1
12:51:17 | INFO: Extracting primitive: r15_nuanxiangwu_paper
12:51:17 | INFO: Primitives created: 1
12:51:17 | INFO: Extracting primitive: r15_nuanxiangwu_plaster
12:51:17 | INFO: Primitives created: 1
12:51:17 | INFO: Extracting primitive: r15_nuanxiangwu_plaster.001
12:51:17 | INFO: Primitives created: 1
12:51:17 | INFO: Extracting primitive: r15_nuanxiangwu_qing_azurite
12:51:17 | INFO: Primitives created: 1
12:51:17 | INFO: Extracting primitive: r15_nuanxiangwu_roof
12:51:17 | INFO: Primitives created: 1
12:51:17 | INFO: Extracting primitive: r15_nuanxiangwu_screen
12:51:17 | INFO: Primitives created: 1
12:51:17 | INFO: Extracting primitive: r15_nuanxiangwu_screen.001
12:51:17 | INFO: Primitives created: 1
12:51:17 | INFO: Extracting primitive: r15_nuanxiangwu_silk
12:51:17 | INFO: Primitives created: 1
12:51:17 | INFO: Extracting primitive: r15_nuanxiangwu_stone
12:51:18 | INFO: Primitives created: 1
12:51:18 | INFO: Extracting primitive: r15_nuanxiangwu_tile
12:51:18 | INFO: Primitives created: 1
12:51:18 | INFO: Extracting primitive: r15_nuanxiangwu_tiledark
12:51:18 | INFO: Primitives created: 1
12:51:18 | INFO: Extracting primitive: r15_nuanxiangwu_tilelight
12:51:18 | INFO: Primitives created: 1
12:51:18 | INFO: Extracting primitive: r15_nuanxiangwu_wood
12:51:18 | INFO: Primitives created: 1
12:51:18 | INFO: Finished glTF 2.0 export in 0.8946857452392578 s

ENCLOSED MOBILE nuanxiangwu
12:51:34 | INFO: Starting glTF 2.0 export
12:51:34 | INFO: Extracting primitive: r15_daguanyuan_gate_cutstone.001
12:51:34 | INFO: Primitives created: 1
12:51:34 | INFO: Extracting primitive: r15_daguanyuan_gate_darkwood.001
12:51:34 | INFO: Primitives created: 1
12:51:34 | INFO: Extracting primitive: r15_daguanyuan_gate_furniture.001
12:51:34 | INFO: Primitives created: 1
12:51:34 | INFO: Extracting primitive: r15_daguanyuan_gate_gold.001
12:51:34 | INFO: Primitives created: 1
12:51:34 | INFO: Extracting primitive: r15_daguanyuan_gate_latticewood.001
12:51:34 | INFO: Primitives created: 1
12:51:34 | INFO: Extracting primitive: r15_daguanyuan_gate_plaster.002
12:51:34 | INFO: Primitives created: 1
12:51:34 | INFO: Extracting primitive: r15_daguanyuan_gate_plaster.003
12:51:34 | INFO: Primitives created: 1
12:51:34 | INFO: Extracting primitive: r15_daguanyuan_gate_qing_azurite.001
12:51:34 | INFO: Primitives created: 1
12:51:34 | INFO: Extracting primitive: r15_daguanyuan_gate_roof.001
12:51:34 | INFO: Primitives created: 1
12:51:34 | INFO: Extracting primitive: r15_daguanyuan_gate_screen.002
12:51:34 | INFO: Primitives created: 1
12:51:34 | INFO: Extracting primitive: r15_daguanyuan_gate_screen.003
12:51:34 | INFO: Primitives created: 1
12:51:34 | INFO: Extracting primitive: r15_daguanyuan_gate_stone.001
12:51:34 | INFO: Primitives created: 1
12:51:34 | INFO: Extracting primitive: r15_daguanyuan_gate_tile.001
12:51:34 | INFO: Primitives created: 1
12:51:34 | INFO: Extracting primitive: r15_daguanyuan_gate_tiledark.001
12:51:34 | INFO: Primitives created: 1
12:51:34 | INFO: Extracting primitive: r15_daguanyuan_gate_tilelight.001
12:51:35 | INFO: Primitives created: 1
12:51:35 | INFO: Extracting primitive: r15_daguanyuan_gate_wood.001
12:51:35 | INFO: Primitives created: 1
12:51:35 | INFO: Extracting primitive: r15_xiaoxiangguan_bookcloth.001
12:51:35 | INFO: Primitives created: 1
12:51:35 | INFO: Extracting primitive: r15_xiaoxiangguan_bookcover.001
12:51:35 | INFO: Primitives created: 1
12:51:35 | INFO: Extracting primitive: r15_xiaoxiangguan_ceramic.001
12:51:35 | INFO: Primitives created: 1
12:51:35 | INFO: Extracting primitive: r15_xiaoxiangguan_cutstone.001
12:51:35 | INFO: Primitives created: 1
12:51:35 | INFO: Extracting primitive: r15_xiaoxiangguan_darkwood.001
12:51:35 | INFO: Primitives created: 1
12:51:35 | INFO: Extracting primitive: r15_xiaoxiangguan_furniture.001
12:51:35 | INFO: Primitives created: 1
12:51:35 | INFO: Extracting primitive: r15_xiaoxiangguan_gold.001
12:51:35 | INFO: Primitives created: 1
12:51:35 | INFO: Extracting primitive: r15_xiaoxiangguan_ink.001
12:51:35 | INFO: Primitives created: 1
12:51:35 | INFO: Extracting primitive: r15_xiaoxiangguan_ivory.001
12:51:35 | INFO: Primitives created: 1
12:51:35 | INFO: Extracting primitive: r15_xiaoxiangguan_lantern.001
12:51:35 | INFO: Primitives created: 1
12:51:35 | INFO: Extracting primitive: r15_xiaoxiangguan_latticewood.001
12:51:35 | INFO: Primitives created: 1
12:51:35 | INFO: Extracting primitive: r15_xiaoxiangguan_paper.001
12:51:35 | INFO: Primitives created: 1
12:51:35 | INFO: Extracting primitive: r15_xiaoxiangguan_plaster.003
12:51:35 | INFO: Primitives created: 1
12:51:35 | INFO: Extracting primitive: r15_xiaoxiangguan_plaster.004
12:51:35 | INFO: Primitives created: 1
12:51:35 | INFO: Extracting primitive: r15_xiaoxiangguan_plaster.005
12:51:35 | INFO: Primitives created: 1
12:51:35 | INFO: Extracting primitive: r15_xiaoxiangguan_qing_jade.001
12:51:35 | INFO: Primitives created: 1
12:51:35 | INFO: Extracting primitive: r15_xiaoxiangguan_roof.001
12:51:35 | INFO: Primitives created: 1
12:51:35 | INFO: Extracting primitive: r15_xiaoxiangguan_screen.001
12:51:35 | INFO: Primitives created: 1
12:51:35 | INFO: Extracting primitive: r15_xiaoxiangguan_silk.001
12:51:35 | INFO: Primitives created: 1
12:51:35 | INFO: Extracting primitive: r15_xiaoxiangguan_stone.001
12:51:35 | INFO: Primitives created: 1
12:51:35 | INFO: Extracting primitive: r15_xiaoxiangguan_tile.001
12:51:35 | INFO: Primitives created: 1
12:51:35 | INFO: Extracting primitive: r15_xiaoxiangguan_tiledark.001
12:51:35 | INFO: Primitives created: 1
12:51:35 | INFO: Extracting primitive: r15_xiaoxiangguan_tilelight.001
12:51:35 | INFO: Primitives created: 1
12:51:35 | INFO: Extracting primitive: r15_xiaoxiangguan_wood.001
12:51:35 | INFO: Primitives created: 1
12:51:35 | INFO: Extracting primitive: r15_yihongyuan_bookcloth.001
12:51:35 | INFO: Primitives created: 1
12:51:35 | INFO: Extracting primitive: r15_yihongyuan_bookcover.001
12:51:35 | INFO: Primitives created: 1
12:51:35 | INFO: Extracting primitive: r15_yihongyuan_ceramic.001
12:51:35 | INFO: Primitives created: 1
12:51:35 | INFO: Extracting primitive: r15_yihongyuan_courtbase.001
12:51:35 | INFO: Primitives created: 1
12:51:35 | INFO: Extracting primitive: r15_yihongyuan_cutstone.001
12:51:35 | INFO: Primitives created: 1
12:51:35 | INFO: Extracting primitive: r15_yihongyuan_darkwood.001
12:51:35 | INFO: Primitives created: 1
12:51:35 | INFO: Extracting primitive: r15_yihongyuan_furniture.001
12:51:35 | INFO: Primitives created: 1
12:51:35 | INFO: Extracting primitive: r15_yihongyuan_gold.001
12:51:35 | INFO: Primitives created: 1
12:51:35 | INFO: Extracting primitive: r15_yihongyuan_ink.001
12:51:35 | INFO: Primitives created: 1
12:51:35 | INFO: Extracting primitive: r15_yihongyuan_ivory.001
12:51:35 | INFO: Primitives created: 1
12:51:35 | INFO: Extracting primitive: r15_yihongyuan_lantern.001
12:51:35 | INFO: Primitives created: 1
12:51:35 | INFO: Extracting primitive: r15_yihongyuan_latticewood.001
12:51:35 | INFO: Primitives created: 1
12:51:35 | INFO: Extracting primitive: r15_yihongyuan_paper.001
12:51:35 | INFO: Primitives created: 1
12:51:35 | INFO: Extracting primitive: r15_yihongyuan_plaster.003
12:51:35 | INFO: Primitives created: 1
12:51:35 | INFO: Extracting primitive: r15_yihongyuan_plaster.004
12:51:35 | INFO: Primitives created: 1
12:51:35 | INFO: Extracting primitive: r15_yihongyuan_plaster.005
12:51:35 | INFO: Primitives created: 1
12:51:35 | INFO: Extracting primitive: r15_yihongyuan_qing_azurite.001
12:51:35 | INFO: Primitives created: 1
12:51:35 | INFO: Extracting primitive: r15_yihongyuan_roof.001
12:51:35 | INFO: Primitives created: 1
12:51:35 | INFO: Extracting primitive: r15_yihongyuan_screen.002
12:51:35 | INFO: Primitives created: 1
12:51:35 | INFO: Extracting primitive: r15_yihongyuan_screen.003
12:51:35 | INFO: Primitives created: 1
12:51:35 | INFO: Extracting primitive: r15_yihongyuan_silk.001
12:51:35 | INFO: Primitives created: 1
12:51:35 | INFO: Extracting primitive: r15_yihongyuan_stone.001
12:51:35 | INFO: Primitives created: 1
12:51:35 | INFO: Extracting primitive: r15_yihongyuan_tile.001
12:51:35 | INFO: Primitives created: 1
12:51:35 | INFO: Extracting primitive: r15_yihongyuan_tiledark.001
12:51:35 | INFO: Primitives created: 1
12:51:35 | INFO: Extracting primitive: r15_yihongyuan_tilelight.001
12:51:35 | INFO: Primitives created: 1
12:51:35 | INFO: Extracting primitive: r15_yihongyuan_wood.001
12:51:35 | INFO: Primitives created: 1
12:51:35 | INFO: Extracting primitive: r15_hengwuyuan_bookcloth.001
12:51:35 | INFO: Primitives created: 1
12:51:35 | INFO: Extracting primitive: r15_hengwuyuan_bookcover.001
12:51:35 | INFO: Primitives created: 1
12:51:35 | INFO: Extracting primitive: r15_hengwuyuan_ceramic.001
12:51:35 | INFO: Primitives created: 1
12:51:35 | INFO: Extracting primitive: r15_hengwuyuan_clay.001
12:51:35 | INFO: Primitives created: 1
12:51:35 | INFO: Extracting primitive: r15_hengwuyuan_courtbase.001
12:51:35 | INFO: Primitives created: 1
12:51:35 | INFO: Extracting primitive: r15_hengwuyuan_cutstone.001
12:51:35 | INFO: Primitives created: 1
12:51:35 | INFO: Extracting primitive: r15_hengwuyuan_darkwood.001
12:51:35 | INFO: Primitives created: 1
12:51:35 | INFO: Extracting primitive: r15_hengwuyuan_furniture.001
12:51:35 | INFO: Primitives created: 1
12:51:35 | INFO: Extracting primitive: r15_hengwuyuan_gold.001
12:51:35 | INFO: Primitives created: 1
12:51:35 | INFO: Extracting primitive: r15_hengwuyuan_ink.001
12:51:35 | INFO: Primitives created: 1
12:51:35 | INFO: Extracting primitive: r15_hengwuyuan_ivory.001
12:51:35 | INFO: Primitives created: 1
12:51:35 | INFO: Extracting primitive: r15_hengwuyuan_lantern.001
12:51:35 | INFO: Primitives created: 1
12:51:35 | INFO: Extracting primitive: r15_hengwuyuan_latticewood.001
12:51:35 | INFO: Primitives created: 1
12:51:35 | INFO: Extracting primitive: r15_hengwuyuan_paper.001
12:51:35 | INFO: Primitives created: 1
12:51:35 | INFO: Extracting primitive: r15_hengwuyuan_plaster.003
12:51:35 | INFO: Primitives created: 1
12:51:35 | INFO: Extracting primitive: r15_hengwuyuan_plaster.004
12:51:35 | INFO: Primitives created: 1
12:51:35 | INFO: Extracting primitive: r15_hengwuyuan_plaster.005
12:51:35 | INFO: Primitives created: 1
12:51:35 | INFO: Extracting primitive: r15_hengwuyuan_qing_jade.001
12:51:35 | INFO: Primitives created: 1
12:51:35 | INFO: Extracting primitive: r15_hengwuyuan_roof.001
12:51:35 | INFO: Primitives created: 1
12:51:35 | INFO: Extracting primitive: r15_hengwuyuan_screen.002
12:51:35 | INFO: Primitives created: 1
12:51:35 | INFO: Extracting primitive: r15_hengwuyuan_screen.003
12:51:35 | INFO: Primitives created: 1
12:51:35 | INFO: Extracting primitive: r15_hengwuyuan_stone.001
12:51:35 | INFO: Primitives created: 1
12:51:35 | INFO: Extracting primitive: r15_hengwuyuan_tile.001
12:51:35 | INFO: Primitives created: 1
12:51:35 | INFO: Extracting primitive: r15_hengwuyuan_tiledark.001
12:51:35 | INFO: Primitives created: 1
12:51:35 | INFO: Extracting primitive: r15_hengwuyuan_tilelight.001
12:51:35 | INFO: Primitives created: 1
12:51:35 | INFO: Extracting primitive: r15_hengwuyuan_wood.001
12:51:35 | INFO: Primitives created: 1
12:51:35 | INFO: Extracting primitive: r15_qiushuangzhai_bookcloth.001
12:51:35 | INFO: Primitives created: 1
12:51:35 | INFO: Extracting primitive: r15_qiushuangzhai_bookcover.001
12:51:35 | INFO: Primitives created: 1
12:51:35 | INFO: Extracting primitive: r15_qiushuangzhai_ceramic.001
12:51:35 | INFO: Primitives created: 1
12:51:35 | INFO: Extracting primitive: r15_qiushuangzhai_courtbase.001
12:51:35 | INFO: Primitives created: 1
12:51:35 | INFO: Extracting primitive: r15_qiushuangzhai_cutstone.001
12:51:35 | INFO: Primitives created: 1
12:51:35 | INFO: Extracting primitive: r15_qiushuangzhai_darkwood.001
12:51:35 | INFO: Primitives created: 1
12:51:35 | INFO: Extracting primitive: r15_qiushuangzhai_furniture.001
12:51:35 | INFO: Primitives created: 1
12:51:35 | INFO: Extracting primitive: r15_qiushuangzhai_gold.001
12:51:35 | INFO: Primitives created: 1
12:51:35 | INFO: Extracting primitive: r15_qiushuangzhai_ink.001
12:51:35 | INFO: Primitives created: 1
12:51:35 | INFO: Extracting primitive: r15_qiushuangzhai_ivory.001
12:51:35 | INFO: Primitives created: 1
12:51:35 | INFO: Extracting primitive: r15_qiushuangzhai_lantern.001
12:51:35 | INFO: Primitives created: 1
12:51:35 | INFO: Extracting primitive: r15_qiushuangzhai_latticewood.001
12:51:35 | INFO: Primitives created: 1
12:51:35 | INFO: Extracting primitive: r15_qiushuangzhai_marble.001
12:51:35 | INFO: Primitives created: 1
12:51:35 | INFO: Extracting primitive: r15_qiushuangzhai_paper.001
12:51:35 | INFO: Primitives created: 1
12:51:35 | INFO: Extracting primitive: r15_qiushuangzhai_plaster.003
12:51:35 | INFO: Primitives created: 1
12:51:35 | INFO: Extracting primitive: r15_qiushuangzhai_plaster.004
12:51:35 | INFO: Primitives created: 1
12:51:35 | INFO: Extracting primitive: r15_qiushuangzhai_plaster.005
12:51:35 | INFO: Primitives created: 1
12:51:35 | INFO: Extracting primitive: r15_qiushuangzhai_qing_azurite.001
12:51:35 | INFO: Primitives created: 1
12:51:35 | INFO: Extracting primitive: r15_qiushuangzhai_roof.001
12:51:35 | INFO: Primitives created: 1
12:51:35 | INFO: Extracting primitive: r15_qiushuangzhai_screen.002
12:51:35 | INFO: Primitives created: 1
12:51:35 | INFO: Extracting primitive: r15_qiushuangzhai_screen.003
12:51:35 | INFO: Primitives created: 1
12:51:35 | INFO: Extracting primitive: r15_qiushuangzhai_silk.001
12:51:35 | INFO: Primitives created: 1
12:51:35 | INFO: Extracting primitive: r15_qiushuangzhai_stone.001
12:51:35 | INFO: Primitives created: 1
12:51:35 | INFO: Extracting primitive: r15_qiushuangzhai_tile.001
12:51:35 | INFO: Primitives created: 1
12:51:35 | INFO: Extracting primitive: r15_qiushuangzhai_tiledark.001
12:51:35 | INFO: Primitives created: 1
12:51:35 | INFO: Extracting primitive: r15_qiushuangzhai_tilelight.001
12:51:35 | INFO: Primitives created: 1
12:51:35 | INFO: Extracting primitive: r15_qiushuangzhai_wood.001
12:51:35 | INFO: Primitives created: 1
12:51:35 | INFO: Extracting primitive: r15_daoxiangcun_clay.001
12:51:35 | INFO: Primitives created: 1
12:51:35 | INFO: Extracting primitive: r15_daoxiangcun_plaster.001
12:51:35 | INFO: Primitives created: 1
12:51:35 | INFO: Extracting primitive: r15_daoxiangcun_qing_clay.001
12:51:35 | INFO: Primitives created: 1
12:51:35 | INFO: Extracting primitive: r15_daoxiangcun_rusticwood.001
12:51:35 | INFO: Primitives created: 1
12:51:35 | INFO: Extracting primitive: r15_daoxiangcun_screen.002
12:51:35 | INFO: Primitives created: 1
12:51:35 | INFO: Extracting primitive: r15_daoxiangcun_screen.003
12:51:35 | INFO: Primitives created: 1
12:51:35 | INFO: Extracting primitive: r15_daoxiangcun_stone.001
12:51:35 | INFO: Primitives created: 1
12:51:35 | INFO: Extracting primitive: r15_daoxiangcun_thatch.001
12:51:35 | INFO: Primitives created: 1
12:51:35 | INFO: Extracting primitive: r15_ouxiangxie_bookcloth.001
12:51:35 | INFO: Primitives created: 1
12:51:35 | INFO: Extracting primitive: r15_ouxiangxie_bookcover.001
12:51:35 | INFO: Primitives created: 1
12:51:35 | INFO: Extracting primitive: r15_ouxiangxie_ceramic.001
12:51:35 | INFO: Primitives created: 1
12:51:35 | INFO: Extracting primitive: r15_ouxiangxie_darkwood.001
12:51:35 | INFO: Primitives created: 1
12:51:35 | INFO: Extracting primitive: r15_ouxiangxie_furniture.001
12:51:35 | INFO: Primitives created: 1
12:51:35 | INFO: Extracting primitive: r15_ouxiangxie_gold.001
12:51:35 | INFO: Primitives created: 1
12:51:35 | INFO: Extracting primitive: r15_ouxiangxie_ink.001
12:51:35 | INFO: Primitives created: 1
12:51:35 | INFO: Extracting primitive: r15_ouxiangxie_ivory.001
12:51:35 | INFO: Primitives created: 1
12:51:35 | INFO: Extracting primitive: r15_ouxiangxie_latticewood.001
12:51:35 | INFO: Primitives created: 1
12:51:35 | INFO: Extracting primitive: r15_ouxiangxie_paper.001
12:51:35 | INFO: Primitives created: 1
12:51:35 | INFO: Extracting primitive: r15_ouxiangxie_plaster.002
12:51:35 | INFO: Primitives created: 1
12:51:35 | INFO: Extracting primitive: r15_ouxiangxie_plaster.003
12:51:35 | INFO: Primitives created: 1
12:51:35 | INFO: Extracting primitive: r15_ouxiangxie_qing_azurite.001
12:51:35 | INFO: Primitives created: 1
12:51:35 | INFO: Extracting primitive: r15_ouxiangxie_roof.001
12:51:35 | INFO: Primitives created: 1
12:51:35 | INFO: Extracting primitive: r15_ouxiangxie_screen.002
12:51:35 | INFO: Primitives created: 1
12:51:35 | INFO: Extracting primitive: r15_ouxiangxie_screen.003
12:51:35 | INFO: Primitives created: 1
12:51:35 | INFO: Extracting primitive: r15_ouxiangxie_stone.001
12:51:35 | INFO: Primitives created: 1
12:51:35 | INFO: Extracting primitive: r15_ouxiangxie_tile.001
12:51:35 | INFO: Primitives created: 1
12:51:35 | INFO: Extracting primitive: r15_ouxiangxie_tiledark.001
12:51:35 | INFO: Primitives created: 1
12:51:35 | INFO: Extracting primitive: r15_ouxiangxie_tilelight.001
12:51:35 | INFO: Primitives created: 1
12:51:35 | INFO: Extracting primitive: r15_ouxiangxie_wood.001
12:51:35 | INFO: Primitives created: 1
12:51:35 | INFO: Extracting primitive: r15_dicuiting_darkwood.001
12:51:35 | INFO: Primitives created: 1
12:51:35 | INFO: Extracting primitive: r15_dicuiting_gold.001
12:51:35 | INFO: Primitives created: 1
12:51:35 | INFO: Extracting primitive: r15_dicuiting_lantern.001
12:51:35 | INFO: Primitives created: 1
12:51:35 | INFO: Extracting primitive: r15_dicuiting_roof.001
12:51:35 | INFO: Primitives created: 1
12:51:35 | INFO: Extracting primitive: r15_dicuiting_stone.001
12:51:35 | INFO: Primitives created: 1
12:51:35 | INFO: Extracting primitive: r15_dicuiting_tile.001
12:51:35 | INFO: Primitives created: 1
12:51:35 | INFO: Extracting primitive: r15_dicuiting_tiledark.001
12:51:35 | INFO: Primitives created: 1
12:51:35 | INFO: Extracting primitive: r15_dicuiting_tilelight.001
12:51:35 | INFO: Primitives created: 1
12:51:35 | INFO: Extracting primitive: r15_dicuiting_wood.001
12:51:35 | INFO: Primitives created: 1
12:51:35 | INFO: Extracting primitive: r15_luxuean_clay.001
12:51:35 | INFO: Primitives created: 1
12:51:35 | INFO: Extracting primitive: r15_luxuean_plaster.001
12:51:35 | INFO: Primitives created: 1
12:51:35 | INFO: Extracting primitive: r15_luxuean_qing_clay.001
12:51:35 | INFO: Primitives created: 1
12:51:35 | INFO: Extracting primitive: r15_luxuean_rusticwood.001
12:51:35 | INFO: Primitives created: 1
12:51:35 | INFO: Extracting primitive: r15_luxuean_screen.001
12:51:35 | INFO: Primitives created: 1
12:51:35 | INFO: Extracting primitive: r15_luxuean_stone.001
12:51:35 | INFO: Primitives created: 1
12:51:35 | INFO: Extracting primitive: r15_luxuean_thatch.001
12:51:35 | INFO: Primitives created: 1
12:51:35 | INFO: Extracting primitive: r15_tubishanzhuang_cutstone.001
12:51:35 | INFO: Primitives created: 1
12:51:35 | INFO: Extracting primitive: r15_tubishanzhuang_darkwood.001
12:51:35 | INFO: Primitives created: 1
12:51:35 | INFO: Extracting primitive: r15_tubishanzhuang_furniture.001
12:51:35 | INFO: Primitives created: 1
12:51:35 | INFO: Extracting primitive: r15_tubishanzhuang_gold.001
12:51:35 | INFO: Primitives created: 1
12:51:35 | INFO: Extracting primitive: r15_tubishanzhuang_latticewood.001
12:51:35 | INFO: Primitives created: 1
12:51:35 | INFO: Extracting primitive: r15_tubishanzhuang_plaster.002
12:51:35 | INFO: Primitives created: 1
12:51:35 | INFO: Extracting primitive: r15_tubishanzhuang_plaster.003
12:51:35 | INFO: Primitives created: 1
12:51:35 | INFO: Extracting primitive: r15_tubishanzhuang_qing_azurite.001
12:51:35 | INFO: Primitives created: 1
12:51:35 | INFO: Extracting primitive: r15_tubishanzhuang_roof.001
12:51:35 | INFO: Primitives created: 1
12:51:35 | INFO: Extracting primitive: r15_tubishanzhuang_screen.002
12:51:35 | INFO: Primitives created: 1
12:51:35 | INFO: Extracting primitive: r15_tubishanzhuang_screen.003
12:51:35 | INFO: Primitives created: 1
12:51:35 | INFO: Extracting primitive: r15_tubishanzhuang_stone.001
12:51:35 | INFO: Primitives created: 1
12:51:35 | INFO: Extracting primitive: r15_tubishanzhuang_tile.001
12:51:35 | INFO: Primitives created: 1
12:51:35 | INFO: Extracting primitive: r15_tubishanzhuang_tiledark.001
12:51:35 | INFO: Primitives created: 1
12:51:35 | INFO: Extracting primitive: r15_tubishanzhuang_tilelight.001
12:51:35 | INFO: Primitives created: 1
12:51:35 | INFO: Extracting primitive: r15_tubishanzhuang_wood.001
12:51:35 | INFO: Primitives created: 1
12:51:35 | INFO: Extracting primitive: r15_aojingxiguan_cutstone.001
12:51:35 | INFO: Primitives created: 1
12:51:35 | INFO: Extracting primitive: r15_aojingxiguan_darkwood.001
12:51:35 | INFO: Primitives created: 1
12:51:35 | INFO: Extracting primitive: r15_aojingxiguan_furniture.001
12:51:35 | INFO: Primitives created: 1
12:51:35 | INFO: Extracting primitive: r15_aojingxiguan_gold.001
12:51:35 | INFO: Primitives created: 1
12:51:35 | INFO: Extracting primitive: r15_aojingxiguan_latticewood.001
12:51:35 | INFO: Primitives created: 1
12:51:35 | INFO: Extracting primitive: r15_aojingxiguan_plaster.002
12:51:35 | INFO: Primitives created: 1
12:51:35 | INFO: Extracting primitive: r15_aojingxiguan_plaster.003
12:51:35 | INFO: Primitives created: 1
12:51:35 | INFO: Extracting primitive: r15_aojingxiguan_qing_azurite.001
12:51:35 | INFO: Primitives created: 1
12:51:35 | INFO: Extracting primitive: r15_aojingxiguan_roof.001
12:51:35 | INFO: Primitives created: 1
12:51:35 | INFO: Extracting primitive: r15_aojingxiguan_screen.002
12:51:35 | INFO: Primitives created: 1
12:51:35 | INFO: Extracting primitive: r15_aojingxiguan_screen.003
12:51:35 | INFO: Primitives created: 1
12:51:35 | INFO: Extracting primitive: r15_aojingxiguan_stone.001
12:51:35 | INFO: Primitives created: 1
12:51:35 | INFO: Extracting primitive: r15_aojingxiguan_tile.001
12:51:35 | INFO: Primitives created: 1
12:51:35 | INFO: Extracting primitive: r15_aojingxiguan_tiledark.001
12:51:35 | INFO: Primitives created: 1
12:51:35 | INFO: Extracting primitive: r15_aojingxiguan_tilelight.001
12:51:35 | INFO: Primitives created: 1
12:51:35 | INFO: Extracting primitive: r15_aojingxiguan_wood.001
12:51:35 | INFO: Primitives created: 1
12:51:35 | INFO: Extracting primitive: r15_daguanlou_bookcloth.001
12:51:35 | INFO: Primitives created: 1
12:51:35 | INFO: Extracting primitive: r15_daguanlou_bookcover.001
12:51:35 | INFO: Primitives created: 1
12:51:35 | INFO: Extracting primitive: r15_daguanlou_ceramic.001
12:51:35 | INFO: Primitives created: 1
12:51:35 | INFO: Extracting primitive: r15_daguanlou_courtbase.001
12:51:35 | INFO: Primitives created: 1
12:51:35 | INFO: Extracting primitive: r15_daguanlou_cutstone.001
12:51:35 | INFO: Primitives created: 1
12:51:35 | INFO: Extracting primitive: r15_daguanlou_darkwood.001
12:51:35 | INFO: Primitives created: 1
12:51:35 | INFO: Extracting primitive: r15_daguanlou_furniture.001
12:51:35 | INFO: Primitives created: 1
12:51:35 | INFO: Extracting primitive: r15_daguanlou_gold.001
12:51:35 | INFO: Primitives created: 1
12:51:35 | INFO: Extracting primitive: r15_daguanlou_goldroof.001
12:51:35 | INFO: Primitives created: 1
12:51:35 | INFO: Extracting primitive: r15_daguanlou_goldtile.001
12:51:35 | INFO: Primitives created: 1
12:51:35 | INFO: Extracting primitive: r15_daguanlou_goldtiledark.001
12:51:35 | INFO: Primitives created: 1
12:51:35 | INFO: Extracting primitive: r15_daguanlou_goldtilelight.001
12:51:35 | INFO: Primitives created: 1
12:51:35 | INFO: Extracting primitive: r15_daguanlou_ink.001
12:51:35 | INFO: Primitives created: 1
12:51:35 | INFO: Extracting primitive: r15_daguanlou_ivory.001
12:51:35 | INFO: Primitives created: 1
12:51:35 | INFO: Extracting primitive: r15_daguanlou_lantern.001
12:51:35 | INFO: Primitives created: 1
12:51:35 | INFO: Extracting primitive: r15_daguanlou_latticewood.001
12:51:35 | INFO: Primitives created: 1
12:51:35 | INFO: Extracting primitive: r15_daguanlou_paper.001
12:51:35 | INFO: Primitives created: 1
12:51:35 | INFO: Extracting primitive: r15_daguanlou_plaster.003
12:51:35 | INFO: Primitives created: 1
12:51:35 | INFO: Extracting primitive: r15_daguanlou_plaster.004
12:51:35 | INFO: Primitives created: 1
12:51:35 | INFO: Extracting primitive: r15_daguanlou_plaster.005
12:51:35 | INFO: Primitives created: 1
12:51:35 | INFO: Extracting primitive: r15_daguanlou_qing_azurite.001
12:51:35 | INFO: Primitives created: 1
12:51:35 | INFO: Extracting primitive: r15_daguanlou_screen.002
12:51:35 | INFO: Primitives created: 1
12:51:35 | INFO: Extracting primitive: r15_daguanlou_screen.003
12:51:35 | INFO: Primitives created: 1
12:51:35 | INFO: Extracting primitive: r15_daguanlou_stone.001
12:51:35 | INFO: Primitives created: 1
12:51:35 | INFO: Extracting primitive: r15_daguanlou_wood.001
12:51:35 | INFO: Primitives created: 1
12:51:35 | INFO: Extracting primitive: r15_longcuian_bookcloth.001
12:51:35 | INFO: Primitives created: 1
12:51:35 | INFO: Extracting primitive: r15_longcuian_bookcover.001
12:51:35 | INFO: Primitives created: 1
12:51:35 | INFO: Extracting primitive: r15_longcuian_ceramic.001
12:51:35 | INFO: Primitives created: 1
12:51:35 | INFO: Extracting primitive: r15_longcuian_courtbase.001
12:51:35 | INFO: Primitives created: 1
12:51:35 | INFO: Extracting primitive: r15_longcuian_cutstone.001
12:51:35 | INFO: Primitives created: 1
12:51:35 | INFO: Extracting primitive: r15_longcuian_darkwood.001
12:51:35 | INFO: Primitives created: 1
12:51:35 | INFO: Extracting primitive: r15_longcuian_furniture.001
12:51:35 | INFO: Primitives created: 1
12:51:35 | INFO: Extracting primitive: r15_longcuian_gold.001
12:51:35 | INFO: Primitives created: 1
12:51:35 | INFO: Extracting primitive: r15_longcuian_ink.001
12:51:35 | INFO: Primitives created: 1
12:51:35 | INFO: Extracting primitive: r15_longcuian_ivory.001
12:51:35 | INFO: Primitives created: 1
12:51:35 | INFO: Extracting primitive: r15_longcuian_latticewood.001
12:51:35 | INFO: Primitives created: 1
12:51:35 | INFO: Extracting primitive: r15_longcuian_paper.001
12:51:35 | INFO: Primitives created: 1
12:51:35 | INFO: Extracting primitive: r15_longcuian_plaster.003
12:51:35 | INFO: Primitives created: 1
12:51:35 | INFO: Extracting primitive: r15_longcuian_plaster.004
12:51:35 | INFO: Primitives created: 1
12:51:35 | INFO: Extracting primitive: r15_longcuian_plaster.005
12:51:35 | INFO: Primitives created: 1
12:51:35 | INFO: Extracting primitive: r15_longcuian_qing_jade.001
12:51:35 | INFO: Primitives created: 1
12:51:35 | INFO: Extracting primitive: r15_longcuian_roof.001
12:51:35 | INFO: Primitives created: 1
12:51:35 | INFO: Extracting primitive: r15_longcuian_screen.002
12:51:35 | INFO: Primitives created: 1
12:51:35 | INFO: Extracting primitive: r15_longcuian_screen.003
12:51:35 | INFO: Primitives created: 1
12:51:35 | INFO: Extracting primitive: r15_longcuian_stone.001
12:51:35 | INFO: Primitives created: 1
12:51:35 | INFO: Extracting primitive: r15_longcuian_tile.001
12:51:35 | INFO: Primitives created: 1
12:51:35 | INFO: Extracting primitive: r15_longcuian_tiledark.001
12:51:35 | INFO: Primitives created: 1
12:51:35 | INFO: Extracting primitive: r15_longcuian_tilelight.001
12:51:35 | INFO: Primitives created: 1
12:51:35 | INFO: Extracting primitive: r15_longcuian_wood.001
12:51:35 | INFO: Primitives created: 1
12:51:35 | INFO: Extracting primitive: r15_nuanxiangwu_bookcloth.001
12:51:35 | INFO: Primitives created: 1
12:51:35 | INFO: Extracting primitive: r15_nuanxiangwu_bookcover.001
12:51:35 | INFO: Primitives created: 1
12:51:35 | INFO: Extracting primitive: r15_nuanxiangwu_ceramic.001
12:51:35 | INFO: Primitives created: 1
12:51:35 | INFO: Extracting primitive: r15_nuanxiangwu_courtbase.001
12:51:35 | INFO: Primitives created: 1
12:51:35 | INFO: Extracting primitive: r15_nuanxiangwu_cutstone.001
12:51:35 | INFO: Primitives created: 1
12:51:35 | INFO: Extracting primitive: r15_nuanxiangwu_darkwood.001
12:51:35 | INFO: Primitives created: 1
12:51:35 | INFO: Extracting primitive: r15_nuanxiangwu_furniture.001
12:51:35 | INFO: Primitives created: 1
12:51:35 | INFO: Extracting primitive: r15_nuanxiangwu_gold.001
12:51:35 | INFO: Primitives created: 1
12:51:35 | INFO: Extracting primitive: r15_nuanxiangwu_ink.001
12:51:35 | INFO: Primitives created: 1
12:51:35 | INFO: Extracting primitive: r15_nuanxiangwu_ivory.001
12:51:35 | INFO: Primitives created: 1
12:51:35 | INFO: Extracting primitive: r15_nuanxiangwu_latticewood.001
12:51:35 | INFO: Primitives created: 1
12:51:35 | INFO: Extracting primitive: r15_nuanxiangwu_paper.001
12:51:35 | INFO: Primitives created: 1
12:51:35 | INFO: Extracting primitive: r15_nuanxiangwu_plaster.002
12:51:35 | INFO: Primitives created: 1
12:51:35 | INFO: Extracting primitive: r15_nuanxiangwu_plaster.003
12:51:35 | INFO: Primitives created: 1
12:51:35 | INFO: Extracting primitive: r15_nuanxiangwu_qing_azurite.001
12:51:35 | INFO: Primitives created: 1
12:51:35 | INFO: Extracting primitive: r15_nuanxiangwu_roof.001
12:51:35 | INFO: Primitives created: 1
12:51:35 | INFO: Extracting primitive: r15_nuanxiangwu_screen.002
12:51:35 | INFO: Primitives created: 1
12:51:35 | INFO: Extracting primitive: r15_nuanxiangwu_screen.003
12:51:35 | INFO: Primitives created: 1
12:51:35 | INFO: Extracting primitive: r15_nuanxiangwu_silk.001
12:51:35 | INFO: Primitives created: 1
12:51:35 | INFO: Extracting primitive: r15_nuanxiangwu_stone.001
12:51:35 | INFO: Primitives created: 1
12:51:35 | INFO: Extracting primitive: r15_nuanxiangwu_tile.001
12:51:35 | INFO: Primitives created: 1
12:51:35 | INFO: Extracting primitive: r15_nuanxiangwu_tiledark.001
12:51:35 | INFO: Primitives created: 1
12:51:35 | INFO: Extracting primitive: r15_nuanxiangwu_tilelight.001
12:51:35 | INFO: Primitives created: 1
12:51:35 | INFO: Extracting primitive: r15_nuanxiangwu_wood.001
12:51:35 | INFO: Primitives created: 1
12:51:35 | INFO: Finished glTF 2.0 export in 1.6763620376586914 s

MANIFEST PUBLISHED spatial-garden-20260913-r15 11196 actual master tree transforms
QING ARCHITECTURE READY 0
Blender 4.5.9 LTS (hash 8bf95cbd38d1 built 2026-04-21 01:33:45)
Read blend: "D:\Users\Lenovo\Desktop\大观园\blender\daguanyuan_master.blend"

Blender quit
prune: Removed types... Mesh (17), Primitive (17), TextureInfo (70), Material (14), Texture (20), Accessor (68)
Architecture patched: public/models/places-low/daguanyuan_gate.glb
Architecture patched: public/models/places-low/qujingtongyou.glb
prune: Removed types... Mesh (26), Primitive (26), TextureInfo (110), Material (22), Texture (20), Accessor (104)
Architecture patched: public/models/places-low/xiaoxiangguan.glb
prune: Removed types... Mesh (27), Primitive (27), TextureInfo (110), Material (22), Texture (20), Accessor (108)
Architecture patched: public/models/places-low/yihongyuan.glb
prune: Removed types... Mesh (27), Primitive (27), TextureInfo (110), Material (22), Texture (20), Accessor (108)
Architecture patched: public/models/places-low/hengwuyuan.glb
prune: Removed types... Mesh (28), Primitive (28), TextureInfo (115), Material (23), Texture (20), Accessor (112)
Architecture patched: public/models/places-low/qiushuangzhai.glb
prune: Removed types... Mesh (9), Primitive (9), TextureInfo (35), Material (7), Texture (7), Accessor (36)
Architecture patched: public/models/places-low/daoxiangcun.glb
prune: Removed types... Mesh (23), Primitive (23), TextureInfo (95), Material (19), Texture (18), Accessor (92)
Architecture patched: public/models/places-low/ouxiangxie.glb
prune: Removed types... Mesh (9), Primitive (9), TextureInfo (45), Material (9), Texture (14), Accessor (36), Buffer (1)
Architecture patched: public/models/places-low/dicuiting.glb
prune: Removed types... Mesh (8), Primitive (8), TextureInfo (35), Material (7), Texture (7), Accessor (32)
Architecture patched: public/models/places-low/luxuean.glb
prune: Removed types... Mesh (17), Primitive (17), TextureInfo (70), Material (14), Texture (20), Accessor (68)
Architecture patched: public/models/places-low/tubishanzhuang.glb
prune: Removed types... Mesh (17), Primitive (17), TextureInfo (70), Material (14), Texture (20), Accessor (68)
Architecture patched: public/models/places-low/aojingxiguan.glb
prune: Removed types... Mesh (26), Primitive (26), TextureInfo (105), Material (21), Texture (20), Accessor (104)
Architecture patched: public/models/places-low/daguanlou.glb
prune: Removed types... Mesh (25), Primitive (25), TextureInfo (100), Material (20), Texture (20), Accessor (100)
Architecture patched: public/models/places-low/longcuian.glb
prune: Removed types... Mesh (25), Primitive (25), TextureInfo (105), Material (21), Texture (20), Accessor (100)
Architecture patched: public/models/places-low/nuanxiangwu.glb
prune: Removed types... Mesh (284), Primitive (284), TextureInfo (155), Material (31), Texture (25), Accessor (1136)
Architecture patched: public/models/overview.glb
prune: Removed types... Mesh (284), Primitive (284), TextureInfo (155), Material (31), Texture (25), Accessor (1136)
Architecture patched: public/models/overview-low.glb
