[WebServer] (node:7623) Warning: The 'NO_COLOR' env is ignored due to the 'FORCE_COLOR' env being set.
[WebServer] (Use `node --trace-warnings ...` to show where the warning was created)
[WebServer] (node:7644) Warning: The 'NO_COLOR' env is ignored due to the 'FORCE_COLOR' env being set.
[WebServer] (Use `node --trace-warnings ...` to show where the warning was created)
[WebServer]
[WebServer] (!) Some chunks are larger than 1200 kB after minification. Consider:
[WebServer] - Using dynamic import() to code-split the application
[WebServer] - Use build.rollupOptions.output.manualChunks to improve chunking: https://rollupjs.org/configuration-options/#output-manualchunks
[WebServer] - Adjust chunk size limit for this warning via build.chunkSizeWarningLimit.
[WebServer] (node:7656) Warning: The 'NO_COLOR' env is ignored due to the 'FORCE_COLOR' env being set.
[WebServer] (Use `node --trace-warnings ...` to show where the warning was created)
[WebServer] (node:7689) Warning: The 'NO_COLOR' env is ignored due to the 'FORCE_COLOR' env being set.
[WebServer] (Use `node --trace-warnings ...` to show where the warning was created)

Running 4 tests using 1 worker

(node:7693) Warning: The 'NO_COLOR' env is ignored due to the 'FORCE_COLOR' env being set.
(Use `node --trace-warnings ...` to show where the warning was created)
  ✓  1 tests/e2e/grounding.spec.ts:8:1 › root gardens connect soft ground, low planting and retained courts in the delivered scene (13.7s)
  ✓  2 tests/e2e/mobile.spec.ts:3:1 › touch phone on throttled 4G loads the small overview and mobile courtyard (22.2s)
  ✓  3 tests/e2e/mobile.spec.ts:55:1 › 320px phone controls remain inside the viewport (1.9s)
  ✓  4 tests/e2e/urban.spec.ts:6:1 › mansion roof setting renders at high and garden eye levels through day and night (21.9s)

  4 passed (1.1m)
