
> daguanyuan-rumeng@1.0.0 build
> node scripts/clean_build.mjs && npm run data:build && tsc --noEmit && vite build


> daguanyuan-rumeng@1.0.0 data:build
> node scripts/validate.mjs --publish

PASS 1739 integrity checks. {
  places: 15,
  characters: 13,
  events: 22,
  sources: 46,
  relations: 1,
  routes: 3
}
vite v7.3.6 building client environment for production...
transforming...
✓ 2231 modules transformed.
rendering chunks...
computing gzip size...
dist/.vite/manifest.json               0.47 kB │ gzip:   0.22 kB
dist/index.html                        1.22 kB │ gzip:   0.84 kB
dist/assets/index-B-UJwfeC.css        43.43 kB │ gzip:   9.32 kB
dist/assets/index-BZ_WWIQA.js        657.98 kB │ gzip: 190.71 kB
dist/assets/GardenScene-BhaTySlH.js  722.31 kB │ gzip: 203.22 kB
✓ built in 15.42s
