
> daguanyuan-rumeng@1.0.0 test:e2e
> node scripts/run_e2e.mjs

[WebServer] (node:53948) Warning: The 'NO_COLOR' env is ignored due to the 'FORCE_COLOR' env being set.
[WebServer] (Use `node --trace-warnings ...` to show where the warning was created)
[WebServer] (node:53996) Warning: The 'NO_COLOR' env is ignored due to the 'FORCE_COLOR' env being set.
[WebServer] (Use `node --trace-warnings ...` to show where the warning was created)
[WebServer] (node:59020) Warning: The 'NO_COLOR' env is ignored due to the 'FORCE_COLOR' env being set.
[WebServer] (Use `node --trace-warnings ...` to show where the warning was created)
[WebServer] (node:56632) Warning: The 'NO_COLOR' env is ignored due to the 'FORCE_COLOR' env being set.
[WebServer] (Use `node --trace-warnings ...` to show where the warning was created)

Running 11 tests using 1 worker

(node:60376) Warning: The 'NO_COLOR' env is ignored due to the 'FORCE_COLOR' env being set.
(Use `node --trace-warnings ...` to show where the warning was created)
  ok  1 tests\e2e\gallery.spec.ts:3:1 › a failed full-size reference image can be retried without leaving the viewer (3.4s)
  ok  2 tests\e2e\gallery.spec.ts:16:1 › gallery retries a failed manifest and distinguishes spoiler-empty results (7.0s)
  ok  3 tests\e2e\gallery.spec.ts:21:1 › 320px sources entry retains its accessible name (550ms)
  x   4 tests\e2e\garden.spec.ts:18:1 › published scene, real canvas picking, literary links, all tours, settings and screenshots (16.9s)
(node:36888) Warning: The 'NO_COLOR' env is ignored due to the 'FORCE_COLOR' env being set.
(Use `node --trace-warnings ...` to show where the warning was created)
  ok  5 tests\e2e\garden.spec.ts:31:1 › mobile bottom drawer and usable controls (6.7s)
  ok  6 tests\e2e\garden.spec.ts:32:1 › model failure exposes retry and recovers (5.6s)
  ok  7 tests\e2e\garden.spec.ts:33:1 › tour shows sourced stop content, travels, and arrives at the next stop (12.9s)
  ok  8 tests\e2e\garden.spec.ts:45:1 › the overhead garden view opens by keyboard and a map destination returns to its courtyard (2.2s)
  ok  9 tests\e2e\interior.spec.ts:3:1 › interior inspection lifts the roof and restores the complete courtyard (7.0s)
  ok 10 tests\e2e\mobile.spec.ts:3:1 › touch phone on throttled 4G loads the small overview and mobile courtyard (26.1s)
  ok 11 tests\e2e\mobile.spec.ts:48:1 › 320px phone controls remain inside the viewport (2.8s)


  1) tests\e2e\garden.spec.ts:18:1 › published scene, real canvas picking, literary links, all tours, settings and screenshots 

    Error: The yihongyuan mesh must be uncovered before ray picking

    expect(received).toBe(expected) // Object.is equality

    Expected: true
    Received: false

      13 |   await p.mouse.move(box.x+box.width*.45,box.y+box.height*.4);await p.mouse.wheel(0,280);await p.waitForTimeout(1800);point=await target();
      14 |  }
    > 15 |  expect(point.canvas,`The ${id} mesh must be uncovered before ray picking`).toBe(true);
         |                                                                             ^
      16 |  await p.mouse.click(point.x,point.y);await expect.poll(async()=>(await state(p)).place).toBe(id);
      17 | }
      18 | test('published scene, real canvas picking, literary links, all tours, settings and screenshots',async({page})=>{
        at pickMesh (D:\Users\Lenovo\Desktop\大观园\tests\e2e\garden.spec.ts:15:77)
        at D:\Users\Lenovo\Desktop\大观园\tests\e2e\garden.spec.ts:21:162

    Error Context: test-results\garden-published-scene-rea-0a456-rs-settings-and-screenshots\error-context.md

    attachment #2: trace (application/zip) ─────────────────────────────────────────────────────────
    test-results\garden-published-scene-rea-0a456-rs-settings-and-screenshots\trace.zip
    Usage:

        npx playwright show-trace test-results\garden-published-scene-rea-0a456-rs-settings-and-screenshots\trace.zip

    ────────────────────────────────────────────────────────────────────────────────────────────────

  1 failed
    tests\e2e\garden.spec.ts:18:1 › published scene, real canvas picking, literary links, all tours, settings and screenshots 
  10 passed (1.8m)
