Blender 4.5.9 LTS (hash 8bf95cbd38d1 built 2026-04-21 01:33:45)
Read blend: "D:\Users\Lenovo\Desktop\大观园\blender\daguanyuan_master.blend"
Fra:1 Mem:966.90M (Peak 2418.40M) | Time:00:05.51 | Mem:0.00M, Peak:0.00M | Scene, ViewLayer | Synchronizing object | daguanyuan_gate_stone.001
Fra:1 Mem:966.90M (Peak 2418.40M) | Time:00:05.51 | Mem:0.00M, Peak:0.00M | Scene, ViewLayer | Synchronizing object | daguanyuan_gate_darkwood.001
Fra:1 Mem:966.90M (Peak 2418.40M) | Time:00:05.51 | Mem:0.00M, Peak:0.00M | Scene, ViewLayer | Synchronizing object | daguanyuan_gate_wood.001
Fra:1 Mem:966.90M (Peak 2418.40M) | Time:00:05.51 | Mem:0.00M, Peak:0.00M | Scene, ViewLayer | Synchronizing object | daguanyuan_gate_screen
Fra:1 Mem:966.91M (Peak 2418.40M) | Time:00:05.51 | Mem:0.00M, Peak:0.00M | Scene, ViewLayer | Synchronizing object | daguanyuan_gate_roof.001
Fra:1 Mem:971.78M (Peak 2418.40M) | Time:00:05.51 | Mem:0.00M, Peak:0.00M | Scene, ViewLayer | Synchronizing object | daguanyuan_gate_tilelight.001
Fra:1 Mem:971.78M (Peak 2418.40M) | Time:00:05.51 | Mem:0.00M, Peak:0.00M | Scene, ViewLayer | Synchronizing object | daguanyuan_gate_tiledark.001
Fra:1 Mem:973.85M (Peak 2418.40M) | Time:00:05.51 | Mem:0.00M, Peak:0.00M | Scene, ViewLayer | Synchronizing object | daguanyuan_gate_limestone.001
Fra:1 Mem:974.38M (Peak 2418.40M) | Time:00:05.52 | Mem:0.00M, Peak:0.00M | Scene, ViewLayer | Synchronizing object | daguanyuan_gate_paving.001
Fra:1 Mem:974.48M (Peak 2418.40M) | Time:00:05.52 | Mem:0.00M, Peak:0.00M | Scene, ViewLayer | Synchronizing object | qujingtongyou_stone.001
Fra:1 Mem:975.03M (Peak 2418.40M) | Time:00:05.52 | Mem:0.00M, Peak:0.00M | Scene, ViewLayer | Synchronizing object | qujingtongyou_limestone.001
Fra:1 Mem:983.00M (Peak 2418.40M) | Time:00:05.52 | Mem:0.00M, Peak:0.00M | Scene, ViewLayer | Synchronizing object | qujingtongyou_moss
Fra:1 Mem:983.14M (Peak 2418.40M) | Time:00:05.52 | Mem:0.00M, Peak:0.00M | Scene, ViewLayer | Synchronizing object | qujingtongyou_bark
Fra:1 Mem:983.16M (Peak 2418.40M) | Time:00:05.52 | Mem:0.00M, Peak:0.00M | Scene, ViewLayer | Synchronizing object | qujingtongyou_canopy_shadow
Fra:1 Mem:983.45M (Peak 2418.40M) | Time:00:05.52 | Mem:0.00M, Peak:0.00M | Scene, ViewLayer | Synchronizing object | qujingtongyou_canopy
Fra:1 Mem:983.79M (Peak 2418.40M) | Time:00:05.52 | Mem:0.00M, Peak:0.00M | Scene, ViewLayer | Synchronizing object | qujingtongyou_canopy_light
Fra:1 Mem:983.89M (Peak 2418.40M) | Time:00:05.52 | Mem:0.00M, Peak:0.00M | Scene, ViewLayer | Synchronizing object | xiaoxiangguan_plaster
Fra:1 Mem:984.50M (Peak 2418.40M) | Time:00:05.52 | Mem:0.00M, Peak:0.00M | Scene, ViewLayer | Synchronizing object | xiaoxiangguan_roof
Fra:1 Mem:984.60M (Peak 2418.40M) | Time:00:05.52 | Mem:0.00M, Peak:0.00M | Scene, ViewLayer | Synchronizing object | xiaoxiangguan_stone
Fra:1 Mem:984.71M (Peak 2418.40M) | Time:00:05.52 | Mem:0.00M, Peak:0.00M | Scene, ViewLayer | Synchronizing object | xiaoxiangguan_tile
Fra:1 Mem:984.75M (Peak 2418.40M) | Time:00:05.52 | Mem:0.00M, Peak:0.00M | Scene, ViewLayer | Synchronizing object | xiaoxiangguan_cutstone
Fra:1 Mem:985.26M (Peak 2418.40M) | Time:00:05.52 | Mem:0.00M, Peak:0.00M | Scene, ViewLayer | Synchronizing object | xiaoxiangguan_darkwood
Fra:1 Mem:985.59M (Peak 2418.40M) | Time:00:05.52 | Mem:0.00M, Peak:0.00M | Scene, ViewLayer | Synchronizing object | xiaoxiangguan_floorwood
Fra:1 Mem:989.21M (Peak 2418.40M) | Time:00:05.52 | Mem:0.00M, Peak:0.00M | Scene, ViewLayer | Synchronizing object | xiaoxiangguan_wood
Fra:1 Mem:989.64M (Peak 2418.40M) | Time:00:05.52 | Mem:0.00M, Peak:0.00M | Scene, ViewLayer | Synchronizing object | xiaoxiangguan_tilelight.001
Fra:1 Mem:998.11M (Peak 2418.40M) | Time:00:05.52 | Mem:0.00M, Peak:0.00M | Scene, ViewLayer | Synchronizing object | xiaoxiangguan_tiledark.001
Fra:1 Mem:998.25M (Peak 2418.40M) | Time:00:05.52 | Mem:0.00M, Peak:0.00M | Scene, ViewLayer | Synchronizing object | xiaoxiangguan_paving.001
Fra:1 Mem:1000.40M (Peak 2418.40M) | Time:00:05.52 | Mem:0.00M, Peak:0.00M | Scene, ViewLayer | Synchronizing object | xiaoxiangguan_bark
Fra:1 Mem:1000.50M (Peak 2418.40M) | Time:00:05.52 | Mem:0.00M, Peak:0.00M | Scene, ViewLayer | Synchronizing object | xiaoxiangguan_creamflower
Fra:1 Mem:1001.61M (Peak 2418.40M) | Time:00:05.52 | Mem:0.00M, Peak:0.00M | Scene, ViewLayer | Synchronizing object | xiaoxiangguan_bamboo
Fra:1 Mem:1001.61M (Peak 2418.40M) | Time:00:05.52 | Mem:0.00M, Peak:0.00M | Scene, ViewLayer | Synchronizing object | xiaoxiangguan_leaf
Fra:1 Mem:1009.91M (Peak 2418.40M) | Time:00:05.52 | Mem:0.00M, Peak:0.00M | Scene, ViewLayer | Synchronizing object | xiaoxiangguan_lightleaf
Fra:1 Mem:1010.45M (Peak 2418.40M) | Time:00:05.52 | Mem:0.00M, Peak:0.00M | Scene, ViewLayer | Synchronizing object | xiaoxiangguan_leafdark
Fra:1 Mem:1010.45M (Peak 2418.40M) | Time:00:05.52 | Mem:0.00M, Peak:0.00M | Scene, ViewLayer | Synchronizing object | xiaoxiangguan_water.001
Fra:1 Mem:1011.89M (Peak 2418.40M) | Time:00:05.52 | Mem:0.00M, Peak:0.00M | Scene, ViewLayer | Synchronizing object | xiaoxiangguan_moss.001
Fra:1 Mem:1034.77M (Peak 2418.40M) | Time:00:05.53 | Mem:0.00M, Peak:0.00M | Scene, ViewLayer | Synchronizing object | xiaoxiangguan_paper
Fra:1 Mem:1034.77M (Peak 2418.40M) | Time:00:05.53 | Mem:0.00M, Peak:0.00M | Scene, ViewLayer | Synchronizing object | xiaoxiangguan_bookcloth.001
Fra:1 Mem:1034.97M (Peak 2418.40M) | Time:00:05.53 | Mem:0.00M, Peak:0.00M | Scene, ViewLayer | Synchronizing object | xiaoxiangguan_ivory.001
Fra:1 Mem:1040.26M (Peak 2418.40M) | Time:00:05.53 | Mem:0.00M, Peak:0.00M | Scene, ViewLayer | Synchronizing object | xiaoxiangguan_ink.001
Fra:1 Mem:1041.09M (Peak 2418.40M) | Time:00:05.53 | Mem:0.00M, Peak:0.00M | Scene, ViewLayer | Synchronizing object | xiaoxiangguan_bookcover.001
Fra:1 Mem:1041.10M (Peak 2418.40M) | Time:00:05.53 | Mem:0.00M, Peak:0.00M | Scene, ViewLayer | Synchronizing object | xiaoxiangguan_ceramic.001
Fra:1 Mem:1041.17M (Peak 2418.40M) | Time:00:05.53 | Mem:0.00M, Peak:0.00M | Scene, ViewLayer | Synchronizing object | xiaoxiangguan_lantern
Fra:1 Mem:1041.19M (Peak 2418.40M) | Time:00:05.53 | Mem:0.00M, Peak:0.00M | Scene, ViewLayer | Synchronizing object | xiaoxiangguan_gold
Fra:1 Mem:1041.20M (Peak 2418.40M) | Time:00:05.53 | Mem:0.00M, Peak:0.00M | Scene, ViewLayer | Synchronizing object | xiaoxiangguan_limestone.001
Fra:1 Mem:1043.04M (Peak 2418.40M) | Time:00:05.53 | Mem:0.00M, Peak:0.00M | Scene, ViewLayer | Synchronizing object | yihongyuan_plaster.001
Fra:1 Mem:1044.98M (Peak 2418.40M) | Time:00:05.53 | Mem:0.00M, Peak:0.00M | Scene, ViewLayer | Synchronizing object | yihongyuan_roof.001
Fra:1 Mem:1048.14M (Peak 2418.40M) | Time:00:05.53 | Mem:0.00M, Peak:0.00M | Scene, ViewLayer | Synchronizing object | yihongyuan_stone.001
Fra:1 Mem:1048.14M (Peak 2418.40M) | Time:00:05.53 | Mem:0.00M, Peak:0.00M | Scene, ViewLayer | Synchronizing object | yihongyuan_tile.001
Fra:1 Mem:1048.18M (Peak 2418.40M) | Time:00:05.53 | Mem:0.00M, Peak:0.00M | Scene, ViewLayer | Synchronizing object | yihongyuan_cutstone
Fra:1 Mem:1048.72M (Peak 2418.40M) | Time:00:05.54 | Mem:0.00M, Peak:0.00M | Scene, ViewLayer | Synchronizing object | yihongyuan_darkwood.001
Fra:1 Mem:1055.20M (Peak 2418.40M) | Time:00:05.54 | Mem:0.00M, Peak:0.00M | Scene, ViewLayer | Synchronizing object | yihongyuan_floorwood
Fra:1 Mem:1055.71M (Peak 2418.40M) | Time:00:05.54 | Mem:0.00M, Peak:0.00M | Scene, ViewLayer | Synchronizing object | yihongyuan_wood.001
Fra:1 Mem:1060.15M (Peak 2418.40M) | Time:00:05.54 | Mem:0.00M, Peak:0.00M | Scene, ViewLayer | Synchronizing object | yihongyuan_tilelight.001
Fra:1 Mem:1060.23M (Peak 2418.40M) | Time:00:05.54 | Mem:0.00M, Peak:0.00M | Scene, ViewLayer | Synchronizing object | yihongyuan_tiledark.001
Fra:1 Mem:1067.55M (Peak 2418.40M) | Time:00:05.54 | Mem:0.00M, Peak:0.00M | Scene, ViewLayer | Synchronizing object | yihongyuan_paving.001
Fra:1 Mem:1068.75M (Peak 2418.40M) | Time:00:05.54 | Mem:0.00M, Peak:0.00M | Scene, ViewLayer | Synchronizing object | yihongyuan_bark
Fra:1 Mem:1069.47M (Peak 2418.40M) | Time:00:05.54 | Mem:0.00M, Peak:0.00M | Scene, ViewLayer | Synchronizing object | yihongyuan_flower.001
Fra:1 Mem:1070.88M (Peak 2418.40M) | Time:00:05.54 | Mem:0.00M, Peak:0.00M | Scene, ViewLayer | Synchronizing object | yihongyuan_bamboo.001
Fra:1 Mem:1071.35M (Peak 2418.40M) | Time:00:05.54 | Mem:0.00M, Peak:0.00M | Scene, ViewLayer | Synchronizing object | yihongyuan_leaf.001
Fra:1 Mem:1073.81M (Peak 2418.40M) | Time:00:05.54 | Mem:0.00M, Peak:0.00M | Scene, ViewLayer | Synchronizing object | yihongyuan_lightleaf.001
Fra:1 Mem:1077.25M (Peak 2418.40M) | Time:00:05.54 | Mem:0.00M, Peak:0.00M | Scene, ViewLayer | Synchronizing object | yihongyuan_limestone.001
Fra:1 Mem:1077.73M (Peak 2418.40M) | Time:00:05.54 | Mem:0.00M, Peak:0.00M | Scene, ViewLayer | Synchronizing object | yihongyuan_moss.001
Fra:1 Mem:1085.85M (Peak 2418.40M) | Time:00:05.54 | Mem:0.00M, Peak:0.00M | Scene, ViewLayer | Synchronizing object | yihongyuan_paper.001
Fra:1 Mem:1085.90M (Peak 2418.40M) | Time:00:05.54 | Mem:0.00M, Peak:0.00M | Scene, ViewLayer | Synchronizing object | yihongyuan_bookcloth.001
Fra:1 Mem:1085.90M (Peak 2418.40M) | Time:00:05.54 | Mem:0.00M, Peak:0.00M | Scene, ViewLayer | Synchronizing object | yihongyuan_ivory.001
Fra:1 Mem:1085.92M (Peak 2418.40M) | Time:00:05.54 | Mem:0.00M, Peak:0.00M | Scene, ViewLayer | Synchronizing object | yihongyuan_ink.001
Fra:1 Mem:1085.92M (Peak 2418.40M) | Time:00:05.54 | Mem:0.00M, Peak:0.00M | Scene, ViewLayer | Synchronizing object | yihongyuan_bookcover.001
Fra:1 Mem:1085.95M (Peak 2418.40M) | Time:00:05.54 | Mem:0.00M, Peak:0.00M | Scene, ViewLayer | Synchronizing object | yihongyuan_ceramic.001
Fra:1 Mem:1085.95M (Peak 2418.40M) | Time:00:05.54 | Mem:0.00M, Peak:0.00M | Scene, ViewLayer | Synchronizing object | yihongyuan_leafdark
Fra:1 Mem:1086.49M (Peak 2418.40M) | Time:00:05.54 | Mem:0.00M, Peak:0.00M | Scene, ViewLayer | Synchronizing object | yihongyuan_gold
Fra:1 Mem:1086.93M (Peak 2418.40M) | Time:00:05.54 | Mem:0.00M, Peak:0.00M | Scene, ViewLayer | Synchronizing object | yihongyuan_screen.001
Fra:1 Mem:1086.94M (Peak 2418.40M) | Time:00:05.54 | Mem:0.00M, Peak:0.00M | Scene, ViewLayer | Synchronizing object | hengwuyuan_roof.001
Fra:1 Mem:1086.94M (Peak 2418.40M) | Time:00:05.54 | Mem:0.00M, Peak:0.00M | Scene, ViewLayer | Synchronizing object | hengwuyuan_stone.001
Fra:1 Mem:1086.95M (Peak 2418.40M) | Time:00:05.54 | Mem:0.00M, Peak:0.00M | Scene, ViewLayer | Synchronizing object | hengwuyuan_cutstone
Fra:1 Mem:1092.63M (Peak 2418.40M) | Time:00:05.54 | Mem:0.00M, Peak:0.00M | Scene, ViewLayer | Synchronizing object | hengwuyuan_darkwood.001
Fra:1 Mem:1093.11M (Peak 2418.40M) | Time:00:05.54 | Mem:0.00M, Peak:0.00M | Scene, ViewLayer | Synchronizing object | hengwuyuan_floorwood
Fra:1 Mem:1094.55M (Peak 2418.40M) | Time:00:05.55 | Mem:0.00M, Peak:0.00M | Scene, ViewLayer | Synchronizing object | hengwuyuan_wood.001
Fra:1 Mem:1094.86M (Peak 2418.40M) | Time:00:05.55 | Mem:0.00M, Peak:0.00M | Scene, ViewLayer | Synchronizing object | hengwuyuan_tilelight.001
Fra:1 Mem:1106.06M (Peak 2418.40M) | Time:00:05.55 | Mem:0.00M, Peak:0.00M | Scene, ViewLayer | Synchronizing object | hengwuyuan_tiledark.001
Fra:1 Mem:1106.06M (Peak 2418.40M) | Time:00:05.55 | Mem:0.00M, Peak:0.00M | Scene, ViewLayer | Synchronizing object | hengwuyuan_paving.001
Fra:1 Mem:1099.22M (Peak 2418.40M) | Time:00:05.55 | Mem:0.00M, Peak:0.00M | Scene, ViewLayer | Synchronizing object | hengwuyuan_limestone.001
Fra:1 Mem:1099.25M (Peak 2418.40M) | Time:00:05.55 | Mem:0.00M, Peak:0.00M | Scene, ViewLayer | Synchronizing object | hengwuyuan_moss.001
Fra:1 Mem:1099.69M (Peak 2418.40M) | Time:00:05.55 | Mem:0.00M, Peak:0.00M | Scene, ViewLayer | Synchronizing object | hengwuyuan_lightleaf.001
Fra:1 Mem:1101.73M (Peak 2418.40M) | Time:00:05.55 | Mem:0.00M, Peak:0.00M | Scene, ViewLayer | Synchronizing object | hengwuyuan_leaf.001
Fra:1 Mem:1101.75M (Peak 2418.40M) | Time:00:05.55 | Mem:0.00M, Peak:0.00M | Scene, ViewLayer | Synchronizing object | hengwuyuan_paper.001
Fra:1 Mem:1101.76M (Peak 2418.40M) | Time:00:05.55 | Mem:0.00M, Peak:0.00M | Scene, ViewLayer | Synchronizing object | hengwuyuan_bookcloth.001
Fra:1 Mem:1101.99M (Peak 2418.40M) | Time:00:05.55 | Mem:0.00M, Peak:0.00M | Scene, ViewLayer | Synchronizing object | hengwuyuan_ivory.001
Fra:1 Mem:1104.15M (Peak 2418.40M) | Time:00:05.55 | Mem:0.00M, Peak:0.00M | Scene, ViewLayer | Synchronizing object | hengwuyuan_ink.001
Fra:1 Mem:1104.27M (Peak 2418.40M) | Time:00:05.55 | Mem:0.00M, Peak:0.00M | Scene, ViewLayer | Synchronizing object | hengwuyuan_bookcover.001
Fra:1 Mem:1104.27M (Peak 2418.40M) | Time:00:05.55 | Mem:0.00M, Peak:0.00M | Scene, ViewLayer | Synchronizing object | hengwuyuan_ceramic.001
Fra:1 Mem:1104.34M (Peak 2418.40M) | Time:00:05.55 | Mem:0.00M, Peak:0.00M | Scene, ViewLayer | Synchronizing object | hengwuyuan_bamboo.001
Fra:1 Mem:1104.50M (Peak 2418.40M) | Time:00:05.55 | Mem:0.00M, Peak:0.00M | Scene, ViewLayer | Synchronizing object | hengwuyuan_clay.001
Fra:1 Mem:1104.50M (Peak 2418.40M) | Time:00:05.55 | Mem:0.00M, Peak:0.00M | Scene, ViewLayer | Synchronizing object | hengwuyuan_leafdark.001
Fra:1 Mem:1104.50M (Peak 2418.40M) | Time:00:05.55 | Mem:0.00M, Peak:0.00M | Scene, ViewLayer | Synchronizing object | hengwuyuan_screen.001
Fra:1 Mem:1105.04M (Peak 2418.40M) | Time:00:05.55 | Mem:0.00M, Peak:0.00M | Scene, ViewLayer | Synchronizing object | hengwuyuan_lantern
Fra:1 Mem:1105.29M (Peak 2418.40M) | Time:00:05.55 | Mem:0.00M, Peak:0.00M | Scene, ViewLayer | Synchronizing object | hengwuyuan_gold
Fra:1 Mem:1105.27M (Peak 2418.40M) | Time:00:05.55 | Mem:0.00M, Peak:0.00M | Scene, ViewLayer | Synchronizing object | qiushuangzhai_plaster.001
Fra:1 Mem:1105.75M (Peak 2418.40M) | Time:00:05.55 | Mem:0.00M, Peak:0.00M | Scene, ViewLayer | Synchronizing object | qiushuangzhai_roof.001
Fra:1 Mem:1105.11M (Peak 2418.40M) | Time:00:05.55 | Mem:0.00M, Peak:0.00M | Scene, ViewLayer | Synchronizing object | qiushuangzhai_tile.001
Fra:1 Mem:1105.12M (Peak 2418.40M) | Time:00:05.55 | Mem:0.00M, Peak:0.00M | Scene, ViewLayer | Synchronizing object | qiushuangzhai_cutstone
Fra:1 Mem:1105.19M (Peak 2418.40M) | Time:00:05.55 | Mem:0.00M, Peak:0.00M | Scene, ViewLayer | Synchronizing object | qiushuangzhai_darkwood.001
Fra:1 Mem:1105.49M (Peak 2418.40M) | Time:00:05.55 | Mem:0.00M, Peak:0.00M | Scene, ViewLayer | Synchronizing object | qiushuangzhai_floorwood
Fra:1 Mem:1106.64M (Peak 2418.40M) | Time:00:05.55 | Mem:0.00M, Peak:0.00M | Scene, ViewLayer | Synchronizing object | qiushuangzhai_wood.001
Fra:1 Mem:1107.05M (Peak 2418.40M) | Time:00:05.55 | Mem:0.00M, Peak:0.00M | Scene, ViewLayer | Synchronizing object | qiushuangzhai_screen
Fra:1 Mem:1107.72M (Peak 2418.40M) | Time:00:05.55 | Mem:0.00M, Peak:0.00M | Scene, ViewLayer | Synchronizing object | qiushuangzhai_tilelight.001
Fra:1 Mem:1110.87M (Peak 2418.40M) | Time:00:05.55 | Mem:0.00M, Peak:0.00M | Scene, ViewLayer | Synchronizing object | qiushuangzhai_tiledark.001
Fra:1 Mem:1112.94M (Peak 2418.40M) | Time:00:05.55 | Mem:0.00M, Peak:0.00M | Scene, ViewLayer | Synchronizing object | qiushuangzhai_paving.001
Fra:1 Mem:1113.00M (Peak 2418.40M) | Time:00:05.55 | Mem:0.00M, Peak:0.00M | Scene, ViewLayer | Synchronizing object | qiushuangzhai_marble.001
Fra:1 Mem:1113.23M (Peak 2418.40M) | Time:00:05.55 | Mem:0.00M, Peak:0.00M | Scene, ViewLayer | Synchronizing object | qiushuangzhai_paper.001
Fra:1 Mem:1113.21M (Peak 2418.40M) | Time:00:05.55 | Mem:0.00M, Peak:0.00M | Scene, ViewLayer | Synchronizing object | qiushuangzhai_bookcloth.001
Fra:1 Mem:1115.51M (Peak 2418.40M) | Time:00:05.55 | Mem:0.00M, Peak:0.00M | Scene, ViewLayer | Synchronizing object | qiushuangzhai_ivory.001
Fra:1 Mem:1121.15M (Peak 2418.40M) | Time:00:05.55 | Mem:0.00M, Peak:0.00M | Scene, ViewLayer | Synchronizing object | qiushuangzhai_ink.001
Fra:1 Mem:1121.73M (Peak 2418.40M) | Time:00:05.55 | Mem:0.00M, Peak:0.00M | Scene, ViewLayer | Synchronizing object | qiushuangzhai_bookcover.001
Fra:1 Mem:1122.15M (Peak 2418.40M) | Time:00:05.55 | Mem:0.00M, Peak:0.00M | Scene, ViewLayer | Synchronizing object | qiushuangzhai_ceramic.001
Fra:1 Mem:1121.77M (Peak 2418.40M) | Time:00:05.55 | Mem:0.00M, Peak:0.00M | Scene, ViewLayer | Synchronizing object | qiushuangzhai_bamboo.001
Fra:1 Mem:1121.87M (Peak 2418.40M) | Time:00:05.55 | Mem:0.00M, Peak:0.00M | Scene, ViewLayer | Synchronizing object | qiushuangzhai_leafdark.001
Fra:1 Mem:1121.87M (Peak 2418.40M) | Time:00:05.55 | Mem:0.00M, Peak:0.00M | Scene, ViewLayer | Synchronizing object | qiushuangzhai_creamflower.001
Fra:1 Mem:1122.21M (Peak 2418.40M) | Time:00:05.55 | Mem:0.00M, Peak:0.00M | Scene, ViewLayer | Synchronizing object | qiushuangzhai_silk.001
Fra:1 Mem:1124.50M (Peak 2418.40M) | Time:00:05.55 | Mem:0.00M, Peak:0.00M | Scene, ViewLayer | Synchronizing object | qiushuangzhai_moss.001
Fra:1 Mem:1124.69M (Peak 2418.40M) | Time:00:05.55 | Mem:0.00M, Peak:0.00M | Scene, ViewLayer | Synchronizing object | qiushuangzhai_leaf
Fra:1 Mem:1125.06M (Peak 2418.40M) | Time:00:05.55 | Mem:0.00M, Peak:0.00M | Scene, ViewLayer | Synchronizing object | qiushuangzhai_lantern
Fra:1 Mem:1130.94M (Peak 2418.40M) | Time:00:05.55 | Mem:0.00M, Peak:0.00M | Scene, ViewLayer | Synchronizing object | qiushuangzhai_gold
Fra:1 Mem:1131.21M (Peak 2418.40M) | Time:00:05.55 | Mem:0.00M, Peak:0.00M | Scene, ViewLayer | Synchronizing object | daoxiangcun_stone.001
Fra:1 Mem:1134.50M (Peak 2418.40M) | Time:00:05.55 | Mem:0.00M, Peak:0.00M | Scene, ViewLayer | Synchronizing object | daoxiangcun_paving.001
Fra:1 Mem:1134.90M (Peak 2418.40M) | Time:00:05.56 | Mem:0.00M, Peak:0.00M | Scene, ViewLayer | Synchronizing object | daoxiangcun_clay.001
Fra:1 Mem:1135.09M (Peak 2418.40M) | Time:00:05.56 | Mem:0.00M, Peak:0.00M | Scene, ViewLayer | Synchronizing object | daoxiangcun_wood.001
Fra:1 Mem:1135.24M (Peak 2418.40M) | Time:00:05.56 | Mem:0.00M, Peak:0.00M | Scene, ViewLayer | Synchronizing object | daoxiangcun_screen.001
Fra:1 Mem:1135.86M (Peak 2418.40M) | Time:00:05.56 | Mem:0.00M, Peak:0.00M | Scene, ViewLayer | Synchronizing object | daoxiangcun_thatch.001
Fra:1 Mem:1136.46M (Peak 2418.40M) | Time:00:05.56 | Mem:0.00M, Peak:0.00M | Scene, ViewLayer | Synchronizing object | daoxiangcun_lightleaf.001
Fra:1 Mem:1136.60M (Peak 2418.40M) | Time:00:05.56 | Mem:0.00M, Peak:0.00M | Scene, ViewLayer | Synchronizing object | daoxiangcun_flower.001
Fra:1 Mem:1136.63M (Peak 2418.40M) | Time:00:05.56 | Mem:0.00M, Peak:0.00M | Scene, ViewLayer | Synchronizing object | daoxiangcun_creamflower.001
Fra:1 Mem:1142.34M (Peak 2418.40M) | Time:00:05.56 | Mem:0.00M, Peak:0.00M | Scene, ViewLayer | Synchronizing object | ouxiangxie_wood.001
Fra:1 Mem:1149.93M (Peak 2418.40M) | Time:00:05.56 | Mem:0.00M, Peak:0.00M | Scene, ViewLayer | Synchronizing object | ouxiangxie_stone.001
Fra:1 Mem:1150.76M (Peak 2418.40M) | Time:00:05.56 | Mem:0.00M, Peak:0.00M | Scene, ViewLayer | Synchronizing object | ouxiangxie_screen
Fra:1 Mem:1150.43M (Peak 2418.40M) | Time:00:05.56 | Mem:0.00M, Peak:0.00M | Scene, ViewLayer | Synchronizing object | ouxiangxie_tilelight.001
Fra:1 Mem:1150.47M (Peak 2418.40M) | Time:00:05.56 | Mem:0.00M, Peak:0.00M | Scene, ViewLayer | Synchronizing object | ouxiangxie_tile.001
Fra:1 Mem:1150.66M (Peak 2418.40M) | Time:00:05.56 | Mem:0.00M, Peak:0.00M | Scene, ViewLayer | Synchronizing object | ouxiangxie_tiledark.001
Fra:1 Mem:1147.03M (Peak 2418.40M) | Time:00:05.56 | Mem:0.00M, Peak:0.00M | Scene, ViewLayer | Synchronizing object | ouxiangxie_darkwood.001
Fra:1 Mem:1147.49M (Peak 2418.40M) | Time:00:05.56 | Mem:0.00M, Peak:0.00M | Scene, ViewLayer | Synchronizing object | ouxiangxie_floorwood
Fra:1 Mem:1147.88M (Peak 2418.40M) | Time:00:05.56 | Mem:0.00M, Peak:0.00M | Scene, ViewLayer | Synchronizing object | ouxiangxie_paper
Fra:1 Mem:1147.50M (Peak 2418.40M) | Time:00:05.56 | Mem:0.00M, Peak:0.00M | Scene, ViewLayer | Synchronizing object | ouxiangxie_bookcloth.001
Fra:1 Mem:1147.76M (Peak 2418.40M) | Time:00:05.56 | Mem:0.00M, Peak:0.00M | Scene, ViewLayer | Synchronizing object | ouxiangxie_ivory.001
Fra:1 Mem:1147.87M (Peak 2418.40M) | Time:00:05.56 | Mem:0.00M, Peak:0.00M | Scene, ViewLayer | Synchronizing object | ouxiangxie_ink.001
Fra:1 Mem:1147.39M (Peak 2418.40M) | Time:00:05.56 | Mem:0.00M, Peak:0.00M | Scene, ViewLayer | Synchronizing object | ouxiangxie_bookcover.001
Fra:1 Mem:1147.38M (Peak 2418.40M) | Time:00:05.56 | Mem:0.00M, Peak:0.00M | Scene, ViewLayer | Synchronizing object | ouxiangxie_ceramic.001
Fra:1 Mem:1147.68M (Peak 2418.40M) | Time:00:05.56 | Mem:0.00M, Peak:0.00M | Scene, ViewLayer | Synchronizing object | ouxiangxie_bamboo.001
Fra:1 Mem:1147.69M (Peak 2418.40M) | Time:00:05.56 | Mem:0.00M, Peak:0.00M | Scene, ViewLayer | Synchronizing object | dicuiting_stone.001
Fra:1 Mem:1147.71M (Peak 2418.40M) | Time:00:05.56 | Mem:0.00M, Peak:0.00M | Scene, ViewLayer | Synchronizing object | dicuiting_wood.001
Fra:1 Mem:1147.81M (Peak 2418.40M) | Time:00:05.56 | Mem:0.00M, Peak:0.00M | Scene, ViewLayer | Synchronizing object | dicuiting_darkwood
Fra:1 Mem:1147.81M (Peak 2418.40M) | Time:00:05.56 | Mem:0.00M, Peak:0.00M | Scene, ViewLayer | Synchronizing object | dicuiting_roof.001
Fra:1 Mem:1147.86M (Peak 2418.40M) | Time:00:05.56 | Mem:0.00M, Peak:0.00M | Scene, ViewLayer | Synchronizing object | dicuiting_tile.001
Fra:1 Mem:1148.04M (Peak 2418.40M) | Time:00:05.56 | Mem:0.00M, Peak:0.00M | Scene, ViewLayer | Synchronizing object | dicuiting_tiledark
Fra:1 Mem:1148.33M (Peak 2418.40M) | Time:00:05.56 | Mem:0.00M, Peak:0.00M | Scene, ViewLayer | Synchronizing object | luxuean_stone.001
Fra:1 Mem:1148.59M (Peak 2418.40M) | Time:00:05.56 | Mem:0.00M, Peak:0.00M | Scene, ViewLayer | Synchronizing object | luxuean_paving.001
Fra:1 Mem:1149.06M (Peak 2418.40M) | Time:00:05.56 | Mem:0.00M, Peak:0.00M | Scene, ViewLayer | Synchronizing object | luxuean_clay.001
Fra:1 Mem:1149.11M (Peak 2418.40M) | Time:00:05.56 | Mem:0.00M, Peak:0.00M | Scene, ViewLayer | Synchronizing object | luxuean_wood.001
Fra:1 Mem:1149.59M (Peak 2418.40M) | Time:00:05.56 | Mem:0.00M, Peak:0.00M | Scene, ViewLayer | Synchronizing object | luxuean_thatch.001
Fra:1 Mem:1149.69M (Peak 2418.40M) | Time:00:05.56 | Mem:0.00M, Peak:0.00M | Scene, ViewLayer | Synchronizing object | luxuean_bamboo.001
Fra:1 Mem:1149.98M (Peak 2418.40M) | Time:00:05.56 | Mem:0.00M, Peak:0.00M | Scene, ViewLayer | Synchronizing object | luxuean_lightleaf.001
Fra:1 Mem:1152.29M (Peak 2418.40M) | Time:00:05.56 | Mem:0.00M, Peak:0.00M | Scene, ViewLayer | Synchronizing object | tubishanzhuang_stone.001
Fra:1 Mem:1152.32M (Peak 2418.40M) | Time:00:05.56 | Mem:0.00M, Peak:0.00M | Scene, ViewLayer | Synchronizing object | tubishanzhuang_cutstone
Fra:1 Mem:1152.86M (Peak 2418.40M) | Time:00:05.56 | Mem:0.00M, Peak:0.00M | Scene, ViewLayer | Synchronizing object | tubishanzhuang_darkwood.001
Fra:1 Mem:1153.13M (Peak 2418.40M) | Time:00:05.56 | Mem:0.00M, Peak:0.00M | Scene, ViewLayer | Synchronizing object | tubishanzhuang_floorwood
Fra:1 Mem:1153.12M (Peak 2418.40M) | Time:00:05.56 | Mem:0.00M, Peak:0.00M | Scene, ViewLayer | Synchronizing object | tubishanzhuang_wood.001
Fra:1 Mem:1153.42M (Peak 2418.40M) | Time:00:05.56 | Mem:0.00M, Peak:0.00M | Scene, ViewLayer | Synchronizing object | tubishanzhuang_screen
Fra:1 Mem:1156.25M (Peak 2418.40M) | Time:00:05.56 | Mem:0.00M, Peak:0.00M | Scene, ViewLayer | Synchronizing object | tubishanzhuang_roof.001
Fra:1 Mem:1156.67M (Peak 2418.40M) | Time:00:05.56 | Mem:0.00M, Peak:0.00M | Scene, ViewLayer | Synchronizing object | tubishanzhuang_tilelight.001
Fra:1 Mem:1156.68M (Peak 2418.40M) | Time:00:05.56 | Mem:0.00M, Peak:0.00M | Scene, ViewLayer | Synchronizing object | tubishanzhuang_tile.001
Fra:1 Mem:1156.93M (Peak 2418.40M) | Time:00:05.56 | Mem:0.00M, Peak:0.00M | Scene, ViewLayer | Synchronizing object | tubishanzhuang_tiledark.001
Fra:1 Mem:1162.42M (Peak 2418.40M) | Time:00:05.56 | Mem:0.00M, Peak:0.00M | Scene, ViewLayer | Synchronizing object | tubishanzhuang_bark
Fra:1 Mem:1163.13M (Peak 2418.40M) | Time:00:05.56 | Mem:0.00M, Peak:0.00M | Scene, ViewLayer | Synchronizing object | tubishanzhuang_canopy_shadow
Fra:1 Mem:1163.21M (Peak 2418.40M) | Time:00:05.56 | Mem:0.00M, Peak:0.00M | Scene, ViewLayer | Synchronizing object | tubishanzhuang_canopy
Fra:1 Mem:1163.23M (Peak 2418.40M) | Time:00:05.56 | Mem:0.00M, Peak:0.00M | Scene, ViewLayer | Synchronizing object | tubishanzhuang_canopy_light
Fra:1 Mem:1164.85M (Peak 2418.40M) | Time:00:05.56 | Mem:0.00M, Peak:0.00M | Scene, ViewLayer | Synchronizing object | tubishanzhuang_paving.001
Fra:1 Mem:1164.97M (Peak 2418.40M) | Time:00:05.56 | Mem:0.00M, Peak:0.00M | Scene, ViewLayer | Synchronizing object | aojingxiguan_stone.001
Fra:1 Mem:1165.01M (Peak 2418.40M) | Time:00:05.56 | Mem:0.00M, Peak:0.00M | Scene, ViewLayer | Synchronizing object | aojingxiguan_cutstone
Fra:1 Mem:1167.01M (Peak 2418.40M) | Time:00:05.57 | Mem:0.00M, Peak:0.00M | Scene, ViewLayer | Synchronizing object | aojingxiguan_darkwood.001
Fra:1 Mem:1167.13M (Peak 2418.40M) | Time:00:05.57 | Mem:0.00M, Peak:0.00M | Scene, ViewLayer | Synchronizing object | aojingxiguan_floorwood
Fra:1 Mem:1167.33M (Peak 2418.40M) | Time:00:05.57 | Mem:0.00M, Peak:0.00M | Scene, ViewLayer | Synchronizing object | aojingxiguan_wood.001
Fra:1 Mem:1169.33M (Peak 2418.40M) | Time:00:05.57 | Mem:0.00M, Peak:0.00M | Scene, ViewLayer | Synchronizing object | aojingxiguan_screen
Fra:1 Mem:1172.24M (Peak 2418.40M) | Time:00:05.57 | Mem:0.00M, Peak:0.00M | Scene, ViewLayer | Synchronizing object | aojingxiguan_roof.001
Fra:1 Mem:1174.36M (Peak 2418.40M) | Time:00:05.57 | Mem:0.00M, Peak:0.00M | Scene, ViewLayer | Synchronizing object | Garden_Sun_Shadow
Fra:1 Mem:1174.07M (Peak 2418.40M) | Time:00:05.57 | Mem:0.00M, Peak:0.00M | Scene, ViewLayer | Synchronizing object | Ground_Cover_0000
Fra:1 Mem:1177.31M (Peak 2418.40M) | Time:00:05.57 | Mem:0.00M, Peak:0.00M | Scene, ViewLayer | Synchronizing object | aojingxiguan_tilelight.001
Fra:1 Mem:1177.75M (Peak 2418.40M) | Time:00:05.57 | Mem:0.00M, Peak:0.00M | Scene, ViewLayer | Synchronizing object | aojingxiguan_bark
Fra:1 Mem:1179.00M (Peak 2418.40M) | Time:00:05.57 | Mem:0.00M, Peak:0.00M | Scene, ViewLayer | Synchronizing object | aojingxiguan_canopy_shadow
Fra:1 Mem:1190.67M (Peak 2418.40M) | Time:00:05.57 | Mem:0.00M, Peak:0.00M | Scene, ViewLayer | Synchronizing object | aojingxiguan_canopy
Fra:1 Mem:1192.98M (Peak 2418.40M) | Time:00:05.57 | Mem:0.00M, Peak:0.00M | Scene, ViewLayer | Synchronizing object | aojingxiguan_canopy_light
Fra:1 Mem:1193.00M (Peak 2418.40M) | Time:00:05.57 | Mem:0.00M, Peak:0.00M | Scene, ViewLayer | Synchronizing object | aojingxiguan_paving.001
Fra:1 Mem:1193.50M (Peak 2418.40M) | Time:00:05.57 | Mem:0.00M, Peak:0.00M | Scene, ViewLayer | Synchronizing object | daguanlou_stone
Fra:1 Mem:1193.91M (Peak 2418.40M) | Time:00:05.57 | Mem:0.00M, Peak:0.00M | Scene, ViewLayer | Synchronizing object | LivingTree_009
Fra:1 Mem:1194.69M (Peak 2418.40M) | Time:00:05.57 | Mem:0.00M, Peak:0.00M | Scene, ViewLayer | Synchronizing object | daguanlou_cutstone
Fra:1 Mem:1196.05M (Peak 2418.40M) | Time:00:05.57 | Mem:0.00M, Peak:0.00M | Scene, ViewLayer | Synchronizing object | LivingTree_006
Fra:1 Mem:1199.84M (Peak 2418.40M) | Time:00:05.57 | Mem:0.00M, Peak:0.00M | Scene, ViewLayer | Synchronizing object | daguanlou_darkwood
Fra:1 Mem:1199.84M (Peak 2418.40M) | Time:00:05.57 | Mem:0.00M, Peak:0.00M | Scene, ViewLayer | Synchronizing object | daguanlou_floorwood
Fra:1 Mem:1203.82M (Peak 2418.40M) | Time:00:05.57 | Mem:0.00M, Peak:0.00M | Scene, ViewLayer | Synchronizing object | daguanlou_wood
Fra:1 Mem:1237.87M (Peak 2418.40M) | Time:00:05.58 | Mem:0.00M, Peak:0.00M | Scene, ViewLayer | Synchronizing object | LivingTree_000
Fra:1 Mem:1238.76M (Peak 2418.40M) | Time:00:05.58 | Mem:0.00M, Peak:0.00M | Scene, ViewLayer | Synchronizing object | daguanlou_screen
Fra:1 Mem:1239.15M (Peak 2418.40M) | Time:00:05.58 | Mem:0.00M, Peak:0.00M | Scene, ViewLayer | Synchronizing object | landscape_lightleaf.001
Fra:1 Mem:1240.36M (Peak 2418.40M) | Time:00:05.58 | Mem:0.00M, Peak:0.00M | Scene, ViewLayer | Synchronizing object | daguanlou_roof
Fra:1 Mem:1240.38M (Peak 2418.40M) | Time:00:05.58 | Mem:0.00M, Peak:0.00M | Scene, ViewLayer | Synchronizing object | landscape_gold
Fra:1 Mem:1245.28M (Peak 2418.40M) | Time:00:05.58 | Mem:0.00M, Peak:0.00M | Scene, ViewLayer | Synchronizing object | landscape_lantern
Fra:1 Mem:1245.22M (Peak 2418.40M) | Time:00:05.58 | Mem:0.00M, Peak:0.00M | Scene, ViewLayer | Synchronizing object | daguanlou_tilelight
Fra:1 Mem:1245.93M (Peak 2418.40M) | Time:00:05.58 | Mem:0.00M, Peak:0.00M | Scene, ViewLayer | Synchronizing object | landscape_darkwood
Fra:1 Mem:1253.82M (Peak 2418.40M) | Time:00:05.58 | Mem:0.00M, Peak:0.00M | Scene, ViewLayer | Synchronizing object | daguanlou_tile
Fra:1 Mem:1279.39M (Peak 2418.40M) | Time:00:05.59 | Mem:0.00M, Peak:0.00M | Scene, ViewLayer | Synchronizing object | landscape_tiledark
Fra:1 Mem:1322.32M (Peak 2418.40M) | Time:00:05.59 | Mem:0.00M, Peak:0.00M | Scene, ViewLayer | Synchronizing object | daguanlou_tiledark
Fra:1 Mem:1328.37M (Peak 2418.40M) | Time:00:05.59 | Mem:0.00M, Peak:0.00M | Scene, ViewLayer | Synchronizing object | daguanlou_lantern
Fra:1 Mem:1329.31M (Peak 2418.40M) | Time:00:05.59 | Mem:0.00M, Peak:0.00M | Scene, ViewLayer | Synchronizing object | daguanlou_gold
Fra:1 Mem:1329.84M (Peak 2418.40M) | Time:00:05.60 | Mem:0.00M, Peak:0.00M | Scene, ViewLayer | Synchronizing object | daguanlou_paving
Fra:1 Mem:1329.90M (Peak 2418.40M) | Time:00:05.60 | Mem:0.00M, Peak:0.00M | Scene, ViewLayer | Synchronizing object | daguanlou_leafdark
Fra:1 Mem:1332.54M (Peak 2418.40M) | Time:00:05.60 | Mem:0.00M, Peak:0.00M | Scene, ViewLayer | Synchronizing object | daguanlou_leaf
Fra:1 Mem:1334.58M (Peak 2418.40M) | Time:00:05.60 | Mem:0.00M, Peak:0.00M | Scene, ViewLayer | Synchronizing object | daguanlou_moss
Fra:1 Mem:1337.01M (Peak 2418.40M) | Time:00:05.60 | Mem:0.00M, Peak:0.00M | Scene, ViewLayer | Synchronizing object | daguanlou_paper
Fra:1 Mem:1338.51M (Peak 2418.40M) | Time:00:05.60 | Mem:0.00M, Peak:0.00M | Scene, ViewLayer | Synchronizing object | daguanlou_bookcloth.001
Fra:1 Mem:1338.51M (Peak 2418.40M) | Time:00:05.60 | Mem:0.00M, Peak:0.00M | Scene, ViewLayer | Synchronizing object | daguanlou_ivory.001
Fra:1 Mem:1338.53M (Peak 2418.40M) | Time:00:05.60 | Mem:0.00M, Peak:0.00M | Scene, ViewLayer | Synchronizing object | daguanlou_ink.001
Fra:1 Mem:1338.69M (Peak 2418.40M) | Time:00:05.60 | Mem:0.00M, Peak:0.00M | Scene, ViewLayer | Synchronizing object | daguanlou_bookcover.001
Fra:1 Mem:1338.98M (Peak 2418.40M) | Time:00:05.60 | Mem:0.00M, Peak:0.00M | Scene, ViewLayer | Synchronizing object | daguanlou_ceramic
Fra:1 Mem:1339.01M (Peak 2418.40M) | Time:00:05.60 | Mem:0.00M, Peak:0.00M | Scene, ViewLayer | Synchronizing object | daguanlou_bamboo.001
Fra:1 Mem:1338.73M (Peak 2418.40M) | Time:00:05.60 | Mem:0.00M, Peak:0.00M | Scene, ViewLayer | Synchronizing object | landscape_tilelight
Fra:1 Mem:1338.85M (Peak 2418.40M) | Time:00:05.60 | Mem:0.00M, Peak:0.00M | Scene, ViewLayer | Synchronizing object | daguanlou_plaster
Fra:1 Mem:1338.01M (Peak 2418.40M) | Time:00:05.60 | Mem:0.00M, Peak:0.00M | Scene, ViewLayer | Synchronizing object | daguanlou_bark
Fra:1 Mem:1338.19M (Peak 2418.40M) | Time:00:05.60 | Mem:0.00M, Peak:0.00M | Scene, ViewLayer | Synchronizing object | landscape_wood.001
Fra:1 Mem:1339.60M (Peak 2418.40M) | Time:00:05.60 | Mem:0.00M, Peak:0.00M | Scene, ViewLayer | Synchronizing object | daguanlou_canopy_shadow
Fra:1 Mem:1343.07M (Peak 2418.40M) | Time:00:05.60 | Mem:0.00M, Peak:0.00M | Scene, ViewLayer | Synchronizing object | daguanlou_canopy
Fra:1 Mem:1347.94M (Peak 2418.40M) | Time:00:05.60 | Mem:0.00M, Peak:0.00M | Scene, ViewLayer | Synchronizing object | daguanlou_canopy_light
Fra:1 Mem:1364.67M (Peak 2418.40M) | Time:00:05.60 | Mem:0.00M, Peak:0.00M | Scene, ViewLayer | Synchronizing object | longcuian_stone
Fra:1 Mem:1364.67M (Peak 2418.40M) | Time:00:05.60 | Mem:0.00M, Peak:0.00M | Scene, ViewLayer | Synchronizing object | longcuian_cutstone
Fra:1 Mem:1364.96M (Peak 2418.40M) | Time:00:05.60 | Mem:0.00M, Peak:0.00M | Scene, ViewLayer | Synchronizing object | longcuian_darkwood
Fra:1 Mem:1365.91M (Peak 2418.40M) | Time:00:05.60 | Mem:0.00M, Peak:0.00M | Scene, ViewLayer | Synchronizing object | longcuian_floorwood
Fra:1 Mem:1365.99M (Peak 2418.40M) | Time:00:05.60 | Mem:0.00M, Peak:0.00M | Scene, ViewLayer | Synchronizing object | longcuian_wood
Fra:1 Mem:1369.34M (Peak 2418.40M) | Time:00:05.60 | Mem:0.00M, Peak:0.00M | Scene, ViewLayer | Synchronizing object | landscape_paving
Fra:1 Mem:1380.08M (Peak 2418.40M) | Time:00:05.61 | Mem:0.00M, Peak:0.00M | Scene, ViewLayer | Synchronizing object | longcuian_plaster
Fra:1 Mem:1382.91M (Peak 2418.40M) | Time:00:05.61 | Mem:0.00M, Peak:0.00M | Scene, ViewLayer | Synchronizing object | longcuian_roof
Fra:1 Mem:1384.19M (Peak 2418.40M) | Time:00:05.61 | Mem:0.00M, Peak:0.00M | Scene, ViewLayer | Synchronizing object | longcuian_tilelight
Fra:1 Mem:1384.83M (Peak 2418.40M) | Time:00:05.61 | Mem:0.00M, Peak:0.00M | Scene, ViewLayer | Synchronizing object | longcuian_tile
Fra:1 Mem:1406.59M (Peak 2418.40M) | Time:00:05.61 | Mem:0.00M, Peak:0.00M | Scene, ViewLayer | Synchronizing object | longcuian_tiledark
Fra:1 Mem:1410.06M (Peak 2418.40M) | Time:00:05.61 | Mem:0.00M, Peak:0.00M | Scene, ViewLayer | Synchronizing object | landscape_tile
Fra:1 Mem:1421.99M (Peak 2418.40M) | Time:00:05.62 | Mem:0.00M, Peak:0.00M | Scene, ViewLayer | Synchronizing object | longcuian_paving
Fra:1 Mem:1418.33M (Peak 2418.40M) | Time:00:05.62 | Mem:0.00M, Peak:0.00M | Scene, ViewLayer | Synchronizing object | longcuian_screen
Fra:1 Mem:1418.33M (Peak 2418.40M) | Time:00:05.62 | Mem:0.00M, Peak:0.00M | Scene, ViewLayer | Synchronizing object | longcuian_paper
Fra:1 Mem:1418.34M (Peak 2418.40M) | Time:00:05.62 | Mem:0.00M, Peak:0.00M | Scene, ViewLayer | Synchronizing object | longcuian_bookcloth.001
Fra:1 Mem:1418.72M (Peak 2418.40M) | Time:00:05.62 | Mem:0.00M, Peak:0.00M | Scene, ViewLayer | Synchronizing object | longcuian_ivory.001
Fra:1 Mem:1418.73M (Peak 2418.40M) | Time:00:05.62 | Mem:0.00M, Peak:0.00M | Scene, ViewLayer | Synchronizing object | longcuian_ink.001
Fra:1 Mem:1418.75M (Peak 2418.40M) | Time:00:05.62 | Mem:0.00M, Peak:0.00M | Scene, ViewLayer | Synchronizing object | longcuian_bookcover.001
Fra:1 Mem:1418.77M (Peak 2418.40M) | Time:00:05.62 | Mem:0.00M, Peak:0.00M | Scene, ViewLayer | Synchronizing object | longcuian_ceramic
Fra:1 Mem:1418.79M (Peak 2418.40M) | Time:00:05.62 | Mem:0.00M, Peak:0.00M | Scene, ViewLayer | Synchronizing object | longcuian_bamboo.001
Fra:1 Mem:1421.06M (Peak 2418.40M) | Time:00:05.62 | Mem:0.00M, Peak:0.00M | Scene, ViewLayer | Synchronizing object | longcuian_bark
Fra:1 Mem:1422.16M (Peak 2418.40M) | Time:00:05.62 | Mem:0.00M, Peak:0.00M | Scene, ViewLayer | Synchronizing object | longcuian_flower
Fra:1 Mem:1422.16M (Peak 2418.40M) | Time:00:05.62 | Mem:0.00M, Peak:0.00M | Scene, ViewLayer | Synchronizing object | longcuian_canopy
Fra:1 Mem:1423.06M (Peak 2418.40M) | Time:00:05.62 | Mem:0.00M, Peak:0.00M | Scene, ViewLayer | Synchronizing object | longcuian_canopy_light
Fra:1 Mem:1426.82M (Peak 2418.40M) | Time:00:05.62 | Mem:0.00M, Peak:0.00M | Scene, ViewLayer | Synchronizing object | nuanxiangwu_stone
Fra:1 Mem:1427.78M (Peak 2418.40M) | Time:00:05.62 | Mem:0.00M, Peak:0.00M | Scene, ViewLayer | Synchronizing object | nuanxiangwu_cutstone
Fra:1 Mem:1427.84M (Peak 2418.40M) | Time:00:05.62 | Mem:0.00M, Peak:0.00M | Scene, ViewLayer | Synchronizing object | nuanxiangwu_darkwood
Fra:1 Mem:1427.88M (Peak 2418.40M) | Time:00:05.62 | Mem:0.00M, Peak:0.00M | Scene, ViewLayer | Synchronizing object | nuanxiangwu_floorwood
Fra:1 Mem:1428.38M (Peak 2418.40M) | Time:00:05.62 | Mem:0.00M, Peak:0.00M | Scene, ViewLayer | Synchronizing object | nuanxiangwu_wood
Fra:1 Mem:1432.10M (Peak 2418.40M) | Time:00:05.62 | Mem:0.00M, Peak:0.00M | Scene, ViewLayer | Synchronizing object | nuanxiangwu_screen
Fra:1 Mem:1432.17M (Peak 2418.40M) | Time:00:05.62 | Mem:0.00M, Peak:0.00M | Scene, ViewLayer | Synchronizing object | nuanxiangwu_roof
Fra:1 Mem:1434.24M (Peak 2418.40M) | Time:00:05.62 | Mem:0.00M, Peak:0.00M | Scene, ViewLayer | Synchronizing object | nuanxiangwu_tilelight
Fra:1 Mem:1434.22M (Peak 2418.40M) | Time:00:05.62 | Mem:0.00M, Peak:0.00M | Scene, ViewLayer | Synchronizing object | nuanxiangwu_tile
Fra:1 Mem:1442.24M (Peak 2418.40M) | Time:00:05.62 | Mem:0.00M, Peak:0.00M | Scene, ViewLayer | Synchronizing object | nuanxiangwu_tiledark
Fra:1 Mem:1442.52M (Peak 2418.40M) | Time:00:05.63 | Mem:0.00M, Peak:0.00M | Scene, ViewLayer | Synchronizing object | nuanxiangwu_paving
Fra:1 Mem:1441.72M (Peak 2418.40M) | Time:00:05.63 | Mem:0.00M, Peak:0.00M | Scene, ViewLayer | Synchronizing object | landscape_stone.001
Fra:1 Mem:1446.22M (Peak 2418.40M) | Time:00:05.63 | Mem:0.00M, Peak:0.00M | Scene, ViewLayer | Synchronizing object | nuanxiangwu_paper
Fra:1 Mem:1446.22M (Peak 2418.40M) | Time:00:05.63 | Mem:0.00M, Peak:0.00M | Scene, ViewLayer | Synchronizing object | nuanxiangwu_bookcloth.001
Fra:1 Mem:1449.75M (Peak 2418.40M) | Time:00:05.63 | Mem:0.00M, Peak:0.00M | Scene, ViewLayer | Synchronizing object | nuanxiangwu_ivory.001
Fra:1 Mem:1449.77M (Peak 2418.40M) | Time:00:05.63 | Mem:0.00M, Peak:0.00M | Scene, ViewLayer | Synchronizing object | nuanxiangwu_ink.001
Fra:1 Mem:1449.79M (Peak 2418.40M) | Time:00:05.63 | Mem:0.00M, Peak:0.00M | Scene, ViewLayer | Synchronizing object | nuanxiangwu_bookcover.001
Fra:1 Mem:1449.80M (Peak 2418.40M) | Time:00:05.63 | Mem:0.00M, Peak:0.00M | Scene, ViewLayer | Synchronizing object | nuanxiangwu_ceramic
Fra:1 Mem:1449.82M (Peak 2418.40M) | Time:00:05.63 | Mem:0.00M, Peak:0.00M | Scene, ViewLayer | Synchronizing object | nuanxiangwu_bamboo.001
Fra:1 Mem:1449.83M (Peak 2418.40M) | Time:00:05.63 | Mem:0.00M, Peak:0.00M | Scene, ViewLayer | Synchronizing object | nuanxiangwu_silk
Fra:1 Mem:1451.03M (Peak 2418.40M) | Time:00:05.63 | Mem:0.00M, Peak:0.00M | Scene, ViewLayer | Synchronizing object | nuanxiangwu_bark
Fra:1 Mem:1451.04M (Peak 2418.40M) | Time:00:05.63 | Mem:0.00M, Peak:0.00M | Scene, ViewLayer | Synchronizing object | nuanxiangwu_creamflower
Fra:1 Mem:1451.18M (Peak 2418.40M) | Time:00:05.63 | Mem:0.00M, Peak:0.00M | Scene, ViewLayer | Synchronizing object | landscape_limestone.001
Fra:1 Mem:1452.52M (Peak 2418.40M) | Time:00:05.63 | Mem:0.00M, Peak:0.00M | Scene, ViewLayer | Synchronizing object | landscape_leafdark
Fra:1 Mem:1462.26M (Peak 2418.40M) | Time:00:05.63 | Mem:0.00M, Peak:0.00M | Scene, ViewLayer | Synchronizing object | landscape_leaf
Fra:1 Mem:1508.78M (Peak 2418.40M) | Time:00:05.64 | Mem:0.00M, Peak:0.00M | Scene, ViewLayer | Synchronizing object | landscape_moss
Fra:1 Mem:1524.31M (Peak 2418.40M) | Time:00:05.64 | Mem:0.00M, Peak:0.00M | Scene, ViewLayer | Synchronizing object | landscape_bark
Fra:1 Mem:1570.29M (Peak 2418.40M) | Time:00:05.66 | Mem:0.00M, Peak:0.00M | Scene, ViewLayer | Synchronizing object | landscape_roof
Fra:1 Mem:1568.77M (Peak 2418.40M) | Time:00:05.66 | Mem:0.00M, Peak:0.00M | Scene, ViewLayer | Synchronizing object | landscape_plaster
Fra:1 Mem:1568.79M (Peak 2418.40M) | Time:00:05.66 | Mem:0.00M, Peak:0.00M | Scene, ViewLayer | Synchronizing object | landscape_flower.001
Fra:1 Mem:1578.72M (Peak 2418.40M) | Time:00:05.66 | Mem:0.00M, Peak:0.00M | Scene, ViewLayer | Synchronizing object | landscape_bamboo.001
Fra:1 Mem:1576.94M (Peak 2418.40M) | Time:00:05.66 | Mem:0.00M, Peak:0.00M | Scene, ViewLayer | Synchronizing object | landscape_canopy_light
Fra:1 Mem:1579.17M (Peak 2418.40M) | Time:00:05.66 | Mem:0.00M, Peak:0.00M | Scene, ViewLayer | Synchronizing object | landscape_creamflower.001
Fra:1 Mem:1716.26M (Peak 2418.40M) | Time:00:05.79 | Mem:0.00M, Peak:0.00M | Scene, ViewLayer | Initializing
Fra:1 Mem:1344.60M (Peak 2418.40M) | Time:00:05.83 | Mem:0.00M, Peak:0.00M | Scene, ViewLayer | Updating Images | Loading grass_medium_01_nor_gl
Fra:1 Mem:1344.60M (Peak 2418.40M) | Time:00:05.83 | Mem:0.00M, Peak:0.00M | Scene, ViewLayer | Updating Images | Loading wood_cabinet_worn_long.jpg
Fra:1 Mem:1344.60M (Peak 2418.40M) | Time:00:05.83 | Mem:0.00M, Peak:0.00M | Scene, ViewLayer | Updating Images | Loading mossy_cobblestone.jpg
Fra:1 Mem:1366.63M (Peak 2418.40M) | Time:00:05.84 | Mem:2.00M, Peak:2.00M | Scene, ViewLayer | Updating Images | Loading worn_mossy_plasterwall.jpg
Fra:1 Mem:1372.63M (Peak 2418.40M) | Time:00:05.84 | Mem:4.00M, Peak:4.00M | Scene, ViewLayer | Updating Images | Loading mossy_rock.jpg
Fra:1 Mem:1376.63M (Peak 2418.40M) | Time:00:05.84 | Mem:8.00M, Peak:8.00M | Scene, ViewLayer | Updating Images | Loading mossy_rock_nor_gl.jpg
Fra:1 Mem:1376.62M (Peak 2418.40M) | Time:00:05.84 | Mem:12.00M, Peak:12.00M | Scene, ViewLayer | Updating Images | Loading island_tree_02_diff
Fra:1 Mem:1384.63M (Peak 2418.40M) | Time:00:05.85 | Mem:16.00M, Peak:16.00M | Scene, ViewLayer | Updating Images | Loading island_tree_02_rough
Fra:1 Mem:1388.62M (Peak 2418.40M) | Time:00:05.85 | Mem:20.00M, Peak:20.00M | Scene, ViewLayer | Updating Images | Loading island_tree_02_nor_gl
Fra:1 Mem:1396.63M (Peak 2418.40M) | Time:00:05.85 | Mem:24.00M, Peak:24.00M | Scene, ViewLayer | Updating Images | Loading island_tree_02_leaves_diff-island_tree_02_leaves_alpha
Fra:1 Mem:1400.63M (Peak 2418.40M) | Time:00:05.86 | Mem:28.00M, Peak:28.00M | Scene, ViewLayer | Updating Images | Loading island_tree_02_leaves_rough
Fra:1 Mem:1400.62M (Peak 2418.40M) | Time:00:05.86 | Mem:32.00M, Peak:32.00M | Scene, ViewLayer | Updating Images | Loading island_tree_02_leaves_nor_gl
Fra:1 Mem:1412.64M (Peak 2418.40M) | Time:00:05.86 | Mem:36.00M, Peak:36.00M | Scene, ViewLayer | Updating Images | Loading island_tree_02_leaves_diff_1k.png.005
Fra:1 Mem:1408.63M (Peak 2418.40M) | Time:00:05.86 | Mem:40.00M, Peak:40.00M | Scene, ViewLayer | Updating Images | Loading island_tree_02_leaves_alpha_1k.png.005
Fra:1 Mem:1404.62M (Peak 2418.40M) | Time:00:05.86 | Mem:44.00M, Peak:44.00M | Scene, ViewLayer | Updating Images | Loading grass_medium_01_rough
Fra:1 Mem:1408.62M (Peak 2418.40M) | Time:00:05.86 | Mem:48.00M, Peak:48.00M | Scene, ViewLayer | Updating Images | Loading island_tree_02_branches_diff
Fra:1 Mem:1408.62M (Peak 2418.40M) | Time:00:05.86 | Mem:52.00M, Peak:52.00M | Scene, ViewLayer | Updating Images | Loading island_tree_02_branches_rough
Fra:1 Mem:1422.63M (Peak 2418.40M) | Time:00:05.87 | Mem:53.00M, Peak:53.00M | Scene, ViewLayer | Updating Images | Loading island_tree_02_branches_nor_gl
Fra:1 Mem:1430.64M (Peak 2418.40M) | Time:00:05.87 | Mem:54.00M, Peak:54.00M | Scene, ViewLayer | Updating Images | Loading island_tree_01_diff
Fra:1 Mem:1438.63M (Peak 2418.40M) | Time:00:05.87 | Mem:58.00M, Peak:58.00M | Scene, ViewLayer | Updating Images | Loading island_tree_01_rough
Fra:1 Mem:1438.63M (Peak 2418.40M) | Time:00:05.87 | Mem:62.00M, Peak:62.00M | Scene, ViewLayer | Updating Images | Loading island_tree_01_nor_gl
Fra:1 Mem:1450.64M (Peak 2418.40M) | Time:00:05.88 | Mem:66.00M, Peak:66.00M | Scene, ViewLayer | Updating Images | Loading grass_medium_01_diff-grass_medium_01_alpha
Fra:1 Mem:1450.63M (Peak 2418.40M) | Time:00:05.88 | Mem:70.00M, Peak:70.00M | Scene, ViewLayer | Updating Images | Loading island_tree_01_leaves_diff-island_tree_01_leaves_alpha
Fra:1 Mem:1450.63M (Peak 2418.40M) | Time:00:05.88 | Mem:74.00M, Peak:74.00M | Scene, ViewLayer | Updating Images | Loading island_tree_01_leaves_rough
Fra:1 Mem:1464.63M (Peak 2418.40M) | Time:00:05.88 | Mem:78.00M, Peak:78.00M | Scene, ViewLayer | Updating Images | Loading island_tree_01_leaves_nor_gl
Fra:1 Mem:1476.64M (Peak 2418.40M) | Time:00:05.89 | Mem:82.00M, Peak:82.00M | Scene, ViewLayer | Updating Images | Loading island_tree_01_leaves_diff_1k.png.005
Fra:1 Mem:1473.63M (Peak 2418.40M) | Time:00:05.89 | Mem:90.00M, Peak:90.00M | Scene, ViewLayer | Updating Images | Loading pine_sapling_small_twig_alpha_1k.png.005
Fra:1 Mem:1469.63M (Peak 2418.40M) | Time:00:05.89 | Mem:94.00M, Peak:94.00M | Scene, ViewLayer | Updating Images | Loading island_tree_01_leaves_alpha_1k.png.005
Fra:1 Mem:1469.63M (Peak 2418.40M) | Time:00:05.89 | Mem:94.00M, Peak:94.00M | Scene, ViewLayer | Updating Images | Loading island_tree_01_branches_diff
Fra:1 Mem:1477.63M (Peak 2418.40M) | Time:00:05.89 | Mem:94.00M, Peak:94.00M | Scene, ViewLayer | Updating Images | Loading island_tree_01_branches_rough
Fra:1 Mem:1485.64M (Peak 2418.40M) | Time:00:05.89 | Mem:98.00M, Peak:98.00M | Scene, ViewLayer | Updating Images | Loading island_tree_01_branches_nor_gl
Fra:1 Mem:1487.65M (Peak 2418.40M) | Time:00:05.89 | Mem:102.00M, Peak:102.00M | Scene, ViewLayer | Updating Images | Loading pine_sapling_small_bark_diff
Fra:1 Mem:1491.64M (Peak 2418.40M) | Time:00:05.89 | Mem:104.00M, Peak:104.00M | Scene, ViewLayer | Updating Images | Loading pine_sapling_small_twig_diff_1k.png.005
Fra:1 Mem:1487.63M (Peak 2418.40M) | Time:00:05.89 | Mem:108.00M, Peak:108.00M | Scene, ViewLayer | Updating Images | Loading pine_sapling_small_bark_rough
Fra:1 Mem:1492.63M (Peak 2418.40M) | Time:00:05.90 | Mem:109.00M, Peak:109.00M | Scene, ViewLayer | Updating Images | Loading pine_sapling_small_twig_nor_gl
Fra:1 Mem:1488.63M (Peak 2418.40M) | Time:00:05.90 | Mem:110.00M, Peak:110.00M | Scene, ViewLayer | Updating Images | Loading pine_sapling_small_bark_nor_gl
Fra:1 Mem:1506.65M (Peak 2418.40M) | Time:00:05.91 | Mem:114.00M, Peak:114.00M | Scene, ViewLayer | Updating Images | Loading pine_sapling_small_twig_diff
Fra:1 Mem:1506.65M (Peak 2418.40M) | Time:00:05.91 | Mem:118.00M, Peak:118.00M | Scene, ViewLayer | Updating Images | Loading pine_sapling_small_twig_rough
Fra:1 Mem:1427.40M (Peak 2418.40M) | Time:00:05.96 | Mem:154.00M, Peak:154.00M | Scene, ViewLayer | Waiting for render to start
Fra:1 Mem:1427.40M (Peak 2418.40M) | Time:00:05.96 | Mem:154.00M, Peak:154.00M | Scene, ViewLayer | Updating Scene
Fra:1 Mem:1427.40M (Peak 2418.40M) | Time:00:05.96 | Mem:154.00M, Peak:154.00M | Scene, ViewLayer | Updating Shaders
Fra:1 Mem:1427.40M (Peak 2418.40M) | Time:00:05.96 | Mem:154.00M, Peak:154.00M | Scene, ViewLayer | Loading render kernels (may take a few minutes the first time)
Fra:1 Mem:1427.51M (Peak 2418.40M) | Time:00:05.96 | Mem:154.03M, Peak:154.03M | Scene, ViewLayer | Updating Procedurals
Fra:1 Mem:1427.51M (Peak 2418.40M) | Time:00:05.96 | Mem:154.03M, Peak:154.03M | Scene, ViewLayer | Updating Background
Fra:1 Mem:1427.51M (Peak 2418.40M) | Time:00:05.96 | Mem:154.03M, Peak:154.03M | Scene, ViewLayer | Updating Camera
Fra:1 Mem:1427.51M (Peak 2418.40M) | Time:00:05.96 | Mem:154.03M, Peak:154.03M | Scene, ViewLayer | Updating Meshes Flags
Fra:1 Mem:1427.51M (Peak 2418.40M) | Time:00:05.96 | Mem:154.03M, Peak:154.03M | Scene, ViewLayer | Updating Objects
Fra:1 Mem:1427.51M (Peak 2418.40M) | Time:00:05.96 | Mem:154.03M, Peak:154.03M | Scene, ViewLayer | Updating Objects | Copying Transformations to device
Fra:1 Mem:1428.52M (Peak 2418.40M) | Time:00:05.96 | Mem:155.01M, Peak:155.01M | Scene, ViewLayer | Updating Particle Systems
Fra:1 Mem:1428.52M (Peak 2418.40M) | Time:00:05.96 | Mem:155.01M, Peak:155.01M | Scene, ViewLayer | Updating Particle Systems | Copying Particles to device
Fra:1 Mem:1428.52M (Peak 2418.40M) | Time:00:05.96 | Mem:155.01M, Peak:155.01M | Scene, ViewLayer | Updating Meshes
Fra:1 Mem:1681.50M (Peak 2418.40M) | Time:00:13.16 | Mem:155.01M, Peak:155.01M | Scene, ViewLayer | Updating Objects | Applying Static Transformations
Fra:1 Mem:1681.50M (Peak 2418.40M) | Time:00:13.18 | Mem:155.01M, Peak:155.01M | Scene, ViewLayer | Updating Mesh | Computing attributes
Fra:1 Mem:2051.37M (Peak 2418.40M) | Time:00:13.36 | Mem:155.03M, Peak:155.03M | Scene, ViewLayer | Updating Mesh | Copying Attributes to device
Fra:1 Mem:2051.09M (Peak 2418.40M) | Time:00:13.36 | Mem:524.60M, Peak:524.60M | Scene, ViewLayer | Updating Geometry BVH Plane.043 5/4 | Building BVH
Fra:1 Mem:2051.09M (Peak 2418.40M) | Time:00:13.37 | Mem:524.61M, Peak:524.61M | Scene, ViewLayer | Updating Geometry BVH Plane.043 5/4 | Building BVH 0%
Fra:1 Mem:2051.09M (Peak 2418.40M) | Time:00:13.37 | Mem:524.61M, Peak:524.61M | Scene, ViewLayer | Updating Geometry BVH Crown_pine_bark.004 4/4 | Building BVH
Fra:1 Mem:2051.09M (Peak 2418.40M) | Time:00:13.37 | Mem:524.61M, Peak:524.61M | Scene, ViewLayer | Updating Geometry BVH Crown_broadleaf_bark.004 3/4 | Building BVH
Fra:1 Mem:2051.09M (Peak 2418.40M) | Time:00:13.37 | Mem:526.23M, Peak:526.55M | Scene, ViewLayer | Updating Scene BVH | Building
Fra:1 Mem:2051.13M (Peak 2418.40M) | Time:00:13.37 | Mem:526.23M, Peak:526.55M | Scene, ViewLayer | Updating Scene BVH | Building BVH
Fra:1 Mem:2051.13M (Peak 2418.40M) | Time:00:13.62 | Mem:795.93M, Peak:795.93M | Scene, ViewLayer | Updating Scene BVH | Building BVH 15%
Fra:1 Mem:2051.13M (Peak 2418.40M) | Time:00:13.87 | Mem:1067.93M, Peak:1067.93M | Scene, ViewLayer | Updating Scene BVH | Building BVH 79%
Fra:1 Mem:2051.13M (Peak 2418.40M) | Time:00:13.95 | Mem:955.48M, Peak:1159.93M | Scene, ViewLayer | Updating Scene BVH | Copying BVH to device
Fra:1 Mem:2051.13M (Peak 2418.40M) | Time:00:13.95 | Mem:955.48M, Peak:1159.93M | Scene, ViewLayer | Updating Mesh | Computing normals
Fra:1 Mem:2273.55M (Peak 2418.40M) | Time:00:14.09 | Mem:955.48M, Peak:1159.93M | Scene, ViewLayer | Updating Mesh | Copying Mesh to device
Fra:1 Mem:2273.55M (Peak 2418.40M) | Time:00:14.09 | Mem:1177.90M, Peak:1177.90M | Scene, ViewLayer | Updating Objects Flags
Fra:1 Mem:2273.55M (Peak 2418.40M) | Time:00:14.10 | Mem:1177.94M, Peak:1177.94M | Scene, ViewLayer | Updating Primitive Offsets
Fra:1 Mem:2273.57M (Peak 2418.40M) | Time:00:14.10 | Mem:1177.95M, Peak:1177.95M | Scene, ViewLayer | Updating Images
Fra:1 Mem:2261.57M (Peak 2418.40M) | Time:00:14.10 | Mem:1165.95M, Peak:1177.95M | Scene, ViewLayer | Updating Camera Volume
Fra:1 Mem:2261.57M (Peak 2418.40M) | Time:00:14.10 | Mem:1165.95M, Peak:1177.95M | Scene, ViewLayer | Updating Lookup Tables
Fra:1 Mem:2261.57M (Peak 2418.40M) | Time:00:14.10 | Mem:1166.03M, Peak:1177.95M | Scene, ViewLayer | Updating Lights
Fra:1 Mem:2261.57M (Peak 2418.40M) | Time:00:14.10 | Mem:1166.03M, Peak:1177.95M | Scene, ViewLayer | Updating Lights | Importance map
Fra:1 Mem:2325.60M (Peak 2613.57M) | Time:00:14.42 | Mem:1230.08M, Peak:1390.05M | Scene, ViewLayer | Updating Lights | Computing tree
Fra:1 Mem:2325.63M (Peak 2613.57M) | Time:00:14.42 | Mem:1230.11M, Peak:1390.05M | Scene, ViewLayer | Updating Integrator
Fra:1 Mem:2325.63M (Peak 2613.57M) | Time:00:14.42 | Mem:1230.11M, Peak:1390.05M | Scene, ViewLayer | Updating Film
Fra:1 Mem:2325.63M (Peak 2613.57M) | Time:00:14.42 | Mem:1230.03M, Peak:1390.05M | Scene, ViewLayer | Updating Lookup Tables
Fra:1 Mem:2325.63M (Peak 2613.57M) | Time:00:14.42 | Mem:1230.11M, Peak:1390.05M | Scene, ViewLayer | Updating Baking
Fra:1 Mem:2325.63M (Peak 2613.57M) | Time:00:14.42 | Mem:1230.11M, Peak:1390.05M | Scene, ViewLayer | Updating Device | Writing constant memory
Fra:1 Mem:2325.70M (Peak 2613.57M) | Time:00:14.42 | Mem:1230.11M, Peak:1390.05M | Scene, ViewLayer | Loading denoising kernels (may take a few minutes the first time)
Fra:1 Mem:2325.70M (Peak 2613.57M) | Time:00:14.42 | Mem:1230.11M, Peak:1390.05M | Scene, ViewLayer | Sample 0/16
Fra:1 Mem:2629.79M (Peak 2629.79M) | Time:00:16.21 | Remaining:00:26.85 | Mem:1534.11M, Peak:1534.11M | Scene, ViewLayer | Sample 1/16
Fra:1 Mem:2757.80M (Peak 2949.80M) | Time:01:04.95 | Mem:1534.11M, Peak:1534.11M | Scene, ViewLayer | Sample 16/16
Fra:1 Mem:2757.80M (Peak 2949.80M) | Time:01:04.96 | Mem:1534.11M, Peak:1534.11M | Scene, ViewLayer | Finished
Saved: 'D:\Users\Lenovo\Desktop\大观园\assets\processed\landscape-r7\light.next.png'
Time: 01:06.22 (Saving: 00:01.01)

LANDSCAPE SHADOW RENDER COMPLETE

Blender quit
Landscape shadow atlas: 142962 bytes
