
> daguanyuan-rumeng@1.0.0 models:verify
> node scripts/pipeline.mjs verify-models

MASTER REOPEN VALIDATED {'reopened': True, 'placeIds': ['aojingxiguan', 'daguanlou', 'daguanyuan_gate', 'daoxiangcun', 'dicuiting', 'hengwuyuan', 'longcuian', 'luxuean', 'nuanxiangwu', 'ouxiangxie', 'qiushuangzhai', 'qujingtongyou', 'tubishanzhuang', 'xiaoxiangguan', 'yihongyuan'], 'meshes': 4158, 'missingImages': [], 'packedImages': 112, 'manualLayerPresent': True}
Blender 4.5.9 LTS (hash 8bf95cbd38d1 built 2026-04-21 01:33:45)
Read blend: "D:\Users\Lenovo\Desktop\大观园\blender\daguanyuan_master.blend"

Blender quit
BUILT TERRAIN PATH CHECK 2217 height failures 0 duplicate ground surfaces 0 [] []
Blender 4.5.9 LTS (hash 8bf95cbd38d1 built 2026-04-21 01:33:45)
Read blend: "D:\Users\Lenovo\Desktop\大观园\blender\daguanyuan_master.blend"

Blender quit
01:30:15 | INFO: Data are loaded, start creating Blender stuff
01:30:15 | INFO: Blender create Mesh node daguanyuan_gate_screen
01:30:15 | INFO: Draco Decoder: Decode primitive daguanyuan_gate_screen
01:30:15 | INFO: Blender create Mesh node Mobile_daguanyuan_gate
01:30:15 | INFO: Draco Decoder: Decode primitive Mobile_daguanyuan_gate
01:30:15 | INFO: Blender create Mesh node Mobile_daguanyuan_gate_limestone
01:30:15 | INFO: Draco Decoder: Decode primitive Mobile_daguanyuan_gate_limestone
01:30:15 | INFO: Blender create Mesh node Mobile_daguanyuan_gate_roof
01:30:15 | INFO: Draco Decoder: Decode primitive Mobile_daguanyuan_gate_roof
01:30:15 | INFO: Blender create Mesh node Mobile_daguanyuan_gate_roofshell
01:30:15 | INFO: Draco Decoder: Decode primitive Mobile_daguanyuan_gate_roofshell
01:30:15 | INFO: Blender create Mesh node Mobile_qujingtongyou
01:30:15 | INFO: Draco Decoder: Decode primitive Mobile_qujingtongyou
01:30:15 | INFO: Blender create Mesh node Mobile_qujingtongyou_limestone
01:30:15 | INFO: Draco Decoder: Decode primitive Mobile_qujingtongyou_limestone
01:30:15 | INFO: Blender create Mesh node Mobile_qujingtongyou_plants
01:30:15 | INFO: Draco Decoder: Decode primitive Mobile_qujingtongyou_plants
01:30:15 | INFO: Blender create Mesh node Mobile_xiaoxiangguan
01:30:15 | INFO: Draco Decoder: Decode primitive Mobile_xiaoxiangguan
01:30:15 | INFO: Blender create Mesh node Mobile_xiaoxiangguan_bankstone
01:30:15 | INFO: Draco Decoder: Decode primitive Mobile_xiaoxiangguan_bankstone
01:30:15 | INFO: Blender create Mesh node Mobile_xiaoxiangguan_plants
01:30:15 | INFO: Draco Decoder: Decode primitive Mobile_xiaoxiangguan_plants
01:30:15 | INFO: Blender create Mesh node Mobile_xiaoxiangguan_roof
01:30:15 | INFO: Draco Decoder: Decode primitive Mobile_xiaoxiangguan_roof
01:30:15 | INFO: Blender create Mesh node Mobile_xiaoxiangguan_roofshell
01:30:15 | INFO: Draco Decoder: Decode primitive Mobile_xiaoxiangguan_roofshell
01:30:15 | INFO: Blender create Mesh node xiaoxiangguan_lantern
01:30:15 | INFO: Draco Decoder: Decode primitive xiaoxiangguan_lantern
01:30:15 | INFO: Blender create Mesh node xiaoxiangguan_silk
01:30:15 | INFO: Draco Decoder: Decode primitive xiaoxiangguan_silk
01:30:15 | INFO: Blender create Mesh node Mobile_yihongyuan
01:30:15 | INFO: Draco Decoder: Decode primitive Mobile_yihongyuan
01:30:15 | INFO: Blender create Mesh node Mobile_yihongyuan_limestone
01:30:15 | INFO: Draco Decoder: Decode primitive Mobile_yihongyuan_limestone
01:30:15 | INFO: Blender create Mesh node Mobile_yihongyuan_plants
01:30:15 | INFO: Draco Decoder: Decode primitive Mobile_yihongyuan_plants
01:30:15 | INFO: Blender create Mesh node Mobile_yihongyuan_roof
01:30:15 | INFO: Draco Decoder: Decode primitive Mobile_yihongyuan_roof
01:30:15 | INFO: Blender create Mesh node Mobile_yihongyuan_roofshell
01:30:15 | INFO: Draco Decoder: Decode primitive Mobile_yihongyuan_roofshell
01:30:15 | INFO: Blender create Mesh node yihongyuan_lantern
01:30:15 | INFO: Draco Decoder: Decode primitive yihongyuan_lantern
01:30:15 | INFO: Blender create Mesh node yihongyuan_screen.001
01:30:15 | INFO: Draco Decoder: Decode primitive yihongyuan_screen.001
01:30:15 | INFO: Blender create Mesh node yihongyuan_silk.001
01:30:15 | INFO: Draco Decoder: Decode primitive yihongyuan_silk.001
01:30:15 | INFO: Blender create Mesh node hengwuyuan_lantern
01:30:15 | INFO: Draco Decoder: Decode primitive hengwuyuan_lantern
01:30:15 | INFO: Blender create Mesh node hengwuyuan_screen.001
01:30:15 | INFO: Draco Decoder: Decode primitive hengwuyuan_screen.001
01:30:15 | INFO: Blender create Mesh node Mobile_hengwuyuan
01:30:15 | INFO: Draco Decoder: Decode primitive Mobile_hengwuyuan
01:30:15 | INFO: Blender create Mesh node Mobile_hengwuyuan_limestone
01:30:15 | INFO: Draco Decoder: Decode primitive Mobile_hengwuyuan_limestone
01:30:15 | INFO: Blender create Mesh node Mobile_hengwuyuan_plants
01:30:15 | INFO: Draco Decoder: Decode primitive Mobile_hengwuyuan_plants
01:30:15 | INFO: Blender create Mesh node Mobile_hengwuyuan_roof
01:30:15 | INFO: Draco Decoder: Decode primitive Mobile_hengwuyuan_roof
01:30:15 | INFO: Blender create Mesh node Mobile_hengwuyuan_roofshell
01:30:15 | INFO: Draco Decoder: Decode primitive Mobile_hengwuyuan_roofshell
01:30:15 | INFO: Blender create Mesh node Mobile_qiushuangzhai
01:30:15 | INFO: Draco Decoder: Decode primitive Mobile_qiushuangzhai
01:30:15 | INFO: Blender create Mesh node Mobile_qiushuangzhai_plants
01:30:15 | INFO: Draco Decoder: Decode primitive Mobile_qiushuangzhai_plants
01:30:15 | INFO: Blender create Mesh node Mobile_qiushuangzhai_roof
01:30:15 | INFO: Draco Decoder: Decode primitive Mobile_qiushuangzhai_roof
01:30:15 | INFO: Blender create Mesh node Mobile_qiushuangzhai_roofshell
01:30:15 | INFO: Draco Decoder: Decode primitive Mobile_qiushuangzhai_roofshell
01:30:15 | INFO: Blender create Mesh node qiushuangzhai_lantern
01:30:15 | INFO: Draco Decoder: Decode primitive qiushuangzhai_lantern
01:30:15 | INFO: Blender create Mesh node qiushuangzhai_screen
01:30:15 | INFO: Draco Decoder: Decode primitive qiushuangzhai_screen
01:30:15 | INFO: Blender create Mesh node qiushuangzhai_silk.001
01:30:15 | INFO: Draco Decoder: Decode primitive qiushuangzhai_silk.001
01:30:15 | INFO: Blender create Mesh node daoxiangcun_screen.001
01:30:15 | INFO: Draco Decoder: Decode primitive daoxiangcun_screen.001
01:30:15 | INFO: Blender create Mesh node Mobile_daoxiangcun
01:30:15 | INFO: Draco Decoder: Decode primitive Mobile_daoxiangcun
01:30:15 | INFO: Blender create Mesh node Mobile_daoxiangcun_plants
01:30:15 | INFO: Draco Decoder: Decode primitive Mobile_daoxiangcun_plants
01:30:15 | INFO: Blender create Mesh node Mobile_ouxiangxie
01:30:15 | INFO: Draco Decoder: Decode primitive Mobile_ouxiangxie
01:30:15 | INFO: Blender create Mesh node Mobile_ouxiangxie_plants
01:30:15 | INFO: Draco Decoder: Decode primitive Mobile_ouxiangxie_plants
01:30:15 | INFO: Blender create Mesh node Mobile_ouxiangxie_roof
01:30:15 | INFO: Draco Decoder: Decode primitive Mobile_ouxiangxie_roof
01:30:15 | INFO: Blender create Mesh node Mobile_ouxiangxie_roofshell
01:30:15 | INFO: Draco Decoder: Decode primitive Mobile_ouxiangxie_roofshell
01:30:15 | INFO: Blender create Mesh node ouxiangxie_screen
01:30:15 | INFO: Draco Decoder: Decode primitive ouxiangxie_screen
01:30:15 | INFO: Blender create Mesh node dicuiting_lantern
01:30:15 | INFO: Draco Decoder: Decode primitive dicuiting_lantern
01:30:15 | INFO: Blender create Mesh node Mobile_dicuiting
01:30:15 | INFO: Draco Decoder: Decode primitive Mobile_dicuiting
01:30:15 | INFO: Blender create Mesh node Mobile_dicuiting_roof
01:30:15 | INFO: Draco Decoder: Decode primitive Mobile_dicuiting_roof
01:30:15 | INFO: Blender create Mesh node Mobile_dicuiting_roofshell
01:30:15 | INFO: Draco Decoder: Decode primitive Mobile_dicuiting_roofshell
01:30:15 | INFO: Blender create Mesh node Mobile_luxuean
01:30:15 | INFO: Draco Decoder: Decode primitive Mobile_luxuean
01:30:15 | INFO: Blender create Mesh node Mobile_luxuean_plants
01:30:15 | INFO: Draco Decoder: Decode primitive Mobile_luxuean_plants
01:30:15 | INFO: Blender create Mesh node Mobile_tubishanzhuang
01:30:15 | INFO: Draco Decoder: Decode primitive Mobile_tubishanzhuang
01:30:15 | INFO: Blender create Mesh node Mobile_tubishanzhuang_plants
01:30:15 | INFO: Draco Decoder: Decode primitive Mobile_tubishanzhuang_plants
01:30:15 | INFO: Blender create Mesh node Mobile_tubishanzhuang_roof
01:30:15 | INFO: Draco Decoder: Decode primitive Mobile_tubishanzhuang_roof
01:30:15 | INFO: Blender create Mesh node Mobile_tubishanzhuang_roofshell
01:30:15 | INFO: Draco Decoder: Decode primitive Mobile_tubishanzhuang_roofshell
01:30:15 | INFO: Blender create Mesh node tubishanzhuang_screen
01:30:15 | INFO: Draco Decoder: Decode primitive tubishanzhuang_screen
01:30:15 | INFO: Blender create Mesh node aojingxiguan_screen
01:30:15 | INFO: Draco Decoder: Decode primitive aojingxiguan_screen
01:30:15 | INFO: Blender create Mesh node Mobile_aojingxiguan
01:30:15 | INFO: Draco Decoder: Decode primitive Mobile_aojingxiguan
01:30:15 | INFO: Blender create Mesh node Mobile_aojingxiguan_plants
01:30:15 | INFO: Draco Decoder: Decode primitive Mobile_aojingxiguan_plants
01:30:15 | INFO: Blender create Mesh node Mobile_aojingxiguan_roof
01:30:15 | INFO: Draco Decoder: Decode primitive Mobile_aojingxiguan_roof
01:30:15 | INFO: Blender create Mesh node Mobile_aojingxiguan_roofshell
01:30:15 | INFO: Draco Decoder: Decode primitive Mobile_aojingxiguan_roofshell
01:30:15 | INFO: Blender create Mesh node daguanlou_lantern
01:30:15 | INFO: Draco Decoder: Decode primitive daguanlou_lantern
01:30:15 | INFO: Blender create Mesh node daguanlou_screen
01:30:15 | INFO: Draco Decoder: Decode primitive daguanlou_screen
01:30:15 | INFO: Blender create Mesh node Mobile_daguanlou
01:30:15 | INFO: Draco Decoder: Decode primitive Mobile_daguanlou
01:30:15 | INFO: Blender create Mesh node Mobile_daguanlou_plants
01:30:15 | INFO: Draco Decoder: Decode primitive Mobile_daguanlou_plants
01:30:15 | INFO: Blender create Mesh node Mobile_daguanlou_roof
01:30:15 | INFO: Draco Decoder: Decode primitive Mobile_daguanlou_roof
01:30:15 | INFO: Blender create Mesh node Mobile_daguanlou_roofshell
01:30:15 | INFO: Draco Decoder: Decode primitive Mobile_daguanlou_roofshell
01:30:15 | INFO: Blender create Mesh node longcuian_screen
01:30:15 | INFO: Draco Decoder: Decode primitive longcuian_screen
01:30:15 | INFO: Blender create Mesh node Mobile_longcuian
01:30:15 | INFO: Draco Decoder: Decode primitive Mobile_longcuian
01:30:15 | INFO: Blender create Mesh node Mobile_longcuian_plants
01:30:15 | INFO: Draco Decoder: Decode primitive Mobile_longcuian_plants
01:30:15 | INFO: Blender create Mesh node Mobile_longcuian_roof
01:30:15 | INFO: Draco Decoder: Decode primitive Mobile_longcuian_roof
01:30:15 | INFO: Blender create Mesh node Mobile_longcuian_roofshell
01:30:15 | INFO: Draco Decoder: Decode primitive Mobile_longcuian_roofshell
01:30:15 | INFO: Blender create Mesh node Mobile_nuanxiangwu
01:30:15 | INFO: Draco Decoder: Decode primitive Mobile_nuanxiangwu
01:30:15 | INFO: Blender create Mesh node Mobile_nuanxiangwu_plants
01:30:15 | INFO: Draco Decoder: Decode primitive Mobile_nuanxiangwu_plants
01:30:15 | INFO: Blender create Mesh node Mobile_nuanxiangwu_roof
01:30:15 | INFO: Draco Decoder: Decode primitive Mobile_nuanxiangwu_roof
01:30:15 | INFO: Blender create Mesh node Mobile_nuanxiangwu_roofshell
01:30:15 | INFO: Draco Decoder: Decode primitive Mobile_nuanxiangwu_roofshell
01:30:15 | INFO: Blender create Mesh node nuanxiangwu_screen
01:30:15 | INFO: Draco Decoder: Decode primitive nuanxiangwu_screen
01:30:15 | INFO: Blender create Mesh node nuanxiangwu_silk
01:30:15 | INFO: Draco Decoder: Decode primitive nuanxiangwu_silk
01:30:15 | INFO: Blender create Mesh node landscape_lantern
01:30:15 | INFO: Draco Decoder: Decode primitive landscape_lantern
Blender 4.5.9 LTS (hash 8bf95cbd38d1 built 2026-04-21 01:33:45)
Read blend: "D:\Users\Lenovo\Desktop\大观园\blender\daguanyuan_master.blend"
DracoDecoder | Decoded 384 vertices, 576 indices
DracoDecoder | Decoded 5350 vertices, 5532 indices
DracoDecoder | Decoded 1440 vertices, 1440 indices
DracoDecoder | Decoded 5095 vertices, 5097 indices
DracoDecoder | Decoded 238 vertices, 354 indices
DracoDecoder | Decoded 1240 vertices, 1590 indices
DracoDecoder | Decoded 366 vertices, 366 indices
DracoDecoder | Decoded 863 vertices, 867 indices
DracoDecoder | Decoded 6469 vertices, 6801 indices
DracoDecoder | Decoded 426 vertices, 534 indices
DracoDecoder | Decoded 11927 vertices, 12147 indices
DracoDecoder | Decoded 7963 vertices, 8031 indices
DracoDecoder | Decoded 736 vertices, 1092 indices
DracoDecoder | Decoded 320 vertices, 480 indices
DracoDecoder | Decoded 24 vertices, 36 indices
DracoDecoder | Decoded 6517 vertices, 6795 indices
DracoDecoder | Decoded 489 vertices, 489 indices
DracoDecoder | Decoded 1797 vertices, 2073 indices
DracoDecoder | Decoded 11392 vertices, 11424 indices
DracoDecoder | Decoded 878 vertices, 1302 indices
DracoDecoder | Decoded 320 vertices, 480 indices
DracoDecoder | Decoded 120 vertices, 180 indices
DracoDecoder | Decoded 72 vertices, 108 indices
DracoDecoder | Decoded 320 vertices, 480 indices
DracoDecoder | Decoded 24 vertices, 36 indices
DracoDecoder | Decoded 6157 vertices, 6453 indices
DracoDecoder | Decoded 366 vertices, 366 indices
DracoDecoder | Decoded 1278 vertices, 1386 indices
DracoDecoder | Decoded 10330 vertices, 10362 indices
DracoDecoder | Decoded 626 vertices, 930 indices
DracoDecoder | Decoded 5871 vertices, 6045 indices
DracoDecoder | Decoded 1251 vertices, 1383 indices
DracoDecoder | Decoded 6258 vertices, 6270 indices
DracoDecoder | Decoded 406 vertices, 606 indices
DracoDecoder | Decoded 320 vertices, 480 indices
DracoDecoder | Decoded 192 vertices, 288 indices
DracoDecoder | Decoded 24 vertices, 36 indices
DracoDecoder | Decoded 192 vertices, 288 indices
DracoDecoder | Decoded 1381 vertices, 1485 indices
DracoDecoder | Decoded 4231 vertices, 4233 indices
DracoDecoder | Decoded 1456 vertices, 1578 indices
DracoDecoder | Decoded 144 vertices, 240 indices
DracoDecoder | Decoded 4563 vertices, 4563 indices
DracoDecoder | Decoded 286 vertices, 426 indices
DracoDecoder | Decoded 216 vertices, 324 indices
DracoDecoder | Decoded 1280 vertices, 1920 indices
DracoDecoder | Decoded 624 vertices, 696 indices
DracoDecoder | Decoded 2442 vertices, 2442 indices
DracoDecoder | Decoded 246 vertices, 366 indices
DracoDecoder | Decoded 1443 vertices, 1557 indices
DracoDecoder | Decoded 687 vertices, 735 indices
DracoDecoder | Decoded 4317 vertices, 4371 indices
DracoDecoder | Decoded 828 vertices, 828 indices
DracoDecoder | Decoded 5073 vertices, 5073 indices
DracoDecoder | Decoded 286 vertices, 426 indices
DracoDecoder | Decoded 192 vertices, 288 indices
DracoDecoder | Decoded 192 vertices, 288 indices
DracoDecoder | Decoded 4110 vertices, 4170 indices
DracoDecoder | Decoded 828 vertices, 828 indices
DracoDecoder | Decoded 4620 vertices, 4620 indices
DracoDecoder | Decoded 286 vertices, 426 indices
DracoDecoder | Decoded 4710 vertices, 4974 indices
DracoDecoder | Decoded 1920 vertices, 2880 indices
DracoDecoder | Decoded 44789 vertices, 45441 indices
DracoDecoder | Decoded 3318 vertices, 3318 indices
DracoDecoder | Decoded 78585 vertices, 78693 indices
DracoDecoder | Decoded 3638 vertices, 5418 indices
DracoDecoder | Decoded 192 vertices, 288 indices
DracoDecoder | Decoded 7034 vertices, 7362 indices
DracoDecoder | Decoded 2577 vertices, 2577 indices
DracoDecoder | Decoded 9083 vertices, 9099 indices
DracoDecoder | Decoded 690 vertices, 1026 indices
DracoDecoder | Decoded 4900 vertices, 5106 indices
DracoDecoder | Decoded 1225 vertices, 1227 indices
DracoDecoder | Decoded 7535 vertices, 7551 indices
DracoDecoder | Decoded 506 vertices, 750 indices
DracoDecoder | Decoded 216 vertices, 324 indices
DracoDecoder | Decoded 48 vertices, 72 indices
DracoDecoder | Decoded 2872 vertices, 3096 indic01:30:15 | INFO: Blender create Mesh node Mobile_landscape_earth
01:30:15 | INFO: Draco Decoder: Decode primitive Mobile_landscape_earth
01:30:15 | INFO: Blender create Mesh node Mobile_landscape
01:30:15 | INFO: Draco Decoder: Decode primitive Mobile_landscape
01:30:16 | INFO: Blender create Mesh node Mobile_landscape_plants
01:30:16 | INFO: Draco Decoder: Decode primitive Mobile_landscape_plants
01:30:16 | INFO: Blender create Mesh node Mobile_landscape_bankstone
01:30:16 | INFO: Draco Decoder: Decode primitive Mobile_landscape_bankstone
01:30:16 | INFO: Blender create Mesh node Mobile_landscape_limestone
01:30:16 | INFO: Draco Decoder: Decode primitive Mobile_landscape_limestone
01:30:16 | INFO: Blender create Mesh node Mobile_landscape_roofshell
01:30:16 | INFO: Draco Decoder: Decode primitive Mobile_landscape_roofshell
01:30:16 | INFO: glTF import finished in 0.87s
ROOF COVERAGE 1281 missing 0
es
DracoDecoder | Decoded 4313 vertices, 21927 indices
DracoDecoder | Decoded 121545 vertices, 144075 indices
DracoDecoder | Decoded 99759 vertices, 109899 indices
DracoDecoder | Decoded 1765 vertices, 2319 indices
DracoDecoder | Decoded 154440 vertices, 154440 indices
DracoDecoder | Decoded 1334 vertices, 1974 indices

Blender quit
01:30:17 | INFO: Data are loaded, start creating Blender stuff
01:30:17 | INFO: Blender create Mesh node daguanyuan_gate_screen
01:30:17 | INFO: Draco Decoder: Decode primitive daguanyuan_gate_screen
01:30:17 | INFO: Blender create Mesh node Mobile_daguanyuan_gate
01:30:17 | INFO: Draco Decoder: Decode primitive Mobile_daguanyuan_gate
01:30:17 | INFO: Blender create Mesh node Mobile_daguanyuan_gate_limestone
01:30:17 | INFO: Draco Decoder: Decode primitive Mobile_daguanyuan_gate_limestone
01:30:17 | INFO: Blender create Mesh node Mobile_daguanyuan_gate_roof
01:30:17 | INFO: Draco Decoder: Decode primitive Mobile_daguanyuan_gate_roof
01:30:17 | INFO: Blender create Mesh node Mobile_daguanyuan_gate_roofshell
01:30:17 | INFO: Draco Decoder: Decode primitive Mobile_daguanyuan_gate_roofshell
01:30:17 | INFO: Blender create Mesh node Mobile_qujingtongyou
01:30:17 | INFO: Draco Decoder: Decode primitive Mobile_qujingtongyou
01:30:17 | INFO: Blender create Mesh node Mobile_qujingtongyou_limestone
01:30:17 | INFO: Draco Decoder: Decode primitive Mobile_qujingtongyou_limestone
01:30:17 | INFO: Blender create Mesh node Mobile_qujingtongyou_plants
01:30:17 | INFO: Draco Decoder: Decode primitive Mobile_qujingtongyou_plants
01:30:17 | INFO: Blender create Mesh node Mobile_xiaoxiangguan
01:30:17 | INFO: Draco Decoder: Decode primitive Mobile_xiaoxiangguan
01:30:17 | INFO: Blender create Mesh node Mobile_xiaoxiangguan_bankstone
01:30:17 | INFO: Draco Decoder: Decode primitive Mobile_xiaoxiangguan_bankstone
01:30:17 | INFO: Blender create Mesh node Mobile_xiaoxiangguan_plants
01:30:17 | INFO: Draco Decoder: Decode primitive Mobile_xiaoxiangguan_plants
01:30:17 | INFO: Blender create Mesh node Mobile_xiaoxiangguan_roof
01:30:17 | INFO: Draco Decoder: Decode primitive Mobile_xiaoxiangguan_roof
01:30:17 | INFO: Blender create Mesh node Mobile_xiaoxiangguan_roofshell
01:30:17 | INFO: Draco Decoder: Decode primitive Mobile_xiaoxiangguan_roofshell
01:30:17 | INFO: Blender create Mesh node xiaoxiangguan_lantern
01:30:17 | INFO: Draco Decoder: Decode primitive xiaoxiangguan_lantern
01:30:17 | INFO: Blender create Mesh node xiaoxiangguan_silk
01:30:17 | INFO: Draco Decoder: Decode primitive xiaoxiangguan_silk
01:30:17 | INFO: Blender create Mesh node Mobile_yihongyuan
01:30:17 | INFO: Draco Decoder: Decode primitive Mobile_yihongyuan
01:30:17 | INFO: Blender create Mesh node Mobile_yihongyuan_limestone
01:30:17 | INFO: Draco Decoder: Decode primitive Mobile_yihongyuan_limestone
01:30:17 | INFO: Blender create Mesh node Mobile_yihongyuan_plants
01:30:17 | INFO: Draco Decoder: Decode primitive Mobile_yihongyuan_plants
01:30:17 | INFO: Blender create Mesh node Mobile_yihongyuan_roof
01:30:17 | INFO: Draco Decoder: Decode primitive Mobile_yihongyuan_roof
01:30:17 | INFO: Blender create Mesh node Mobile_yihongyuan_roofshell
01:30:17 | INFO: Draco Decoder: Decode primitive Mobile_yihongyuan_roofshell
01:30:17 | INFO: Blender create Mesh node yihongyuan_lantern
01:30:17 | INFO: Draco Decoder: Decode primitive yihongyuan_lantern
01:30:17 | INFO: Blender create Mesh node yihongyuan_screen.001
01:30:17 | INFO: Draco Decoder: Decode primitive yihongyuan_screen.001
01:30:17 | INFO: Blender create Mesh node yihongyuan_silk.001
01:30:17 | INFO: Draco Decoder: Decode primitive yihongyuan_silk.001
01:30:17 | INFO: Blender create Mesh node hengwuyuan_lantern
01:30:17 | INFO: Draco Decoder: Decode primitive hengwuyuan_lantern
01:30:17 | INFO: Blender create Mesh node hengwuyuan_screen.001
01:30:17 | INFO: Draco Decoder: Decode primitive hengwuyuan_screen.001
01:30:17 | INFO: Blender create Mesh node Mobile_hengwuyuan
01:30:17 | INFO: Draco Decoder: Decode primitive Mobile_hengwuyuan
01:30:17 | INFO: Blender create Mesh node Mobile_hengwuyuan_limestone
01:30:17 | INFO: Draco Decoder: Decode primitive Mobile_hengwuyuan_limestone
01:30:17 | INFO: Blender create Mesh node Mobile_hengwuyuan_plants
01:30:17 | INFO: Draco Decoder: Decode primitive Mobile_hengwuyuan_plants
01:30:17 | INFO: Blender create Mesh node Mobile_hengwuyuan_roof
01:30:17 | INFO: Draco Decoder: Decode primitive Mobile_hengwuyuan_roof
01:30:17 | INFO: Blender create Mesh node Mobile_hengwuyuan_roofshell
01:30:17 | INFO: Draco Decoder: Decode primitive Mobile_hengwuyuan_roofshell
01:30:17 | INFO: Blender create Mesh node Mobile_qiushuangzhai
01:30:17 | INFO: Draco Decoder: Decode primitive Mobile_qiushuangzhai
01:30:17 | INFO: Blender create Mesh node Mobile_qiushuangzhai_plants
01:30:17 | INFO: Draco Decoder: Decode primitive Mobile_qiushuangzhai_plants
01:30:17 | INFO: Blender create Mesh node Mobile_qiushuangzhai_roof
01:30:17 | INFO: Draco Decoder: Decode primitive Mobile_qiushuangzhai_roof
01:30:17 | INFO: Blender create Mesh node Mobile_qiushuangzhai_roofshell
01:30:17 | INFO: Draco Decoder: Decode primitive Mobile_qiushuangzhai_roofshell
01:30:17 | INFO: Blender create Mesh node qiushuangzhai_lantern
01:30:17 | INFO: Draco Decoder: Decode primitive qiushuangzhai_lantern
01:30:17 | INFO: Blender create Mesh node qiushuangzhai_screen
01:30:17 | INFO: Draco Decoder: Decode primitive qiushuangzhai_screen
01:30:17 | INFO: Blender create Mesh node qiushuangzhai_silk.001
01:30:17 | INFO: Draco Decoder: Decode primitive qiushuangzhai_silk.001
01:30:17 | INFO: Blender create Mesh node daoxiangcun_screen.001
01:30:17 | INFO: Draco Decoder: Decode primitive daoxiangcun_screen.001
01:30:17 | INFO: Blender create Mesh node Mobile_daoxiangcun
01:30:17 | INFO: Draco Decoder: Decode primitive Mobile_daoxiangcun
01:30:17 | INFO: Blender create Mesh node Mobile_daoxiangcun_plants
01:30:17 | INFO: Draco Decoder: Decode primitive Mobile_daoxiangcun_plants
01:30:17 | INFO: Blender create Mesh node Mobile_ouxiangxie
01:30:17 | INFO: Draco Decoder: Decode primitive Mobile_ouxiangxie
01:30:17 | INFO: Blender create Mesh node Mobile_ouxiangxie_plants
01:30:17 | INFO: Draco Decoder: Decode primitive Mobile_ouxiangxie_plants
01:30:17 | INFO: Blender create Mesh node Mobile_ouxiangxie_roof
01:30:17 | INFO: Draco Decoder: Decode primitive Mobile_ouxiangxie_roof
01:30:17 | INFO: Blender create Mesh node Mobile_ouxiangxie_roofshell
01:30:17 | INFO: Draco Decoder: Decode primitive Mobile_ouxiangxie_roofshell
01:30:17 | INFO: Blender create Mesh node ouxiangxie_screen
01:30:17 | INFO: Draco Decoder: Decode primitive ouxiangxie_screen
01:30:17 | INFO: Blender create Mesh node dicuiting_lantern
01:30:17 | INFO: Draco Decoder: Decode primitive dicuiting_lantern
01:30:17 | INFO: Blender create Mesh node Mobile_dicuiting
01:30:17 | INFO: Draco Decoder: Decode primitive Mobile_dicuiting
01:30:17 | INFO: Blender create Mesh node Mobile_dicuiting_roof
01:30:17 | INFO: Draco Decoder: Decode primitive Mobile_dicuiting_roof
01:30:17 | INFO: Blender create Mesh node Mobile_dicuiting_roofshell
01:30:17 | INFO: Draco Decoder: Decode primitive Mobile_dicuiting_roofshell
01:30:17 | INFO: Blender create Mesh node Mobile_luxuean
01:30:17 | INFO: Draco Decoder: Decode primitive Mobile_luxuean
01:30:17 | INFO: Blender create Mesh node Mobile_luxuean_plants
01:30:17 | INFO: Draco Decoder: Decode primitive Mobile_luxuean_plants
01:30:17 | INFO: Blender create Mesh node Mobile_tubishanzhuang
01:30:17 | INFO: Draco Decoder: Decode primitive Mobile_tubishanzhuang
01:30:17 | INFO: Blender create Mesh node Mobile_tubishanzhuang_plants
01:30:17 | INFO: Draco Decoder: Decode primitive Mobile_tubishanzhuang_plants
01:30:17 | INFO: Blender create Mesh node Mobile_tubishanzhuang_roof
01:30:17 | INFO: Draco Decoder: Decode primitive Mobile_tubishanzhuang_roof
01:30:17 | INFO: Blender create Mesh node Mobile_tubishanzhuang_roofshell
01:30:17 | INFO: Draco Decoder: Decode primitive Mobile_tubishanzhuang_roofshell
01:30:17 | INFO: Blender create Mesh node tubishanzhuang_screen
01:30:17 | INFO: Draco Decoder: Decode primitive tubishanzhuang_screen
01:30:17 | INFO: Blender create Mesh node aojingxiguan_screen
01:30:17 | INFO: Draco Decoder: Decode primitive aojingxiguan_screen
01:30:17 | INFO: Blender create Mesh node Mobile_aojingxiguan
01:30:17 | INFO: Draco Decoder: Decode primitive Mobile_aojingxiguan
01:30:17 | INFO: Blender create Mesh node Mobile_aojingxiguan_plants
01:30:17 | INFO: Draco Decoder: Decode primitive Mobile_aojingxiguan_plants
01:30:17 | INFO: Blender create Mesh node Mobile_aojingxiguan_roof
01:30:17 | INFO: Draco Decoder: Decode primitive Mobile_aojingxiguan_roof
01:30:17 | INFO: Blender create Mesh node Mobile_aojingxiguan_roofshell
01:30:17 | INFO: Draco Decoder: Decode primitive Mobile_aojingxiguan_roofshell
01:30:17 | INFO: Blender create Mesh node daguanlou_lantern
01:30:17 | INFO: Draco Decoder: Decode primitive daguanlou_lantern
01:30:17 | INFO: Blender create Mesh node daguanlou_screen
01:30:17 | INFO: Draco Decoder: Decode primitive daguanlou_screen
01:30:17 | INFO: Blender create Mesh node Mobile_daguanlou
01:30:17 | INFO: Draco Decoder: Decode primitive Mobile_daguanlou
01:30:17 | INFO: Blender create Mesh node Mobile_daguanlou_plants
01:30:17 | INFO: Draco Decoder: Decode primitive Mobile_daguanlou_plants
01:30:17 | INFO: Blender create Mesh node Mobile_daguanlou_roof
01:30:17 | INFO: Draco Decoder: Decode primitive Mobile_daguanlou_roof
01:30:17 | INFO: Blender create Mesh node Mobile_daguanlou_roofshell
01:30:17 | INFO: Draco Decoder: Decode primitive Mobile_daguanlou_roofshell
01:30:17 | INFO: Blender create Mesh node longcuian_screen
01:30:17 | INFO: Draco Decoder: Decode primitive longcuian_screen
01:30:17 | INFO: Blender create Mesh node Mobile_longcuian
01:30:17 | INFO: Draco Decoder: Decode primitive Mobile_longcuian
01:30:17 | INFO: Blender create Mesh node Mobile_longcuian_plants
01:30:17 | INFO: Draco Decoder: Decode primitive Mobile_longcuian_plants
01:30:17 | INFO: Blender create Mesh node Mobile_longcuian_roof
01:30:17 | INFO: Draco Decoder: Decode primitive Mobile_longcuian_roof
01:30:17 | INFO: Blender create Mesh node Mobile_longcuian_roofshell
01:30:17 | INFO: Draco Decoder: Decode primitive Mobile_longcuian_roofshell
01:30:17 | INFO: Blender create Mesh node Mobile_nuanxiangwu
01:30:17 | INFO: Draco Decoder: Decode primitive Mobile_nuanxiangwu
01:30:17 | INFO: Blender create Mesh node Mobile_nuanxiangwu_plants
01:30:17 | INFO: Draco Decoder: Decode primitive Mobile_nuanxiangwu_plants
01:30:17 | INFO: Blender create Mesh node Mobile_nuanxiangwu_roof
01:30:17 | INFO: Draco Decoder: Decode primitive Mobile_nuanxiangwu_roof
01:30:17 | INFO: Blender create Mesh node Mobile_nuanxiangwu_roofshell
01:30:17 | INFO: Draco Decoder: Decode primitive Mobile_nuanxiangwu_roofshell
01:30:17 | INFO: Blender create Mesh node nuanxiangwu_screen
01:30:17 | INFO: Draco Decoder: Decode primitive nuanxiangwu_screen
01:30:17 | INFO: Blender create Mesh node nuanxiangwu_silk
01:30:17 | INFO: Draco Decoder: Decode primitive nuanxiangwu_silk
01:30:17 | INFO: Blender create Mesh node landscape_lantern
01:30:17 | INFO: Draco Decoder: Decode primitive landscape_lantern
01:30:17 | INFO: Blender create Mesh node Mobile_landscape_earth
01:30:17 | INFO: Draco Decoder: Decode primitive Mobile_landscape_earth
01:30:17 | INFO: Blender create Mesh node Mobile_landscape
01:30:17 | INFO: Draco Decoder: Decode primitive Mobile_landscape
Blender 4.5.9 LTS (hash 8bf95cbd38d1 built 2026-04-21 01:33:45)
DracoDecoder | Decoded 384 vertices, 576 indices
DracoDecoder | Decoded 5350 vertices, 5532 indices
DracoDecoder | Decoded 1440 vertices, 1440 indices
DracoDecoder | Decoded 5095 vertices, 5097 indices
DracoDecoder | Decoded 238 vertices, 354 indices
DracoDecoder | Decoded 1240 vertices, 1590 indices
DracoDecoder | Decoded 366 vertices, 366 indices
DracoDecoder | Decoded 863 vertices, 867 indices
DracoDecoder | Decoded 6469 vertices, 6801 indices
DracoDecoder | Decoded 426 vertices, 534 indices
DracoDecoder | Decoded 11927 vertices, 12147 indices
DracoDecoder | Decoded 7963 vertices, 8031 indices
DracoDecoder | Decoded 736 vertices, 1092 indices
DracoDecoder | Decoded 320 vertices, 480 indices
DracoDecoder | Decoded 24 vertices, 36 indices
DracoDecoder | Decoded 6517 vertices, 6795 indices
DracoDecoder | Decoded 489 vertices, 489 indices
DracoDecoder | Decoded 1797 vertices, 2073 indices
DracoDecoder | Decoded 11392 vertices, 11424 indices
DracoDecoder | Decoded 878 vertices, 1302 indices
DracoDecoder | Decoded 320 vertices, 480 indices
DracoDecoder | Decoded 120 vertices, 180 indices
DracoDecoder | Decoded 72 vertices, 108 indices
DracoDecoder | Decoded 320 vertices, 480 indices
DracoDecoder | Decoded 24 vertices, 36 indices
DracoDecoder | Decoded 6157 vertices, 6453 indices
DracoDecoder | Decoded 366 vertices, 366 indices
DracoDecoder | Decoded 1278 vertices, 1386 indices
DracoDecoder | Decoded 10330 vertices, 10362 indices
DracoDecoder | Decoded 626 vertices, 930 indices
DracoDecoder | Decoded 5871 vertices, 6045 indices
DracoDecoder | Decoded 1251 vertices, 1383 indices
DracoDecoder | Decoded 6258 vertices, 6270 indices
DracoDecoder | Decoded 406 vertices, 606 indices
DracoDecoder | Decoded 320 vertices, 480 indices
DracoDecoder | Decoded 192 vertices, 288 indices
DracoDecoder | Decoded 24 vertices, 36 indices
DracoDecoder | Decoded 192 vertices, 288 indices
DracoDecoder | Decoded 1381 vertices, 1485 indices
DracoDecoder | Decoded 4231 vertices, 4233 indices
DracoDecoder | Decoded 1456 vertices, 1578 indices
DracoDecoder | Decoded 144 vertices, 240 indices
DracoDecoder | Decoded 4563 vertices, 4563 indices
DracoDecoder | Decoded 286 vertices, 426 indices
DracoDecoder | Decoded 216 vertices, 324 indices
DracoDecoder | Decoded 1280 vertices, 1920 indices
DracoDecoder | Decoded 624 vertices, 696 indices
DracoDecoder | Decoded 2442 vertices, 2442 indices
DracoDecoder | Decoded 246 vertices, 366 indices
DracoDecoder | Decoded 1443 vertices, 1557 indices
DracoDecoder | Decoded 687 vertices, 735 indices
DracoDecoder | Decoded 4317 vertices, 4371 indices
DracoDecoder | Decoded 828 vertices, 828 indices
DracoDecoder | Decoded 5073 vertices, 5073 indices
DracoDecoder | Decoded 286 vertices, 426 indices
DracoDecoder | Decoded 192 vertices, 288 indices
DracoDecoder | Decoded 192 vertices, 288 indices
DracoDecoder | Decoded 4110 vertices, 4170 indices
DracoDecoder | Decoded 828 vertices, 828 indices
DracoDecoder | Decoded 4620 vertices, 4620 indices
DracoDecoder | Decoded 286 vertices, 426 indices
DracoDecoder | Decoded 4710 vertices, 4974 indices
DracoDecoder | Decoded 1920 vertices, 2880 indices
DracoDecoder | Decoded 44789 vertices, 45441 indices
DracoDecoder | Decoded 3318 vertices, 3318 indices
DracoDecoder | Decoded 78585 vertices, 78693 indices
DracoDecoder | Decoded 3638 vertices, 5418 indices
DracoDecoder | Decoded 192 vertices, 288 indices
DracoDecoder | Decoded 7034 vertices, 7362 indices
DracoDecoder | Decoded 2577 vertices, 2577 indices
DracoDecoder | Decoded 9083 vertices, 9099 indices
DracoDecoder | Decoded 690 vertices, 1026 indices
DracoDecoder | Decoded 4900 vertices, 5106 indices
DracoDecoder | Decoded 1225 vertices, 1227 indices
DracoDecoder | Decoded 7535 vertices, 7551 indices
DracoDecoder | Decoded 506 vertices, 750 indices
DracoDecoder | Decoded 216 vertices, 324 indices
DracoDecoder | Decoded 48 vertices, 72 indices
DracoDecoder | Decoded 2872 vertices, 3096 indices
DracoDecoder | Decoded 4313 vertices, 21927 indices
DracoDecoder | Decoded 1201:30:18 | INFO: Blender create Mesh node Mobile_landscape_plants
01:30:18 | INFO: Draco Decoder: Decode primitive Mobile_landscape_plants
01:30:18 | INFO: Blender create Mesh node Mobile_landscape_bankstone
01:30:18 | INFO: Draco Decoder: Decode primitive Mobile_landscape_bankstone
01:30:18 | INFO: Blender create Mesh node Mobile_landscape_limestone
01:30:18 | INFO: Draco Decoder: Decode primitive Mobile_landscape_limestone
01:30:18 | INFO: Blender create Mesh node Mobile_landscape_roofshell
01:30:18 | INFO: Draco Decoder: Decode primitive Mobile_landscape_roofshell
01:30:18 | INFO: glTF import finished in 0.89s
BUILT TERRAIN PATH CHECK 2217 height failures 0 duplicate ground surfaces 0 [] []
1545 vertices, 144075 indices
DracoDecoder | Decoded 99759 vertices, 109899 indices
DracoDecoder | Decoded 1765 vertices, 2319 indices
DracoDecoder | Decoded 154440 vertices, 154440 indices
DracoDecoder | Decoded 1334 vertices, 1974 indices

Blender quit
