01:23:36 | INFO: Data are loaded, start creating Blender stuff
01:23:36 | INFO: Blender create Mesh node daguanyuan_gate_screen
01:23:36 | INFO: Blender create Mesh node Mobile_daguanyuan_gate
01:23:36 | INFO: Blender create Mesh node Mobile_daguanyuan_gate_limestone
01:23:36 | INFO: Blender create Mesh node Mobile_daguanyuan_gate_roof
01:23:36 | INFO: Blender create Mesh node Mobile_daguanyuan_gate_roofshell
01:23:36 | INFO: Blender create Mesh node Mobile_qujingtongyou
01:23:36 | INFO: Blender create Mesh node Mobile_qujingtongyou_limestone
01:23:36 | INFO: Blender create Mesh node Mobile_qujingtongyou_plants
01:23:36 | INFO: Blender create Mesh node Mobile_xiaoxiangguan
01:23:36 | INFO: Blender create Mesh node Mobile_xiaoxiangguan_bankstone
01:23:36 | INFO: Blender create Mesh node Mobile_xiaoxiangguan_plants
01:23:36 | INFO: Blender create Mesh node Mobile_xiaoxiangguan_roof
01:23:36 | INFO: Blender create Mesh node Mobile_xiaoxiangguan_roofshell
01:23:36 | INFO: Blender create Mesh node xiaoxiangguan_lantern
01:23:36 | INFO: Blender create Mesh node xiaoxiangguan_silk
01:23:36 | INFO: Blender create Mesh node Mobile_yihongyuan
01:23:36 | INFO: Blender create Mesh node Mobile_yihongyuan_limestone
01:23:36 | INFO: Blender create Mesh node Mobile_yihongyuan_plants
01:23:36 | INFO: Blender create Mesh node Mobile_yihongyuan_roof
01:23:36 | INFO: Blender create Mesh node Mobile_yihongyuan_roofshell
01:23:36 | INFO: Blender create Mesh node yihongyuan_lantern
01:23:36 | INFO: Blender create Mesh node yihongyuan_screen.001
01:23:36 | INFO: Blender create Mesh node yihongyuan_silk.001
01:23:36 | INFO: Blender create Mesh node hengwuyuan_lantern
01:23:36 | INFO: Blender create Mesh node hengwuyuan_screen.001
01:23:36 | INFO: Blender create Mesh node Mobile_hengwuyuan
01:23:36 | INFO: Blender create Mesh node Mobile_hengwuyuan_limestone
01:23:36 | INFO: Blender create Mesh node Mobile_hengwuyuan_plants
01:23:36 | INFO: Blender create Mesh node Mobile_hengwuyuan_roof
01:23:36 | INFO: Blender create Mesh node Mobile_hengwuyuan_roofshell
01:23:36 | INFO: Blender create Mesh node Mobile_qiushuangzhai
01:23:36 | INFO: Blender create Mesh node Mobile_qiushuangzhai_plants
01:23:36 | INFO: Blender create Mesh node Mobile_qiushuangzhai_roof
01:23:36 | INFO: Blender create Mesh node Mobile_qiushuangzhai_roofshell
01:23:36 | INFO: Blender create Mesh node qiushuangzhai_lantern
01:23:36 | INFO: Blender create Mesh node qiushuangzhai_screen
01:23:36 | INFO: Blender create Mesh node qiushuangzhai_silk.001
01:23:36 | INFO: Blender create Mesh node daoxiangcun_screen.001
01:23:36 | INFO: Blender create Mesh node Mobile_daoxiangcun
01:23:36 | INFO: Blender create Mesh node Mobile_daoxiangcun_plants
01:23:36 | INFO: Blender create Mesh node Mobile_ouxiangxie
01:23:36 | INFO: Blender create Mesh node Mobile_ouxiangxie_plants
01:23:36 | INFO: Blender create Mesh node Mobile_ouxiangxie_roof
01:23:36 | INFO: Blender create Mesh node Mobile_ouxiangxie_roofshell
01:23:36 | INFO: Blender create Mesh node ouxiangxie_screen
01:23:36 | INFO: Blender create Mesh node dicuiting_lantern
01:23:36 | INFO: Blender create Mesh node Mobile_dicuiting
01:23:36 | INFO: Blender create Mesh node Mobile_dicuiting_roof
01:23:36 | INFO: Blender create Mesh node Mobile_dicuiting_roofshell
01:23:36 | INFO: Blender create Mesh node Mobile_luxuean
01:23:36 | INFO: Blender create Mesh node Mobile_luxuean_plants
01:23:36 | INFO: Blender create Mesh node Mobile_tubishanzhuang
01:23:36 | INFO: Blender create Mesh node Mobile_tubishanzhuang_plants
01:23:36 | INFO: Blender create Mesh node Mobile_tubishanzhuang_roof
01:23:36 | INFO: Blender create Mesh node Mobile_tubishanzhuang_roofshell
01:23:36 | INFO: Blender create Mesh node tubishanzhuang_screen
01:23:36 | INFO: Blender create Mesh node aojingxiguan_screen
01:23:36 | INFO: Blender create Mesh node Mobile_aojingxiguan
01:23:36 | INFO: Blender create Mesh node Mobile_aojingxiguan_plants
01:23:36 | INFO: Blender create Mesh node Mobile_aojingxiguan_roof
01:23:36 | INFO: Blender create Mesh node Mobile_aojingxiguan_roofshell
01:23:36 | INFO: Blender create Mesh node daguanlou_lantern
01:23:36 | INFO: Blender create Mesh node daguanlou_screen
01:23:36 | INFO: Blender create Mesh node Mobile_daguanlou
01:23:36 | INFO: Blender create Mesh node Mobile_daguanlou_plants
01:23:36 | INFO: Blender create Mesh node Mobile_daguanlou_roof
01:23:36 | INFO: Blender create Mesh node Mobile_daguanlou_roofshell
01:23:36 | INFO: Blender create Mesh node longcuian_screen
01:23:36 | INFO: Blender create Mesh node Mobile_longcuian
01:23:36 | INFO: Blender create Mesh node Mobile_longcuian_plants
01:23:36 | INFO: Blender create Mesh node Mobile_longcuian_roof
01:23:36 | INFO: Blender create Mesh node Mobile_longcuian_roofshell
01:23:36 | INFO: Blender create Mesh node Mobile_nuanxiangwu
01:23:36 | INFO: Blender create Mesh node Mobile_nuanxiangwu_plants
01:23:36 | INFO: Blender create Mesh node Mobile_nuanxiangwu_roof
01:23:36 | INFO: Blender create Mesh node Mobile_nuanxiangwu_roofshell
01:23:36 | INFO: Blender create Mesh node nuanxiangwu_screen
01:23:36 | INFO: Blender create Mesh node nuanxiangwu_silk
01:23:36 | INFO: Blender create Mesh node landscape_lantern
01:23:36 | INFO: Blender create Mesh node Mobile_landscape_earth
01:23:36 | INFO: Blender create Mesh node Mobile_landscape
01:23:36 | INFO: Blender create Mesh node Mobile_landscape_plants
01:23:36 | INFO: Blender create Mesh node Mobile_landscape_bankstone
01:23:36 | INFO: Blender create Mesh node Mobile_landscape_limestone
01:23:36 | INFO: Blender create Mesh node Mobile_landscape_roofshell
01:23:36 | INFO: glTF import finished in 0.59s
ROOF COVERAGE 1281 missing 0
Blender 4.5.9 LTS (hash 8bf95cbd38d1 built 2026-04-21 01:33:45)
Read blend: "D:\Users\Lenovo\Desktop\大观园\blender\daguanyuan_master.blend"

Blender quit
