02:21:03 | INFO: Data are loaded, start creating Blender stuff
02:21:03 | INFO: Blender create Mesh node Plane.024
02:21:03 | INFO: Blender create Mesh node Plane.044
02:21:03 | INFO: Blender create Mesh node Plane.006
02:21:03 | INFO: Blender create Mesh node Plane.059
02:21:03 | INFO: glTF import finished in 0.03s
02:21:03 | INFO: Data are loaded, start creating Blender stuff
02:21:03 | INFO: Blender create Mesh node Circle.010
02:21:04 | INFO: glTF import finished in 0.15s
02:21:04 | INFO: Data are loaded, start creating Blender stuff
02:21:04 | INFO: Blender create Mesh node Plane.002
02:21:04 | INFO: Blender create Mesh node Plane.054
02:21:04 | INFO: Blender create Mesh node Plane.128
02:21:04 | INFO: Blender create Mesh node Plane.090
02:21:04 | INFO: glTF import finished in 0.02s
02:21:04 | INFO: Data are loaded, start creating Blender stuff
02:21:04 | INFO: Blender create Mesh node modelShape.005
02:21:04 | INFO: Blender create Mesh node modelShape.002
02:21:04 | INFO: Blender create Mesh node modelShape
02:21:04 | INFO: Blender create Mesh node medium.001
02:21:04 | INFO: Blender create Mesh node modelShape.003
02:21:04 | INFO: Blender create Mesh node mesh1-geometry.003
02:21:04 | INFO: glTF import finished in 0.07s
02:21:04 | INFO: Data are loaded, start creating Blender stuff
02:21:04 | INFO: Blender create Mesh node realCap_Model_3
02:21:04 | INFO: glTF import finished in 0.02s
02:21:04 | INFO: Data are loaded, start creating Blender stuff
02:21:04 | INFO: Blender create Mesh node Plane.001
02:21:05 | INFO: glTF import finished in 1.25s
Blender 4.5.9 LTS (hash 8bf95cbd38d1 built 2026-04-21 01:33:45)
Fra:1 Mem:173.38M (Peak 173.38M) | Time:00:00.02 | Mem:0.00M, Peak:0.00M | Scene, ViewLayer | Synchronizing object | Text
Fra:1 Mem:173.38M (Peak 173.38M) | Time:00:00.02 | Mem:0.00M, Peak:0.00M | Scene, ViewLayer | Synchronizing object | fern_02_b
Fra:1 Mem:175.57M (Peak 175.57M) | Time:00:00.02 | Mem:0.00M, Peak:0.00M | Scene, ViewLayer | Synchronizing object | shrub_01_a
Fra:1 Mem:175.57M (Peak 175.57M) | Time:00:00.02 | Mem:0.00M, Peak:0.00M | Scene, ViewLayer | Synchronizing object | Text.001
Fra:1 Mem:175.88M (Peak 175.88M) | Time:00:00.02 | Mem:0.00M, Peak:0.00M | Scene, ViewLayer | Synchronizing object | Text.002
Fra:1 Mem:175.95M (Peak 175.95M) | Time:00:00.02 | Mem:0.00M, Peak:0.00M | Scene, ViewLayer | Synchronizing object | shrub_03_a
Fra:1 Mem:177.51M (Peak 177.51M) | Time:00:00.02 | Mem:0.00M, Peak:0.00M | Scene, ViewLayer | Synchronizing object | Text.003
Fra:1 Mem:177.81M (Peak 177.81M) | Time:00:00.02 | Mem:0.00M, Peak:0.00M | Scene, ViewLayer | Synchronizing object | rock_moss_set_01_rock05
Fra:1 Mem:185.14M (Peak 185.14M) | Time:00:00.02 | Mem:0.00M, Peak:0.00M | Scene, ViewLayer | Synchronizing object | rock_07
Fra:1 Mem:186.89M (Peak 186.89M) | Time:00:00.02 | Mem:0.00M, Peak:0.00M | Scene, ViewLayer | Synchronizing object | Text.005
Fra:1 Mem:187.06M (Peak 187.06M) | Time:00:00.02 | Mem:0.00M, Peak:0.00M | Scene, ViewLayer | Synchronizing object | Area
Fra:1 Mem:187.11M (Peak 187.11M) | Time:00:00.02 | Mem:0.00M, Peak:0.00M | Scene, ViewLayer | Synchronizing object | Plane
Fra:1 Mem:187.15M (Peak 187.15M) | Time:00:00.02 | Mem:0.00M, Peak:0.00M | Scene, ViewLayer | Synchronizing object | coast_rocks_02
Fra:1 Mem:313.54M (Peak 455.83M) | Time:00:00.33 | Mem:0.00M, Peak:0.00M | Scene, ViewLayer | Initializing
Fra:1 Mem:312.20M (Peak 455.83M) | Time:00:00.34 | Mem:0.00M, Peak:0.00M | Scene, ViewLayer | Updating Images | Loading coast_rocks_02_nor_gl
Fra:1 Mem:312.20M (Peak 455.83M) | Time:00:00.34 | Mem:0.00M, Peak:0.00M | Scene, ViewLayer | Updating Images | Loading fern_02_rough
Fra:1 Mem:312.20M (Peak 455.83M) | Time:00:00.34 | Mem:0.00M, Peak:0.00M | Scene, ViewLayer | Updating Images | Loading fern_02_nor_gl
Fra:1 Mem:320.20M (Peak 455.83M) | Time:00:00.34 | Mem:0.00M, Peak:0.00M | Scene, ViewLayer | Updating Images | Loading shrub_01_rough
Fra:1 Mem:324.20M (Peak 455.83M) | Time:00:00.34 | Mem:0.00M, Peak:0.00M | Scene, ViewLayer | Updating Images | Loading shrub_01_nor_gl
Fra:1 Mem:324.20M (Peak 455.83M) | Time:00:00.34 | Mem:0.00M, Peak:0.00M | Scene, ViewLayer | Updating Images | Loading shrub_03_diff
Fra:1 Mem:332.21M (Peak 455.83M) | Time:00:00.34 | Mem:0.00M, Peak:0.00M | Scene, ViewLayer | Updating Images | Loading shrub_03_nor_gl
Fra:1 Mem:352.25M (Peak 455.83M) | Time:00:00.35 | Mem:4.00M, Peak:4.00M | Scene, ViewLayer | Updating Images | Loading rock_moss_set_01_diff
Fra:1 Mem:356.24M (Peak 455.83M) | Time:00:00.35 | Mem:8.00M, Peak:8.00M | Scene, ViewLayer | Updating Images | Loading rock_moss_set_01_rough
Fra:1 Mem:360.24M (Peak 455.83M) | Time:00:00.35 | Mem:12.00M, Peak:12.00M | Scene, ViewLayer | Updating Images | Loading rock_moss_set_01_nor_gl
Fra:1 Mem:364.24M (Peak 455.83M) | Time:00:00.35 | Mem:16.00M, Peak:16.00M | Scene, ViewLayer | Updating Images | Loading rock_07_diff
Fra:1 Mem:364.23M (Peak 455.83M) | Time:00:00.35 | Mem:20.00M, Peak:20.00M | Scene, ViewLayer | Updating Images | Loading rock_07_rough
Fra:1 Mem:368.23M (Peak 455.83M) | Time:00:00.35 | Mem:24.00M, Peak:24.00M | Scene, ViewLayer | Updating Images | Loading rock_07_nor_gl
Fra:1 Mem:368.22M (Peak 455.83M) | Time:00:00.35 | Mem:28.00M, Peak:28.00M | Scene, ViewLayer | Updating Images | Loading coast_rocks_02_diff
Fra:1 Mem:380.24M (Peak 455.83M) | Time:00:00.35 | Mem:32.00M, Peak:32.00M | Scene, ViewLayer | Updating Images | Loading coast_rocks_02_rough
Fra:1 Mem:375.21M (Peak 455.83M) | Time:00:00.37 | Mem:64.00M, Peak:64.00M | Scene, ViewLayer | Waiting for render to start
Fra:1 Mem:375.21M (Peak 455.83M) | Time:00:00.37 | Mem:64.00M, Peak:64.00M | Scene, ViewLayer | Updating Scene
Fra:1 Mem:375.21M (Peak 455.83M) | Time:00:00.37 | Mem:64.00M, Peak:64.00M | Scene, ViewLayer | Updating Shaders
Fra:1 Mem:375.21M (Peak 455.83M) | Time:00:00.37 | Mem:64.00M, Peak:64.00M | Scene, ViewLayer | Loading render kernels (may take a few minutes the first time)
Fra:1 Mem:375.30M (Peak 455.83M) | Time:00:00.37 | Mem:64.01M, Peak:64.01M | Scene, ViewLayer | Updating Procedurals
Fra:1 Mem:375.30M (Peak 455.83M) | Time:00:00.37 | Mem:64.01M, Peak:64.01M | Scene, ViewLayer | Updating Background
Fra:1 Mem:375.30M (Peak 455.83M) | Time:00:00.37 | Mem:64.01M, Peak:64.01M | Scene, ViewLayer | Updating Camera
Fra:1 Mem:375.30M (Peak 455.83M) | Time:00:00.37 | Mem:64.01M, Peak:64.01M | Scene, ViewLayer | Updating Meshes Flags
Fra:1 Mem:375.30M (Peak 455.83M) | Time:00:00.37 | Mem:64.01M, Peak:64.01M | Scene, ViewLayer | Updating Objects
Fra:1 Mem:375.30M (Peak 455.83M) | Time:00:00.37 | Mem:64.01M, Peak:64.01M | Scene, ViewLayer | Updating Objects | Copying Transformations to device
Fra:1 Mem:375.30M (Peak 455.83M) | Time:00:00.37 | Mem:64.01M, Peak:64.01M | Scene, ViewLayer | Updating Particle Systems
Fra:1 Mem:375.30M (Peak 455.83M) | Time:00:00.37 | Mem:64.01M, Peak:64.01M | Scene, ViewLayer | Updating Particle Systems | Copying Particles to device
Fra:1 Mem:375.30M (Peak 455.83M) | Time:00:00.37 | Mem:64.01M, Peak:64.01M | Scene, ViewLayer | Updating Meshes
Fra:1 Mem:458.42M (Peak 458.42M) | Time:00:01.28 | Mem:64.01M, Peak:64.01M | Scene, ViewLayer | Updating Objects | Applying Static Transformations
Fra:1 Mem:458.42M (Peak 458.42M) | Time:00:01.28 | Mem:64.01M, Peak:64.01M | Scene, ViewLayer | Updating Mesh | Computing attributes
Fra:1 Mem:567.18M (Peak 567.18M) | Time:00:01.33 | Mem:64.01M, Peak:64.01M | Scene, ViewLayer | Updating Mesh | Copying Attributes to device
Fra:1 Mem:567.18M (Peak 567.18M) | Time:00:01.33 | Mem:172.77M, Peak:172.77M | Scene, ViewLayer | Updating Scene BVH | Building
Fra:1 Mem:567.18M (Peak 567.18M) | Time:00:01.33 | Mem:172.77M, Peak:172.77M | Scene, ViewLayer | Updating Scene BVH | Building BVH
Fra:1 Mem:567.18M (Peak 567.18M) | Time:00:01.33 | Mem:217.25M, Peak:217.25M | Scene, ViewLayer | Updating Scene BVH | Building BVH 0%
Fra:1 Mem:567.18M (Peak 567.18M) | Time:00:01.41 | Mem:268.77M, Peak:313.25M | Scene, ViewLayer | Updating Scene BVH | Copying BVH to device
Fra:1 Mem:567.18M (Peak 567.18M) | Time:00:01.41 | Mem:268.77M, Peak:313.25M | Scene, ViewLayer | Updating Mesh | Computing normals
Fra:1 Mem:607.23M (Peak 607.23M) | Time:00:01.43 | Mem:268.77M, Peak:313.25M | Scene, ViewLayer | Updating Mesh | Copying Mesh to device
Fra:1 Mem:607.23M (Peak 607.23M) | Time:00:01.43 | Mem:308.82M, Peak:313.25M | Scene, ViewLayer | Updating Objects Flags
Fra:1 Mem:607.23M (Peak 607.23M) | Time:00:01.43 | Mem:308.82M, Peak:313.25M | Scene, ViewLayer | Updating Primitive Offsets
Fra:1 Mem:607.23M (Peak 607.23M) | Time:00:01.43 | Mem:308.82M, Peak:313.25M | Scene, ViewLayer | Updating Images
Fra:1 Mem:607.23M (Peak 607.23M) | Time:00:01.43 | Mem:308.82M, Peak:313.25M | Scene, ViewLayer | Updating Images | Loading fern_02_diff_1k.png
Fra:1 Mem:607.23M (Peak 607.23M) | Time:00:01.44 | Mem:308.82M, Peak:313.25M | Scene, ViewLayer | Updating Images | Loading shrub_01_diff_1k.png
Fra:1 Mem:619.23M (Peak 619.23M) | Time:00:01.46 | Mem:320.82M, Peak:320.82M | Scene, ViewLayer | Updating Camera Volume
Fra:1 Mem:619.23M (Peak 619.23M) | Time:00:01.46 | Mem:320.82M, Peak:320.82M | Scene, ViewLayer | Updating Lookup Tables
Fra:1 Mem:619.23M (Peak 619.23M) | Time:00:01.46 | Mem:320.90M, Peak:320.90M | Scene, ViewLayer | Updating Lights
Fra:1 Mem:619.23M (Peak 619.23M) | Time:00:01.46 | Mem:320.90M, Peak:320.90M | Scene, ViewLayer | Updating Lights | Computing tree
Fra:1 Mem:619.23M (Peak 619.23M) | Time:00:01.46 | Mem:320.91M, Peak:320.91M | Scene, ViewLayer | Updating Integrator
Fra:1 Mem:619.23M (Peak 619.23M) | Time:00:01.46 | Mem:320.91M, Peak:320.91M | Scene, ViewLayer | Updating Film
Fra:1 Mem:619.24M (Peak 619.24M) | Time:00:01.46 | Mem:320.82M, Peak:320.91M | Scene, ViewLayer | Updating Lookup Tables
Fra:1 Mem:619.24M (Peak 619.24M) | Time:00:01.46 | Mem:320.91M, Peak:320.91M | Scene, ViewLayer | Updating Baking
Fra:1 Mem:619.24M (Peak 619.24M) | Time:00:01.46 | Mem:320.91M, Peak:320.91M | Scene, ViewLayer | Updating Device | Writing constant memory
Fra:1 Mem:619.24M (Peak 619.24M) | Time:00:01.46 | Mem:320.91M, Peak:320.91M | Scene, ViewLayer | Loading denoising kernels (may take a few minutes the first time)
Fra:1 Mem:619.24M (Peak 619.24M) | Time:00:01.46 | Mem:320.91M, Peak:320.91M | Scene, ViewLayer | Sample 0/16
Fra:1 Mem:720.80M (Peak 720.80M) | Time:00:01.76 | Remaining:00:04.42 | Mem:422.39M, Peak:422.39M | Scene, ViewLayer | Sample 1/16
Fra:1 Mem:763.53M (Peak 827.62M) | Time:00:09.31 | Mem:422.39M, Peak:422.39M | Scene, ViewLayer | Sample 16/16
Fra:1 Mem:763.53M (Peak 827.62M) | Time:00:09.31 | Mem:422.39M, Peak:422.39M | Scene, ViewLayer | Finished
Saved: 'D:\Users\Lenovo\Desktop\大观园\reports\browser\r9-source-shapes.png'
Time: 00:09.55 (Saving: 00:00.19)


Blender quit
