
> daguanyuan-rumeng@1.0.0 build
> node scripts/clean_build.mjs && npm run data:build && tsc --noEmit && vite build


> daguanyuan-rumeng@1.0.0 data:build
> node scripts/validate.mjs --publish

PASS 1296 integrity checks. {
  places: 15,
  characters: 13,
  events: 22,
  sources: 46,
  relations: 1,
  routes: 3
}
vite v7.3.6 building client environment for production...
transforming...
✓ 2231 modules transformed.
rendering chunks...
computing gzip size...
dist/.vite/manifest.json                 0.47 kB │ gzip:   0.22 kB
dist/index.html                          1.22 kB │ gzip:   0.85 kB
dist/assets/index-DzMjJWdB.css          42.71 kB │ gzip:   9.20 kB
dist/assets/index-CbhSOALZ.js          280.03 kB │ gzip:  86.79 kB
dist/assets/GardenScene-4Q2e3vH-.js  1,086.42 kB │ gzip: 300.29 kB
✓ built in 9.63s
