
> daguanyuan-rumeng@1.0.0 build
> node scripts/clean_build.mjs && npm run data:build && tsc --noEmit && vite build


> daguanyuan-rumeng@1.0.0 data:build
> node scripts/validate.mjs --publish

PASS 1265 integrity checks. {
  places: 15,
  characters: 13,
  events: 22,
  sources: 46,
  relations: 1,
  routes: 3
}
vite v7.3.6 building client environment for production...
transforming...
✓ 2229 modules transformed.
rendering chunks...
computing gzip size...
dist/.vite/manifest.json                 0.47 kB │ gzip:   0.22 kB
dist/index.html                          1.22 kB │ gzip:   0.85 kB
dist/assets/index-AM2vIs6K.css          41.06 kB │ gzip:   8.94 kB
dist/assets/index-CmWfGRk3.js          279.42 kB │ gzip:  86.62 kB
dist/assets/GardenScene-C9lwd_ho.js  1,082.45 kB │ gzip: 298.89 kB
✓ built in 7.83s
