
> daguanyuan-rumeng@1.0.0 build
> node scripts/clean_build.mjs && npm run data:build && tsc --noEmit && vite build


> daguanyuan-rumeng@1.0.0 data:build
> node scripts/validate.mjs --publish

PASS 1359 integrity checks. {
  places: 15,
  characters: 13,
  events: 22,
  sources: 46,
  relations: 1,
  routes: 3
}
vite v7.3.6 building client environment for production...
transforming...
✓ 2232 modules transformed.
rendering chunks...
computing gzip size...
dist/.vite/manifest.json               0.47 kB │ gzip:   0.22 kB
dist/index.html                        1.22 kB │ gzip:   0.84 kB
dist/assets/index-DTZ0A3L8.css        42.96 kB │ gzip:   9.23 kB
dist/assets/index-Rf5Rliez.js        657.98 kB │ gzip: 190.71 kB
dist/assets/GardenScene-BZF7iKWp.js  721.58 kB │ gzip: 203.01 kB
✓ built in 7.38s
