
> daguanyuan-rumeng@1.0.0 test:e2e
> node scripts/run_e2e.mjs

[WebServer] (node:33756) Warning: The 'NO_COLOR' env is ignored due to the 'FORCE_COLOR' env being set.
[WebServer] (Use `node --trace-warnings ...` to show where the warning was created)
[WebServer] (node:1196) Warning: The 'NO_COLOR' env is ignored due to the 'FORCE_COLOR' env being set.
[WebServer] (Use `node --trace-warnings ...` to show where the warning was created)
[WebServer] (node:28060) Warning: The 'NO_COLOR' env is ignored due to the 'FORCE_COLOR' env being set.
[WebServer] (Use `node --trace-warnings ...` to show where the warning was created)
[WebServer] (node:47008) Warning: The 'NO_COLOR' env is ignored due to the 'FORCE_COLOR' env being set.
[WebServer] (Use `node --trace-warnings ...` to show where the warning was created)

Running 11 tests using 1 worker

(node:26392) Warning: The 'NO_COLOR' env is ignored due to the 'FORCE_COLOR' env being set.
(Use `node --trace-warnings ...` to show where the warning was created)
  ok  1 tests\e2e\gallery.spec.ts:3:1 › a failed full-size reference image can be retried without leaving the viewer (3.8s)
  ok  2 tests\e2e\gallery.spec.ts:16:1 › gallery retries a failed manifest and distinguishes spoiler-empty results (7.2s)
  ok  3 tests\e2e\gallery.spec.ts:21:1 › 320px sources entry retains its accessible name (479ms)
  ok  4 tests\e2e\garden.spec.ts:6:1 › published scene, real canvas picking, literary links, all tours, settings and screenshots (40.5s)
  ok  5 tests\e2e\garden.spec.ts:19:1 › mobile bottom drawer and usable controls (5.9s)
  ok  6 tests\e2e\garden.spec.ts:20:1 › model failure exposes retry and recovers (4.3s)
  ok  7 tests\e2e\garden.spec.ts:21:1 › tour shows sourced stop content, travels, and arrives at the next stop (9.4s)
  x   8 tests\e2e\garden.spec.ts:33:1 › the overhead garden view opens by keyboard and a map destination returns to its courtyard (22.2s)
(node:22276) Warning: The 'NO_COLOR' env is ignored due to the 'FORCE_COLOR' env being set.
(Use `node --trace-warnings ...` to show where the warning was created)
  ok  9 tests\e2e\interior.spec.ts:3:1 › interior inspection lifts the roof and restores the complete courtyard (9.4s)
  ok 10 tests\e2e\mobile.spec.ts:3:1 › touch phone on throttled 4G loads the small overview and mobile courtyard (16.6s)
  ok 11 tests\e2e\mobile.spec.ts:24:1 › 320px phone controls remain inside the viewport (1.7s)


  1) tests\e2e\garden.spec.ts:33:1 › the overhead garden view opens by keyboard and a map destination returns to its courtyard 

    Error: expect(locator).toHaveAttribute(expected) failed

    Locator:  getByRole('button', { name: '俯瞰全园布局', exact: true })
    Expected: "true"
    Received: ""
    Timeout:  20000ms

    Call log:
      - Expect "toHaveAttribute" getByRole('button', { name: '俯瞰全园布局', exact: true }) with timeout 20000ms
      - waiting for getByRole('button', { name: '俯瞰全园布局', exact: true })
        43 × locator resolved to <button title="俯瞰全园布局" aria-label="俯瞰全园布局" class="icon-button active">…</button>
           - unexpected value "null"


      35 |  const control=page.getByRole('button',{name:'俯瞰全园布局',exact:true});await control.focus();await page.keyboard.press('Enter');
      36 |  await expect.poll(()=>page.evaluate(()=>(window as any).__gardenTest.state().planView)).toBe(true);
    > 37 |  await expect(control).toHaveAttribute('aria-pressed','true');
         |                        ^
      38 |  const water=page.locator('.minimap svg path');await expect(water).toHaveAttribute('fill-rule','evenodd');
      39 |  await page.getByRole('button',{name:'地图选择潇湘馆',exact:true}).focus();await page.keyboard.press('Enter');
      40 |  await expect(page.locator('.detail-scroll h2')).toHaveText('潇湘馆');
        at D:\Users\Lenovo\Desktop\大观园\tests\e2e\garden.spec.ts:37:24

    Error Context: test-results\garden-the-overhead-garden-d14da-on-returns-to-its-courtyard\error-context.md

    attachment #2: trace (application/zip) ─────────────────────────────────────────────────────────
    test-results\garden-the-overhead-garden-d14da-on-returns-to-its-courtyard\trace.zip
    Usage:

        npx playwright show-trace test-results\garden-the-overhead-garden-d14da-on-returns-to-its-courtyard\trace.zip

    ────────────────────────────────────────────────────────────────────────────────────────────────

  1 failed
    tests\e2e\garden.spec.ts:33:1 › the overhead garden view opens by keyboard and a map destination returns to its courtyard 
  10 passed (2.3m)
