
> daguanyuan-rumeng@1.0.0 build
> node scripts/clean_build.mjs && npm run data:build && tsc --noEmit && vite build && node scripts/build_reading.mjs


> daguanyuan-rumeng@1.0.0 data:build
> node scripts/validate.mjs --publish

PASS 11173 integrity checks. {
  places: 15,
  characters: 13,
  events: 22,
  sources: 46,
  relations: 1,
  routes: 3
}
vite v7.3.6 building client environment for production...
transforming...
✓ 2298 modules transformed.
rendering chunks...
computing gzip size...
dist/assets/garden-mark-COPNxcSD.svg      0.46 kB │ gzip:   0.28 kB
dist/.vite/manifest.json                  0.66 kB │ gzip:   0.26 kB
dist/index.html                           2.19 kB │ gzip:   1.41 kB
dist/assets/index-CBdt3-Sa.css          122.56 kB │ gzip:  21.91 kB
dist/assets/index-A084WGft.js           465.87 kB │ gzip: 147.80 kB
dist/assets/GardenScene-CVDHX7wU.js   1,786.29 kB │ gzip: 374.30 kB

(!) Some chunks are larger than 1200 kB after minification. Consider:
- Using dynamic import() to code-split the application
- Use build.rollupOptions.output.manualChunks to improve chunking: https://rollupjs.org/configuration-options/#output-manualchunks
- Adjust chunk size limit for this warning via build.chunkSizeWarningLimit.
✓ built in 14.50s
Reading page: 58249 bytes, no JavaScript or model requests
